ARM Linker, 5.03 [Build 76] [MDK-ARM Standard]

==============================================================================

Section Cross References

    main.o(i.Get_Rssi_stop) refers to et_debug.o(i.DbgPrintf) for DbgPrintf
    main.o(i.Get_Rssi_stop) refers to etlcddisplayapp.o(.data) for disp_str_rssi
    main.o(i.Get_Rssi_stop) refers to main.o(.data) for .data
    main.o(i.advertising_init) refers to memseta.o(.text) for __aeabi_memclr4
    main.o(i.advertising_init) refers to ble_advertising.o(i.ble_advertising_init) for ble_advertising_init
    main.o(i.advertising_init) refers to app_error.o(i.app_error_handler) for app_error_handler
    main.o(i.advertising_init) refers to main.o(.data) for .data
    main.o(i.advertising_init) refers to main.o(i.on_adv_evt) for on_adv_evt
    main.o(i.assert_nrf_callback) refers to app_error.o(i.app_error_handler) for app_error_handler
    main.o(i.ble_evt_dispatch) refers to device_manager_peripheral.o(i.dm_ble_evt_handler) for dm_ble_evt_handler
    main.o(i.ble_evt_dispatch) refers to ble_conn_params.o(i.ble_conn_params_on_ble_evt) for ble_conn_params_on_ble_evt
    main.o(i.ble_evt_dispatch) refers to bsp_btn_ble.o(i.bsp_btn_ble_on_ble_evt) for bsp_btn_ble_on_ble_evt
    main.o(i.ble_evt_dispatch) refers to ble_nus.o(i.ble_nus_on_ble_evt) for ble_nus_on_ble_evt
    main.o(i.ble_evt_dispatch) refers to ble_nus.o(i.new_service_nus_on_ble_evt) for new_service_nus_on_ble_evt
    main.o(i.ble_evt_dispatch) refers to ble_dfu.o(i.ble_dfu_on_ble_evt) for ble_dfu_on_ble_evt
    main.o(i.ble_evt_dispatch) refers to main.o(i.on_ble_evt) for on_ble_evt
    main.o(i.ble_evt_dispatch) refers to ble_advertising.o(i.ble_advertising_on_ble_evt) for ble_advertising_on_ble_evt
    main.o(i.ble_evt_dispatch) refers to main.o(.bss) for .bss
    main.o(i.ble_stack_init) refers to softdevice_handler.o(i.softdevice_handler_init) for softdevice_handler_init
    main.o(i.ble_stack_init) refers to app_error.o(i.app_error_handler) for app_error_handler
    main.o(i.ble_stack_init) refers to softdevice_handler.o(i.softdevice_ble_evt_handler_set) for softdevice_ble_evt_handler_set
    main.o(i.ble_stack_init) refers to softdevice_handler.o(i.softdevice_sys_evt_handler_set) for softdevice_sys_evt_handler_set
    main.o(i.ble_stack_init) refers to main.o(.bss) for .bss
    main.o(i.ble_stack_init) refers to main.o(i.ble_evt_dispatch) for ble_evt_dispatch
    main.o(i.ble_stack_init) refers to main.o(i.sys_evt_dispatch) for sys_evt_dispatch
    main.o(i.bsp_event_handler) refers to main.o(i.__ARM_common_switch8) for __ARM_common_switch8
    main.o(i.bsp_event_handler) refers to app_error.o(i.app_error_handler) for app_error_handler
    main.o(i.bsp_event_handler) refers to ble_advertising.o(i.ble_advertising_restart_without_whitelist) for ble_advertising_restart_without_whitelist
    main.o(i.bsp_event_handler) refers to etkeyboard.o(i.write_switch_val) for write_switch_val
    main.o(i.bsp_event_handler) refers to main.o(.data) for .data
    main.o(i.bt_send_to_AG) refers to ble_nus.o(i.new_service_ble_nus_string_send) for new_service_ble_nus_string_send
    main.o(i.bt_send_to_AG) refers to ble_nus.o(i.ble_nus_string_send) for ble_nus_string_send
    main.o(i.bt_send_to_AG) refers to main.o(.bss) for .bss
    main.o(i.conn_params_error_handler) refers to app_error.o(i.app_error_handler) for app_error_handler
    main.o(i.gap_params_init) refers to uartprotocol.o(i.SetToGetKEYID) for SetToGetKEYID
    main.o(i.gap_params_init) refers to app_error.o(i.app_error_handler) for app_error_handler
    main.o(i.main) refers to app_timer.o(i.app_timer_init) for app_timer_init
    main.o(i.main) refers to app_error.o(i.app_error_handler) for app_error_handler
    main.o(i.main) refers to bsp.o(i.bsp_init) for bsp_init
    main.o(i.main) refers to bsp_btn_ble.o(i.bsp_btn_ble_init) for bsp_btn_ble_init
    main.o(i.main) refers to etsimple_uart.o(i.simple_uart_init) for simple_uart_init
    main.o(i.main) refers to et_debug.o(i.DbgPrintf) for DbgPrintf
    main.o(i.main) refers to etspi.o(i.etSpim1NorFlashInit) for etSpim1NorFlashInit
    main.o(i.main) refers to main.o(i.ble_stack_init) for ble_stack_init
    main.o(i.main) refers to main.o(i.gap_params_init) for gap_params_init
    main.o(i.main) refers to main.o(i.advertising_init) for advertising_init
    main.o(i.main) refers to main.o(i.services_init) for services_init
    main.o(i.main) refers to memseta.o(.text) for __aeabi_memclr4
    main.o(i.main) refers to ble_conn_params.o(i.ble_conn_params_init) for ble_conn_params_init
    main.o(i.main) refers to uartprotocol.o(i.SetToGetKEYID) for SetToGetKEYID
    main.o(i.main) refers to etmainloop.o(i.dev_init) for dev_init
    main.o(i.main) refers to ble_advertising.o(i.ble_advertising_start) for ble_advertising_start
    main.o(i.main) refers to etmainloop.o(i.main_loop) for main_loop
    main.o(i.main) refers to main.o(.bss) for .bss
[...]
    etSpim1CheckNorFlashBusy                 0x0001f551   Thumb Code    46  etspi.o(i.etSpim1CheckNorFlashBusy)
    etSpim1CheckNorFlashWriteEnable          0x0001f585   Thumb Code    22  etspi.o(i.etSpim1CheckNorFlashWriteEnable)
    etSpim1NorFlashInit                      0x0001f5a1   Thumb Code    18  etspi.o(i.etSpim1NorFlashInit)
    etSpim1NorFlashPageProgrameStdMode       0x0001f5b5   Thumb Code    66  etspi.o(i.etSpim1NorFlashPageProgrameStdMode)
    etSpim1NorFlashSectorErase               0x0001f5fd   Thumb Code    52  etspi.o(i.etSpim1NorFlashSectorErase)
    etSpim1ReadNorFlashStdMode               0x0001f635   Thumb Code    62  etspi.o(i.etSpim1ReadNorFlashStdMode)
    etWrite_KEYID_to_flash                   0x0001f679   Thumb Code    30  etspi.o(i.etWrite_KEYID_to_flash)
    et_WDT_feed                              0x0001f699   Thumb Code    12  et_wdt.o(i.et_WDT_feed)
    et_WDT_init                              0x0001f6a9   Thumb Code    54  et_wdt.o(i.et_WDT_init)
    et_i2c_init                              0x0001f6ed   Thumb Code    24  eti2c.o(i.et_i2c_init)
    et_i2c_write                             0x0001f709   Thumb Code    50  eti2c.o(i.et_i2c_write)
    et_i2c_write_conValue                    0x0001f73b   Thumb Code    50  eti2c.o(i.et_i2c_write_conValue)
    flush_mem_poll2flash                     0x0001fa49   Thumb Code    68  data_manger.o(i.flush_mem_poll2flash)
    free_display_buff                        0x0001fa8d   Thumb Code    40  etmultipagedisplay.o(i.free_display_buff)
    gSensor_Clear_Fifo_Data                  0x0001fabd   Thumb Code    16  gsensor.o(i.gSensor_Clear_Fifo_Data)
    gSensor_FWM_Interrupt_Enable             0x0001facd   Thumb Code    12  gsensor_driver.o(i.gSensor_FWM_Interrupt_Enable)
    gSensor_Slope_Intr_Enable                0x0001fb45   Thumb Code    30  gsensor_driver.o(i.gSensor_Slope_Intr_Enable)
    gSensor_Slope_Intr_config                0x0001fb69   Thumb Code    10  gsensor_driver.o(i.gSensor_Slope_Intr_config)
    gSensor_fifo_Interrupt_Enable            0x0001fbdd   Thumb Code    52  gsensor_driver.o(i.gSensor_fifo_Interrupt_Enable)
    gSensor_init                             0x0001fc11   Thumb Code    12  gsensor.o(i.gSensor_init)
    gSensor_set_duration_and_threshold       0x0001fc1d   Thumb Code    16  gsensor_driver.o(i.gSensor_set_duration_and_threshold)
    get_auto_send_data_to_app_status         0x0001fe39   Thumb Code    10  data_transfer.o(i.get_auto_send_data_to_app_status)
    get_ble_connect_status                   0x0001fe49   Thumb Code    20  data_transfer.o(i.get_ble_connect_status)
    get_bt_name_req                          0x0001fed1   Thumb Code    50  uartprotocol.o(i.get_bt_name_req)
    get_cos_ver_req                          0x0001ff25   Thumb Code    50  uartprotocol.o(i.get_cos_ver_req)
    get_dataPartition                        0x0001ff59   Thumb Code    22  data_manger.o(i.get_dataPartition)
    get_ram_block                            0x0001ff91   Thumb Code    22  data_manger.o(i.get_ram_block)
    get_usr_using_timer_count                0x0001ffad   Thumb Code     4  usr_task.o(i.get_usr_using_timer_count)
    get_work_state                           0x0001ffb1   Thumb Code    34  uartprotocol.o(i.get_work_state)
    hzbmp16                                  0x00020185   Thumb Code    70  gt24l16m1y20.o(i.hzbmp16)
    init_data_manger                         0x000201d5   Thumb Code    96  data_manger.o(i.init_data_manger)
    intern_softdevice_events_execute         0x000202bd   Thumb Code   124  softdevice_handler.o(i.intern_softdevice_events_execute)
    ke_schedule                              0x0002041d   Thumb Code   112  ke_timer.o(i.ke_schedule)
    ke_timer_clear                           0x00020499   Thumb Code    10  ke_timer.o(i.ke_timer_clear)
    ke_timer_flag_set                        0x000204a9   Thumb Code     8  ke_timer.o(i.ke_timer_flag_set)
    ke_timer_set                             0x000204b5   Thumb Code    14  ke_timer.o(i.ke_timer_set)
    lcd_changeline_handle                    0x000204c9   Thumb Code    18  etmultipagedisplay.o(i.lcd_changeline_handle)
    lcd_clear_handle                         0x000204e1   Thumb Code    32  etmultipagedisplay.o(i.lcd_clear_handle)
    lcd_display_complete_handle              0x00020501   Thumb Code    28  etmultipagedisplay.o(i.lcd_display_complete_handle)
    lcd_display_handle                       0x00020521   Thumb Code   162  etmultipagedisplay.o(i.lcd_display_handle)
    lcd_power_control                        0x000205cd   Thumb Code    78  etlcddisplayapp.o(i.lcd_power_control)
    lcdram_map                               0x00020621   Thumb Code   130  gt24l16m1y20.o(i.lcdram_map)
    main                                     0x00020839   Thumb Code   254  main.o(i.main)
    main_loop                                0x00020995   Thumb Code    56  etmainloop.o(i.main_loop)
    newService_Protocol_data_manage          0x00020ab9   Thumb Code    50  btprotocol.o(i.newService_Protocol_data_manage)
    newService_protocol_data_can_send        0x00020c19   Thumb Code    32  btprotocol.o(i.newService_protocol_data_can_send)
    new_server_nus_init                      0x00020c49   Thumb Code   104  ble_nus.o(i.new_server_nus_init)
    new_service_ble_nus_string_send          0x00020cb9   Thumb Code    78  ble_nus.o(i.new_service_ble_nus_string_send)
    new_service_nus_on_ble_evt               0x00020d0d   Thumb Code   106  ble_nus.o(i.new_service_nus_on_ble_evt)
    nrf_delay_ms                             0x00020ea5   Thumb Code    24  nrf_delay.o(i.nrf_delay_ms)
    nrf_drv_common_irq_enable                0x00020ec1   Thumb Code    78  nrf_drv_common.o(i.nrf_drv_common_irq_enable)
    nrf_drv_gpiote_in_event_enable           0x00020f21   Thumb Code   138  nrf_drv_gpiote.o(i.nrf_drv_gpiote_in_event_enable)
    nrf_drv_gpiote_in_init                   0x00020fc1   Thumb Code   126  nrf_drv_gpiote.o(i.nrf_drv_gpiote_in_init)
    nrf_drv_gpiote_in_is_set                 0x00021051   Thumb Code    16  nrf_drv_gpiote.o(i.nrf_drv_gpiote_in_is_set)
    nrf_drv_gpiote_init                      0x00021065   Thumb Code    76  nrf_drv_gpiote.o(i.nrf_drv_gpiote_init)
    nrf_drv_gpiote_is_init                   0x000210b9   Thumb Code    12  nrf_drv_gpiote.o(i.nrf_drv_gpiote_is_init)
    nrf_drv_timer_compare                    0x000210c9   Thumb Code    42  nrf_drv_timer.o(i.nrf_drv_timer_compare)
    nrf_drv_timer_disable                    0x000210f5   Thumb Code    14  nrf_drv_timer.o(i.nrf_drv_timer_disable)
    nrf_drv_timer_enable                     0x00021109   Thumb Code    16  nrf_drv_timer.o(i.nrf_drv_timer_enable)
    nrf_drv_timer_extended_compare           0x0002111d   Thumb Code    46  nrf_drv_timer.o(i.nrf_drv_timer_extended_compare)
    nrf_drv_timer_init                       0x0002114d   Thumb Code   152  nrf_drv_timer.o(i.nrf_drv_timer_init)
    nrf_drv_timer_us_to_ticks                0x0002123d   Thumb Code    22  nrf_drv_timer.o(i.nrf_drv_timer_us_to_ticks)
    nrf_drv_wdt_channel_alloc                0x00021255   Thumb Code   156  et_nrf_drv_wdt.o(i.nrf_drv_wdt_channel_alloc)
    nrf_drv_wdt_channel_feed                 0x00021301   Thumb Code    12  et_nrf_drv_wdt.o(i.nrf_drv_wdt_channel_feed)
    nrf_drv_wdt_enable                       0x00021315   Thumb Code    20  et_nrf_drv_wdt.o(i.nrf_drv_wdt_enable)
    nrf_drv_wdt_init                         0x00021335   Thumb Code    60  et_nrf_drv_wdt.o(i.nrf_drv_wdt_init)
    protocol_data_can_send                   0x00021c41   Thumb Code    32  btprotocol.o(i.protocol_data_can_send)
    pstorage_access_status_get               0x00021c65   Thumb Code    30  pstorage.o(i.pstorage_access_status_get)
    pstorage_block_identifier_get            0x00021c8d   Thumb Code    74  pstorage.o(i.pstorage_block_identifier_get)
    pstorage_clear                           0x00021ce1   Thumb Code   156  pstorage.o(i.pstorage_clear)
    pstorage_load                            0x00021db5   Thumb Code   158  pstorage.o(i.pstorage_load)
    pstorage_store                           0x00021e5d   Thumb Code   134  pstorage.o(i.pstorage_store)
    pstorage_sys_event_handler               0x00021eed   Thumb Code    72  pstorage.o(i.pstorage_sys_event_handler)
    pstorage_update                          0x00021f39   Thumb Code   134  pstorage.o(i.pstorage_update)
    r_dat_bat                                0x00021fc9   Thumb Code    52  et_font_spi.o(i.r_dat_bat)
    read_flash                               0x000220e9   Thumb Code     8  data_manger.o(i.read_flash)
    read_infos_from_flash_first_page         0x000220f1   Thumb Code    56  data_manger.o(i.read_infos_from_flash_first_page)
    read_switch_val                          0x0002212d   Thumb Code    56  etkeyboard.o(i.read_switch_val)
    receive_app_usr_info                     0x00022169   Thumb Code    16  data_transfer.o(i.receive_app_usr_info)
    receive_userInfo_from_app                0x00022179   Thumb Code    74  arithmetic_data_manger.o(i.receive_userInfo_from_app)
    save_COS_status                          0x0002231d   Thumb Code     6  uartprotocol.o(i.save_COS_status)
    send_data_timeout_timer                  0x000223e1   Thumb Code    10  data_transfer.o(i.send_data_timeout_timer)
    send_key_to_cos                          0x000223eb   Thumb Code    52  uartprotocol.o(i.send_key_to_cos)
    send_key_val_to_cos                      0x0002241f   Thumb Code    62  uartprotocol.o(i.send_key_val_to_cos)
    send_sport_get_app_ack                   0x0002245d   Thumb Code    32  data_transfer.o(i.send_sport_get_app_ack)
    sensor_GPIO_i2c_init                     0x000224a1   Thumb Code    20  eti2c.o(i.sensor_GPIO_i2c_init)
    sensor_GPIO_i2c_read                     0x000224b9   Thumb Code   152  eti2c.o(i.sensor_GPIO_i2c_read)
    sensor_GPIO_i2c_write                    0x00022559   Thumb Code    50  eti2c.o(i.sensor_GPIO_i2c_write)
    sensor_INT_enable_check                  0x0002258d   Thumb Code    20  gsensor_driver.o(i.sensor_INT_enable_check)
    sensor_INT_set_api                       0x000225a5   Thumb Code     8  gsensor_driver.o(i.sensor_INT_set_api)
    set_uart_resend_tag                      0x000227ad   Thumb Code    20  uartprotocol.o(i.set_uart_resend_tag)
    simple_uart_config                       0x000227d5   Thumb Code    94  etsimple_uart.o(i.simple_uart_config)
    simple_uart_init                         0x00022849   Thumb Code    82  etsimple_uart.o(i.simple_uart_init)
    simple_uart_put                          0x000228ad   Thumb Code    18  etsimple_uart.o(i.simple_uart_put)
    simple_uart_putstring                    0x000228c9   Thumb Code    42  etsimple_uart.o(i.simple_uart_putstring)
    simple_uart_putstringbuff                0x000228f9   Thumb Code    42  etsimple_uart.o(i.simple_uart_putstringbuff)
    sleep_once_interval_max_steps            0x0002298d   Thumb Code    30  sleep_record.o(i.sleep_once_interval_max_steps)
    sleep_slope_check                        0x000229b5   Thumb Code    72  sleep_record.o(i.sleep_slope_check)
    softdevice_assertion_handler             0x00022c55   Thumb Code    12  softdevice_handler.o(i.softdevice_assertion_handler)
    softdevice_ble_evt_handler_set           0x00022c61   Thumb Code    16  softdevice_handler.o(i.softdevice_ble_evt_handler_set)
    softdevice_handler_init                  0x00022c75   Thumb Code    40  softdevice_handler.o(i.softdevice_handler_init)
    softdevice_sys_evt_handler_set           0x00022ca5   Thumb Code    16  softdevice_handler.o(i.softdevice_sys_evt_handler_set)
    sqrt_16                                  0x00022d05   Thumb Code    62  common_arithmetic.o(i.sqrt_16)
    start_Rssi                               0x00022d45   Thumb Code    26  main.o(i.start_Rssi)
    system_day_sec_init                      0x00023115   Thumb Code    72  sys_time.o(i.system_day_sec_init)
    system_sec_get                           0x00023161   Thumb Code     6  sys_time.o(i.system_sec_get)
    system_time_get                          0x0002316d   Thumb Code   226  sys_time.o(i.system_time_get)
    system_time_get_second_clr               0x00023269   Thumb Code     8  sys_time.o(i.system_time_get_second_clr)
    system_time_get_second_ready             0x00023275   Thumb Code     6  sys_time.o(i.system_time_get_second_ready)
    system_time_init                         0x00023281   Thumb Code    88  sys_time.o(i.system_time_init)
    system_time_set                          0x000232e5   Thumb Code   190  sys_time.o(i.system_time_set)
    system_time_tick                         0x000233bd   Thumb Code    20  sys_time.o(i.system_time_tick)
    system_time_updated                      0x000233d5   Thumb Code     6  sys_time.o(i.system_time_updated)
    timer_pwm_event_handler                  0x000234e1   Thumb Code    38  etmotor.o(i.timer_pwm_event_handler)
    uart_data_handle                         0x00023621   Thumb Code    76  uartprotocol.o(i.uart_data_handle)
    uart_init_lowPower                       0x00023671   Thumb Code    72  etsimple_uart.o(i.uart_init_lowPower)
    unziphfmex                               0x00023805   Thumb Code   318  gt24l16m1y20.o(i.unziphfmex)
    usr_clock_time_unit_handler              0x00023a39   Thumb Code    16  etalarm.o(i.usr_clock_time_unit_handler)
    usr_timer_handler                        0x00023a49   Thumb Code    10  gsensor.o(i.usr_timer_handler)
    utf8_to_gbk                              0x00023a53   Thumb Code   430  etutf8tounicode.o(i.utf8_to_gbk)
    wdt_event_handler                        0x00023cc9   Thumb Code     2  et_wdt.o(i.wdt_event_handler)
    write_data_item_2_mem_pool               0x00023cdd   Thumb Code   130  data_manger.o(i.write_data_item_2_mem_pool)
    write_infos_2_flash_first_page           0x00023d6d   Thumb Code    48  data_manger.o(i.write_infos_2_flash_first_page)
    write_switch_val                         0x00023da5   Thumb Code    42  etkeyboard.o(i.write_switch_val)
    z8_Power_ctr                             0x00023dd5   Thumb Code    20  uartprotocol.o(i.z8_Power_ctr)
    m_context_init_len                       0x00023e80   Data           4  device_manager_peripheral.o(.constdata)
    m_service_context_store                  0x00023e84   Data          16  device_manager_peripheral.o(.constdata)
    m_service_context_load                   0x00023e94   Data          16  device_manager_peripheral.o(.constdata)
    m_service_context_apply                  0x00023ea4   Data          16  device_manager_peripheral.o(.constdata)
    TIMER_PWM                                0x00023f04   Data           8  etmotor.o(.constdata)
    BLUETOOTH_0x00                           0x00023f18   Data         128  etlcddisplayapp.o(.constdata)
    alarm_pic_buf                            0x00023f98   Data         128  etlcddisplayapp.o(.constdata)
    STEP_ICON                                0x00024018   Data         128  etlcddisplayapp.o(.constdata)
    STEP_ICON_SMALL                          0x00024098   Data          32  etlcddisplayapp.o(.constdata)
    INCOMING_ICON_SMALL                      0x000240b8   Data          32  etlcddisplayapp.o(.constdata)
    ENERGE_ICON                              0x000240d8   Data         128  etlcddisplayapp.o(.constdata)
    DISTANCE_ICON                            0x00024158   Data         128  etlcddisplayapp.o(.constdata)
    BLUETOOTH_DISCONNECT_16x16               0x000241d8   Data          32  etlcddisplayapp.o(.constdata)
    BLUETOOTH_CONNECT_16x16                  0x000241f8   Data          32  etlcddisplayapp.o(.constdata)
    ICON_0x00                                0x00024218   Data          64  etlcddisplayapp.o(.constdata)
    RSSI_ICON                                0x00024258   Data          64  etlcddisplayapp.o(.constdata)
    BATTERY_4to4                             0x00024298   Data          32  etlcddisplayapp.o(.constdata)
    BATTERY_3to4                             0x000242b8   Data          32  etlcddisplayapp.o(.constdata)
    BATTERY_2to4                             0x000242d8   Data          32  etlcddisplayapp.o(.constdata)
    BATTERY_1to4                             0x000242f8   Data          32  etlcddisplayapp.o(.constdata)
    BATTERY_0to4                             0x00024318   Data          32  etlcddisplayapp.o(.constdata)
    DIGITAL_ICON_32x12                       0x00024338   Data         528  etlcddisplayapp.o(.constdata)
    g_DataHeadLabel                          0x000245a1   Data           4  data_manger.o(.constdata)
    usr_timer_state                          0x000245a8   Data          56  usr_task.o(.constdata)
    Region$$Table$$Base                      0x0002461c   Number         0  anon$$obj.o(Region$$Table)
    Region$$Table$$Limit                     0x0002463c   Number         0  anon$$obj.o(Region$$Table)
    SystemCoreClock                          0x20002024   Data           4  system_nrf51.o(.data)
    Motor_str                                0x20002114   Data           8  etmotor.o(.data)
    todayBeginSec                            0x20002124   Data           4  sys_time.o(.data)
    todayEndSec                              0x20002128   Data           4  sys_time.o(.data)
    cosversion                               0x2000213c   Data           4  etversion.o(.data)
    HWversion2                               0x20002140   Data           4  etversion.o(.data)
    BTversion                                0x20002144   Data           4  etversion.o(.data)
    m_channel_id                             0x20002148   Data           1  et_wdt.o(.data)
    LcdDispPara                              0x2000214e   Data           2  etlcddisplayapp.o(.data)
    disp_str_rssi                            0x20002152   Data           3  etlcddisplayapp.o(.data)
    disp_str                                 0x20002158   Data           8  etlcddisplayapp.o(.data)
    day_week_code                            0x20002160   Data          28  etlcddisplayapp.o(.data)
    StepArithmeticStartFalg                  0x20002188   Data           1  app_arithmetic.o(.data)
    g_arthStartSec                           0x20002190   Data           4  app_arithmetic.o(.data)
    g_arthStoreSec                           0x20002194   Data           4  app_arithmetic.o(.data)
    g_arthCurSec                             0x20002198   Data           4  app_arithmetic.o(.data)
    g_preChangeTime                          0x200021b0   Data           8  app_arithmetic.o(.data)
    g_user                                   0x200021c4   Data          13  arithmetic_data_manger.o(.data)
    g_walkInfoStruct                         0x200021d4   Data          20  arithmetic_data_manger.o(.data)
    g_DataReadStr                            0x200021ee   Data           4  data_manger.o(.data)
    g_erase_label                            0x200021f2   Data           6  data_manger.o(.data)
    g_RamSportBlock                          0x200021f8   Data           8  data_manger.o(.data)
    g_RamSleepBlock                          0x20002200   Data           8  data_manger.o(.data)
    g_flash_sport_DataPartition              0x20002208   Data          28  data_manger.o(.data)
    g_flash_sleep_DataPartition              0x20002224   Data          28  data_manger.o(.data)
    timeOut_count                            0x20002240   Data           1  data_transfer.o(.data)
    CalOvoerFlg                              0x20002241   Data           1  data_transfer.o(.data)
    Read_StartBlock                          0x20002242   Data           1  data_transfer.o(.data)
    DateNumer                                0x20002243   Data           1  data_transfer.o(.data)
    ReciveTime                               0x20002244   Data           4  data_transfer.o(.data)
    gSleepDeepXDataSameOnceMaxNum            0x2000224e   Data           2  sleep_record.o(.data)
    gSleepDeepXDataSameNum                   0x20002250   Data           2  sleep_record.o(.data)
    gSleepWalkOnceSteps                      0x20002252   Data           2  sleep_record.o(.data)
    gSleepSlopeOnceMaxNum                    0x20002254   Data           2  sleep_record.o(.data)
    gStaticXDataPos                          0x20002256   Data           2  sleep_record.o(.data)
    gCurSensorCfg                            0x20002258   Data           4  sleep_record.o(.data)
    gStaticXDataPreSec                       0x2000225c   Data           4  sleep_record.o(.data)
    gSensorCfgArray                          0x2000226c   Data          24  sleep_record.o(.data)
    theSink                                  0x20002288   Data           8  btprotocol.o(.data)
    cos_sta_flg                              0x20002290   Data           1  uartprotocol.o(.data)
    cos_sta_counter                          0x2000229c   Data           4  uartprotocol.o(.data)
    hfmbdd                                   0x200022a0   Data           4  gt24l16m1y20.o(.data)
    g_nIndex                                 0x200022a4   Data           4  gt24l16m1y20.o(.data)
    g_lcdMultiPage                           0x20002bb4   Data         360  etmultipagedisplay.o(.bss)
    g_sportInfoDMItem                        0x20002e1c   Data          16  arithmetic_data_manger.o(.bss)
    gsensor_data_temp                        0x2000302c   Data         259  data_manger.o(.bss)
    gStaticXDataArray                        0x2000315c   Data         160  sleep_record.o(.bss)
    gSleepRawCurItem                         0x200031fc   Data          16  sleep_record.o(.bss)
    g_RamAlarmBlock                          0x2000320c   Data          12  etalarm.o(.bss)
    usr_timer                                0x20003218   Data          28  ke_timer.o(.bss)
    uart_recv                                0x2000324c   Data         420  btprotocol.o(.bss)
    new_recv                                 0x200033f0   Data         420  btprotocol.o(.bss)
    uart_recv_buff                           0x20003594   Data         316  uartprotocol.o(.bss)
    __initial_sp                             0x20003ed0   Data           0  arm_startup_nrf51.o(STACK)



==============================================================================

Memory Map of the image

  Image Entry point : 0x000180c1

  Load Region LR_IROM1 (Base: 0x00018000, Size: 0x0000c8e4, Max: 0x00028000, ABSOLUTE, COMPRESSED[0x0000c6d4])

    Execution Region ER_IROM1 (Base: 0x00018000, Size: 0x0000c63c, Max: 0x00028000, ABSOLUTE)

    Base Addr    Size         Type   Attr      Idx    E Section Name        Object

    0x00018000   0x000000c0   Data   RO          491    RESET               arm_startup_nrf51.o
    0x000180c0   0x00000000   Code   RO         5041  * .ARM.Collect$$$$00000000  mc_p.l(entry.o)
    0x000180c0   0x00000004   Code   RO         5088    .ARM.Collect$$$$00000001  mc_p.l(entry2.o)
    0x000180c4   0x00000004   Code   RO         5091    .ARM.Collect$$$$00000004  mc_p.l(entry5.o)
    0x000180c8   0x00000000   Code   RO         5093    .ARM.Collect$$$$00000008  mc_p.l(entry7b.o)
    0x000180c8   0x00000000   Code   RO         5095    .ARM.Collect$$$$0000000A  mc_p.l(entry8b.o)
    0x000180c8   0x00000008   Code   RO         5096    .ARM.Collect$$$$0000000B  mc_p.l(entry9a.o)
    0x000180d0   0x00000000   Code   RO         5098    .ARM.Collect$$$$0000000D  mc_p.l(entry10a.o)
    0x000180d0   0x00000000   Code   RO         5100    .ARM.Collect$$$$0000000F  mc_p.l(entry11a.o)
    0x000180d0   0x00000004   Code   RO         5089    .ARM.Collect$$$$00002712  mc_p.l(entry2.o)
    0x000180d4   0x0000001e   Code   RO         1165    .emb_text           nrf_delay.o
    0x000180f2   0x00000002   PAD
    0x000180f4   0x0000001e   Code   RO         1981    .emb_text           app_timer.o
    0x00018112   0x00000002   PAD
    0x00018114   0x00000034   Code   RO         2159    .emb_text           bootloader_util.o
    0x00018148   0x00000038   Code   RO          492    .text               arm_startup_nrf51.o
    0x00018180   0x0000002c   Code   RO         5044    .text               mc_p.l(uidiv.o)
    0x000181ac   0x00000028   Code   RO         5046    .text               mc_p.l(idiv.o)
    0x000181d4   0x0000007a   Code   RO         5048    .text               mc_p.l(llmul.o)
    0x0001824e   0x00000024   Code   RO         5050    .text               mc_p.l(memcpya.o)
    0x00018272   0x00000024   Code   RO         5052    .text               mc_p.l(memseta.o)
    0x00018296   0x0000000e   Code   RO         5054    .text               mc_p.l(strlen.o)
    0x000182a4   0x0000001a   Code   RO         5056    .text               mc_p.l(memcmp.o)
    0x000182be   0x00000060   Code   RO         5102    .text               mc_p.l(uldiv.o)
    0x0001831e   0x00000020   Code   RO         5104    .text               mc_p.l(llshl.o)
    0x0001833e   0x00000000   Code   RO         5106    .text               mc_p.l(iusefp.o)
    0x0001833e   0x00000002   PAD
    0x00018340   0x00000164   Code   RO         5107    .text               mf_p.l(dadd.o)
    0x000184a4   0x000000d0   Code   RO         5109    .text               mf_p.l(dmul.o)
    0x00018574   0x000000f0   Code   RO         5111    .text               mf_p.l(ddiv.o)
    0x00018664   0x00000040   Code   RO         5113    .text               mf_p.l(dfixul.o)
    0x000186a4   0x00000028   Code   RO         5115    .text               mf_p.l(cdrcmple.o)
    0x000186cc   0x00000024   Code   RO         5117    .text               mc_p.l(init.o)
    0x000186f0   0x00000022   Code   RO         5119    .text               mc_p.l(llushr.o)
    0x00018712   0x00000026   Code   RO         5121    .text               mc_p.l(llsshr.o)
    0x00018738   0x000000c0   Code   RO         5123    .text               mf_p.l(depilogue.o)
    0x000187f8   0x00000056   Code   RO         5135    .text               mc_p.l(__dczerorl2.o)
    0x0001884e   0x000000bc   Code   RO         4942    i.ASCII_GetData     GT24L16M1Y20-518221552.lib(gt24l16m1y20.o)
    0x0001890a   0x00000002   PAD
    0x0001890c   0x00000010   Code   RO         3637    i.Arithmetic_Set_YAxis_Min_Threshold  arithmetic.o
    0x0001891c   0x00000018   Code   RO         2336    i.Charge_full_detect  et_battery.o
    0x00018934   0x00000040   Code   RO         3072    i.Check_RSSI_display  etlcddisplayapp.o
    0x00018974   0x0000000c   Code   RO         4763    i.Clr_Cos_Ready     uartprotocol.o
    0x00018980   0x0000001e   Code   RO         2299    i.DbgPrintf         et_debug.o
    0x0001899e   0x00000054   Code   RO         2300    i.DbgPrintf_COS_log  et_debug.o
    0x000189f2   0x00000002   PAD
    0x000189f4   0x0000007c   Code   RO         3073    i.Dislay_Test_LCD   etlcddisplayapp.o
    0x00018a70   0x00000084   Code   RO         3074    i.DisplayKeyState   etlcddisplayapp.o
    0x00018af4   0x000000e0   Code   RO         3075    i.Display_Battery   etlcddisplayapp.o
    0x00018bd4   0x00000074   Code   RO         3076    i.Display_CheckMenuMode  etlcddisplayapp.o
    0x00018c48   0x00000094   Code   RO         3077    i.Display_Key_Version  etlcddisplayapp.o
    0x00018cdc   0x0000031c   Code   RO         3078    i.Display_Menu      etlcddisplayapp.o
    0x00018ff8   0x00000040   Code   RO         3079    i.Display_battery_icon  etlcddisplayapp.o
    0x00019038   0x00000058   Code   RO         3080    i.Display_delay_check  etlcddisplayapp.o
    0x00019090   0x000001d4   Code   RO         3081    i.Display_idle_logo  etlcddisplayapp.o
    0x00019264   0x00000040   Code   RO         2604    i.ETTimer1Init      etmotor.o
    0x000192a4   0x00000010   Code   RO         4458    i.ETTimer2Init      ke_timer.o
    0x000192b4   0x0000007e   Code   RO         3638    i.FIRProcess        arithmetic.o
    0x00019332   0x0000006e   Code   RO         3639    i.FindPeaks         arithmetic.o
    0x000193a0   0x0000006e   Code   RO         3640    i.FindValleys       arithmetic.o
    0x0001940e   0x00000016   Code   RO         3797    i.FourCharGetInt    common_arithmetic.o
    0x00019424   0x0000012c   Code   RO         4944    i.GB18030_16_GetData  GT24L16M1Y20-518221552.lib(gt24l16m1y20.o)
    0x00019550   0x00000108   Code   RO         1222    i.GPIOTE_IRQHandler  nrf_drv_gpiote.o
    0x00019658   0x00000002   Code   RO         2404    i.GPIO_Spi_MISO_high  et_spi_gpio.o
    0x0001965a   0x00000002   Code   RO         2405    i.GPIO_Spi_MISO_low  et_spi_gpio.o
    0x0001965c   0x00000038   Code   RO         2406    i.GPIO_Spi_init     et_spi_gpio.o
    0x00019694   0x00000010   Code   RO         2465    i.G_nrf_gpio_cfg_output  eti2c.o
    0x000196a4   0x00000036   Code   RO         2337    i.Get_BatteryPercent  et_battery.o
    0x000196da   0x00000002   PAD
    0x000196dc   0x00000030   Code   RO         2976    i.Get_COSVersion    etversion.o
    0x0001970c   0x00000018   Code   RO         4764    i.Get_COS_status    uartprotocol.o
    0x00019724   0x0000000c   Code   RO         4765    i.Get_Cos_Ready     uartprotocol.o
    0x00019730   0x0000001c   Code   RO         4543    i.Get_Datacheck     btprotocol.o
    0x0001974c   0x00000030   Code   RO         2977    i.Get_HWVersion     etversion.o
    0x0001977c   0x000000e0   Code   RO         2978    i.Get_KeyVersion    etversion.o
    0x0001985c   0x00000034   Code   RO            4    i.Get_Rssi_stop     main.o
    0x00019890   0x00000016   Code   RO         3998    i.Get_app_usr_info  data_transfer.o
    0x000198a6   0x0000001c   Code   RO         3083    i.Get_disp_start_colume  etlcddisplayapp.o
    0x000198c2   0x00000002   PAD
    0x000198c4   0x0000000c   Code   RO         3084    i.Get_lastDisplayTag  etlcddisplayapp.o
    0x000198d0   0x00000010   Code   RO         3702    i.Get_userInfo_from_app  arithmetic_data_manger.o
    0x000198e0   0x0000000a   Code   RO         2466    i.IIcDelay_Veryshort  eti2c.o
    0x000198ea   0x00000010   Code   RO         2467    i.IIcDelay_long     eti2c.o
    0x000198fa   0x00000014   Code   RO         2468    i.IIcDelay_middle   eti2c.o
    0x0001990e   0x0000000c   Code   RO         2469    i.IIcDelay_short    eti2c.o
    0x0001991a   0x00000002   PAD
    0x0001991c   0x00000050   Code   RO         2470    i.IicSentByte       eti2c.o
    0x0001996c   0x00000028   Code   RO         2471    i.IicStart          eti2c.o
    0x00019994   0x00000024   Code   RO         2472    i.IicStop           eti2c.o
    0x000199b8   0x0000001a   Code   RO         4317    i.Init_SleepArithmetic  sleep_record.o
    0x000199d2   0x00000010   Code   RO         3798    i.IntSetFourChar    common_arithmetic.o
    0x000199e2   0x0000000c   Code   RO         3799    i.IntSetThreeChar   common_arithmetic.o
    0x000199ee   0x00000002   PAD
    0x000199f0   0x00000098   Code   RO         3085    i.LCD_init          etlcddisplayapp.o
    0x00019a88   0x00000090   Code   RO         4115    i.LIS3DH_FIFOModeEnable  gsensor_driver.o
    0x00019b18   0x00000012   Code   RO         4116    i.LIS3DH_GetFifoSourceReg  gsensor_driver.o
    0x00019b2a   0x00000012   Code   RO         4117    i.LIS3DH_GetInt1Src  gsensor_driver.o
    0x00019b3c   0x00000012   Code   RO         4118    i.LIS3DH_GetWHO_AM_I  gsensor_driver.o
    0x00019b4e   0x0000000e   Code   RO         4120    i.LIS3DH_Get_XYZ_Raw  gsensor_driver.o
    0x00019b5c   0x00000030   Code   RO         4121    i.LIS3DH_HPFAOI1Enable  gsensor_driver.o
    0x00019b8c   0x0000000c   Code   RO         4123    i.LIS3DH_ReadReg    gsensor_driver.o
    0x00019b98   0x00000034   Code   RO         4124    i.LIS3DH_SetFullScale  gsensor_driver.o
    0x00019bcc   0x0000001a   Code   RO         4125    i.LIS3DH_SetInt1Duration  gsensor_driver.o
    0x00019be6   0x00000042   Code   RO         4126    i.LIS3DH_SetInt1Pin  gsensor_driver.o
    0x00019c28   0x0000001a   Code   RO         4127    i.LIS3DH_SetInt1Threshold  gsensor_driver.o
    0x00019c42   0x0000002c   Code   RO         4128    i.LIS3DH_SetInt2Pin  gsensor_driver.o
    0x00019c6e   0x00000032   Code   RO         4129    i.LIS3DH_SetIntConfiguration  gsensor_driver.o
    0x00019ca0   0x00000034   Code   RO         4130    i.LIS3DH_SetIntMode  gsensor_driver.o
    0x00019cd4   0x000000a0   Code   RO         4131    i.LIS3DH_SetMode    gsensor_driver.o
    0x00019d74   0x00000034   Code   RO         4132    i.LIS3DH_SetODR     gsensor_driver.o
    0x00019da8   0x00000034   Code   RO         4134    i.LIS3DH_SetTriggerInt  gsensor_driver.o
    0x00019ddc   0x00000036   Code   RO         4135    i.LIS3DH_SetWaterMark  gsensor_driver.o
    0x00019e12   0x00000012   Code   RO         4136    i.LIS3DH_WriteReg   gsensor_driver.o
    0x00019e24   0x00000068   Code   RO         3374    i.Manage_other_Event  etmainloop.o
    0x00019e8c   0x00000068   Code   RO         2605    i.MotorCtr          etmotor.o
    0x00019ef4   0x00000020   Code   RO         2606    i.MotorInit         etmotor.o
    0x00019f14   0x00000068   Code   RO         2607    i.MotorVibrate      etmotor.o
    0x00019f7c   0x00000020   Code   RO         2608    i.Motor_data_set    etmotor.o
    0x00019f9c   0x00000044   Code   RO         1982    i.NVIC_SetPriority  app_timer.o
    0x00019fe0   0x0000006c   Code   RO         4766    i.ParseRecvUartData  uartprotocol.o
    0x0001a04c   0x00000010   Code   RO         4545    i.Protocol_CMD_FIND_AG  btprotocol.o
    0x0001a05c   0x00000018   Code   RO         4546    i.Protocol_COSData_2_AG  btprotocol.o
    0x0001a074   0x00000010   Code   RO         4547    i.Protocol_Clr_TX_complete  btprotocol.o
    0x0001a084   0x00000068   Code   RO         4548    i.Protocol_GetAlarm  btprotocol.o
    0x0001a0ec   0x00000018   Code   RO         4549    i.Protocol_Packet_Status  btprotocol.o
    0x0001a104   0x00000094   Code   RO         4550    i.Protocol_SET_AUTOSEND_STEP_NUM  btprotocol.o
    0x0001a198   0x000000bc   Code   RO         4551    i.Protocol_SetAlarm  btprotocol.o
    0x0001a254   0x00000014   Code   RO         4552    i.Protocol_check_BT_connected  btprotocol.o
    0x0001a268   0x0000003e   Code   RO         4553    i.Protocol_check_data  btprotocol.o
    0x0001a2a6   0x00000002   PAD
    0x0001a2a8   0x00000038   Code   RO         4556    i.Protocol_data_manage  btprotocol.o
    0x0001a2e0   0x000000f8   Code   RO         4557    i.Protocol_data_to_AG  btprotocol.o
    0x0001a3d8   0x00000328   Code   RO         4558    i.Protocol_handle   btprotocol.o
    0x0001a700   0x0000000e   Code   RO         4559    i.Protocol_handle_statusPacket  btprotocol.o
    0x0001a70e   0x00000046   Code   RO         4560    i.Protocol_packed_data  btprotocol.o
    0x0001a754   0x0000007c   Code   RO         4562    i.Protocol_send_data_to_AG  btprotocol.o
    0x0001a7d0   0x00000010   Code   RO         4563    i.Protocol_send_histry_sport_data_to_ag  btprotocol.o
    0x0001a7e0   0x00000010   Code   RO         4565    i.Protocol_send_sport_data_to_ag  btprotocol.o
    0x0001a7f0   0x00000010   Code   RO         4566    i.Protocol_send_usr_info  btprotocol.o
    0x0001a800   0x00000018   Code   RO         4567    i.Protocol_set_BT_Disconnected  btprotocol.o
    0x0001a818   0x00000018   Code   RO         4568    i.Protocol_set_BT_connected  btprotocol.o
    0x0001a830   0x00000010   Code   RO         4570    i.Protocol_set_TX_complete  btprotocol.o
    0x0001a840   0x00000018   Code   RO         4571    i.Protocol_set_notify  btprotocol.o
    0x0001a858   0x00000020   Code   RO         1983    i.RTC1_IRQHandler   app_timer.o
    0x0001a878   0x00000054   Code   RO         1984    i.SWI0_IRQHandler   app_timer.o
    0x0001a8cc   0x00000024   Code   RO         2243    i.SWI2_IRQHandler   softdevice_handler.o
    0x0001a8f0   0x000000f0   Code   RO         3842    i.SaveEveryDayHistySport_Data_info2_datamanger  data_manger.o
    0x0001a9e0   0x00000014   Code   RO         3086    i.SetPageColume     etlcddisplayapp.o
    0x0001a9f4   0x0000000c   Code   RO         4767    i.SetToGetKEYID     uartprotocol.o
    0x0001aa00   0x0000000c   Code   RO         3087    i.Set_lastDisplayTag  etlcddisplayapp.o
    0x0001aa0c   0x00000008   Code   RO         3800    i.ShortSetTwoChar   common_arithmetic.o
    0x0001aa14   0x00000024   Code   RO         4318    i.Sleep_Add_Interval_Steps  sleep_record.o
    0x0001aa38   0x0000003c   Code   RO         2407    i.SpiReadByte       et_spi_gpio.o
    0x0001aa74   0x0000004c   Code   RO         2408    i.SpiSentByte       et_spi_gpio.o
    0x0001aac0   0x0000003c   Code   RO         2409    i.SpiSent_1Byte     et_spi_gpio.o
    0x0001aafc   0x00000054   Code   RO          499    i.SystemInit        system_nrf51.o
    0x0001ab50   0x00000010   Code   RO         1654    i.TIMER0_IRQHandler  nrf_drv_timer.o
    0x0001ab60   0x00000010   Code   RO         1655    i.TIMER1_IRQHandler  nrf_drv_timer.o
    0x0001ab70   0x00000010   Code   RO         1656    i.TIMER2_IRQHandler  nrf_drv_timer.o
    0x0001ab80   0x0000000c   Code   RO         3801    i.TwoCharGetShort   common_arithmetic.o
    0x0001ab8c   0x00000264   Code   RO         4945    i.U2G               GT24L16M1Y20-518221552.lib(gt24l16m1y20.o)
    0x0001adf0   0x0000003c   Code   RO         2880    i.UART0_IRQHandler  etsimple_uart.o
    0x0001ae2c   0x00000040   Code   RO         2338    i.USB_detect        et_battery.o
    0x0001ae6c   0x0000000c   Code   RO         2339    i.USB_detect_init   et_battery.o
    0x0001ae78   0x00000034   Code   RO         2881    i.UartRecv          etsimple_uart.o
    0x0001aeac   0x00000010   Code   RO         2882    i.Uart_open_check   etsimple_uart.o
    0x0001aebc   0x00000028   Code   RO         1827    i.WDT_IRQHandler    et_nrf_drv_wdt.o
    0x0001aee4   0x00000024   Code   RO         5067    i.__0vsprintf       mc_p.l(printfa.o)
    0x0001af08   0x0000002e   Code   RO         5125    i.__ARM_clz         mf_p.l(depilogue.o)
    0x0001af36   0x0000001a   Code   RO          122    i.__ARM_common_switch8  main.o
    0x0001af50   0x0000000e   Code   RO         5129    i.__scatterload_copy  mc_p.l(handlers.o)
    0x0001af5e   0x00000002   Code   RO         5130    i.__scatterload_null  mc_p.l(handlers.o)
    0x0001af60   0x0000000e   Code   RO         5131    i.__scatterload_zeroinit  mc_p.l(handlers.o)
    0x0001af6e   0x00000002   PAD
    0x0001af70   0x00000158   Code   RO         5068    i._fp_digits        mc_p.l(printfa.o)
    0x0001b0c8   0x000006f8   Code   RO         5069    i._printf_core      mc_p.l(printfa.o)
    0x0001b7c0   0x00000020   Code   RO         5070    i._printf_post_padding  mc_p.l(printfa.o)
    0x0001b7e0   0x0000002c   Code   RO         5071    i._printf_pre_padding  mc_p.l(printfa.o)
    0x0001b80c   0x0000000a   Code   RO         5073    i._sputc            mc_p.l(printfa.o)
    0x0001b816   0x0000014a   Code   RO          533    i.adv_data_encode   ble_advdata.o
    0x0001b960   0x0000006c   Code   RO            5    i.advertising_init  main.o
    0x0001b9cc   0x000000cc   Code   RO         4416    i.alarm_init        etalarm.o
    0x0001ba98   0x00000174   Code   RO         3412    i.analyse_display_data  etmultipagedisplay.o
    0x0001bc0c   0x00000044   Code   RO         4768    i.ans_work_state_handle  uartprotocol.o
    0x0001bc50   0x000000a8   Code   RO         3549    i.app_arithmetic_cal_timer_handler  app_arithmetic.o
    0x0001bcf8   0x00000094   Code   RO         3703    i.app_arithmetic_save_sportinfo  arithmetic_data_manger.o
    0x0001bd8c   0x00000040   Code   RO         3704    i.app_arithmetic_store_steps  arithmetic_data_manger.o
    0x0001bdcc   0x00000014   Code   RO         3706    i.app_arthmetic_get_total_calorie  arithmetic_data_manger.o
    0x0001bde0   0x0000000c   Code   RO         3707    i.app_arthmetic_get_total_distance  arithmetic_data_manger.o
    0x0001bdec   0x0000000c   Code   RO         3708    i.app_arthmetic_get_total_steps  arithmetic_data_manger.o
    0x0001bdf8   0x00000024   Code   RO         1899    i.app_button_enable  app_button.o
    0x0001be1c   0x00000078   Code   RO         1900    i.app_button_init   app_button.o
    0x0001be94   0x00000018   Code   RO         1955    i.app_error_handler  app_error.o
    0x0001beac   0x00000046   Code   RO         4068    i.app_event_g_sensor_intr1_handler  gsensor.o
    0x0001bef2   0x00000002   PAD
    0x0001bef4   0x0000000c   Code   RO          896    i.app_evt_notify    device_manager_peripheral.o
    0x0001bf00   0x00000038   Code   RO         4321    i.app_gSensor_nomotion_timer_handler  sleep_record.o
    0x0001bf38   0x0000000c   Code   RO         3550    i.app_get_pedometer_state  app_arithmetic.o
    0x0001bf44   0x0000002c   Code   RO         1410    i.app_notify        pstorage.o
    0x0001bf70   0x00000020   Code   RO         1411    i.app_notify_error_state_transit  pstorage.o
    0x0001bf90   0x00000024   Code   RO         3551    i.app_set_pedometer_state  app_arithmetic.o
    0x0001bfb4   0x00000054   Code   RO         4322    i.app_sleep_gsensor_cfg_judge  sleep_record.o
    0x0001c008   0x00000038   Code   RO         4323    i.app_sleep_record_timer_handler  sleep_record.o
    0x0001c040   0x00000054   Code   RO         4325    i.app_sleep_store_item_begin_info  sleep_record.o
    0x0001c094   0x0000008c   Code   RO         4326    i.app_sleep_store_item_end_info  sleep_record.o
    0x0001c120   0x0000003c   Code   RO         3552    i.app_start_step_arithmetic_cal  app_arithmetic.o
    0x0001c15c   0x00000064   Code   RO         3553    i.app_stop_step_arithmetic_cal  app_arithmetic.o
    0x0001c1c0   0x0000004c   Code   RO         1987    i.app_timer_create  app_timer.o
    0x0001c20c   0x000000b4   Code   RO         1988    i.app_timer_init    app_timer.o
    0x0001c2c0   0x00000084   Code   RO         1989    i.app_timer_start   app_timer.o
    0x0001c344   0x00000058   Code   RO         1990    i.app_timer_stop    app_timer.o
    0x0001c39c   0x00000068   Code   RO         3556    i.arithmetic_gsensor_write_data  app_arithmetic.o
    0x0001c404   0x00000048   Code   RO         3557    i.arithmetic_transfer_data  app_arithmetic.o
    0x0001c44c   0x00000034   Code   RO         3558    i.arithmetic_write_data2buf  app_arithmetic.o
    0x0001c480   0x000000e8   Code   RO         3709    i.arth_init_person_info  arithmetic_data_manger.o
    0x0001c568   0x000000c4   Code   RO         3999    i.auto_send_histy_sport_record_to_app_timer  data_transfer.o
    0x0001c62c   0x0000002c   Code   RO         4572    i.auto_send_sport_Live_to_app  btprotocol.o
    0x0001c658   0x000000d0   Code   RO         4000    i.auto_send_sport_record_to_app_timer  data_transfer.o
    0x0001c728   0x0000001c   Code   RO         2340    i.battery_adc_dev_init  et_battery.o
    0x0001c744   0x0000004c   Code   RO         2341    i.battery_adc_read_once  et_battery.o
    0x0001c790   0x00000020   Code   RO         2342    i.battery_start     et_battery.o
    0x0001c7b0   0x0000005a   Code   RO          534    i.ble_advdata_set   ble_advdata.o
    0x0001c80a   0x00000002   PAD
    0x0001c80c   0x00000124   Code   RO          596    i.ble_advertising_init  ble_advertising.o
    0x0001c930   0x00000074   Code   RO          597    i.ble_advertising_on_ble_evt  ble_advertising.o
    0x0001c9a4   0x00000030   Code   RO          598    i.ble_advertising_on_sys_evt  ble_advertising.o
    0x0001c9d4   0x00000010   Code   RO          600    i.ble_advertising_peer_address_clear  ble_advertising.o
    0x0001c9e4   0x00000040   Code   RO          601    i.ble_advertising_restart_without_whitelist  ble_advertising.o
    0x0001ca24   0x000001e0   Code   RO          602    i.ble_advertising_start  ble_advertising.o
    0x0001cc04   0x00000054   Code   RO          669    i.ble_conn_params_init  ble_conn_params.o
    0x0001cc58   0x00000090   Code   RO          670    i.ble_conn_params_on_ble_evt  ble_conn_params.o
    0x0001cce8   0x00000010   Code   RO          671    i.ble_conn_params_stop  ble_conn_params.o
    0x0001ccf8   0x00000090   Code   RO          822    i.ble_dfu_init      ble_dfu.o
    0x0001cd88   0x00000084   Code   RO          823    i.ble_dfu_on_ble_evt  ble_dfu.o
    0x0001ce0c   0x00000060   Code   RO          825    i.ble_dfu_response_send  ble_dfu.o
    0x0001ce6c   0x00000044   Code   RO            7    i.ble_evt_dispatch  main.o
    0x0001ceb0   0x00000070   Code   RO          729    i.ble_nus_init      ble_nus.o
    0x0001cf20   0x00000058   Code   RO          730    i.ble_nus_on_ble_evt  ble_nus.o
    0x0001cf78   0x00000054   Code   RO          731    i.ble_nus_string_send  ble_nus.o
    0x0001cfcc   0x00000068   Code   RO            8    i.ble_stack_init    main.o
    0x0001d034   0x00000048   Code   RO          897    i.bond_data_load    device_manager_peripheral.o
    0x0001d07c   0x000000b0   Code   RO         2181    i.bootloader_start  dfu_app_handler.o
    0x0001d12c   0x00000008   Code   RO         2160    i.bootloader_util_app_start  bootloader_util.o
    0x0001d134   0x00000048   Code   RO          454    i.bsp_btn_ble_init  bsp_btn_ble.o
    0x0001d17c   0x0000001c   Code   RO          455    i.bsp_btn_ble_on_ble_evt  bsp_btn_ble.o
    0x0001d198   0x0000009c   Code   RO          365    i.bsp_button_event_handler  bsp.o
    0x0001d234   0x0000002c   Code   RO          366    i.bsp_button_is_pressed  bsp.o
    0x0001d260   0x00000054   Code   RO            9    i.bsp_event_handler  main.o
    0x0001d2b4   0x00000048   Code   RO          370    i.bsp_event_to_button_action_assign  bsp.o
    0x0001d2fc   0x00000004   Code   RO          371    i.bsp_indication_set  bsp.o
    0x0001d300   0x0000005c   Code   RO          373    i.bsp_init          bsp.o
    0x0001d35c   0x00000020   Code   RO           10    i.bt_send_to_AG     main.o
    0x0001d37c   0x0000000c   Code   RO          375    i.button_timer_handler  bsp.o
    0x0001d388   0x0000001c   Code   RO         3088    i.changePage        etlcddisplayapp.o
    0x0001d3a4   0x0000001c   Code   RO         1223    i.channel_free      nrf_drv_gpiote.o
    0x0001d3c0   0x00000048   Code   RO         1224    i.channel_port_alloc  nrf_drv_gpiote.o
    0x0001d408   0x00000010   Code   RO         1225    i.channel_port_get  nrf_drv_gpiote.o
    0x0001d418   0x00000012   Code   RO         3089    i.check_LCDDispCanChange  etlcddisplayapp.o
    0x0001d42a   0x00000002   PAD
    0x0001d42c   0x00000024   Code   RO         3090    i.check_StrCanDisplay  etlcddisplayapp.o
    0x0001d450   0x00000040   Code   RO         4769    i.check_frame       uartprotocol.o
    0x0001d490   0x00000014   Code   RO         3091    i.check_lastDisplayTag  etlcddisplayapp.o
    0x0001d4a4   0x0000002c   Code   RO         4770    i.check_uart_resend_tag  uartprotocol.o
    0x0001d4d0   0x0000004c   Code   RO         3092    i.clear_AllScreen   etlcddisplayapp.o
    0x0001d51c   0x00000016   Code   RO         3559    i.clear_arithmetic_buf  app_arithmetic.o
    0x0001d532   0x00000002   PAD
    0x0001d534   0x000000f8   Code   RO         1412    i.clear_operation_execute  pstorage.o
    0x0001d62c   0x00000024   Code   RO         1413    i.clear_post_processing_run  pstorage.o
    0x0001d650   0x00000078   Code   RO         3093    i.clear_secterScreen  etlcddisplayapp.o
    0x0001d6c8   0x000000a0   Code   RO         4417    i.clock_alarm_check  etalarm.o
    0x0001d768   0x00000038   Code   RO         1414    i.cmd_process       pstorage.o
    0x0001d7a0   0x00000020   Code   RO         1415    i.cmd_queue_element_init  pstorage.o
    0x0001d7c0   0x0000004c   Code   RO         1416    i.cmd_queue_enqueue  pstorage.o
    0x0001d80c   0x0000003c   Code   RO         1417    i.command_end_procedure_run  pstorage.o
    0x0001d848   0x000000a4   Code   RO         1992    i.compare_reg_update  app_timer.o
    0x0001d8ec   0x00000084   Code   RO          535    i.conn_int_encode   ble_advdata.o
    0x0001d970   0x0000000c   Code   RO           11    i.conn_params_error_handler  main.o
    0x0001d97c   0x00000064   Code   RO          672    i.conn_params_negotiation  ble_conn_params.o
    0x0001d9e0   0x00000030   Code   RO          898    i.connection_instance_find  device_manager_peripheral.o
    0x0001da10   0x00000024   Code   RO          899    i.connection_instance_init  device_manager_peripheral.o
    0x0001da34   0x00000048   Code   RO         3413    i.copy_display_data_to_buff  etmultipagedisplay.o
    0x0001da7c   0x00000018   Code   RO         4772    i.cos_clear_buff    uartprotocol.o
    0x0001da94   0x00000008   Code   RO         4773    i.cos_send_string   uartprotocol.o
    0x0001da9c   0x00000012   Code   RO         3843    i.data_manger_set_previous_head  data_manger.o
    0x0001daae   0x00000002   PAD
    0x0001dab0   0x00000054   Code   RO         1418    i.data_page_erase_state_run  pstorage.o
    0x0001db04   0x00000028   Code   RO         1419    i.data_to_swap_write_state_run  pstorage.o
    0x0001db2c   0x00000114   Code   RO         3641    i.deal_raw_data     arithmetic.o
    0x0001dc40   0x000001e4   Code   RO         4948    i.decompressbmp16   GT24L16M1Y20-518221552.lib(gt24l16m1y20.o)
    0x0001de24   0x00000056   Code   RO         3642    i.derivativeFunc    arithmetic.o
    0x0001de7a   0x00000002   PAD
    0x0001de7c   0x00000060   Code   RO         1902    i.detection_delay_timeout_handler  app_button.o
    0x0001dedc   0x000000a4   Code   RO         3375    i.dev_init          etmainloop.o
    0x0001df80   0x000000b4   Code   RO          900    i.device_context_store  device_manager_peripheral.o
    0x0001e034   0x00000054   Code   RO          901    i.device_instance_allocate  device_manager_peripheral.o
    0x0001e088   0x00000048   Code   RO          902    i.device_instance_find  device_manager_peripheral.o
    0x0001e0d0   0x0000002c   Code   RO          903    i.device_instance_free  device_manager_peripheral.o
    0x0001e0fc   0x0000001c   Code   RO         2182    i.dfu_app_dm_appl_instance_set  dfu_app_handler.o
    0x0001e118   0x00000048   Code   RO         2183    i.dfu_app_on_dfu_evt  dfu_app_handler.o
    0x0001e160   0x000000a8   Code   RO         2184    i.dfu_app_peer_data_set  dfu_app_handler.o
    0x0001e208   0x00000002   Code   RO         2185    i.dfu_app_reset_prepare  dfu_app_handler.o
    0x0001e20a   0x00000002   PAD
    0x0001e20c   0x0000000c   Code   RO         2186    i.dfu_app_reset_prepare_set  dfu_app_handler.o
    0x0001e218   0x00000088   Code   RO          826    i.dfu_ctrl_pt_add   ble_dfu.o
    0x0001e2a0   0x00000080   Code   RO          827    i.dfu_pkt_char_add  ble_dfu.o
    0x0001e320   0x0000008c   Code   RO          828    i.dfu_rev_char_add  ble_dfu.o
    0x0001e3ac   0x00000018   Code   RO         2609    i.disable_pwm       etmotor.o
    0x0001e3c4   0x00000068   Code   RO         3094    i.display_GetStringLen  etlcddisplayapp.o
    0x0001e42c   0x000000ec   Code   RO         3095    i.display_IncomingCall  etlcddisplayapp.o
    0x0001e518   0x00000068   Code   RO         3096    i.display_LOGO_message  etlcddisplayapp.o
    0x0001e580   0x00000100   Code   RO         3097    i.display_Rssi_distance  etlcddisplayapp.o
    0x0001e680   0x0000009c   Code   RO         3098    i.display_alarm     etlcddisplayapp.o
    0x0001e71c   0x00000010   Code   RO         3099    i.display_check_to_clear_Screen  etlcddisplayapp.o
    0x0001e72c   0x00000018   Code   RO         3100    i.display_clr_COSdata  etlcddisplayapp.o
    0x0001e744   0x00000154   Code   RO         3101    i.display_day_clock  etlcddisplayapp.o
    0x0001e898   0x00000024   Code   RO         3414    i.display_down_page  etmultipagedisplay.o
    0x0001e8bc   0x00000130   Code   RO         3102    i.display_gb18030_string  etlcddisplayapp.o
    0x0001e9ec   0x00000050   Code   RO         3103    i.display_graphic_16x16  etlcddisplayapp.o
    0x0001ea3c   0x00000050   Code   RO         3104    i.display_graphic_8x16  etlcddisplayapp.o
    0x0001ea8c   0x00000078   Code   RO         3415    i.display_page      etmultipagedisplay.o
    0x0001eb04   0x00000318   Code   RO         3107    i.display_step_distance_engery  etlcddisplayapp.o
    0x0001ee1c   0x00000020   Code   RO         3416    i.display_up_page   etmultipagedisplay.o
    0x0001ee3c   0x000000d4   Code   RO          906    i.dm_application_context_set  device_manager_peripheral.o
    0x0001ef10   0x00000040   Code   RO          907    i.dm_application_instance_set  device_manager_peripheral.o
    0x0001ef50   0x000003d8   Code   RO          908    i.dm_ble_evt_handler  device_manager_peripheral.o
    0x0001f328   0x000000b0   Code   RO          912    i.dm_distributed_keys_get  device_manager_peripheral.o
    0x0001f3d8   0x00000048   Code   RO          913    i.dm_handle_get     device_manager_peripheral.o
    0x0001f420   0x0000001c   Code   RO          914    i.dm_handle_initialize  device_manager_peripheral.o
    0x0001f43c   0x0000007c   Code   RO          916    i.dm_peer_addr_get  device_manager_peripheral.o
    0x0001f4b8   0x00000040   Code   RO         1993    i.elapsed_ticks_acquire  app_timer.o
    0x0001f4f8   0x0000002c   Code   RO         4774    i.etCheck_reset     uartprotocol.o
    0x0001f524   0x0000002c   Code   RO         2883    i.etCheck_to_PoweroffCOS  etsimple_uart.o
    0x0001f550   0x00000034   Code   RO         2681    i.etSpim1CheckNorFlashBusy  etspi.o
    0x0001f584   0x0000001c   Code   RO         2682    i.etSpim1CheckNorFlashWriteEnable  etspi.o
    0x0001f5a0   0x00000012   Code   RO         2685    i.etSpim1NorFlashInit  etspi.o
    0x0001f5b2   0x00000002   PAD
    0x0001f5b4   0x00000048   Code   RO         2686    i.etSpim1NorFlashPageProgrameStdMode  etspi.o
    0x0001f5fc   0x00000038   Code   RO         2687    i.etSpim1NorFlashSectorErase  etspi.o
    0x0001f634   0x00000044   Code   RO         2689    i.etSpim1ReadNorFlashStdMode  etspi.o
    0x0001f678   0x0000001e   Code   RO         2690    i.etWrite_KEYID_to_flash  etspi.o
    0x0001f696   0x00000002   PAD
    0x0001f698   0x00000010   Code   RO         3012    i.et_WDT_feed       et_wdt.o
    0x0001f6a8   0x00000044   Code   RO         3013    i.et_WDT_init       et_wdt.o
    0x0001f6ec   0x0000001c   Code   RO         2474    i.et_i2c_init       eti2c.o
    0x0001f708   0x00000032   Code   RO         2476    i.et_i2c_write      eti2c.o
    0x0001f73a   0x00000032   Code   RO         2477    i.et_i2c_write_conValue  eti2c.o
    0x0001f76c   0x00000058   Code   RO         1994    i.expired_timers_handler  app_timer.o
    0x0001f7c4   0x00000020   Code   RO         1420    i.flash_api_err_code_process  pstorage.o
    0x0001f7e4   0x00000040   Code   RO         3848    i.flash_gsensor_data_partition_refresh  data_manger.o
    0x0001f824   0x00000190   Code   RO         3849    i.flash_gsensor_sport_sleep_data_partition_refresh  data_manger.o
    0x0001f9b4   0x00000080   Code   RO         1421    i.flash_operation_success_run  pstorage.o
    0x0001fa34   0x0000000a   Code   RO         1422    i.flash_page_erase  pstorage.o
    0x0001fa3e   0x0000000a   Code   RO         1423    i.flash_write       pstorage.o
    0x0001fa48   0x00000044   Code   RO         3850    i.flush_mem_poll2flash  data_manger.o
    0x0001fa8c   0x00000030   Code   RO         3417    i.free_display_buff  etmultipagedisplay.o
    0x0001fabc   0x00000010   Code   RO         4069    i.gSensor_Clear_Fifo_Data  gsensor.o
    0x0001facc   0x0000000c   Code   RO         4137    i.gSensor_FWM_Interrupt_Enable  gsensor_driver.o
    0x0001fad8   0x0000006a   Code   RO         4070    i.gSensor_Read_Fifo_Data  gsensor.o
    0x0001fb42   0x00000002   PAD
    0x0001fb44   0x00000024   Code   RO         4138    i.gSensor_Slope_Intr_Enable  gsensor_driver.o
    0x0001fb68   0x0000000a   Code   RO         4140    i.gSensor_Slope_Intr_config  gsensor_driver.o
    0x0001fb72   0x00000002   PAD
    0x0001fb74   0x00000068   Code   RO         4071    i.gSensor_driver_init  gsensor.o
    0x0001fbdc   0x00000034   Code   RO         4141    i.gSensor_fifo_Interrupt_Enable  gsensor_driver.o
    0x0001fc10   0x0000000c   Code   RO         4072    i.gSensor_init      gsensor.o
    0x0001fc1c   0x00000010   Code   RO         4142    i.gSensor_set_duration_and_threshold  gsensor_driver.o
    0x0001fc2c   0x0000005c   Code   RO           12    i.gap_params_init   main.o
    0x0001fc88   0x00000004   Code   RO          926    i.gattc_context_apply  device_manager_peripheral.o
    0x0001fc8c   0x00000004   Code   RO          927    i.gattc_context_load  device_manager_peripheral.o
    0x0001fc90   0x00000004   Code   RO          928    i.gattc_context_store  device_manager_peripheral.o
    0x0001fc94   0x000000b0   Code   RO          929    i.gatts_context_apply  device_manager_peripheral.o
    0x0001fd44   0x00000030   Code   RO          930    i.gatts_context_load  device_manager_peripheral.o
    0x0001fd74   0x000000ac   Code   RO          931    i.gatts_context_store  device_manager_peripheral.o
    0x0001fe20   0x00000008   Code   RO          932    i.gattsc_context_apply  device_manager_peripheral.o
    0x0001fe28   0x00000008   Code   RO          933    i.gattsc_context_load  device_manager_peripheral.o
    0x0001fe30   0x00000008   Code   RO          934    i.gattsc_context_store  device_manager_peripheral.o
    0x0001fe38   0x00000010   Code   RO         4001    i.get_auto_send_data_to_app_status  data_transfer.o
    0x0001fe48   0x00000018   Code   RO         4002    i.get_ble_connect_status  data_transfer.o
    0x0001fe60   0x00000070   Code   RO         4775    i.get_bt_name_ans_handle  uartprotocol.o
    0x0001fed0   0x00000032   Code   RO         4776    i.get_bt_name_req   uartprotocol.o
    0x0001ff02   0x00000002   PAD
    0x0001ff04   0x00000020   Code   RO         4777    i.get_cos_data_timeout  uartprotocol.o
    0x0001ff24   0x00000032   Code   RO         4778    i.get_cos_ver_req   uartprotocol.o
    0x0001ff56   0x00000002   PAD
    0x0001ff58   0x0000001c   Code   RO         3851    i.get_dataPartition  data_manger.o
    0x0001ff74   0x0000001a   Code   RO         3488    i.get_gbk_code      etutf8tounicode.o
    0x0001ff8e   0x00000002   PAD
    0x0001ff90   0x0000001c   Code   RO         3853    i.get_ram_block     data_manger.o
    0x0001ffac   0x00000004   Code   RO         4516    i.get_usr_using_timer_count  usr_task.o
    0x0001ffb0   0x00000022   Code   RO         4779    i.get_work_state    uartprotocol.o
    0x0001ffd2   0x00000016   Code   RO         2756    i.get_yeardays      sys_time.o
    0x0001ffe8   0x000000cc   Code   RO         4780    i.go_to_command     uartprotocol.o
    0x000200b4   0x00000058   Code   RO         1903    i.gpiote_event_handler  app_button.o
    0x0002010c   0x00000078   Code   RO         1424    i.head_restore_state_run  pstorage.o
    0x00020184   0x00000050   Code   RO         4951    i.hzbmp16           GT24L16M1Y20-518221552.lib(gt24l16m1y20.o)
    0x000201d4   0x0000006c   Code   RO         3854    i.init_data_manger  data_manger.o
    0x00020240   0x0000007c   Code   RO         3855    i.init_ram_pools    data_manger.o
    0x000202bc   0x00000080   Code   RO         2244    i.intern_softdevice_events_execute  softdevice_handler.o
    0x0002033c   0x0000001c   Code   RO          673    i.is_conn_params_ok  ble_conn_params.o
    0x00020358   0x00000048   Code   RO          500    i.is_manual_peripheral_setup_needed  system_nrf51.o
    0x000203a0   0x00000044   Code   RO         1425    i.is_page_erase_required  pstorage.o
    0x000203e4   0x0000000c   Code   RO         1426    i.is_word_aligned   pstorage.o
    0x000203f0   0x0000002a   Code   RO         2757    i.isleap            sys_time.o
    0x0002041a   0x00000002   PAD
    0x0002041c   0x0000007c   Code   RO         4459    i.ke_schedule       ke_timer.o
    0x00020498   0x00000010   Code   RO         4460    i.ke_timer_clear    ke_timer.o
    0x000204a8   0x0000000c   Code   RO         4461    i.ke_timer_flag_set  ke_timer.o
    0x000204b4   0x00000014   Code   RO         4462    i.ke_timer_set      ke_timer.o
    0x000204c8   0x00000018   Code   RO         3418    i.lcd_changeline_handle  etmultipagedisplay.o
    0x000204e0   0x00000020   Code   RO         3419    i.lcd_clear_handle  etmultipagedisplay.o
    0x00020500   0x00000020   Code   RO         3420    i.lcd_display_complete_handle  etmultipagedisplay.o
    0x00020520   0x000000ac   Code   RO         3421    i.lcd_display_handle  etmultipagedisplay.o
    0x000205cc   0x00000054   Code   RO         3109    i.lcd_power_control  etlcddisplayapp.o
    0x00020620   0x00000082   Code   RO         4953    i.lcdram_map        GT24L16M1Y20-518221552.lib(gt24l16m1y20.o)
    0x000206a2   0x00000010   Code   RO         4143    i.lis3dh_i2c_read   gsensor_driver.o
    0x000206b2   0x00000002   PAD
    0x000206b4   0x00000094   Code   RO         1995    i.list_deletions_handler  app_timer.o
    0x00020748   0x000000f0   Code   RO         1996    i.list_insertions_handler  app_timer.o
    0x00020838   0x0000015c   Code   RO           13    i.main              main.o
    0x00020994   0x0000003c   Code   RO         3376    i.main_loop         etmainloop.o
    0x000209d0   0x00000018   Code   RO         1427    i.main_state_err_busy_process  pstorage.o
    0x000209e8   0x00000064   Code   RO          536    i.manuf_specific_data_encode  ble_advdata.o
    0x00020a4c   0x0000006a   Code   RO          537    i.name_encode       ble_advdata.o
    0x00020ab6   0x00000002   PAD
    0x00020ab8   0x00000038   Code   RO         4573    i.newService_Protocol_data_manage  btprotocol.o
    0x00020af0   0x00000128   Code   RO         4574    i.newService_protocol_Save_data  btprotocol.o
    0x00020c18   0x00000024   Code   RO         4575    i.newService_protocol_data_can_send  btprotocol.o
    0x00020c3c   0x0000000c   Code   RO           14    i.new_serve_nus_data_handler  main.o
    0x00020c48   0x00000070   Code   RO          732    i.new_server_nus_init  ble_nus.o
    0x00020cb8   0x00000054   Code   RO          733    i.new_service_ble_nus_string_send  ble_nus.o
    0x00020d0c   0x0000006a   Code   RO          734    i.new_service_nus_on_ble_evt  ble_nus.o
    0x00020d76   0x00000002   PAD
    0x00020d78   0x000000a0   Code   RO          735    i.new_service_rx_char_add  ble_nus.o
    0x00020e18   0x00000080   Code   RO          736    i.new_service_tx_char_add  ble_nus.o
    0x00020e98   0x00000004   Code   RO          935    i.no_service_context_apply  device_manager_peripheral.o
    0x00020e9c   0x00000004   Code   RO          936    i.no_service_context_load  device_manager_peripheral.o
    0x00020ea0   0x00000004   Code   RO          937    i.no_service_context_store  device_manager_peripheral.o
    0x00020ea4   0x0000001c   Code   RO         1166    i.nrf_delay_ms      nrf_delay.o
    0x00020ec0   0x00000060   Code   RO         1193    i.nrf_drv_common_irq_enable  nrf_drv_common.o
    0x00020f20   0x000000a0   Code   RO         1228    i.nrf_drv_gpiote_in_event_enable  nrf_drv_gpiote.o
    0x00020fc0   0x00000090   Code   RO         1229    i.nrf_drv_gpiote_in_init  nrf_drv_gpiote.o
    0x00021050   0x00000014   Code   RO         1230    i.nrf_drv_gpiote_in_is_set  nrf_drv_gpiote.o
    0x00021064   0x00000054   Code   RO         1232    i.nrf_drv_gpiote_init  nrf_drv_gpiote.o
    0x000210b8   0x00000010   Code   RO         1233    i.nrf_drv_gpiote_is_init  nrf_drv_gpiote.o
    0x000210c8   0x0000002a   Code   RO         1661    i.nrf_drv_timer_compare  nrf_drv_timer.o
    0x000210f2   0x00000002   PAD
    0x000210f4   0x00000014   Code   RO         1665    i.nrf_drv_timer_disable  nrf_drv_timer.o
    0x00021108   0x00000014   Code   RO         1666    i.nrf_drv_timer_enable  nrf_drv_timer.o
    0x0002111c   0x0000002e   Code   RO         1668    i.nrf_drv_timer_extended_compare  nrf_drv_timer.o
    0x0002114a   0x00000002   PAD
    0x0002114c   0x000000a8   Code   RO         1670    i.nrf_drv_timer_init  nrf_drv_timer.o
    0x000211f4   0x00000048   Code   RO         1671    i.nrf_drv_timer_interrupt_handle  nrf_drv_timer.o
    0x0002123c   0x00000016   Code   RO         1677    i.nrf_drv_timer_us_to_ticks  nrf_drv_timer.o
    0x00021252   0x00000002   PAD
    0x00021254   0x000000ac   Code   RO         1828    i.nrf_drv_wdt_channel_alloc  et_nrf_drv_wdt.o
    0x00021300   0x00000014   Code   RO         1829    i.nrf_drv_wdt_channel_feed  et_nrf_drv_wdt.o
    0x00021314   0x00000020   Code   RO         1831    i.nrf_drv_wdt_enable  et_nrf_drv_wdt.o
    0x00021334   0x00000048   Code   RO         1833    i.nrf_drv_wdt_init  et_nrf_drv_wdt.o
    0x0002137c   0x00000010   Code   RO         2884    i.nrf_gpio_cfg_input  etsimple_uart.o
    0x0002138c   0x00000020   Code   RO         1245    i.nrf_gpio_cfg_sense_set  nrf_drv_gpiote.o
    0x000213ac   0x00000014   Code   RO         1246    i.nrf_gpiote_event_is_set  nrf_drv_gpiote.o
    0x000213c0   0x0000000c   Code   RO           15    i.nus_data_handler  main.o
    0x000213cc   0x00000028   Code   RO           16    i.on_adv_evt        main.o
    0x000213f4   0x000000e8   Code   RO           17    i.on_ble_evt        main.o
    0x000214dc   0x00000024   Code   RO           18    i.on_conn_params_evt  main.o
    0x00021500   0x000000e6   Code   RO          829    i.on_ctrl_pt_write  ble_dfu.o
    0x000215e6   0x00000044   Code   RO         4781    i.packed_data_frame  uartprotocol.o
    0x0002162a   0x00000164   Code   RO         3643    i.peaksValleys_mergeArray_arrange  arithmetic.o
    0x0002178e   0x000000e0   Code   RO         3644    i.peaks_valleys_Merge  arithmetic.o
    0x0002186e   0x00000002   PAD
    0x00021870   0x0000020c   Code   RO         3645    i.peaks_valleys_final_match  arithmetic.o
    0x00021a7c   0x00000016   Code   RO          604    i.peer_address_exists  ble_advertising.o
    0x00021a92   0x00000002   PAD
    0x00021a94   0x00000040   Code   RO          938    i.peer_instance_init  device_manager_peripheral.o
    0x00021ad4   0x00000014   Code   RO         1247    i.pin_in_use_by_gpiote  nrf_drv_gpiote.o
    0x00021ae8   0x00000018   Code   RO         1248    i.pin_in_use_by_port  nrf_drv_gpiote.o
    0x00021b00   0x00000018   Code   RO         1249    i.pin_in_use_by_te  nrf_drv_gpiote.o
    0x00021b18   0x00000128   Code   RO         4576    i.protocol_Save_data  btprotocol.o
    0x00021c40   0x00000024   Code   RO         4577    i.protocol_data_can_send  btprotocol.o
    0x00021c64   0x00000028   Code   RO         1428    i.pstorage_access_status_get  pstorage.o
    0x00021c8c   0x00000054   Code   RO         1429    i.pstorage_block_identifier_get  pstorage.o
    0x00021ce0   0x000000a4   Code   RO         1430    i.pstorage_clear    pstorage.o
    0x00021d84   0x00000024   Code   RO         1431    i.pstorage_flash_page_end  pstorage.o
    0x00021da8   0x0000000a   Code   RO         1432    i.pstorage_flash_page_size  pstorage.o
    0x00021db2   0x00000002   PAD
    0x00021db4   0x000000a8   Code   RO         1434    i.pstorage_load     pstorage.o
    0x00021e5c   0x00000090   Code   RO         1436    i.pstorage_store    pstorage.o
    0x00021eec   0x0000004c   Code   RO         1437    i.pstorage_sys_event_handler  pstorage.o
    0x00021f38   0x00000090   Code   RO         1438    i.pstorage_update   pstorage.o
    0x00021fc8   0x00000038   Code   RO         3525    i.r_dat_bat         et_font_spi.o
    0x00022000   0x0000001a   Code   RO         3856    i.ram_block_reset   data_manger.o
    0x0002201a   0x00000002   PAD
    0x0002201c   0x000000cc   Code   RO         3857    i.ram_gsensor_data_write_block_2_flash  data_manger.o
    0x000220e8   0x00000008   Code   RO         3858    i.read_flash        data_manger.o
    0x000220f0   0x0000003c   Code   RO         3859    i.read_infos_from_flash_first_page  data_manger.o
    0x0002212c   0x0000003c   Code   RO         2852    i.read_switch_val   etkeyboard.o
    0x00022168   0x00000010   Code   RO         4003    i.receive_app_usr_info  data_transfer.o
    0x00022178   0x00000050   Code   RO         3710    i.receive_userInfo_from_app  arithmetic_data_manger.o
    0x000221c8   0x00000058   Code   RO           19    i.reset_prepare     main.o
    0x00022220   0x00000044   Code   RO         1997    i.rtc1_stop         app_timer.o
    0x00022264   0x000000b8   Code   RO          737    i.rx_char_add       ble_nus.o
    0x0002231c   0x0000000c   Code   RO         4782    i.save_COS_status   uartprotocol.o
    0x00022328   0x00000064   Code   RO         4783    i.save_cos_ver_ans_handle  uartprotocol.o
    0x0002238c   0x00000020   Code   RO         3860    i.sector_erase_flash  data_manger.o
    0x000223ac   0x00000034   Code   RO         4784    i.send_ack          uartprotocol.o
    0x000223e0   0x0000000a   Code   RO         4004    i.send_data_timeout_timer  data_transfer.o
    0x000223ea   0x00000034   Code   RO         4785    i.send_key_to_cos   uartprotocol.o
    0x0002241e   0x0000003e   Code   RO         4786    i.send_key_val_to_cos  uartprotocol.o
    0x0002245c   0x00000028   Code   RO         4005    i.send_sport_get_app_ack  data_transfer.o
    0x00022484   0x0000001c   Code   RO         3711    i.send_sport_info2_datamanger  arithmetic_data_manger.o
    0x000224a0   0x00000018   Code   RO         2478    i.sensor_GPIO_i2c_init  eti2c.o
    0x000224b8   0x000000a0   Code   RO         2479    i.sensor_GPIO_i2c_read  eti2c.o
    0x00022558   0x00000032   Code   RO         2480    i.sensor_GPIO_i2c_write  eti2c.o
    0x0002258a   0x00000002   PAD
    0x0002258c   0x00000018   Code   RO         4145    i.sensor_INT_enable_check  gsensor_driver.o
    0x000225a4   0x0000000c   Code   RO         4146    i.sensor_INT_set_api  gsensor_driver.o
    0x000225b0   0x00000054   Code   RO         2481    i.sensor_IicSentByte  eti2c.o
    0x00022604   0x0000003c   Code   RO         2482    i.sensor_IicStart   eti2c.o
    0x00022640   0x00000030   Code   RO         2483    i.sensor_IicStop    eti2c.o
    0x00022670   0x00000038   Code   RO         2484    i.sensor_SendAcknowledge  eti2c.o
    0x000226a8   0x0000007c   Code   RO          538    i.service_data_encode  ble_advdata.o
    0x00022724   0x00000088   Code   RO           20    i.services_init     main.o
    0x000227ac   0x00000018   Code   RO         4787    i.set_uart_resend_tag  uartprotocol.o
    0x000227c4   0x00000010   Code   RO         3712    i.set_user_info     arithmetic_data_manger.o
    0x000227d4   0x00000074   Code   RO         2885    i.simple_uart_config  etsimple_uart.o
    0x00022848   0x00000064   Code   RO         2887    i.simple_uart_init  etsimple_uart.o
    0x000228ac   0x0000001c   Code   RO         2888    i.simple_uart_put   etsimple_uart.o
    0x000228c8   0x00000030   Code   RO         2889    i.simple_uart_putstring  etsimple_uart.o
    0x000228f8   0x00000030   Code   RO         2890    i.simple_uart_putstringbuff  etsimple_uart.o
    0x00022928   0x00000064   Code   RO         4327    i.sleep_add_xyzData  sleep_record.o
    0x0002298c   0x00000028   Code   RO         4328    i.sleep_once_interval_max_steps  sleep_record.o
    0x000229b4   0x00000050   Code   RO         4329    i.sleep_slope_check  sleep_record.o
    0x00022a04   0x00000040   Code   RO         4330    i.sleep_xDataSect_SameCal  sleep_record.o
    0x00022a44   0x00000070   Code   RO         4331    i.sleep_xDataSect_analysis  sleep_record.o
    0x00022ab4   0x00000048   Code   RO         1439    i.sm_state_change   pstorage.o
    0x00022afc   0x00000158   Code   RO         3646    i.smoothfunc        arithmetic.o
    0x00022c54   0x0000000c   Code   RO         2245    i.softdevice_assertion_handler  softdevice_handler.o
    0x00022c60   0x00000014   Code   RO         2246    i.softdevice_ble_evt_handler_set  softdevice_handler.o
    0x00022c74   0x00000030   Code   RO         2247    i.softdevice_handler_init  softdevice_handler.o
    0x00022ca4   0x00000014   Code   RO         2249    i.softdevice_sys_evt_handler_set  softdevice_handler.o
    0x00022cb8   0x0000004c   Code   RO         3713    i.sportInfo2DMDataItem  arithmetic_data_manger.o
    0x00022d04   0x0000003e   Code   RO         3802    i.sqrt_16           common_arithmetic.o
    0x00022d42   0x00000002   PAD
    0x00022d44   0x00000034   Code   RO           21    i.start_Rssi        main.o
    0x00022d78   0x00000064   Code   RO         1440    i.state_data_erase_swap_entry_run  pstorage.o
    0x00022ddc   0x00000010   Code   RO         1441    i.state_erase_data_page_entry_run  pstorage.o
    0x00022dec   0x00000028   Code   RO         1442    i.state_restore_head_entry_run  pstorage.o
    0x00022e14   0x0000004c   Code   RO         1443    i.state_restore_tail_entry_run  pstorage.o
    0x00022e60   0x00000020   Code   RO         1444    i.state_swap_erase_entry_run  pstorage.o
    0x00022e80   0x00000030   Code   RO         1445    i.state_write_data_swap_entry_run  pstorage.o
    0x00022eb0   0x000000b8   Code   RO         3714    i.steps_2_calorie   arithmetic_data_manger.o
    0x00022f68   0x0000004c   Code   RO         3715    i.steps_2_distance  arithmetic_data_manger.o
    0x00022fb4   0x000000a8   Code   RO         3647    i.steps_matchArray_verfy  arithmetic.o
    0x0002305c   0x00000004   Code   RO          939    i.storage_operation_dummy_handler  device_manager_peripheral.o
    0x00023060   0x0000005c   Code   RO         1446    i.store_cmd_flash_write_execute  pstorage.o
    0x000230bc   0x0000001c   Code   RO         1447    i.swap_erase_state_run  pstorage.o
    0x000230d8   0x00000018   Code   RO         1448    i.swap_sub_state_err_busy_process  pstorage.o
    0x000230f0   0x00000014   Code   RO         1449    i.swap_sub_state_state_change  pstorage.o
    0x00023104   0x00000010   Code   RO           22    i.sys_evt_dispatch  main.o
    0x00023114   0x0000004c   Code   RO         2760    i.system_day_sec_init  sys_time.o
    0x00023160   0x0000000c   Code   RO         2761    i.system_sec_get    sys_time.o
    0x0002316c   0x000000fc   Code   RO         2762    i.system_time_get   sys_time.o
    0x00023268   0x0000000c   Code   RO         2763    i.system_time_get_second_clr  sys_time.o
    0x00023274   0x0000000c   Code   RO         2764    i.system_time_get_second_ready  sys_time.o
    0x00023280   0x00000064   Code   RO         2765    i.system_time_init  sys_time.o
    0x000232e4   0x000000d8   Code   RO         2767    i.system_time_set   sys_time.o
    0x000233bc   0x00000018   Code   RO         2768    i.system_time_tick  sys_time.o
    0x000233d4   0x0000000c   Code   RO         2769    i.system_time_updated  sys_time.o
    0x000233e0   0x0000001c   Code   RO         1450    i.tail_restore_state_run  pstorage.o
    0x000233fc   0x00000010   Code   RO         1998    i.timer_list_handler_sched  app_timer.o
    0x0002340c   0x00000064   Code   RO         1999    i.timer_list_insert  app_timer.o
    0x00023470   0x00000070   Code   RO         2000    i.timer_list_remove  app_timer.o
    0x000234e0   0x00000030   Code   RO         2611    i.timer_pwm_event_handler  etmotor.o
    0x00023510   0x00000080   Code   RO         2001    i.timer_timeouts_check  app_timer.o
    0x00023590   0x00000090   Code   RO          738    i.tx_char_add       ble_nus.o
    0x00023620   0x00000050   Code   RO         4788    i.uart_data_handle  uartprotocol.o
    0x00023670   0x00000050   Code   RO         2891    i.uart_init_lowPower  etsimple_uart.o
    0x000236c0   0x00000092   Code   RO         4789    i.uart_recv_data    uartprotocol.o
    0x00023752   0x00000002   PAD
    0x00023754   0x000000a4   Code   RO         4790    i.uart_resend_to_cos  uartprotocol.o
    0x000237f8   0x0000000a   Code   RO          539    i.uint16_encode     ble_advdata.o
    0x00023802   0x00000002   PAD
    0x00023804   0x00000144   Code   RO         4955    i.unziphfmex        GT24L16M1Y20-518221552.lib(gt24l16m1y20.o)
    0x00023948   0x00000014   Code   RO          940    i.update_status_bit_reset  device_manager_peripheral.o
    0x0002395c   0x00000064   Code   RO          674    i.update_timeout_handler  ble_conn_params.o
    0x000239c0   0x00000054   Code   RO         2002    i.user_id_get       app_timer.o
    0x00023a14   0x00000024   Code   RO         2003    i.user_op_alloc     app_timer.o
    0x00023a38   0x00000010   Code   RO         4418    i.usr_clock_time_unit_handler  etalarm.o
    0x00023a48   0x0000000a   Code   RO         4074    i.usr_timer_handler  gsensor.o
    0x00023a52   0x000001ae   Code   RO         3489    i.utf8_to_gbk       etutf8tounicode.o
    0x00023c00   0x00000026   Code   RO          540    i.uuid_list_encode  ble_advdata.o
    0x00023c26   0x000000a2   Code   RO          541    i.uuid_list_sized_encode  ble_advdata.o
    0x00023cc8   0x00000002   Code   RO         3014    i.wdt_event_handler  et_wdt.o
    0x00023cca   0x00000010   Code   RO          605    i.whitelist_has_entries  ble_advertising.o
    0x00023cda   0x00000002   PAD
    0x00023cdc   0x00000088   Code   RO         3862    i.write_data_item_2_mem_pool  data_manger.o
    0x00023d64   0x00000008   Code   RO         3863    i.write_flash       data_manger.o
    0x00023d6c   0x00000038   Code   RO         3864    i.write_infos_2_flash_first_page  data_manger.o
    0x00023da4   0x00000030   Code   RO         2853    i.write_switch_val  etkeyboard.o
    0x00023dd4   0x00000018   Code   RO         4791    i.z8_Power_ctr      uartprotocol.o
    0x00023dec   0x00000007   Data   RO           24    .constdata          main.o
    0x00023df3   0x00000001   PAD
    0x00023df4   0x0000003c   Data   RO          377    .constdata          bsp.o
    0x00023e30   0x00000040   Data   RO          739    .constdata          ble_nus.o
    0x00023e70   0x00000010   Data   RO          831    .constdata          ble_dfu.o
    0x00023e80   0x00000034   Data   RO          942    .constdata          device_manager_peripheral.o
    0x00023eb4   0x00000028   Data   RO         1452    .constdata          pstorage.o
    0x00023edc   0x00000018   Data   RO         1679    .constdata          nrf_drv_timer.o
    0x00023ef4   0x0000000c   Data   RO         1834    .constdata          et_nrf_drv_wdt.o
    0x00023f00   0x00000004   Data   RO         1904    .constdata          app_button.o
    0x00023f04   0x00000008   Data   RO         2612    .constdata          etmotor.o
    0x00023f0c   0x0000000c   Data   RO         3015    .constdata          et_wdt.o
    0x00023f18   0x00000630   Data   RO         3110    .constdata          etlcddisplayapp.o
    0x00024548   0x00000059   Data   RO         3717    .constdata          arithmetic_data_manger.o
    0x000245a1   0x00000004   Data   RO         3868    .constdata          data_manger.o
    0x000245a5   0x00000003   PAD
    0x000245a8   0x00000038   Data   RO         4517    .constdata          usr_task.o
    0x000245e0   0x00000018   Data   RO         2979    .conststring        etversion.o
    0x000245f8   0x00000023   Data   RO         3119    .conststring        etlcddisplayapp.o
    0x0002461b   0x00000001   PAD
    0x0002461c   0x00000020   Data   RO         5127    Region$$Table       anon$$obj.o


    Execution Region RW_IRAM1 (Base: 0x20002000, Size: 0x00001ed0, Max: 0x00006000, ABSOLUTE, COMPRESSED[0x00000098])

    Base Addr    Size         Type   Attr      Idx    E Section Name        Object

    0x20002000   0x00000008   Data   RW           25    .data               main.o
    0x20002008   0x00000011   Data   RW          378    .data               bsp.o
    0x20002019   0x00000003   PAD
    0x2000201c   0x00000008   Data   RW          457    .data               bsp_btn_ble.o
    0x20002024   0x00000004   Data   RW          501    .data               system_nrf51.o
    0x20002028   0x0000001f   Data   RW          607    .data               ble_advertising.o
    0x20002047   0x00000001   PAD
    0x20002048   0x00000018   Data   RW          676    .data               ble_conn_params.o
    0x20002060   0x00000008   Data   RW          832    .data               ble_dfu.o
    0x20002068   0x00000018   Data   RW          943    .data               device_manager_peripheral.o
    0x20002080   0x00000024   Data   RW         1453    .data               pstorage.o
    0x200020a4   0x00000003   Data   RW         1680    .data               nrf_drv_timer.o
    0x200020a7   0x00000001   PAD
    0x200020a8   0x0000000c   Data   RW         1835    .data               et_nrf_drv_wdt.o
    0x200020b4   0x00000018   Data   RW         1905    .data               app_button.o
    0x200020cc   0x00000024   Data   RW         2004    .data               app_timer.o
    0x200020f0   0x00000008   Data   RW         2188    .data               dfu_app_handler.o
    0x200020f8   0x00000014   Data   RW         2250    .data               softdevice_handler.o
    0x2000210c   0x00000001   Data   RW         2343    .data               et_battery.o
    0x2000210d   0x00000001   Data   RW         2410    .data               et_spi_gpio.o
    0x2000210e   0x00000002   PAD
    0x20002110   0x0000000c   Data   RW         2613    .data               etmotor.o
    0x2000211c   0x00000014   Data   RW         2770    .data               sys_time.o
    0x20002130   0x00000005   Data   RW         2854    .data               etkeyboard.o
    0x20002135   0x00000001   PAD
    0x20002136   0x00000006   Data   RW         2893    .data               etsimple_uart.o
    0x2000213c   0x0000000c   Data   RW         2980    .data               etversion.o
    0x20002148   0x00000001   Data   RW         3016    .data               et_wdt.o
    0x20002149   0x00000003   PAD
    0x2000214c   0x00000030   Data   RW         3125    .data               etlcddisplayapp.o
    0x2000217c   0x00000001   Data   RW         3377    .data               etmainloop.o
    0x2000217d   0x00000009   Data   RW         3423    .data               etmultipagedisplay.o
    0x20002186   0x00000002   PAD
    0x20002188   0x00000030   Data   RW         3562    .data               app_arithmetic.o
    0x200021b8   0x00000002   Data   RW         3648    .data               arithmetic.o
    0x200021ba   0x00000002   PAD
    0x200021bc   0x0000002c   Data   RW         3718    .data               arithmetic_data_manger.o
    0x200021e8   0x00000002   Data   RW         3869    .data               data_manger.o
    0x200021ea   0x00000002   Data   RW         3870    .data               data_manger.o
    0x200021ec   0x00000054   Data   RW         3871    .data               data_manger.o
    0x20002240   0x00000004   Data   RW         4006    .data               data_transfer.o
    0x20002244   0x00000004   Data   RW         4009    .data               data_transfer.o
    0x20002248   0x00000003   Data   RW         4147    .data               gsensor_driver.o
    0x2000224b   0x00000001   PAD
    0x2000224c   0x00000038   Data   RW         4333    .data               sleep_record.o
    0x20002284   0x00000004   Data   RW         4466    .data               ke_timer.o
    0x20002288   0x00000008   Data   RW         4580    .data               btprotocol.o
    0x20002290   0x00000010   Data   RW         4794    .data               uartprotocol.o
    0x200022a0   0x00000008   Data   RW         4956    .data               GT24L16M1Y20-518221552.lib(gt24l16m1y20.o)
    0x200022a8   0x00000318   Zero   RW           23    .bss                main.o
    0x200025c0   0x0000000f   Zero   RW          376    .bss                bsp.o
    0x200025cf   0x00000001   PAD
    0x200025d0   0x000000fb   Zero   RW          606    .bss                ble_advertising.o
    0x200026cb   0x00000001   PAD
    0x200026cc   0x0000001c   Zero   RW          675    .bss                ble_conn_params.o
    0x200026e8   0x0000014f   Zero   RW          941    .bss                device_manager_peripheral.o
    0x20002837   0x00000001   PAD
    0x20002838   0x00000050   Zero   RW         1250    .bss                nrf_drv_gpiote.o
    0x20002888   0x000000d8   Zero   RW         1451    .bss                pstorage.o
    0x20002960   0x00000018   Zero   RW         1678    .bss                nrf_drv_timer.o
    0x20002978   0x0000003c   Zero   RW         2187    .bss                dfu_app_handler.o
    0x200029b4   0x00000200   Zero   RW         2892    .bss                etsimple_uart.o
    0x20002bb4   0x00000168   Zero   RW         3422    .bss                etmultipagedisplay.o
    0x20002d1c   0x000000c0   Zero   RW         3560    .bss                app_arithmetic.o
    0x20002ddc   0x00000040   Zero   RW         3561    .bss                app_arithmetic.o
    0x20002e1c   0x00000010   Zero   RW         3716    .bss                arithmetic_data_manger.o
    0x20002e2c   0x00000303   Zero   RW         3865    .bss                data_manger.o
    0x2000312f   0x00000001   PAD
    0x20003130   0x00000016   Zero   RW         3866    .bss                data_manger.o
    0x20003146   0x00000016   Zero   RW         3867    .bss                data_manger.o
    0x2000315c   0x000000b0   Zero   RW         4332    .bss                sleep_record.o
    0x2000320c   0x0000000c   Zero   RW         4419    .bss                etalarm.o
    0x20003218   0x0000001c   Zero   RW         4464    .bss                ke_timer.o
    0x20003234   0x00000360   Zero   RW         4578    .bss                btprotocol.o
    0x20003594   0x0000013c   Zero   RW         4793    .bss                uartprotocol.o
    0x200036d0   0x00000800   Zero   RW          489    STACK               arm_startup_nrf51.o


==============================================================================

Image component sizes


      Code (inc. data)   RO Data    RW Data    ZI Data      Debug   Object Name

       626         52          0         48        256       8631   app_arithmetic.o
       340         32          4         24          0       8650   app_button.o
        24          8          0          0          0       6772   app_error.o
      1938        160          0         36          0      25047   app_timer.o
      2340         18          0          2          0      10885   arithmetic.o
       964        110         89         44         16      11166   arithmetic_data_manger.o
        56         18        192          0       2048        716   arm_startup_nrf51.o
      1092          6          0          0          0      11698   ble_advdata.o
      1054         42          0         31        251       8081   ble_advertising.o
       472         54          0         24         28      12335   ble_conn_params.o
      1006         50         16          8          0      12104   ble_dfu.o
      1202         58         64          0          0      10239   ble_nus.o
        60          2          0          0          0       1184   bootloader_util.o
       380         46         60         17         15       5608   bsp.o
       100          8          0          8          0       3148   bsp_btn_ble.o
      2850        164          0          8        864      26966   btprotocol.o
       132          0          0          0          0       3426   common_arithmetic.o
      1608        126          4         88        815      16893   data_manger.o
       532         38          0          8          0       6618   data_transfer.o
      2740        236         52         24        335      28029   device_manager_peripheral.o
       458         70          0          8         60      12516   dfu_app_handler.o
       290         70          0          1          0       7976   et_battery.o
       114          0          0          0          0       1960   et_debug.o
        56          4          0          0          0        648   et_font_spi.o
       336         62         12         12          0      15208   et_nrf_drv_wdt.o
       256         50          0          1          0       4457   et_spi_gpio.o
        86         18         12          1          0       5667   et_wdt.o
       380         16          0          0         12       3221   etalarm.o
       840         62          0          0          0      13415   eti2c.o
       108         10          0          5          0       1857   etkeyboard.o
      5322        374       1619         48          0      36596   etlcddisplayapp.o
       328         96          0          1          0       2631   etmainloop.o
       408         60          8         12          0      11066   etmotor.o
       940         54          0          9        360       8387   etmultipagedisplay.o
       608        110          0          6        512      16214   etsimple_uart.o
       324         28          0          0          0       5043   etspi.o
       456          0          0          0          0       2734   etutf8tounicode.o
       320         18         24         12          0       2416   etversion.o
       318          4          0          0          0       4314   gsensor.o
      1102         18          0          3          0      16912   gsensor_driver.o
       188         32          0          4         28       4075   ke_timer.o
      1550        292          7          8        792     109148   main.o
        58          4          0          0          0       1651   nrf_delay.o
        96         18          0          0          0       7124   nrf_drv_common.o
       924        128          0          0         80      19660   nrf_drv_gpiote.o
       438         44         24          3         24      14653   nrf_drv_timer.o
      2554        248         40         36        216      33210   pstorage.o
       878         88          0         56        176      10577   sleep_record.o
       264         24          0         20          0       6040   softdevice_handler.o
       780         94          0         20          0       8543   sys_time.o
       156         26          0          4          0       2203   system_nrf51.o
      1686        112          0         16        316      20627   uartprotocol.o
         4          0         56          0          0       2114   usr_task.o

    ----------------------------------------------------------------------
     42218       3462       2320        672       7208     631059   Object Totals
         0          0         32          0          0          0   (incl. Generated)
        76          0          5         16          4          0   (incl. Padding)

    ----------------------------------------------------------------------

      Code (inc. data)   RO Data    RW Data    ZI Data      Debug   Library Member Name

      2118        170          0          8          0       6239   gt24l16m1y20.o
        86          0          0          0          0          0   __dczerorl2.o
         0          0          0          0          0          0   entry.o
         0          0          0          0          0          0   entry10a.o
         0          0          0          0          0          0   entry11a.o
         8          4          0          0          0          0   entry2.o
         4          0          0          0          0          0   entry5.o
         0          0          0          0          0          0   entry7b.o
         0          0          0          0          0          0   entry8b.o
         8          4          0          0          0          0   entry9a.o
        30          0          0          0          0          0   handlers.o
        40          0          0          0          0         72   idiv.o
        36          8          0          0          0         68   init.o
         0          0          0          0          0          0   iusefp.o
       122          0          0          0          0         84   llmul.o
        32          0          0          0          0         68   llshl.o
        38          0          0          0          0         68   llsshr.o
        34          0          0          0          0         68   llushr.o
        26          0          0          0          0         72   memcmp.o
        36          0          0          0          0         60   memcpya.o
        36          0          0          0          0        100   memseta.o
      2250        100          0          0          0        460   printfa.o
        14          0          0          0          0         60   strlen.o
        44          0          0          0          0         72   uidiv.o
        96          0          0          0          0         84   uldiv.o
        40          2          0          0          0         68   cdrcmple.o
       356          6          0          0          0        140   dadd.o
       240          6          0          0          0         84   ddiv.o
       238          0          0          0          0        216   depilogue.o
        64         10          0          0          0         68   dfixul.o
       208          6          0          0          0         88   dmul.o

    ----------------------------------------------------------------------
      6210        316          0          8          0       8239   Library Totals
         6          0          0          0          0          0   (incl. Padding)

    ----------------------------------------------------------------------

      Code (inc. data)   RO Data    RW Data    ZI Data      Debug   Library Name

      2118        170          0          8          0       6239   GT24L16M1Y20-518221552.lib
      2940        116          0          0          0       1336   mc_p.l
      1146         30          0          0          0        664   mf_p.l

    ----------------------------------------------------------------------
      6210        316          0          8          0       8239   Library Totals

    ----------------------------------------------------------------------

==============================================================================


      Code (inc. data)   RO Data    RW Data    ZI Data      Debug   

     48428       3778       2320        680       7208     615674   Grand Totals
     48428       3778       2320        152       7208     615674   ELF Image Totals (compressed)
     48428       3778       2320        152          0          0   ROM Totals

==============================================================================

    Total RO  Size (Code + RO Data)                50748 (  49.56kB)
    Total RW  Size (RW Data + ZI Data)              7888 (   7.70kB)
    Total ROM Size (Code + RO Data + RW Data)      50900 (  49.71kB)

==============================================================================

