ARM Linker, 5.03 [Build 76] [MDK-ARM Standard]

==============================================================================

Section Cross References

    main.o(i.BT_set_address) refers to etspi.o(i.etSpim1ReadNorFlashStdMode) for etSpim1ReadNorFlashStdMode
    main.o(i.BT_set_address) refers to memcpya.o(.text) for __aeabi_memcpy
    main.o(i.BT_set_address) refers to app_error.o(i.app_error_handler) for app_error_handler
    main.o(i.BT_set_address) refers to main.o(.constdata) for .constdata
    main.o(i.Get_Rssi_stop) refers to et_debug.o(i.DbgPrintf) for DbgPrintf
    main.o(i.Get_Rssi_stop) refers to etlcddisplayapp.o(.data) for disp_str_rssi
    main.o(i.Get_Rssi_stop) refers to main.o(.data) for .data
    main.o(i.advertising_init) refers to memseta.o(.text) for __aeabi_memclr4
    main.o(i.advertising_init) refers to ble_advertising.o(i.ble_advertising_init) for ble_advertising_init
    main.o(i.advertising_init) refers to app_error.o(i.app_error_handler) for app_error_handler
    main.o(i.advertising_init) refers to main.o(.data) for .data
    main.o(i.advertising_init) refers to main.o(i.on_adv_evt) for on_adv_evt
    main.o(i.app_context_load) refers to device_manager_peripheral.o(i.dm_application_context_get) for dm_application_context_get
    main.o(i.app_context_load) refers to app_error.o(i.app_error_handler) for app_error_handler
    main.o(i.app_context_load) refers to device_manager_peripheral.o(i.dm_application_context_delete) for dm_application_context_delete
    main.o(i.app_context_load) refers to main.o(.data) for .data
    main.o(i.assert_nrf_callback) refers to app_error.o(i.app_error_handler) for app_error_handler
    main.o(i.ble_evt_dispatch) refers to device_manager_peripheral.o(i.dm_ble_evt_handler) for dm_ble_evt_handler
    main.o(i.ble_evt_dispatch) refers to ble_conn_params.o(i.ble_conn_params_on_ble_evt) for ble_conn_params_on_ble_evt
    main.o(i.ble_evt_dispatch) refers to bsp_btn_ble.o(i.bsp_btn_ble_on_ble_evt) for bsp_btn_ble_on_ble_evt
    main.o(i.ble_evt_dispatch) refers to ble_nus.o(i.ble_nus_on_ble_evt) for ble_nus_on_ble_evt
    main.o(i.ble_evt_dispatch) refers to ble_nus.o(i.new_service_nus_on_ble_evt) for new_service_nus_on_ble_evt
    main.o(i.ble_evt_dispatch) refers to ble_dfu.o(i.ble_dfu_on_ble_evt) for ble_dfu_on_ble_evt
    main.o(i.ble_evt_dispatch) refers to main.o(i.on_ble_evt) for on_ble_evt
    main.o(i.ble_evt_dispatch) refers to ble_advertising.o(i.ble_advertising_on_ble_evt) for ble_advertising_on_ble_evt
    main.o(i.ble_evt_dispatch) refers to main.o(.bss) for .bss
    main.o(i.ble_stack_init) refers to softdevice_handler.o(i.softdevice_handler_init) for softdevice_handler_init
    main.o(i.ble_stack_init) refers to app_error.o(i.app_error_handler) for app_error_handler
    main.o(i.ble_stack_init) refers to softdevice_handler.o(i.softdevice_ble_evt_handler_set) for softdevice_ble_evt_handler_set
    main.o(i.ble_stack_init) refers to softdevice_handler.o(i.softdevice_sys_evt_handler_set) for softdevice_sys_evt_handler_set
    main.o(i.ble_stack_init) refers to main.o(.bss) for .bss
    main.o(i.ble_stack_init) refers to main.o(i.ble_evt_dispatch) for ble_evt_dispatch
    main.o(i.ble_stack_init) refers to main.o(i.sys_evt_dispatch) for sys_evt_dispatch
    main.o(i.bsp_event_handler) refers to main.o(i.__ARM_common_switch8) for __ARM_common_switch8
    main.o(i.bsp_event_handler) refers to app_error.o(i.app_error_handler) for app_error_handler
    main.o(i.bsp_event_handler) refers to ble_advertising.o(i.ble_advertising_restart_without_whitelist) for ble_advertising_restart_without_whitelist
    main.o(i.bsp_event_handler) refers to etkeyboard.o(i.write_switch_val) for write_switch_val
    main.o(i.bsp_event_handler) refers to main.o(.data) for .data
    main.o(i.bt_send_to_AG) refers to ble_nus.o(i.new_service_ble_nus_string_send) for new_service_ble_nus_string_send
    main.o(i.bt_send_to_AG) refers to ble_nus.o(i.ble_nus_string_send) for ble_nus_string_send
    main.o(i.bt_send_to_AG) refers to main.o(.bss) for .bss
    main.o(i.conn_params_error_handler) refers to app_error.o(i.app_error_handler) for app_error_handler
    main.o(i.device_manager_evt_handler) refers to app_error.o(i.app_error_handler) for app_error_handler
    main.o(i.device_manager_evt_handler) refers to main.o(i.app_context_load) for app_context_load
    main.o(i.device_manager_init) refers to pstorage.o(i.pstorage_init) for pstorage_init
    main.o(i.device_manager_init) refers to app_error.o(i.app_error_handler) for app_error_handler
    main.o(i.device_manager_init) refers to device_manager_peripheral.o(i.dm_init) for dm_init
    main.o(i.device_manager_init) refers to memseta.o(.text) for __aeabi_memclr
    main.o(i.device_manager_init) refers to device_manager_peripheral.o(i.dm_register) for dm_register
    main.o(i.device_manager_init) refers to main.o(i.device_manager_evt_handler) for device_manager_evt_handler
[...]
    flush_mem_poll2flash                     0x00020055   Thumb Code    68  data_manger.o(i.flush_mem_poll2flash)
    free_display_buff                        0x00020099   Thumb Code    40  etmultipagedisplay.o(i.free_display_buff)
    gSensor_Clear_Fifo_Data                  0x000200c9   Thumb Code    16  gsensor.o(i.gSensor_Clear_Fifo_Data)
    gSensor_FWM_Interrupt_Enable             0x000200d9   Thumb Code    12  gsensor_driver.o(i.gSensor_FWM_Interrupt_Enable)
    gSensor_Slope_Intr_Enable                0x00020151   Thumb Code    30  gsensor_driver.o(i.gSensor_Slope_Intr_Enable)
    gSensor_Slope_Intr_config                0x00020175   Thumb Code    10  gsensor_driver.o(i.gSensor_Slope_Intr_config)
    gSensor_fifo_Interrupt_Enable            0x000201e9   Thumb Code    52  gsensor_driver.o(i.gSensor_fifo_Interrupt_Enable)
    gSensor_init                             0x0002021d   Thumb Code    12  gsensor.o(i.gSensor_init)
    gSensor_set_duration_and_threshold       0x00020229   Thumb Code    16  gsensor_driver.o(i.gSensor_set_duration_and_threshold)
    get_auto_send_data_to_app_status         0x00020475   Thumb Code    10  data_transfer.o(i.get_auto_send_data_to_app_status)
    get_ble_connect_status                   0x00020485   Thumb Code    20  data_transfer.o(i.get_ble_connect_status)
    get_bt_name_req                          0x0002050d   Thumb Code    50  uartprotocol.o(i.get_bt_name_req)
    get_cos_ver_req                          0x00020561   Thumb Code    50  uartprotocol.o(i.get_cos_ver_req)
    get_dataPartition                        0x00020595   Thumb Code    22  data_manger.o(i.get_dataPartition)
    get_ram_block                            0x000205cd   Thumb Code    22  data_manger.o(i.get_ram_block)
    get_usr_using_timer_count                0x000205e9   Thumb Code     4  usr_task.o(i.get_usr_using_timer_count)
    get_work_state                           0x000205ed   Thumb Code    34  uartprotocol.o(i.get_work_state)
    hzbmp16                                  0x000207c1   Thumb Code    70  gt24l16m1y20.o(i.hzbmp16)
    init_data_manger                         0x00020811   Thumb Code    96  data_manger.o(i.init_data_manger)
    intern_softdevice_events_execute         0x000208f9   Thumb Code   124  softdevice_handler.o(i.intern_softdevice_events_execute)
    ke_schedule                              0x00020a59   Thumb Code   112  ke_timer.o(i.ke_schedule)
    ke_timer_clear                           0x00020ad5   Thumb Code    10  ke_timer.o(i.ke_timer_clear)
    ke_timer_flag_set                        0x00020ae5   Thumb Code     8  ke_timer.o(i.ke_timer_flag_set)
    ke_timer_set                             0x00020af1   Thumb Code    14  ke_timer.o(i.ke_timer_set)
    lcd_changeline_handle                    0x00020b05   Thumb Code    18  etmultipagedisplay.o(i.lcd_changeline_handle)
    lcd_clear_handle                         0x00020b1d   Thumb Code    32  etmultipagedisplay.o(i.lcd_clear_handle)
    lcd_display_complete_handle              0x00020b3d   Thumb Code    28  etmultipagedisplay.o(i.lcd_display_complete_handle)
    lcd_display_handle                       0x00020b5d   Thumb Code   162  etmultipagedisplay.o(i.lcd_display_handle)
    lcd_power_control                        0x00020c09   Thumb Code    78  etlcddisplayapp.o(i.lcd_power_control)
    lcdram_map                               0x00020c5d   Thumb Code   130  gt24l16m1y20.o(i.lcdram_map)
    main                                     0x00020e75   Thumb Code   242  main.o(i.main)
    main_loop                                0x00020fc9   Thumb Code    56  etmainloop.o(i.main_loop)
    newService_Protocol_data_manage          0x000210ed   Thumb Code    50  btprotocol.o(i.newService_Protocol_data_manage)
    newService_protocol_data_can_send        0x0002124d   Thumb Code    32  btprotocol.o(i.newService_protocol_data_can_send)
    new_server_nus_init                      0x0002127d   Thumb Code   104  ble_nus.o(i.new_server_nus_init)
    new_service_ble_nus_string_send          0x000212ed   Thumb Code    78  ble_nus.o(i.new_service_ble_nus_string_send)
    new_service_nus_on_ble_evt               0x00021341   Thumb Code   106  ble_nus.o(i.new_service_nus_on_ble_evt)
    nrf_delay_ms                             0x000214d9   Thumb Code    24  nrf_delay.o(i.nrf_delay_ms)
    nrf_drv_common_irq_enable                0x000214f5   Thumb Code    78  nrf_drv_common.o(i.nrf_drv_common_irq_enable)
    nrf_drv_gpiote_in_event_enable           0x00021555   Thumb Code   138  nrf_drv_gpiote.o(i.nrf_drv_gpiote_in_event_enable)
    nrf_drv_gpiote_in_init                   0x000215f5   Thumb Code   126  nrf_drv_gpiote.o(i.nrf_drv_gpiote_in_init)
    nrf_drv_gpiote_in_is_set                 0x00021685   Thumb Code    16  nrf_drv_gpiote.o(i.nrf_drv_gpiote_in_is_set)
    nrf_drv_gpiote_init                      0x00021699   Thumb Code    76  nrf_drv_gpiote.o(i.nrf_drv_gpiote_init)
    nrf_drv_gpiote_is_init                   0x000216ed   Thumb Code    12  nrf_drv_gpiote.o(i.nrf_drv_gpiote_is_init)
    nrf_drv_timer_compare                    0x000216fd   Thumb Code    42  nrf_drv_timer.o(i.nrf_drv_timer_compare)
    nrf_drv_timer_disable                    0x00021729   Thumb Code    14  nrf_drv_timer.o(i.nrf_drv_timer_disable)
    nrf_drv_timer_enable                     0x0002173d   Thumb Code    16  nrf_drv_timer.o(i.nrf_drv_timer_enable)
    nrf_drv_timer_extended_compare           0x00021751   Thumb Code    46  nrf_drv_timer.o(i.nrf_drv_timer_extended_compare)
    nrf_drv_timer_init                       0x00021781   Thumb Code   152  nrf_drv_timer.o(i.nrf_drv_timer_init)
    nrf_drv_timer_us_to_ticks                0x00021871   Thumb Code    22  nrf_drv_timer.o(i.nrf_drv_timer_us_to_ticks)
    nrf_drv_wdt_channel_alloc                0x00021889   Thumb Code   156  et_nrf_drv_wdt.o(i.nrf_drv_wdt_channel_alloc)
    nrf_drv_wdt_channel_feed                 0x00021935   Thumb Code    12  et_nrf_drv_wdt.o(i.nrf_drv_wdt_channel_feed)
    nrf_drv_wdt_enable                       0x00021949   Thumb Code    20  et_nrf_drv_wdt.o(i.nrf_drv_wdt_enable)
    nrf_drv_wdt_init                         0x00021969   Thumb Code    60  et_nrf_drv_wdt.o(i.nrf_drv_wdt_init)
    protocol_data_can_send                   0x00022275   Thumb Code    32  btprotocol.o(i.protocol_data_can_send)
    pstorage_access_status_get               0x00022299   Thumb Code    30  pstorage.o(i.pstorage_access_status_get)
    pstorage_block_identifier_get            0x000222c1   Thumb Code    74  pstorage.o(i.pstorage_block_identifier_get)
    pstorage_clear                           0x00022315   Thumb Code   156  pstorage.o(i.pstorage_clear)
    pstorage_init                            0x000223e9   Thumb Code    68  pstorage.o(i.pstorage_init)
    pstorage_load                            0x00022435   Thumb Code   158  pstorage.o(i.pstorage_load)
    pstorage_register                        0x000224dd   Thumb Code   170  pstorage.o(i.pstorage_register)
    pstorage_store                           0x00022591   Thumb Code   134  pstorage.o(i.pstorage_store)
    pstorage_sys_event_handler               0x00022621   Thumb Code    72  pstorage.o(i.pstorage_sys_event_handler)
    pstorage_update                          0x0002266d   Thumb Code   134  pstorage.o(i.pstorage_update)
    r_dat_bat                                0x000226fd   Thumb Code    52  et_font_spi.o(i.r_dat_bat)
    read_flash                               0x0002281d   Thumb Code     8  data_manger.o(i.read_flash)
    read_infos_from_flash_first_page         0x00022825   Thumb Code    56  data_manger.o(i.read_infos_from_flash_first_page)
    read_switch_val                          0x00022861   Thumb Code    56  etkeyboard.o(i.read_switch_val)
    receive_app_usr_info                     0x0002289d   Thumb Code    16  data_transfer.o(i.receive_app_usr_info)
    receive_userInfo_from_app                0x000228ad   Thumb Code    74  arithmetic_data_manger.o(i.receive_userInfo_from_app)
    save_COS_status                          0x00022a51   Thumb Code     6  uartprotocol.o(i.save_COS_status)
    send_data_timeout_timer                  0x00022b15   Thumb Code    10  data_transfer.o(i.send_data_timeout_timer)
    send_key_to_cos                          0x00022b1f   Thumb Code    52  uartprotocol.o(i.send_key_to_cos)
    send_key_val_to_cos                      0x00022b53   Thumb Code    62  uartprotocol.o(i.send_key_val_to_cos)
    send_sport_get_app_ack                   0x00022b91   Thumb Code    32  data_transfer.o(i.send_sport_get_app_ack)
    sensor_GPIO_i2c_init                     0x00022bd5   Thumb Code    20  eti2c.o(i.sensor_GPIO_i2c_init)
    sensor_GPIO_i2c_read                     0x00022bed   Thumb Code   152  eti2c.o(i.sensor_GPIO_i2c_read)
    sensor_GPIO_i2c_write                    0x00022c8d   Thumb Code    50  eti2c.o(i.sensor_GPIO_i2c_write)
    sensor_INT_enable_check                  0x00022cc1   Thumb Code    20  gsensor_driver.o(i.sensor_INT_enable_check)
    sensor_INT_set_api                       0x00022cd9   Thumb Code     8  gsensor_driver.o(i.sensor_INT_set_api)
    set_uart_resend_tag                      0x00022ee1   Thumb Code    20  uartprotocol.o(i.set_uart_resend_tag)
    simple_uart_config                       0x00022f09   Thumb Code    94  etsimple_uart.o(i.simple_uart_config)
    simple_uart_init                         0x00022f7d   Thumb Code    82  etsimple_uart.o(i.simple_uart_init)
    simple_uart_put                          0x00022fe1   Thumb Code    18  etsimple_uart.o(i.simple_uart_put)
    simple_uart_putstring                    0x00022ffd   Thumb Code    42  etsimple_uart.o(i.simple_uart_putstring)
    simple_uart_putstringbuff                0x0002302d   Thumb Code    42  etsimple_uart.o(i.simple_uart_putstringbuff)
    sleep_once_interval_max_steps            0x000230c1   Thumb Code    30  sleep_record.o(i.sleep_once_interval_max_steps)
    sleep_slope_check                        0x000230e9   Thumb Code    72  sleep_record.o(i.sleep_slope_check)
    softdevice_assertion_handler             0x00023389   Thumb Code    12  softdevice_handler.o(i.softdevice_assertion_handler)
    softdevice_ble_evt_handler_set           0x00023395   Thumb Code    16  softdevice_handler.o(i.softdevice_ble_evt_handler_set)
    softdevice_handler_init                  0x000233a9   Thumb Code    40  softdevice_handler.o(i.softdevice_handler_init)
    softdevice_sys_evt_handler_set           0x000233d9   Thumb Code    16  softdevice_handler.o(i.softdevice_sys_evt_handler_set)
    sqrt_16                                  0x00023439   Thumb Code    62  common_arithmetic.o(i.sqrt_16)
    start_Rssi                               0x00023479   Thumb Code    26  main.o(i.start_Rssi)
    system_day_sec_init                      0x00023849   Thumb Code    72  sys_time.o(i.system_day_sec_init)
    system_sec_get                           0x00023895   Thumb Code     6  sys_time.o(i.system_sec_get)
    system_time_get                          0x000238a1   Thumb Code   226  sys_time.o(i.system_time_get)
    system_time_get_second_clr               0x0002399d   Thumb Code     8  sys_time.o(i.system_time_get_second_clr)
    system_time_get_second_ready             0x000239a9   Thumb Code     6  sys_time.o(i.system_time_get_second_ready)
    system_time_init                         0x000239b5   Thumb Code    88  sys_time.o(i.system_time_init)
    system_time_set                          0x00023a19   Thumb Code   190  sys_time.o(i.system_time_set)
    system_time_tick                         0x00023af1   Thumb Code    20  sys_time.o(i.system_time_tick)
    system_time_updated                      0x00023b09   Thumb Code     6  sys_time.o(i.system_time_updated)
    timer_pwm_event_handler                  0x00023c15   Thumb Code    38  etmotor.o(i.timer_pwm_event_handler)
    uart_data_handle                         0x00023d55   Thumb Code    76  uartprotocol.o(i.uart_data_handle)
    uart_init_lowPower                       0x00023da5   Thumb Code    72  etsimple_uart.o(i.uart_init_lowPower)
    unziphfmex                               0x00023f39   Thumb Code   318  gt24l16m1y20.o(i.unziphfmex)
    usr_clock_time_unit_handler              0x0002416d   Thumb Code    16  etalarm.o(i.usr_clock_time_unit_handler)
    usr_timer_handler                        0x0002417d   Thumb Code    10  gsensor.o(i.usr_timer_handler)
    utf8_to_gbk                              0x00024187   Thumb Code   430  etutf8tounicode.o(i.utf8_to_gbk)
    wdt_event_handler                        0x000243fd   Thumb Code     2  et_wdt.o(i.wdt_event_handler)
    write_data_item_2_mem_pool               0x00024411   Thumb Code   130  data_manger.o(i.write_data_item_2_mem_pool)
    write_infos_2_flash_first_page           0x000244a1   Thumb Code    48  data_manger.o(i.write_infos_2_flash_first_page)
    write_switch_val                         0x000244d9   Thumb Code    42  etkeyboard.o(i.write_switch_val)
    z8_Power_ctr                             0x00024509   Thumb Code    20  uartprotocol.o(i.z8_Power_ctr)
    m_context_init_len                       0x000245b4   Data           4  device_manager_peripheral.o(.constdata)
    m_service_context_store                  0x000245b8   Data          16  device_manager_peripheral.o(.constdata)
    m_service_context_load                   0x000245c8   Data          16  device_manager_peripheral.o(.constdata)
    m_service_context_apply                  0x000245d8   Data          16  device_manager_peripheral.o(.constdata)
    TIMER_PWM                                0x00024638   Data           8  etmotor.o(.constdata)
    BLUETOOTH_0x00                           0x0002464c   Data         128  etlcddisplayapp.o(.constdata)
    alarm_pic_buf                            0x000246cc   Data         128  etlcddisplayapp.o(.constdata)
    STEP_ICON                                0x0002474c   Data         128  etlcddisplayapp.o(.constdata)
    STEP_ICON_SMALL                          0x000247cc   Data          32  etlcddisplayapp.o(.constdata)
    INCOMING_ICON_SMALL                      0x000247ec   Data          32  etlcddisplayapp.o(.constdata)
    ENERGE_ICON                              0x0002480c   Data         128  etlcddisplayapp.o(.constdata)
    DISTANCE_ICON                            0x0002488c   Data         128  etlcddisplayapp.o(.constdata)
    BLUETOOTH_DISCONNECT_16x16               0x0002490c   Data          32  etlcddisplayapp.o(.constdata)
    BLUETOOTH_CONNECT_16x16                  0x0002492c   Data          32  etlcddisplayapp.o(.constdata)
    ICON_0x00                                0x0002494c   Data          64  etlcddisplayapp.o(.constdata)
    RSSI_ICON                                0x0002498c   Data          64  etlcddisplayapp.o(.constdata)
    BATTERY_4to4                             0x000249cc   Data          32  etlcddisplayapp.o(.constdata)
    BATTERY_3to4                             0x000249ec   Data          32  etlcddisplayapp.o(.constdata)
    BATTERY_2to4                             0x00024a0c   Data          32  etlcddisplayapp.o(.constdata)
    BATTERY_1to4                             0x00024a2c   Data          32  etlcddisplayapp.o(.constdata)
    BATTERY_0to4                             0x00024a4c   Data          32  etlcddisplayapp.o(.constdata)
    DIGITAL_ICON_32x12                       0x00024a6c   Data         528  etlcddisplayapp.o(.constdata)
    g_DataHeadLabel                          0x00024cd5   Data           4  data_manger.o(.constdata)
    usr_timer_state                          0x00024cdc   Data          56  usr_task.o(.constdata)
    Region$$Table$$Base                      0x00024d50   Number         0  anon$$obj.o(Region$$Table)
    Region$$Table$$Limit                     0x00024d70   Number         0  anon$$obj.o(Region$$Table)
    SystemCoreClock                          0x20002028   Data           4  system_nrf51.o(.data)
    Motor_str                                0x20002118   Data           8  etmotor.o(.data)
    todayBeginSec                            0x20002128   Data           4  sys_time.o(.data)
    todayEndSec                              0x2000212c   Data           4  sys_time.o(.data)
    cosversion                               0x20002140   Data           4  etversion.o(.data)
    HWversion2                               0x20002144   Data           4  etversion.o(.data)
    BTversion                                0x20002148   Data           4  etversion.o(.data)
    m_channel_id                             0x2000214c   Data           1  et_wdt.o(.data)
    LcdDispPara                              0x20002152   Data           2  etlcddisplayapp.o(.data)
    disp_str_rssi                            0x20002156   Data           3  etlcddisplayapp.o(.data)
    disp_str                                 0x2000215c   Data           8  etlcddisplayapp.o(.data)
    day_week_code                            0x20002164   Data          28  etlcddisplayapp.o(.data)
    StepArithmeticStartFalg                  0x2000218c   Data           1  app_arithmetic.o(.data)
    g_arthStartSec                           0x20002194   Data           4  app_arithmetic.o(.data)
    g_arthStoreSec                           0x20002198   Data           4  app_arithmetic.o(.data)
    g_arthCurSec                             0x2000219c   Data           4  app_arithmetic.o(.data)
    g_preChangeTime                          0x200021b4   Data           8  app_arithmetic.o(.data)
    g_user                                   0x200021c8   Data          13  arithmetic_data_manger.o(.data)
    g_walkInfoStruct                         0x200021d8   Data          20  arithmetic_data_manger.o(.data)
    g_DataReadStr                            0x200021f2   Data           4  data_manger.o(.data)
    g_erase_label                            0x200021f6   Data           6  data_manger.o(.data)
    g_RamSportBlock                          0x200021fc   Data           8  data_manger.o(.data)
    g_RamSleepBlock                          0x20002204   Data           8  data_manger.o(.data)
    g_flash_sport_DataPartition              0x2000220c   Data          28  data_manger.o(.data)
    g_flash_sleep_DataPartition              0x20002228   Data          28  data_manger.o(.data)
    timeOut_count                            0x20002244   Data           1  data_transfer.o(.data)
    CalOvoerFlg                              0x20002245   Data           1  data_transfer.o(.data)
    Read_StartBlock                          0x20002246   Data           1  data_transfer.o(.data)
    DateNumer                                0x20002247   Data           1  data_transfer.o(.data)
    ReciveTime                               0x20002248   Data           4  data_transfer.o(.data)
    gSleepDeepXDataSameOnceMaxNum            0x20002252   Data           2  sleep_record.o(.data)
    gSleepDeepXDataSameNum                   0x20002254   Data           2  sleep_record.o(.data)
    gSleepWalkOnceSteps                      0x20002256   Data           2  sleep_record.o(.data)
    gSleepSlopeOnceMaxNum                    0x20002258   Data           2  sleep_record.o(.data)
    gStaticXDataPos                          0x2000225a   Data           2  sleep_record.o(.data)
    gCurSensorCfg                            0x2000225c   Data           4  sleep_record.o(.data)
    gStaticXDataPreSec                       0x20002260   Data           4  sleep_record.o(.data)
    gSensorCfgArray                          0x20002270   Data          24  sleep_record.o(.data)
    theSink                                  0x2000228c   Data           8  btprotocol.o(.data)
    cos_sta_flg                              0x20002294   Data           1  uartprotocol.o(.data)
    cos_sta_counter                          0x200022a0   Data           4  uartprotocol.o(.data)
    hfmbdd                                   0x200022a4   Data           4  gt24l16m1y20.o(.data)
    g_nIndex                                 0x200022a8   Data           4  gt24l16m1y20.o(.data)
    g_lcdMultiPage                           0x20002bb8   Data         360  etmultipagedisplay.o(.bss)
    g_sportInfoDMItem                        0x20002e20   Data          16  arithmetic_data_manger.o(.bss)
    gsensor_data_temp                        0x20003030   Data         259  data_manger.o(.bss)
    gStaticXDataArray                        0x20003160   Data         160  sleep_record.o(.bss)
    gSleepRawCurItem                         0x20003200   Data          16  sleep_record.o(.bss)
    g_RamAlarmBlock                          0x20003210   Data          12  etalarm.o(.bss)
    usr_timer                                0x2000321c   Data          28  ke_timer.o(.bss)
    uart_recv                                0x20003250   Data         420  btprotocol.o(.bss)
    new_recv                                 0x200033f4   Data         420  btprotocol.o(.bss)
    uart_recv_buff                           0x20003598   Data         316  uartprotocol.o(.bss)
    __initial_sp                             0x20003ed8   Data           0  arm_startup_nrf51.o(STACK)



==============================================================================

Memory Map of the image

  Image Entry point : 0x000180c1

  Load Region LR_IROM1 (Base: 0x00018000, Size: 0x0000d01c, Max: 0x00028000, ABSOLUTE, COMPRESSED[0x0000ce08])

    Execution Region ER_IROM1 (Base: 0x00018000, Size: 0x0000cd70, Max: 0x00028000, ABSOLUTE)

    Base Addr    Size         Type   Attr      Idx    E Section Name        Object

    0x00018000   0x000000c0   Data   RO          511    RESET               arm_startup_nrf51.o
    0x000180c0   0x00000000   Code   RO         5061  * .ARM.Collect$$$$00000000  mc_p.l(entry.o)
    0x000180c0   0x00000004   Code   RO         5108    .ARM.Collect$$$$00000001  mc_p.l(entry2.o)
    0x000180c4   0x00000004   Code   RO         5111    .ARM.Collect$$$$00000004  mc_p.l(entry5.o)
    0x000180c8   0x00000000   Code   RO         5113    .ARM.Collect$$$$00000008  mc_p.l(entry7b.o)
    0x000180c8   0x00000000   Code   RO         5115    .ARM.Collect$$$$0000000A  mc_p.l(entry8b.o)
    0x000180c8   0x00000008   Code   RO         5116    .ARM.Collect$$$$0000000B  mc_p.l(entry9a.o)
    0x000180d0   0x00000000   Code   RO         5118    .ARM.Collect$$$$0000000D  mc_p.l(entry10a.o)
    0x000180d0   0x00000000   Code   RO         5120    .ARM.Collect$$$$0000000F  mc_p.l(entry11a.o)
    0x000180d0   0x00000004   Code   RO         5109    .ARM.Collect$$$$00002712  mc_p.l(entry2.o)
    0x000180d4   0x0000001e   Code   RO         1185    .emb_text           nrf_delay.o
    0x000180f2   0x00000002   PAD
    0x000180f4   0x0000001e   Code   RO         2001    .emb_text           app_timer.o
    0x00018112   0x00000002   PAD
    0x00018114   0x00000034   Code   RO         2179    .emb_text           bootloader_util.o
    0x00018148   0x00000038   Code   RO          512    .text               arm_startup_nrf51.o
    0x00018180   0x0000002c   Code   RO         5064    .text               mc_p.l(uidiv.o)
    0x000181ac   0x00000028   Code   RO         5066    .text               mc_p.l(idiv.o)
    0x000181d4   0x0000007a   Code   RO         5068    .text               mc_p.l(llmul.o)
    0x0001824e   0x00000024   Code   RO         5070    .text               mc_p.l(memcpya.o)
    0x00018272   0x00000024   Code   RO         5072    .text               mc_p.l(memseta.o)
    0x00018296   0x0000000e   Code   RO         5074    .text               mc_p.l(strlen.o)
    0x000182a4   0x0000001a   Code   RO         5076    .text               mc_p.l(memcmp.o)
    0x000182be   0x00000060   Code   RO         5122    .text               mc_p.l(uldiv.o)
    0x0001831e   0x00000020   Code   RO         5124    .text               mc_p.l(llshl.o)
    0x0001833e   0x00000000   Code   RO         5126    .text               mc_p.l(iusefp.o)
    0x0001833e   0x00000002   PAD
    0x00018340   0x00000164   Code   RO         5127    .text               mf_p.l(dadd.o)
    0x000184a4   0x000000d0   Code   RO         5129    .text               mf_p.l(dmul.o)
    0x00018574   0x000000f0   Code   RO         5131    .text               mf_p.l(ddiv.o)
    0x00018664   0x00000040   Code   RO         5133    .text               mf_p.l(dfixul.o)
    0x000186a4   0x00000028   Code   RO         5135    .text               mf_p.l(cdrcmple.o)
    0x000186cc   0x00000024   Code   RO         5137    .text               mc_p.l(init.o)
    0x000186f0   0x00000022   Code   RO         5139    .text               mc_p.l(llushr.o)
    0x00018712   0x00000026   Code   RO         5141    .text               mc_p.l(llsshr.o)
    0x00018738   0x000000c0   Code   RO         5143    .text               mf_p.l(depilogue.o)
    0x000187f8   0x00000056   Code   RO         5155    .text               mc_p.l(__dczerorl2.o)
    0x0001884e   0x000000bc   Code   RO         4962    i.ASCII_GetData     GT24L16M1Y20-518221552.lib(gt24l16m1y20.o)
    0x0001890a   0x00000002   PAD
    0x0001890c   0x00000010   Code   RO         3657    i.Arithmetic_Set_YAxis_Min_Threshold  arithmetic.o
    0x0001891c   0x000000b0   Code   RO            4    i.BT_set_address    main.o
    0x000189cc   0x00000018   Code   RO         2356    i.Charge_full_detect  et_battery.o
    0x000189e4   0x00000040   Code   RO         3092    i.Check_RSSI_display  etlcddisplayapp.o
    0x00018a24   0x0000000c   Code   RO         4783    i.Clr_Cos_Ready     uartprotocol.o
    0x00018a30   0x0000001e   Code   RO         2319    i.DbgPrintf         et_debug.o
    0x00018a4e   0x00000054   Code   RO         2320    i.DbgPrintf_COS_log  et_debug.o
    0x00018aa2   0x00000002   PAD
    0x00018aa4   0x0000007c   Code   RO         3093    i.Dislay_Test_LCD   etlcddisplayapp.o
    0x00018b20   0x00000084   Code   RO         3094    i.DisplayKeyState   etlcddisplayapp.o
    0x00018ba4   0x000000e0   Code   RO         3095    i.Display_Battery   etlcddisplayapp.o
    0x00018c84   0x00000074   Code   RO         3096    i.Display_CheckMenuMode  etlcddisplayapp.o
    0x00018cf8   0x00000094   Code   RO         3097    i.Display_Key_Version  etlcddisplayapp.o
    0x00018d8c   0x00000358   Code   RO         3098    i.Display_Menu      etlcddisplayapp.o
    0x000190e4   0x00000040   Code   RO         3099    i.Display_battery_icon  etlcddisplayapp.o
    0x00019124   0x00000058   Code   RO         3100    i.Display_delay_check  etlcddisplayapp.o
    0x0001917c   0x000001d4   Code   RO         3101    i.Display_idle_logo  etlcddisplayapp.o
    0x00019350   0x00000040   Code   RO         2624    i.ETTimer1Init      etmotor.o
    0x00019390   0x00000010   Code   RO         4478    i.ETTimer2Init      ke_timer.o
    0x000193a0   0x0000007e   Code   RO         3658    i.FIRProcess        arithmetic.o
    0x0001941e   0x0000006e   Code   RO         3659    i.FindPeaks         arithmetic.o
    0x0001948c   0x0000006e   Code   RO         3660    i.FindValleys       arithmetic.o
    0x000194fa   0x00000016   Code   RO         3817    i.FourCharGetInt    common_arithmetic.o
    0x00019510   0x0000012c   Code   RO         4964    i.GB18030_16_GetData  GT24L16M1Y20-518221552.lib(gt24l16m1y20.o)
    0x0001963c   0x00000108   Code   RO         1242    i.GPIOTE_IRQHandler  nrf_drv_gpiote.o
    0x00019744   0x00000002   Code   RO         2424    i.GPIO_Spi_MISO_high  et_spi_gpio.o
    0x00019746   0x00000002   Code   RO         2425    i.GPIO_Spi_MISO_low  et_spi_gpio.o
    0x00019748   0x00000038   Code   RO         2426    i.GPIO_Spi_init     et_spi_gpio.o
    0x00019780   0x00000010   Code   RO         2485    i.G_nrf_gpio_cfg_output  eti2c.o
    0x00019790   0x00000036   Code   RO         2357    i.Get_BatteryPercent  et_battery.o
    0x000197c6   0x00000002   PAD
    0x000197c8   0x00000030   Code   RO         2996    i.Get_COSVersion    etversion.o
    0x000197f8   0x00000018   Code   RO         4784    i.Get_COS_status    uartprotocol.o
    0x00019810   0x0000000c   Code   RO         4785    i.Get_Cos_Ready     uartprotocol.o
    0x0001981c   0x0000001c   Code   RO         4563    i.Get_Datacheck     btprotocol.o
    0x00019838   0x00000030   Code   RO         2997    i.Get_HWVersion     etversion.o
    0x00019868   0x000000e0   Code   RO         2998    i.Get_KeyVersion    etversion.o
    0x00019948   0x00000034   Code   RO            5    i.Get_Rssi_stop     main.o
    0x0001997c   0x00000016   Code   RO         4018    i.Get_app_usr_info  data_transfer.o
    0x00019992   0x0000001c   Code   RO         3103    i.Get_disp_start_colume  etlcddisplayapp.o
    0x000199ae   0x00000002   PAD
    0x000199b0   0x0000000c   Code   RO         3104    i.Get_lastDisplayTag  etlcddisplayapp.o
    0x000199bc   0x00000010   Code   RO         3722    i.Get_userInfo_from_app  arithmetic_data_manger.o
    0x000199cc   0x0000000a   Code   RO         2486    i.IIcDelay_Veryshort  eti2c.o
    0x000199d6   0x00000010   Code   RO         2487    i.IIcDelay_long     eti2c.o
    0x000199e6   0x00000014   Code   RO         2488    i.IIcDelay_middle   eti2c.o
    0x000199fa   0x0000000c   Code   RO         2489    i.IIcDelay_short    eti2c.o
    0x00019a06   0x00000002   PAD
    0x00019a08   0x00000050   Code   RO         2490    i.IicSentByte       eti2c.o
    0x00019a58   0x00000028   Code   RO         2491    i.IicStart          eti2c.o
    0x00019a80   0x00000024   Code   RO         2492    i.IicStop           eti2c.o
    0x00019aa4   0x0000001a   Code   RO         4337    i.Init_SleepArithmetic  sleep_record.o
    0x00019abe   0x00000010   Code   RO         3818    i.IntSetFourChar    common_arithmetic.o
    0x00019ace   0x0000000c   Code   RO         3819    i.IntSetThreeChar   common_arithmetic.o
    0x00019ada   0x00000002   PAD
    0x00019adc   0x00000098   Code   RO         3105    i.LCD_init          etlcddisplayapp.o
    0x00019b74   0x00000090   Code   RO         4135    i.LIS3DH_FIFOModeEnable  gsensor_driver.o
    0x00019c04   0x00000012   Code   RO         4136    i.LIS3DH_GetFifoSourceReg  gsensor_driver.o
    0x00019c16   0x00000012   Code   RO         4137    i.LIS3DH_GetInt1Src  gsensor_driver.o
    0x00019c28   0x00000012   Code   RO         4138    i.LIS3DH_GetWHO_AM_I  gsensor_driver.o
    0x00019c3a   0x0000000e   Code   RO         4140    i.LIS3DH_Get_XYZ_Raw  gsensor_driver.o
    0x00019c48   0x00000030   Code   RO         4141    i.LIS3DH_HPFAOI1Enable  gsensor_driver.o
    0x00019c78   0x0000000c   Code   RO         4143    i.LIS3DH_ReadReg    gsensor_driver.o
    0x00019c84   0x00000034   Code   RO         4144    i.LIS3DH_SetFullScale  gsensor_driver.o
    0x00019cb8   0x0000001a   Code   RO         4145    i.LIS3DH_SetInt1Duration  gsensor_driver.o
    0x00019cd2   0x00000042   Code   RO         4146    i.LIS3DH_SetInt1Pin  gsensor_driver.o
    0x00019d14   0x0000001a   Code   RO         4147    i.LIS3DH_SetInt1Threshold  gsensor_driver.o
    0x00019d2e   0x0000002c   Code   RO         4148    i.LIS3DH_SetInt2Pin  gsensor_driver.o
    0x00019d5a   0x00000032   Code   RO         4149    i.LIS3DH_SetIntConfiguration  gsensor_driver.o
    0x00019d8c   0x00000034   Code   RO         4150    i.LIS3DH_SetIntMode  gsensor_driver.o
    0x00019dc0   0x000000a0   Code   RO         4151    i.LIS3DH_SetMode    gsensor_driver.o
    0x00019e60   0x00000034   Code   RO         4152    i.LIS3DH_SetODR     gsensor_driver.o
    0x00019e94   0x00000034   Code   RO         4154    i.LIS3DH_SetTriggerInt  gsensor_driver.o
    0x00019ec8   0x00000036   Code   RO         4155    i.LIS3DH_SetWaterMark  gsensor_driver.o
    0x00019efe   0x00000012   Code   RO         4156    i.LIS3DH_WriteReg   gsensor_driver.o
    0x00019f10   0x00000068   Code   RO         3394    i.Manage_other_Event  etmainloop.o
    0x00019f78   0x00000068   Code   RO         2625    i.MotorCtr          etmotor.o
    0x00019fe0   0x00000020   Code   RO         2626    i.MotorInit         etmotor.o
    0x0001a000   0x00000068   Code   RO         2627    i.MotorVibrate      etmotor.o
    0x0001a068   0x00000020   Code   RO         2628    i.Motor_data_set    etmotor.o
    0x0001a088   0x00000044   Code   RO         2002    i.NVIC_SetPriority  app_timer.o
    0x0001a0cc   0x0000006c   Code   RO         4786    i.ParseRecvUartData  uartprotocol.o
    0x0001a138   0x00000010   Code   RO         4565    i.Protocol_CMD_FIND_AG  btprotocol.o
    0x0001a148   0x00000018   Code   RO         4566    i.Protocol_COSData_2_AG  btprotocol.o
    0x0001a160   0x00000010   Code   RO         4567    i.Protocol_Clr_TX_complete  btprotocol.o
    0x0001a170   0x00000068   Code   RO         4568    i.Protocol_GetAlarm  btprotocol.o
    0x0001a1d8   0x00000018   Code   RO         4569    i.Protocol_Packet_Status  btprotocol.o
    0x0001a1f0   0x00000094   Code   RO         4570    i.Protocol_SET_AUTOSEND_STEP_NUM  btprotocol.o
    0x0001a284   0x000000bc   Code   RO         4571    i.Protocol_SetAlarm  btprotocol.o
    0x0001a340   0x00000014   Code   RO         4572    i.Protocol_check_BT_connected  btprotocol.o
    0x0001a354   0x0000003e   Code   RO         4573    i.Protocol_check_data  btprotocol.o
    0x0001a392   0x00000002   PAD
    0x0001a394   0x00000038   Code   RO         4576    i.Protocol_data_manage  btprotocol.o
    0x0001a3cc   0x000000f8   Code   RO         4577    i.Protocol_data_to_AG  btprotocol.o
    0x0001a4c4   0x00000328   Code   RO         4578    i.Protocol_handle   btprotocol.o
    0x0001a7ec   0x0000000e   Code   RO         4579    i.Protocol_handle_statusPacket  btprotocol.o
    0x0001a7fa   0x00000046   Code   RO         4580    i.Protocol_packed_data  btprotocol.o
    0x0001a840   0x0000007c   Code   RO         4582    i.Protocol_send_data_to_AG  btprotocol.o
    0x0001a8bc   0x00000010   Code   RO         4583    i.Protocol_send_histry_sport_data_to_ag  btprotocol.o
    0x0001a8cc   0x00000010   Code   RO         4585    i.Protocol_send_sport_data_to_ag  btprotocol.o
    0x0001a8dc   0x00000010   Code   RO         4586    i.Protocol_send_usr_info  btprotocol.o
    0x0001a8ec   0x00000018   Code   RO         4587    i.Protocol_set_BT_Disconnected  btprotocol.o
    0x0001a904   0x00000018   Code   RO         4588    i.Protocol_set_BT_connected  btprotocol.o
    0x0001a91c   0x00000010   Code   RO         4590    i.Protocol_set_TX_complete  btprotocol.o
    0x0001a92c   0x00000018   Code   RO         4591    i.Protocol_set_notify  btprotocol.o
    0x0001a944   0x00000020   Code   RO         2003    i.RTC1_IRQHandler   app_timer.o
    0x0001a964   0x00000054   Code   RO         2004    i.SWI0_IRQHandler   app_timer.o
    0x0001a9b8   0x00000024   Code   RO         2263    i.SWI2_IRQHandler   softdevice_handler.o
    0x0001a9dc   0x000000f0   Code   RO         3862    i.SaveEveryDayHistySport_Data_info2_datamanger  data_manger.o
    0x0001aacc   0x00000014   Code   RO         3106    i.SetPageColume     etlcddisplayapp.o
    0x0001aae0   0x0000000c   Code   RO         4787    i.SetToGetKEYID     uartprotocol.o
    0x0001aaec   0x0000000c   Code   RO         3107    i.Set_lastDisplayTag  etlcddisplayapp.o
    0x0001aaf8   0x00000008   Code   RO         3820    i.ShortSetTwoChar   common_arithmetic.o
    0x0001ab00   0x00000024   Code   RO         4338    i.Sleep_Add_Interval_Steps  sleep_record.o
    0x0001ab24   0x0000003c   Code   RO         2427    i.SpiReadByte       et_spi_gpio.o
    0x0001ab60   0x0000004c   Code   RO         2428    i.SpiSentByte       et_spi_gpio.o
    0x0001abac   0x0000003c   Code   RO         2429    i.SpiSent_1Byte     et_spi_gpio.o
    0x0001abe8   0x00000054   Code   RO          519    i.SystemInit        system_nrf51.o
    0x0001ac3c   0x00000010   Code   RO         1674    i.TIMER0_IRQHandler  nrf_drv_timer.o
    0x0001ac4c   0x00000010   Code   RO         1675    i.TIMER1_IRQHandler  nrf_drv_timer.o
    0x0001ac5c   0x00000010   Code   RO         1676    i.TIMER2_IRQHandler  nrf_drv_timer.o
    0x0001ac6c   0x0000000c   Code   RO         3821    i.TwoCharGetShort   common_arithmetic.o
    0x0001ac78   0x00000264   Code   RO         4965    i.U2G               GT24L16M1Y20-518221552.lib(gt24l16m1y20.o)
    0x0001aedc   0x0000003c   Code   RO         2900    i.UART0_IRQHandler  etsimple_uart.o
    0x0001af18   0x00000040   Code   RO         2358    i.USB_detect        et_battery.o
    0x0001af58   0x0000000c   Code   RO         2359    i.USB_detect_init   et_battery.o
    0x0001af64   0x00000034   Code   RO         2901    i.UartRecv          etsimple_uart.o
    0x0001af98   0x00000010   Code   RO         2902    i.Uart_open_check   etsimple_uart.o
    0x0001afa8   0x00000028   Code   RO         1847    i.WDT_IRQHandler    et_nrf_drv_wdt.o
    0x0001afd0   0x00000024   Code   RO         5087    i.__0vsprintf       mc_p.l(printfa.o)
    0x0001aff4   0x0000002e   Code   RO         5145    i.__ARM_clz         mf_p.l(depilogue.o)
    0x0001b022   0x0000001a   Code   RO          142    i.__ARM_common_switch8  main.o
    0x0001b03c   0x0000000e   Code   RO         5149    i.__scatterload_copy  mc_p.l(handlers.o)
    0x0001b04a   0x00000002   Code   RO         5150    i.__scatterload_null  mc_p.l(handlers.o)
    0x0001b04c   0x0000000e   Code   RO         5151    i.__scatterload_zeroinit  mc_p.l(handlers.o)
    0x0001b05a   0x00000002   PAD
    0x0001b05c   0x00000158   Code   RO         5088    i._fp_digits        mc_p.l(printfa.o)
    0x0001b1b4   0x000006f8   Code   RO         5089    i._printf_core      mc_p.l(printfa.o)
    0x0001b8ac   0x00000020   Code   RO         5090    i._printf_post_padding  mc_p.l(printfa.o)
    0x0001b8cc   0x0000002c   Code   RO         5091    i._printf_pre_padding  mc_p.l(printfa.o)
    0x0001b8f8   0x0000000a   Code   RO         5093    i._sputc            mc_p.l(printfa.o)
    0x0001b902   0x0000014a   Code   RO          553    i.adv_data_encode   ble_advdata.o
    0x0001ba4c   0x0000006c   Code   RO            6    i.advertising_init  main.o
    0x0001bab8   0x000000cc   Code   RO         4436    i.alarm_init        etalarm.o
    0x0001bb84   0x00000174   Code   RO         3432    i.analyse_display_data  etmultipagedisplay.o
    0x0001bcf8   0x00000044   Code   RO         4788    i.ans_work_state_handle  uartprotocol.o
    0x0001bd3c   0x000000a8   Code   RO         3569    i.app_arithmetic_cal_timer_handler  app_arithmetic.o
    0x0001bde4   0x00000094   Code   RO         3723    i.app_arithmetic_save_sportinfo  arithmetic_data_manger.o
    0x0001be78   0x00000040   Code   RO         3724    i.app_arithmetic_store_steps  arithmetic_data_manger.o
    0x0001beb8   0x00000014   Code   RO         3726    i.app_arthmetic_get_total_calorie  arithmetic_data_manger.o
    0x0001becc   0x0000000c   Code   RO         3727    i.app_arthmetic_get_total_distance  arithmetic_data_manger.o
    0x0001bed8   0x0000000c   Code   RO         3728    i.app_arthmetic_get_total_steps  arithmetic_data_manger.o
    0x0001bee4   0x00000024   Code   RO         1919    i.app_button_enable  app_button.o
    0x0001bf08   0x00000078   Code   RO         1920    i.app_button_init   app_button.o
    0x0001bf80   0x00000080   Code   RO            7    i.app_context_load  main.o
    0x0001c000   0x00000018   Code   RO         1975    i.app_error_handler  app_error.o
    0x0001c018   0x00000046   Code   RO         4088    i.app_event_g_sensor_intr1_handler  gsensor.o
    0x0001c05e   0x00000002   PAD
    0x0001c060   0x0000000c   Code   RO          916    i.app_evt_notify    device_manager_peripheral.o
    0x0001c06c   0x00000038   Code   RO         4341    i.app_gSensor_nomotion_timer_handler  sleep_record.o
    0x0001c0a4   0x0000000c   Code   RO         3570    i.app_get_pedometer_state  app_arithmetic.o
    0x0001c0b0   0x0000002c   Code   RO         1430    i.app_notify        pstorage.o
    0x0001c0dc   0x00000020   Code   RO         1431    i.app_notify_error_state_transit  pstorage.o
    0x0001c0fc   0x00000024   Code   RO         3571    i.app_set_pedometer_state  app_arithmetic.o
    0x0001c120   0x00000054   Code   RO         4342    i.app_sleep_gsensor_cfg_judge  sleep_record.o
    0x0001c174   0x00000038   Code   RO         4343    i.app_sleep_record_timer_handler  sleep_record.o
    0x0001c1ac   0x00000054   Code   RO         4345    i.app_sleep_store_item_begin_info  sleep_record.o
    0x0001c200   0x0000008c   Code   RO         4346    i.app_sleep_store_item_end_info  sleep_record.o
    0x0001c28c   0x0000003c   Code   RO         3572    i.app_start_step_arithmetic_cal  app_arithmetic.o
    0x0001c2c8   0x00000064   Code   RO         3573    i.app_stop_step_arithmetic_cal  app_arithmetic.o
    0x0001c32c   0x0000004c   Code   RO         2007    i.app_timer_create  app_timer.o
    0x0001c378   0x000000b4   Code   RO         2008    i.app_timer_init    app_timer.o
    0x0001c42c   0x00000084   Code   RO         2009    i.app_timer_start   app_timer.o
    0x0001c4b0   0x00000058   Code   RO         2010    i.app_timer_stop    app_timer.o
    0x0001c508   0x00000068   Code   RO         3576    i.arithmetic_gsensor_write_data  app_arithmetic.o
    0x0001c570   0x00000048   Code   RO         3577    i.arithmetic_transfer_data  app_arithmetic.o
    0x0001c5b8   0x00000034   Code   RO         3578    i.arithmetic_write_data2buf  app_arithmetic.o
    0x0001c5ec   0x000000e8   Code   RO         3729    i.arth_init_person_info  arithmetic_data_manger.o
    0x0001c6d4   0x000000c4   Code   RO         4019    i.auto_send_histy_sport_record_to_app_timer  data_transfer.o
    0x0001c798   0x0000002c   Code   RO         4592    i.auto_send_sport_Live_to_app  btprotocol.o
    0x0001c7c4   0x000000d0   Code   RO         4020    i.auto_send_sport_record_to_app_timer  data_transfer.o
    0x0001c894   0x0000001c   Code   RO         2360    i.battery_adc_dev_init  et_battery.o
    0x0001c8b0   0x0000004c   Code   RO         2361    i.battery_adc_read_once  et_battery.o
    0x0001c8fc   0x00000020   Code   RO         2362    i.battery_start     et_battery.o
    0x0001c91c   0x0000005a   Code   RO          554    i.ble_advdata_set   ble_advdata.o
    0x0001c976   0x00000002   PAD
    0x0001c978   0x00000124   Code   RO          616    i.ble_advertising_init  ble_advertising.o
    0x0001ca9c   0x00000074   Code   RO          617    i.ble_advertising_on_ble_evt  ble_advertising.o
    0x0001cb10   0x00000030   Code   RO          618    i.ble_advertising_on_sys_evt  ble_advertising.o
    0x0001cb40   0x00000010   Code   RO          620    i.ble_advertising_peer_address_clear  ble_advertising.o
    0x0001cb50   0x00000040   Code   RO          621    i.ble_advertising_restart_without_whitelist  ble_advertising.o
    0x0001cb90   0x000001e0   Code   RO          622    i.ble_advertising_start  ble_advertising.o
    0x0001cd70   0x00000054   Code   RO          689    i.ble_conn_params_init  ble_conn_params.o
    0x0001cdc4   0x00000090   Code   RO          690    i.ble_conn_params_on_ble_evt  ble_conn_params.o
    0x0001ce54   0x00000010   Code   RO          691    i.ble_conn_params_stop  ble_conn_params.o
    0x0001ce64   0x00000090   Code   RO          842    i.ble_dfu_init      ble_dfu.o
    0x0001cef4   0x00000084   Code   RO          843    i.ble_dfu_on_ble_evt  ble_dfu.o
    0x0001cf78   0x00000060   Code   RO          845    i.ble_dfu_response_send  ble_dfu.o
    0x0001cfd8   0x00000044   Code   RO            9    i.ble_evt_dispatch  main.o
    0x0001d01c   0x00000070   Code   RO          749    i.ble_nus_init      ble_nus.o
    0x0001d08c   0x00000058   Code   RO          750    i.ble_nus_on_ble_evt  ble_nus.o
    0x0001d0e4   0x00000054   Code   RO          751    i.ble_nus_string_send  ble_nus.o
    0x0001d138   0x00000068   Code   RO           10    i.ble_stack_init    main.o
    0x0001d1a0   0x00000048   Code   RO          917    i.bond_data_load    device_manager_peripheral.o
    0x0001d1e8   0x000000b0   Code   RO         2201    i.bootloader_start  dfu_app_handler.o
    0x0001d298   0x00000008   Code   RO         2180    i.bootloader_util_app_start  bootloader_util.o
    0x0001d2a0   0x00000048   Code   RO          474    i.bsp_btn_ble_init  bsp_btn_ble.o
    0x0001d2e8   0x0000001c   Code   RO          475    i.bsp_btn_ble_on_ble_evt  bsp_btn_ble.o
    0x0001d304   0x0000009c   Code   RO          385    i.bsp_button_event_handler  bsp.o
    0x0001d3a0   0x0000002c   Code   RO          386    i.bsp_button_is_pressed  bsp.o
    0x0001d3cc   0x00000054   Code   RO           11    i.bsp_event_handler  main.o
    0x0001d420   0x00000048   Code   RO          390    i.bsp_event_to_button_action_assign  bsp.o
    0x0001d468   0x00000004   Code   RO          391    i.bsp_indication_set  bsp.o
    0x0001d46c   0x0000005c   Code   RO          393    i.bsp_init          bsp.o
    0x0001d4c8   0x00000020   Code   RO           12    i.bt_send_to_AG     main.o
    0x0001d4e8   0x0000000c   Code   RO          395    i.button_timer_handler  bsp.o
    0x0001d4f4   0x0000001c   Code   RO         3108    i.changePage        etlcddisplayapp.o
    0x0001d510   0x0000001c   Code   RO         1243    i.channel_free      nrf_drv_gpiote.o
    0x0001d52c   0x00000048   Code   RO         1244    i.channel_port_alloc  nrf_drv_gpiote.o
    0x0001d574   0x00000010   Code   RO         1245    i.channel_port_get  nrf_drv_gpiote.o
    0x0001d584   0x00000012   Code   RO         3109    i.check_LCDDispCanChange  etlcddisplayapp.o
    0x0001d596   0x00000002   PAD
    0x0001d598   0x00000024   Code   RO         3110    i.check_StrCanDisplay  etlcddisplayapp.o
    0x0001d5bc   0x00000040   Code   RO         4789    i.check_frame       uartprotocol.o
    0x0001d5fc   0x00000014   Code   RO         3111    i.check_lastDisplayTag  etlcddisplayapp.o
    0x0001d610   0x0000002c   Code   RO         4790    i.check_uart_resend_tag  uartprotocol.o
    0x0001d63c   0x0000004c   Code   RO         3112    i.clear_AllScreen   etlcddisplayapp.o
    0x0001d688   0x00000016   Code   RO         3579    i.clear_arithmetic_buf  app_arithmetic.o
    0x0001d69e   0x00000002   PAD
    0x0001d6a0   0x000000f8   Code   RO         1432    i.clear_operation_execute  pstorage.o
    0x0001d798   0x00000024   Code   RO         1433    i.clear_post_processing_run  pstorage.o
    0x0001d7bc   0x00000078   Code   RO         3113    i.clear_secterScreen  etlcddisplayapp.o
    0x0001d834   0x000000a0   Code   RO         4437    i.clock_alarm_check  etalarm.o
    0x0001d8d4   0x00000038   Code   RO         1434    i.cmd_process       pstorage.o
    0x0001d90c   0x00000020   Code   RO         1435    i.cmd_queue_element_init  pstorage.o
    0x0001d92c   0x0000004c   Code   RO         1436    i.cmd_queue_enqueue  pstorage.o
    0x0001d978   0x0000003c   Code   RO         1437    i.command_end_procedure_run  pstorage.o
    0x0001d9b4   0x000000a4   Code   RO         2012    i.compare_reg_update  app_timer.o
    0x0001da58   0x00000084   Code   RO          555    i.conn_int_encode   ble_advdata.o
    0x0001dadc   0x0000000c   Code   RO           13    i.conn_params_error_handler  main.o
    0x0001dae8   0x00000064   Code   RO          692    i.conn_params_negotiation  ble_conn_params.o
    0x0001db4c   0x00000030   Code   RO          918    i.connection_instance_find  device_manager_peripheral.o
    0x0001db7c   0x00000024   Code   RO          919    i.connection_instance_init  device_manager_peripheral.o
    0x0001dba0   0x00000048   Code   RO         3433    i.copy_display_data_to_buff  etmultipagedisplay.o
    0x0001dbe8   0x00000018   Code   RO         4792    i.cos_clear_buff    uartprotocol.o
    0x0001dc00   0x00000008   Code   RO         4793    i.cos_send_string   uartprotocol.o
    0x0001dc08   0x00000012   Code   RO         3863    i.data_manger_set_previous_head  data_manger.o
    0x0001dc1a   0x00000002   PAD
    0x0001dc1c   0x00000054   Code   RO         1438    i.data_page_erase_state_run  pstorage.o
    0x0001dc70   0x00000028   Code   RO         1439    i.data_to_swap_write_state_run  pstorage.o
    0x0001dc98   0x00000114   Code   RO         3661    i.deal_raw_data     arithmetic.o
    0x0001ddac   0x000001e4   Code   RO         4968    i.decompressbmp16   GT24L16M1Y20-518221552.lib(gt24l16m1y20.o)
    0x0001df90   0x00000056   Code   RO         3662    i.derivativeFunc    arithmetic.o
    0x0001dfe6   0x00000002   PAD
    0x0001dfe8   0x00000060   Code   RO         1922    i.detection_delay_timeout_handler  app_button.o
    0x0001e048   0x000000a4   Code   RO         3395    i.dev_init          etmainloop.o
    0x0001e0ec   0x000000b4   Code   RO          920    i.device_context_store  device_manager_peripheral.o
    0x0001e1a0   0x00000054   Code   RO          921    i.device_instance_allocate  device_manager_peripheral.o
    0x0001e1f4   0x00000048   Code   RO          922    i.device_instance_find  device_manager_peripheral.o
    0x0001e23c   0x0000002c   Code   RO          923    i.device_instance_free  device_manager_peripheral.o
    0x0001e268   0x00000022   Code   RO           14    i.device_manager_evt_handler  main.o
    0x0001e28a   0x00000002   PAD
    0x0001e28c   0x00000074   Code   RO           15    i.device_manager_init  main.o
    0x0001e300   0x0000001c   Code   RO         2202    i.dfu_app_dm_appl_instance_set  dfu_app_handler.o
    0x0001e31c   0x00000048   Code   RO         2203    i.dfu_app_on_dfu_evt  dfu_app_handler.o
    0x0001e364   0x000000a8   Code   RO         2204    i.dfu_app_peer_data_set  dfu_app_handler.o
    0x0001e40c   0x00000002   Code   RO         2205    i.dfu_app_reset_prepare  dfu_app_handler.o
    0x0001e40e   0x00000002   PAD
    0x0001e410   0x0000000c   Code   RO         2206    i.dfu_app_reset_prepare_set  dfu_app_handler.o
    0x0001e41c   0x00000088   Code   RO          846    i.dfu_ctrl_pt_add   ble_dfu.o
    0x0001e4a4   0x00000080   Code   RO          847    i.dfu_pkt_char_add  ble_dfu.o
    0x0001e524   0x0000008c   Code   RO          848    i.dfu_rev_char_add  ble_dfu.o
    0x0001e5b0   0x00000018   Code   RO         2629    i.disable_pwm       etmotor.o
    0x0001e5c8   0x00000068   Code   RO         3114    i.display_GetStringLen  etlcddisplayapp.o
    0x0001e630   0x000000ec   Code   RO         3115    i.display_IncomingCall  etlcddisplayapp.o
    0x0001e71c   0x00000068   Code   RO         3116    i.display_LOGO_message  etlcddisplayapp.o
    0x0001e784   0x00000100   Code   RO         3117    i.display_Rssi_distance  etlcddisplayapp.o
    0x0001e884   0x0000009c   Code   RO         3118    i.display_alarm     etlcddisplayapp.o
    0x0001e920   0x00000010   Code   RO         3119    i.display_check_to_clear_Screen  etlcddisplayapp.o
    0x0001e930   0x00000018   Code   RO         3120    i.display_clr_COSdata  etlcddisplayapp.o
    0x0001e948   0x00000154   Code   RO         3121    i.display_day_clock  etlcddisplayapp.o
    0x0001ea9c   0x00000024   Code   RO         3434    i.display_down_page  etmultipagedisplay.o
    0x0001eac0   0x00000130   Code   RO         3122    i.display_gb18030_string  etlcddisplayapp.o
    0x0001ebf0   0x00000050   Code   RO         3123    i.display_graphic_16x16  etlcddisplayapp.o
    0x0001ec40   0x00000050   Code   RO         3124    i.display_graphic_8x16  etlcddisplayapp.o
    0x0001ec90   0x00000078   Code   RO         3435    i.display_page      etmultipagedisplay.o
    0x0001ed08   0x00000318   Code   RO         3127    i.display_step_distance_engery  etlcddisplayapp.o
    0x0001f020   0x00000020   Code   RO         3436    i.display_up_page   etmultipagedisplay.o
    0x0001f040   0x00000094   Code   RO          924    i.dm_application_context_delete  device_manager_peripheral.o
    0x0001f0d4   0x000000b4   Code   RO          925    i.dm_application_context_get  device_manager_peripheral.o
    0x0001f188   0x000000d4   Code   RO          926    i.dm_application_context_set  device_manager_peripheral.o
    0x0001f25c   0x00000040   Code   RO          927    i.dm_application_instance_set  device_manager_peripheral.o
    0x0001f29c   0x000003d8   Code   RO          928    i.dm_ble_evt_handler  device_manager_peripheral.o
    0x0001f674   0x000000b0   Code   RO          932    i.dm_distributed_keys_get  device_manager_peripheral.o
    0x0001f724   0x00000048   Code   RO          933    i.dm_handle_get     device_manager_peripheral.o
    0x0001f76c   0x0000001c   Code   RO          934    i.dm_handle_initialize  device_manager_peripheral.o
    0x0001f788   0x000000c4   Code   RO          935    i.dm_init           device_manager_peripheral.o
    0x0001f84c   0x0000007c   Code   RO          936    i.dm_peer_addr_get  device_manager_peripheral.o
    0x0001f8c8   0x00000188   Code   RO          938    i.dm_pstorage_cb_handler  device_manager_peripheral.o
    0x0001fa50   0x00000074   Code   RO          939    i.dm_register       device_manager_peripheral.o
    0x0001fac4   0x00000040   Code   RO         2013    i.elapsed_ticks_acquire  app_timer.o
    0x0001fb04   0x0000002c   Code   RO         4794    i.etCheck_reset     uartprotocol.o
    0x0001fb30   0x0000002c   Code   RO         2903    i.etCheck_to_PoweroffCOS  etsimple_uart.o
    0x0001fb5c   0x00000034   Code   RO         2701    i.etSpim1CheckNorFlashBusy  etspi.o
    0x0001fb90   0x0000001c   Code   RO         2702    i.etSpim1CheckNorFlashWriteEnable  etspi.o
    0x0001fbac   0x00000012   Code   RO         2705    i.etSpim1NorFlashInit  etspi.o
    0x0001fbbe   0x00000002   PAD
    0x0001fbc0   0x00000048   Code   RO         2706    i.etSpim1NorFlashPageProgrameStdMode  etspi.o
    0x0001fc08   0x00000038   Code   RO         2707    i.etSpim1NorFlashSectorErase  etspi.o
    0x0001fc40   0x00000044   Code   RO         2709    i.etSpim1ReadNorFlashStdMode  etspi.o
    0x0001fc84   0x0000001e   Code   RO         2710    i.etWrite_KEYID_to_flash  etspi.o
    0x0001fca2   0x00000002   PAD
    0x0001fca4   0x00000010   Code   RO         3032    i.et_WDT_feed       et_wdt.o
    0x0001fcb4   0x00000044   Code   RO         3033    i.et_WDT_init       et_wdt.o
    0x0001fcf8   0x0000001c   Code   RO         2494    i.et_i2c_init       eti2c.o
    0x0001fd14   0x00000032   Code   RO         2496    i.et_i2c_write      eti2c.o
    0x0001fd46   0x00000032   Code   RO         2497    i.et_i2c_write_conValue  eti2c.o
    0x0001fd78   0x00000058   Code   RO         2014    i.expired_timers_handler  app_timer.o
    0x0001fdd0   0x00000020   Code   RO         1440    i.flash_api_err_code_process  pstorage.o
    0x0001fdf0   0x00000040   Code   RO         3868    i.flash_gsensor_data_partition_refresh  data_manger.o
    0x0001fe30   0x00000190   Code   RO         3869    i.flash_gsensor_sport_sleep_data_partition_refresh  data_manger.o
    0x0001ffc0   0x00000080   Code   RO         1441    i.flash_operation_success_run  pstorage.o
    0x00020040   0x0000000a   Code   RO         1442    i.flash_page_erase  pstorage.o
    0x0002004a   0x0000000a   Code   RO         1443    i.flash_write       pstorage.o
    0x00020054   0x00000044   Code   RO         3870    i.flush_mem_poll2flash  data_manger.o
    0x00020098   0x00000030   Code   RO         3437    i.free_display_buff  etmultipagedisplay.o
    0x000200c8   0x00000010   Code   RO         4089    i.gSensor_Clear_Fifo_Data  gsensor.o
    0x000200d8   0x0000000c   Code   RO         4157    i.gSensor_FWM_Interrupt_Enable  gsensor_driver.o
    0x000200e4   0x0000006a   Code   RO         4090    i.gSensor_Read_Fifo_Data  gsensor.o
    0x0002014e   0x00000002   PAD
    0x00020150   0x00000024   Code   RO         4158    i.gSensor_Slope_Intr_Enable  gsensor_driver.o
    0x00020174   0x0000000a   Code   RO         4160    i.gSensor_Slope_Intr_config  gsensor_driver.o
    0x0002017e   0x00000002   PAD
    0x00020180   0x00000068   Code   RO         4091    i.gSensor_driver_init  gsensor.o
    0x000201e8   0x00000034   Code   RO         4161    i.gSensor_fifo_Interrupt_Enable  gsensor_driver.o
    0x0002021c   0x0000000c   Code   RO         4092    i.gSensor_init      gsensor.o
    0x00020228   0x00000010   Code   RO         4162    i.gSensor_set_duration_and_threshold  gsensor_driver.o
    0x00020238   0x0000008c   Code   RO           16    i.gap_params_init   main.o
    0x000202c4   0x00000004   Code   RO          946    i.gattc_context_apply  device_manager_peripheral.o
    0x000202c8   0x00000004   Code   RO          947    i.gattc_context_load  device_manager_peripheral.o
    0x000202cc   0x00000004   Code   RO          948    i.gattc_context_store  device_manager_peripheral.o
    0x000202d0   0x000000b0   Code   RO          949    i.gatts_context_apply  device_manager_peripheral.o
    0x00020380   0x00000030   Code   RO          950    i.gatts_context_load  device_manager_peripheral.o
    0x000203b0   0x000000ac   Code   RO          951    i.gatts_context_store  device_manager_peripheral.o
    0x0002045c   0x00000008   Code   RO          952    i.gattsc_context_apply  device_manager_peripheral.o
    0x00020464   0x00000008   Code   RO          953    i.gattsc_context_load  device_manager_peripheral.o
    0x0002046c   0x00000008   Code   RO          954    i.gattsc_context_store  device_manager_peripheral.o
    0x00020474   0x00000010   Code   RO         4021    i.get_auto_send_data_to_app_status  data_transfer.o
    0x00020484   0x00000018   Code   RO         4022    i.get_ble_connect_status  data_transfer.o
    0x0002049c   0x00000070   Code   RO         4795    i.get_bt_name_ans_handle  uartprotocol.o
    0x0002050c   0x00000032   Code   RO         4796    i.get_bt_name_req   uartprotocol.o
    0x0002053e   0x00000002   PAD
    0x00020540   0x00000020   Code   RO         4797    i.get_cos_data_timeout  uartprotocol.o
    0x00020560   0x00000032   Code   RO         4798    i.get_cos_ver_req   uartprotocol.o
    0x00020592   0x00000002   PAD
    0x00020594   0x0000001c   Code   RO         3871    i.get_dataPartition  data_manger.o
    0x000205b0   0x0000001a   Code   RO         3508    i.get_gbk_code      etutf8tounicode.o
    0x000205ca   0x00000002   PAD
    0x000205cc   0x0000001c   Code   RO         3873    i.get_ram_block     data_manger.o
    0x000205e8   0x00000004   Code   RO         4536    i.get_usr_using_timer_count  usr_task.o
    0x000205ec   0x00000022   Code   RO         4799    i.get_work_state    uartprotocol.o
    0x0002060e   0x00000016   Code   RO         2776    i.get_yeardays      sys_time.o
    0x00020624   0x000000cc   Code   RO         4800    i.go_to_command     uartprotocol.o
    0x000206f0   0x00000058   Code   RO         1923    i.gpiote_event_handler  app_button.o
    0x00020748   0x00000078   Code   RO         1444    i.head_restore_state_run  pstorage.o
    0x000207c0   0x00000050   Code   RO         4971    i.hzbmp16           GT24L16M1Y20-518221552.lib(gt24l16m1y20.o)
    0x00020810   0x0000006c   Code   RO         3874    i.init_data_manger  data_manger.o
    0x0002087c   0x0000007c   Code   RO         3875    i.init_ram_pools    data_manger.o
    0x000208f8   0x00000080   Code   RO         2264    i.intern_softdevice_events_execute  softdevice_handler.o
    0x00020978   0x0000001c   Code   RO          693    i.is_conn_params_ok  ble_conn_params.o
    0x00020994   0x00000048   Code   RO          520    i.is_manual_peripheral_setup_needed  system_nrf51.o
    0x000209dc   0x00000044   Code   RO         1445    i.is_page_erase_required  pstorage.o
    0x00020a20   0x0000000c   Code   RO         1446    i.is_word_aligned   pstorage.o
    0x00020a2c   0x0000002a   Code   RO         2777    i.isleap            sys_time.o
    0x00020a56   0x00000002   PAD
    0x00020a58   0x0000007c   Code   RO         4479    i.ke_schedule       ke_timer.o
    0x00020ad4   0x00000010   Code   RO         4480    i.ke_timer_clear    ke_timer.o
    0x00020ae4   0x0000000c   Code   RO         4481    i.ke_timer_flag_set  ke_timer.o
    0x00020af0   0x00000014   Code   RO         4482    i.ke_timer_set      ke_timer.o
    0x00020b04   0x00000018   Code   RO         3438    i.lcd_changeline_handle  etmultipagedisplay.o
    0x00020b1c   0x00000020   Code   RO         3439    i.lcd_clear_handle  etmultipagedisplay.o
    0x00020b3c   0x00000020   Code   RO         3440    i.lcd_display_complete_handle  etmultipagedisplay.o
    0x00020b5c   0x000000ac   Code   RO         3441    i.lcd_display_handle  etmultipagedisplay.o
    0x00020c08   0x00000054   Code   RO         3129    i.lcd_power_control  etlcddisplayapp.o
    0x00020c5c   0x00000082   Code   RO         4973    i.lcdram_map        GT24L16M1Y20-518221552.lib(gt24l16m1y20.o)
    0x00020cde   0x00000010   Code   RO         4163    i.lis3dh_i2c_read   gsensor_driver.o
    0x00020cee   0x00000002   PAD
    0x00020cf0   0x00000094   Code   RO         2015    i.list_deletions_handler  app_timer.o
    0x00020d84   0x000000f0   Code   RO         2016    i.list_insertions_handler  app_timer.o
    0x00020e74   0x00000154   Code   RO           17    i.main              main.o
    0x00020fc8   0x0000003c   Code   RO         3396    i.main_loop         etmainloop.o
    0x00021004   0x00000018   Code   RO         1447    i.main_state_err_busy_process  pstorage.o
    0x0002101c   0x00000064   Code   RO          556    i.manuf_specific_data_encode  ble_advdata.o
    0x00021080   0x0000006a   Code   RO          557    i.name_encode       ble_advdata.o
    0x000210ea   0x00000002   PAD
    0x000210ec   0x00000038   Code   RO         4593    i.newService_Protocol_data_manage  btprotocol.o
    0x00021124   0x00000128   Code   RO         4594    i.newService_protocol_Save_data  btprotocol.o
    0x0002124c   0x00000024   Code   RO         4595    i.newService_protocol_data_can_send  btprotocol.o
    0x00021270   0x0000000c   Code   RO           18    i.new_serve_nus_data_handler  main.o
    0x0002127c   0x00000070   Code   RO          752    i.new_server_nus_init  ble_nus.o
    0x000212ec   0x00000054   Code   RO          753    i.new_service_ble_nus_string_send  ble_nus.o
    0x00021340   0x0000006a   Code   RO          754    i.new_service_nus_on_ble_evt  ble_nus.o
    0x000213aa   0x00000002   PAD
    0x000213ac   0x000000a0   Code   RO          755    i.new_service_rx_char_add  ble_nus.o
    0x0002144c   0x00000080   Code   RO          756    i.new_service_tx_char_add  ble_nus.o
    0x000214cc   0x00000004   Code   RO          955    i.no_service_context_apply  device_manager_peripheral.o
    0x000214d0   0x00000004   Code   RO          956    i.no_service_context_load  device_manager_peripheral.o
    0x000214d4   0x00000004   Code   RO          957    i.no_service_context_store  device_manager_peripheral.o
    0x000214d8   0x0000001c   Code   RO         1186    i.nrf_delay_ms      nrf_delay.o
    0x000214f4   0x00000060   Code   RO         1213    i.nrf_drv_common_irq_enable  nrf_drv_common.o
    0x00021554   0x000000a0   Code   RO         1248    i.nrf_drv_gpiote_in_event_enable  nrf_drv_gpiote.o
    0x000215f4   0x00000090   Code   RO         1249    i.nrf_drv_gpiote_in_init  nrf_drv_gpiote.o
    0x00021684   0x00000014   Code   RO         1250    i.nrf_drv_gpiote_in_is_set  nrf_drv_gpiote.o
    0x00021698   0x00000054   Code   RO         1252    i.nrf_drv_gpiote_init  nrf_drv_gpiote.o
    0x000216ec   0x00000010   Code   RO         1253    i.nrf_drv_gpiote_is_init  nrf_drv_gpiote.o
    0x000216fc   0x0000002a   Code   RO         1681    i.nrf_drv_timer_compare  nrf_drv_timer.o
    0x00021726   0x00000002   PAD
    0x00021728   0x00000014   Code   RO         1685    i.nrf_drv_timer_disable  nrf_drv_timer.o
    0x0002173c   0x00000014   Code   RO         1686    i.nrf_drv_timer_enable  nrf_drv_timer.o
    0x00021750   0x0000002e   Code   RO         1688    i.nrf_drv_timer_extended_compare  nrf_drv_timer.o
    0x0002177e   0x00000002   PAD
    0x00021780   0x000000a8   Code   RO         1690    i.nrf_drv_timer_init  nrf_drv_timer.o
    0x00021828   0x00000048   Code   RO         1691    i.nrf_drv_timer_interrupt_handle  nrf_drv_timer.o
    0x00021870   0x00000016   Code   RO         1697    i.nrf_drv_timer_us_to_ticks  nrf_drv_timer.o
    0x00021886   0x00000002   PAD
    0x00021888   0x000000ac   Code   RO         1848    i.nrf_drv_wdt_channel_alloc  et_nrf_drv_wdt.o
    0x00021934   0x00000014   Code   RO         1849    i.nrf_drv_wdt_channel_feed  et_nrf_drv_wdt.o
    0x00021948   0x00000020   Code   RO         1851    i.nrf_drv_wdt_enable  et_nrf_drv_wdt.o
    0x00021968   0x00000048   Code   RO         1853    i.nrf_drv_wdt_init  et_nrf_drv_wdt.o
    0x000219b0   0x00000010   Code   RO         2904    i.nrf_gpio_cfg_input  etsimple_uart.o
    0x000219c0   0x00000020   Code   RO         1265    i.nrf_gpio_cfg_sense_set  nrf_drv_gpiote.o
    0x000219e0   0x00000014   Code   RO         1266    i.nrf_gpiote_event_is_set  nrf_drv_gpiote.o
    0x000219f4   0x0000000c   Code   RO           19    i.nus_data_handler  main.o
    0x00021a00   0x00000028   Code   RO           20    i.on_adv_evt        main.o
    0x00021a28   0x000000e8   Code   RO           21    i.on_ble_evt        main.o
    0x00021b10   0x00000024   Code   RO           22    i.on_conn_params_evt  main.o
    0x00021b34   0x000000e6   Code   RO          849    i.on_ctrl_pt_write  ble_dfu.o
    0x00021c1a   0x00000044   Code   RO         4801    i.packed_data_frame  uartprotocol.o
    0x00021c5e   0x00000164   Code   RO         3663    i.peaksValleys_mergeArray_arrange  arithmetic.o
    0x00021dc2   0x000000e0   Code   RO         3664    i.peaks_valleys_Merge  arithmetic.o
    0x00021ea2   0x00000002   PAD
    0x00021ea4   0x0000020c   Code   RO         3665    i.peaks_valleys_final_match  arithmetic.o
    0x000220b0   0x00000016   Code   RO          624    i.peer_address_exists  ble_advertising.o
    0x000220c6   0x00000002   PAD
    0x000220c8   0x00000040   Code   RO          958    i.peer_instance_init  device_manager_peripheral.o
    0x00022108   0x00000014   Code   RO         1267    i.pin_in_use_by_gpiote  nrf_drv_gpiote.o
    0x0002211c   0x00000018   Code   RO         1268    i.pin_in_use_by_port  nrf_drv_gpiote.o
    0x00022134   0x00000018   Code   RO         1269    i.pin_in_use_by_te  nrf_drv_gpiote.o
    0x0002214c   0x00000128   Code   RO         4596    i.protocol_Save_data  btprotocol.o
    0x00022274   0x00000024   Code   RO         4597    i.protocol_data_can_send  btprotocol.o
    0x00022298   0x00000028   Code   RO         1448    i.pstorage_access_status_get  pstorage.o
    0x000222c0   0x00000054   Code   RO         1449    i.pstorage_block_identifier_get  pstorage.o
    0x00022314   0x000000a4   Code   RO         1450    i.pstorage_clear    pstorage.o
    0x000223b8   0x00000024   Code   RO         1451    i.pstorage_flash_page_end  pstorage.o
    0x000223dc   0x0000000a   Code   RO         1452    i.pstorage_flash_page_size  pstorage.o
    0x000223e6   0x00000002   PAD
    0x000223e8   0x0000004c   Code   RO         1453    i.pstorage_init     pstorage.o
    0x00022434   0x000000a8   Code   RO         1454    i.pstorage_load     pstorage.o
    0x000224dc   0x000000b4   Code   RO         1455    i.pstorage_register  pstorage.o
    0x00022590   0x00000090   Code   RO         1456    i.pstorage_store    pstorage.o
    0x00022620   0x0000004c   Code   RO         1457    i.pstorage_sys_event_handler  pstorage.o
    0x0002266c   0x00000090   Code   RO         1458    i.pstorage_update   pstorage.o
    0x000226fc   0x00000038   Code   RO         3545    i.r_dat_bat         et_font_spi.o
    0x00022734   0x0000001a   Code   RO         3876    i.ram_block_reset   data_manger.o
    0x0002274e   0x00000002   PAD
    0x00022750   0x000000cc   Code   RO         3877    i.ram_gsensor_data_write_block_2_flash  data_manger.o
    0x0002281c   0x00000008   Code   RO         3878    i.read_flash        data_manger.o
    0x00022824   0x0000003c   Code   RO         3879    i.read_infos_from_flash_first_page  data_manger.o
    0x00022860   0x0000003c   Code   RO         2872    i.read_switch_val   etkeyboard.o
    0x0002289c   0x00000010   Code   RO         4023    i.receive_app_usr_info  data_transfer.o
    0x000228ac   0x00000050   Code   RO         3730    i.receive_userInfo_from_app  arithmetic_data_manger.o
    0x000228fc   0x00000058   Code   RO           23    i.reset_prepare     main.o
    0x00022954   0x00000044   Code   RO         2017    i.rtc1_stop         app_timer.o
    0x00022998   0x000000b8   Code   RO          757    i.rx_char_add       ble_nus.o
    0x00022a50   0x0000000c   Code   RO         4802    i.save_COS_status   uartprotocol.o
    0x00022a5c   0x00000064   Code   RO         4803    i.save_cos_ver_ans_handle  uartprotocol.o
    0x00022ac0   0x00000020   Code   RO         3880    i.sector_erase_flash  data_manger.o
    0x00022ae0   0x00000034   Code   RO         4804    i.send_ack          uartprotocol.o
    0x00022b14   0x0000000a   Code   RO         4024    i.send_data_timeout_timer  data_transfer.o
    0x00022b1e   0x00000034   Code   RO         4805    i.send_key_to_cos   uartprotocol.o
    0x00022b52   0x0000003e   Code   RO         4806    i.send_key_val_to_cos  uartprotocol.o
    0x00022b90   0x00000028   Code   RO         4025    i.send_sport_get_app_ack  data_transfer.o
    0x00022bb8   0x0000001c   Code   RO         3731    i.send_sport_info2_datamanger  arithmetic_data_manger.o
    0x00022bd4   0x00000018   Code   RO         2498    i.sensor_GPIO_i2c_init  eti2c.o
    0x00022bec   0x000000a0   Code   RO         2499    i.sensor_GPIO_i2c_read  eti2c.o
    0x00022c8c   0x00000032   Code   RO         2500    i.sensor_GPIO_i2c_write  eti2c.o
    0x00022cbe   0x00000002   PAD
    0x00022cc0   0x00000018   Code   RO         4165    i.sensor_INT_enable_check  gsensor_driver.o
    0x00022cd8   0x0000000c   Code   RO         4166    i.sensor_INT_set_api  gsensor_driver.o
    0x00022ce4   0x00000054   Code   RO         2501    i.sensor_IicSentByte  eti2c.o
    0x00022d38   0x0000003c   Code   RO         2502    i.sensor_IicStart   eti2c.o
    0x00022d74   0x00000030   Code   RO         2503    i.sensor_IicStop    eti2c.o
    0x00022da4   0x00000038   Code   RO         2504    i.sensor_SendAcknowledge  eti2c.o
    0x00022ddc   0x0000007c   Code   RO          558    i.service_data_encode  ble_advdata.o
    0x00022e58   0x00000088   Code   RO           24    i.services_init     main.o
    0x00022ee0   0x00000018   Code   RO         4807    i.set_uart_resend_tag  uartprotocol.o
    0x00022ef8   0x00000010   Code   RO         3732    i.set_user_info     arithmetic_data_manger.o
    0x00022f08   0x00000074   Code   RO         2905    i.simple_uart_config  etsimple_uart.o
    0x00022f7c   0x00000064   Code   RO         2907    i.simple_uart_init  etsimple_uart.o
    0x00022fe0   0x0000001c   Code   RO         2908    i.simple_uart_put   etsimple_uart.o
    0x00022ffc   0x00000030   Code   RO         2909    i.simple_uart_putstring  etsimple_uart.o
    0x0002302c   0x00000030   Code   RO         2910    i.simple_uart_putstringbuff  etsimple_uart.o
    0x0002305c   0x00000064   Code   RO         4347    i.sleep_add_xyzData  sleep_record.o
    0x000230c0   0x00000028   Code   RO         4348    i.sleep_once_interval_max_steps  sleep_record.o
    0x000230e8   0x00000050   Code   RO         4349    i.sleep_slope_check  sleep_record.o
    0x00023138   0x00000040   Code   RO         4350    i.sleep_xDataSect_SameCal  sleep_record.o
    0x00023178   0x00000070   Code   RO         4351    i.sleep_xDataSect_analysis  sleep_record.o
    0x000231e8   0x00000048   Code   RO         1459    i.sm_state_change   pstorage.o
    0x00023230   0x00000158   Code   RO         3666    i.smoothfunc        arithmetic.o
    0x00023388   0x0000000c   Code   RO         2265    i.softdevice_assertion_handler  softdevice_handler.o
    0x00023394   0x00000014   Code   RO         2266    i.softdevice_ble_evt_handler_set  softdevice_handler.o
    0x000233a8   0x00000030   Code   RO         2267    i.softdevice_handler_init  softdevice_handler.o
    0x000233d8   0x00000014   Code   RO         2269    i.softdevice_sys_evt_handler_set  softdevice_handler.o
    0x000233ec   0x0000004c   Code   RO         3733    i.sportInfo2DMDataItem  arithmetic_data_manger.o
    0x00023438   0x0000003e   Code   RO         3822    i.sqrt_16           common_arithmetic.o
    0x00023476   0x00000002   PAD
    0x00023478   0x00000034   Code   RO           25    i.start_Rssi        main.o
    0x000234ac   0x00000064   Code   RO         1460    i.state_data_erase_swap_entry_run  pstorage.o
    0x00023510   0x00000010   Code   RO         1461    i.state_erase_data_page_entry_run  pstorage.o
    0x00023520   0x00000028   Code   RO         1462    i.state_restore_head_entry_run  pstorage.o
    0x00023548   0x0000004c   Code   RO         1463    i.state_restore_tail_entry_run  pstorage.o
    0x00023594   0x00000020   Code   RO         1464    i.state_swap_erase_entry_run  pstorage.o
    0x000235b4   0x00000030   Code   RO         1465    i.state_write_data_swap_entry_run  pstorage.o
    0x000235e4   0x000000b8   Code   RO         3734    i.steps_2_calorie   arithmetic_data_manger.o
    0x0002369c   0x0000004c   Code   RO         3735    i.steps_2_distance  arithmetic_data_manger.o
    0x000236e8   0x000000a8   Code   RO         3667    i.steps_matchArray_verfy  arithmetic.o
    0x00023790   0x00000004   Code   RO          959    i.storage_operation_dummy_handler  device_manager_peripheral.o
    0x00023794   0x0000005c   Code   RO         1466    i.store_cmd_flash_write_execute  pstorage.o
    0x000237f0   0x0000001c   Code   RO         1467    i.swap_erase_state_run  pstorage.o
    0x0002380c   0x00000018   Code   RO         1468    i.swap_sub_state_err_busy_process  pstorage.o
    0x00023824   0x00000014   Code   RO         1469    i.swap_sub_state_state_change  pstorage.o
    0x00023838   0x00000010   Code   RO           26    i.sys_evt_dispatch  main.o
    0x00023848   0x0000004c   Code   RO         2780    i.system_day_sec_init  sys_time.o
    0x00023894   0x0000000c   Code   RO         2781    i.system_sec_get    sys_time.o
    0x000238a0   0x000000fc   Code   RO         2782    i.system_time_get   sys_time.o
    0x0002399c   0x0000000c   Code   RO         2783    i.system_time_get_second_clr  sys_time.o
    0x000239a8   0x0000000c   Code   RO         2784    i.system_time_get_second_ready  sys_time.o
    0x000239b4   0x00000064   Code   RO         2785    i.system_time_init  sys_time.o
    0x00023a18   0x000000d8   Code   RO         2787    i.system_time_set   sys_time.o
    0x00023af0   0x00000018   Code   RO         2788    i.system_time_tick  sys_time.o
    0x00023b08   0x0000000c   Code   RO         2789    i.system_time_updated  sys_time.o
    0x00023b14   0x0000001c   Code   RO         1470    i.tail_restore_state_run  pstorage.o
    0x00023b30   0x00000010   Code   RO         2018    i.timer_list_handler_sched  app_timer.o
    0x00023b40   0x00000064   Code   RO         2019    i.timer_list_insert  app_timer.o
    0x00023ba4   0x00000070   Code   RO         2020    i.timer_list_remove  app_timer.o
    0x00023c14   0x00000030   Code   RO         2631    i.timer_pwm_event_handler  etmotor.o
    0x00023c44   0x00000080   Code   RO         2021    i.timer_timeouts_check  app_timer.o
    0x00023cc4   0x00000090   Code   RO          758    i.tx_char_add       ble_nus.o
    0x00023d54   0x00000050   Code   RO         4808    i.uart_data_handle  uartprotocol.o
    0x00023da4   0x00000050   Code   RO         2911    i.uart_init_lowPower  etsimple_uart.o
    0x00023df4   0x00000092   Code   RO         4809    i.uart_recv_data    uartprotocol.o
    0x00023e86   0x00000002   PAD
    0x00023e88   0x000000a4   Code   RO         4810    i.uart_resend_to_cos  uartprotocol.o
    0x00023f2c   0x0000000a   Code   RO          559    i.uint16_encode     ble_advdata.o
    0x00023f36   0x00000002   PAD
    0x00023f38   0x00000144   Code   RO         4975    i.unziphfmex        GT24L16M1Y20-518221552.lib(gt24l16m1y20.o)
    0x0002407c   0x00000014   Code   RO          960    i.update_status_bit_reset  device_manager_peripheral.o
    0x00024090   0x00000064   Code   RO          694    i.update_timeout_handler  ble_conn_params.o
    0x000240f4   0x00000054   Code   RO         2022    i.user_id_get       app_timer.o
    0x00024148   0x00000024   Code   RO         2023    i.user_op_alloc     app_timer.o
    0x0002416c   0x00000010   Code   RO         4438    i.usr_clock_time_unit_handler  etalarm.o
    0x0002417c   0x0000000a   Code   RO         4094    i.usr_timer_handler  gsensor.o
    0x00024186   0x000001ae   Code   RO         3509    i.utf8_to_gbk       etutf8tounicode.o
    0x00024334   0x00000026   Code   RO          560    i.uuid_list_encode  ble_advdata.o
    0x0002435a   0x000000a2   Code   RO          561    i.uuid_list_sized_encode  ble_advdata.o
    0x000243fc   0x00000002   Code   RO         3034    i.wdt_event_handler  et_wdt.o
    0x000243fe   0x00000010   Code   RO          625    i.whitelist_has_entries  ble_advertising.o
    0x0002440e   0x00000002   PAD
    0x00024410   0x00000088   Code   RO         3882    i.write_data_item_2_mem_pool  data_manger.o
    0x00024498   0x00000008   Code   RO         3883    i.write_flash       data_manger.o
    0x000244a0   0x00000038   Code   RO         3884    i.write_infos_2_flash_first_page  data_manger.o
    0x000244d8   0x00000030   Code   RO         2873    i.write_switch_val  etkeyboard.o
    0x00024508   0x00000018   Code   RO         4811    i.z8_Power_ctr      uartprotocol.o
    0x00024520   0x00000007   Data   RO           28    .constdata          main.o
    0x00024527   0x00000001   PAD
    0x00024528   0x0000003c   Data   RO          397    .constdata          bsp.o
    0x00024564   0x00000040   Data   RO          759    .constdata          ble_nus.o
    0x000245a4   0x00000010   Data   RO          851    .constdata          ble_dfu.o
    0x000245b4   0x00000034   Data   RO          962    .constdata          device_manager_peripheral.o
    0x000245e8   0x00000028   Data   RO         1472    .constdata          pstorage.o
    0x00024610   0x00000018   Data   RO         1699    .constdata          nrf_drv_timer.o
    0x00024628   0x0000000c   Data   RO         1854    .constdata          et_nrf_drv_wdt.o
    0x00024634   0x00000004   Data   RO         1924    .constdata          app_button.o
    0x00024638   0x00000008   Data   RO         2632    .constdata          etmotor.o
    0x00024640   0x0000000c   Data   RO         3035    .constdata          et_wdt.o
    0x0002464c   0x00000630   Data   RO         3130    .constdata          etlcddisplayapp.o
    0x00024c7c   0x00000059   Data   RO         3737    .constdata          arithmetic_data_manger.o
    0x00024cd5   0x00000004   Data   RO         3888    .constdata          data_manger.o
    0x00024cd9   0x00000003   PAD
    0x00024cdc   0x00000038   Data   RO         4537    .constdata          usr_task.o
    0x00024d14   0x00000018   Data   RO         2999    .conststring        etversion.o
    0x00024d2c   0x00000023   Data   RO         3139    .conststring        etlcddisplayapp.o
    0x00024d4f   0x00000001   PAD
    0x00024d50   0x00000020   Data   RO         5147    Region$$Table       anon$$obj.o


    Execution Region RW_IRAM1 (Base: 0x20002000, Size: 0x00001ed8, Max: 0x00006000, ABSOLUTE, COMPRESSED[0x00000098])

    Base Addr    Size         Type   Attr      Idx    E Section Name        Object

    0x20002000   0x0000000c   Data   RW           29    .data               main.o
    0x2000200c   0x00000011   Data   RW          398    .data               bsp.o
    0x2000201d   0x00000003   PAD
    0x20002020   0x00000008   Data   RW          477    .data               bsp_btn_ble.o
    0x20002028   0x00000004   Data   RW          521    .data               system_nrf51.o
    0x2000202c   0x0000001f   Data   RW          627    .data               ble_advertising.o
    0x2000204b   0x00000001   PAD
    0x2000204c   0x00000018   Data   RW          696    .data               ble_conn_params.o
    0x20002064   0x00000008   Data   RW          852    .data               ble_dfu.o
    0x2000206c   0x00000018   Data   RW          963    .data               device_manager_peripheral.o
    0x20002084   0x00000024   Data   RW         1473    .data               pstorage.o
    0x200020a8   0x00000003   Data   RW         1700    .data               nrf_drv_timer.o
    0x200020ab   0x00000001   PAD
    0x200020ac   0x0000000c   Data   RW         1855    .data               et_nrf_drv_wdt.o
    0x200020b8   0x00000018   Data   RW         1925    .data               app_button.o
    0x200020d0   0x00000024   Data   RW         2024    .data               app_timer.o
    0x200020f4   0x00000008   Data   RW         2208    .data               dfu_app_handler.o
    0x200020fc   0x00000014   Data   RW         2270    .data               softdevice_handler.o
    0x20002110   0x00000001   Data   RW         2363    .data               et_battery.o
    0x20002111   0x00000001   Data   RW         2430    .data               et_spi_gpio.o
    0x20002112   0x00000002   PAD
    0x20002114   0x0000000c   Data   RW         2633    .data               etmotor.o
    0x20002120   0x00000014   Data   RW         2790    .data               sys_time.o
    0x20002134   0x00000005   Data   RW         2874    .data               etkeyboard.o
    0x20002139   0x00000001   PAD
    0x2000213a   0x00000006   Data   RW         2913    .data               etsimple_uart.o
    0x20002140   0x0000000c   Data   RW         3000    .data               etversion.o
    0x2000214c   0x00000001   Data   RW         3036    .data               et_wdt.o
    0x2000214d   0x00000003   PAD
    0x20002150   0x00000030   Data   RW         3145    .data               etlcddisplayapp.o
    0x20002180   0x00000001   Data   RW         3397    .data               etmainloop.o
    0x20002181   0x00000009   Data   RW         3443    .data               etmultipagedisplay.o
    0x2000218a   0x00000002   PAD
    0x2000218c   0x00000030   Data   RW         3582    .data               app_arithmetic.o
    0x200021bc   0x00000002   Data   RW         3668    .data               arithmetic.o
    0x200021be   0x00000002   PAD
    0x200021c0   0x0000002c   Data   RW         3738    .data               arithmetic_data_manger.o
    0x200021ec   0x00000002   Data   RW         3889    .data               data_manger.o
    0x200021ee   0x00000002   Data   RW         3890    .data               data_manger.o
    0x200021f0   0x00000054   Data   RW         3891    .data               data_manger.o
    0x20002244   0x00000004   Data   RW         4026    .data               data_transfer.o
    0x20002248   0x00000004   Data   RW         4029    .data               data_transfer.o
    0x2000224c   0x00000003   Data   RW         4167    .data               gsensor_driver.o
    0x2000224f   0x00000001   PAD
    0x20002250   0x00000038   Data   RW         4353    .data               sleep_record.o
    0x20002288   0x00000004   Data   RW         4486    .data               ke_timer.o
    0x2000228c   0x00000008   Data   RW         4600    .data               btprotocol.o
    0x20002294   0x00000010   Data   RW         4814    .data               uartprotocol.o
    0x200022a4   0x00000008   Data   RW         4976    .data               GT24L16M1Y20-518221552.lib(gt24l16m1y20.o)
    0x200022ac   0x00000318   Zero   RW           27    .bss                main.o
    0x200025c4   0x0000000f   Zero   RW          396    .bss                bsp.o
    0x200025d3   0x00000001   PAD
    0x200025d4   0x000000fb   Zero   RW          626    .bss                ble_advertising.o
    0x200026cf   0x00000001   PAD
    0x200026d0   0x0000001c   Zero   RW          695    .bss                ble_conn_params.o
    0x200026ec   0x0000014f   Zero   RW          961    .bss                device_manager_peripheral.o
    0x2000283b   0x00000001   PAD
    0x2000283c   0x00000050   Zero   RW         1270    .bss                nrf_drv_gpiote.o
    0x2000288c   0x000000d8   Zero   RW         1471    .bss                pstorage.o
    0x20002964   0x00000018   Zero   RW         1698    .bss                nrf_drv_timer.o
    0x2000297c   0x0000003c   Zero   RW         2207    .bss                dfu_app_handler.o
    0x200029b8   0x00000200   Zero   RW         2912    .bss                etsimple_uart.o
    0x20002bb8   0x00000168   Zero   RW         3442    .bss                etmultipagedisplay.o
    0x20002d20   0x000000c0   Zero   RW         3580    .bss                app_arithmetic.o
    0x20002de0   0x00000040   Zero   RW         3581    .bss                app_arithmetic.o
    0x20002e20   0x00000010   Zero   RW         3736    .bss                arithmetic_data_manger.o
    0x20002e30   0x00000303   Zero   RW         3885    .bss                data_manger.o
    0x20003133   0x00000001   PAD
    0x20003134   0x00000016   Zero   RW         3886    .bss                data_manger.o
    0x2000314a   0x00000016   Zero   RW         3887    .bss                data_manger.o
    0x20003160   0x000000b0   Zero   RW         4352    .bss                sleep_record.o
    0x20003210   0x0000000c   Zero   RW         4439    .bss                etalarm.o
    0x2000321c   0x0000001c   Zero   RW         4484    .bss                ke_timer.o
    0x20003238   0x00000360   Zero   RW         4598    .bss                btprotocol.o
    0x20003598   0x0000013c   Zero   RW         4813    .bss                uartprotocol.o
    0x200036d4   0x00000004   PAD
    0x200036d8   0x00000800   Zero   RW          509    STACK               arm_startup_nrf51.o


==============================================================================

Image component sizes


      Code (inc. data)   RO Data    RW Data    ZI Data      Debug   Object Name

       626         52          0         48        256       8631   app_arithmetic.o
       340         32          4         24          0       8650   app_button.o
        24          8          0          0          0       6772   app_error.o
      1938        160          0         36          0      25047   app_timer.o
      2340         18          0          2          0      10885   arithmetic.o
       964        110         89         44         16      11166   arithmetic_data_manger.o
        56         18        192          0       2048        716   arm_startup_nrf51.o
      1092          6          0          0          0      11698   ble_advdata.o
      1054         42          0         31        251       8081   ble_advertising.o
       472         54          0         24         28      12335   ble_conn_params.o
      1006         50         16          8          0      12104   ble_dfu.o
      1202         58         64          0          0      10239   ble_nus.o
        60          2          0          0          0       1184   bootloader_util.o
       380         46         60         17         15       5608   bsp.o
       100          8          0          8          0       3148   bsp_btn_ble.o
      2850        164          0          8        864      26966   btprotocol.o
       132          0          0          0          0       3426   common_arithmetic.o
      1608        126          4         88        815      16893   data_manger.o
       532         38          0          8          0       6618   data_transfer.o
      3772        330         52         24        335      33050   device_manager_peripheral.o
       458         70          0          8         60      12516   dfu_app_handler.o
       290         70          0          1          0       7976   et_battery.o
       114          0          0          0          0       1960   et_debug.o
        56          4          0          0          0        648   et_font_spi.o
       336         62         12         12          0      15208   et_nrf_drv_wdt.o
       256         50          0          1          0       4457   et_spi_gpio.o
        86         18         12          1          0       5667   et_wdt.o
       380         16          0          0         12       3221   etalarm.o
       840         62          0          0          0      13415   eti2c.o
       108         10          0          5          0       1857   etkeyboard.o
      5382        372       1619         48          0      36664   etlcddisplayapp.o
       328         96          0          1          0       2631   etmainloop.o
       408         60          8         12          0      11066   etmotor.o
       940         54          0          9        360       8387   etmultipagedisplay.o
       608        110          0          6        512      16214   etsimple_uart.o
       324         28          0          0          0       5043   etspi.o
       456          0          0          0          0       2734   etutf8tounicode.o
       320         18         24         12          0       2416   etversion.o
       318          4          0          0          0       4314   gsensor.o
      1102         18          0          3          0      16912   gsensor_driver.o
       188         32          0          4         28       4075   ke_timer.o
      2044        334          7         12        792     112148   main.o
        58          4          0          0          0       1651   nrf_delay.o
        96         18          0          0          0       7124   nrf_drv_common.o
       924        128          0          0         80      19660   nrf_drv_gpiote.o
       438         44         24          3         24      14653   nrf_drv_timer.o
      2810        266         40         36        216      34786   pstorage.o
       878         88          0         56        176      10577   sleep_record.o
       264         24          0         20          0       6040   softdevice_handler.o
       780         94          0         20          0       8543   sys_time.o
       156         26          0          4          0       2203   system_nrf51.o
      1686        112          0         16        316      20627   uartprotocol.o
         4          0         56          0          0       2114   usr_task.o

    ----------------------------------------------------------------------
     44062       3614       2320        676       7212     640724   Object Totals
         0          0         32          0          0          0   (incl. Generated)
        78          0          5         16          8          0   (incl. Padding)

    ----------------------------------------------------------------------

      Code (inc. data)   RO Data    RW Data    ZI Data      Debug   Library Member Name

      2118        170          0          8          0       6239   gt24l16m1y20.o
        86          0          0          0          0          0   __dczerorl2.o
         0          0          0          0          0          0   entry.o
         0          0          0          0          0          0   entry10a.o
         0          0          0          0          0          0   entry11a.o
         8          4          0          0          0          0   entry2.o
         4          0          0          0          0          0   entry5.o
         0          0          0          0          0          0   entry7b.o
         0          0          0          0          0          0   entry8b.o
         8          4          0          0          0          0   entry9a.o
        30          0          0          0          0          0   handlers.o
        40          0          0          0          0         72   idiv.o
        36          8          0          0          0         68   init.o
         0          0          0          0          0          0   iusefp.o
       122          0          0          0          0         84   llmul.o
        32          0          0          0          0         68   llshl.o
        38          0          0          0          0         68   llsshr.o
        34          0          0          0          0         68   llushr.o
        26          0          0          0          0         72   memcmp.o
        36          0          0          0          0         60   memcpya.o
        36          0          0          0          0        100   memseta.o
      2250        100          0          0          0        460   printfa.o
        14          0          0          0          0         60   strlen.o
        44          0          0          0          0         72   uidiv.o
        96          0          0          0          0         84   uldiv.o
        40          2          0          0          0         68   cdrcmple.o
       356          6          0          0          0        140   dadd.o
       240          6          0          0          0         84   ddiv.o
       238          0          0          0          0        216   depilogue.o
        64         10          0          0          0         68   dfixul.o
       208          6          0          0          0         88   dmul.o

    ----------------------------------------------------------------------
      6210        316          0          8          0       8239   Library Totals
         6          0          0          0          0          0   (incl. Padding)

    ----------------------------------------------------------------------

      Code (inc. data)   RO Data    RW Data    ZI Data      Debug   Library Name

      2118        170          0          8          0       6239   GT24L16M1Y20-518221552.lib
      2940        116          0          0          0       1336   mc_p.l
      1146         30          0          0          0        664   mf_p.l

    ----------------------------------------------------------------------
      6210        316          0          8          0       8239   Library Totals

    ----------------------------------------------------------------------

==============================================================================


      Code (inc. data)   RO Data    RW Data    ZI Data      Debug   

     50272       3930       2320        684       7212     624855   Grand Totals
     50272       3930       2320        152       7212     624855   ELF Image Totals (compressed)
     50272       3930       2320        152          0          0   ROM Totals

==============================================================================

    Total RO  Size (Code + RO Data)                52592 (  51.36kB)
    Total RW  Size (RW Data + ZI Data)              7896 (   7.71kB)
    Total ROM Size (Code + RO Data + RW Data)      52744 (  51.51kB)

==============================================================================

