<html>
<body>
<pre>
<h1>礦ision Build Log</h1>
<h2>Project:</h2>
E:\公司文件\ET1502B\FW\nRF51_SDK_9.0.0_2e23562\examples\ble_peripheral\ET1502B_sample_disableTimer2_nick151222\pca10028\s110\arm4\ble_app_uart_s110_pca10028.uvproj
Project File Date:  12/25/2015

<h2>Output:</h2>
Clean started: Project: 'ble_app_uart_s110_pca10028'
   deleting intermediate output files for target 'nrf51422_xxac_s110'
   deleting intermediate output files for target 'flash_softdevice'
Build target 'nrf51422_xxac_s110'
compiling main.c...
compiling bsp.c...
compiling bsp_btn_ble.c...
..\..\..\..\..\bsp\bsp_btn_ble.c(79): warning:  #550-D: variable "m_error_handler" was set but never used
assembling arm_startup_nrf51.s...
compiling system_nrf51.c...
compiling ble_advdata.c...
compiling ble_advertising.c...
compiling ble_conn_params.c...
compiling ble_nus.c...
compiling ble_srv_common.c...
compiling ble_dfu.c...
compiling device_manager_peripheral.c...
compiling app_uart_fifo.c...
compiling nrf_delay.c...
compiling nrf_drv_common.c...
compiling nrf_drv_gpiote.c...
compiling pstorage.c...
compiling nrf_drv_timer.c...
compiling et_nrf_drv_wdt.c...
compiling app_button.c...
compiling app_error.c...
compiling app_fifo.c...
compiling app_timer.c...
compiling app_trace.c...
compiling nrf_assert.c...
compiling retarget.c...
compiling bootloader_util.c...
compiling dfu_app_handler.c...
compiling softdevice_handler.c...
compiling et_debug.c...
compiling et_battery.c...
compiling et_Spi_gpio.c...
compiling etI2c.c...
compiling etMotor.c...
compiling etSpi.c...
compiling sys_time.c...
compiling etkeyboard.c...
compiling etSimple_uart.c...
compiling etVersion.c...
compiling et_WDT.c...
compiling etFontApp.c...
compiling etLcdDisplayApp.c...
compiling etMainLoop.c...
compiling etMultiPageDisplay.c...
compiling etUtf8ToUnicode.c...
compiling etWorkMod.c...
compiling et_font_spi.c...
compiling app_arithmetic.c...
compiling arithmetic.c...
compiling arithmetic_data_manger.c...
compiling common_arithmetic.c...
compiling data_manger.c...
compiling data_transfer.c...
compiling free_notic.c...
compiling gSensor.c...
compiling gSensor_driver.c...
compiling sleep_record.c...
compiling etAlarm.c...
compiling ke_timer.c...
compiling usr_task.c...
compiling btProtocol.c...
compiling uartProtocol.c...
linking...
Program Size: Code=50272 RO-data=2320 RW-data=684 ZI-data=7212  
FromELF: creating hex file...
".\_build\ET1502_12251.axf" - 0 Errors, 1 Warning(s).
Clean started: Project: 'ble_app_uart_s110_pca10028'
   deleting intermediate output files for target 'nrf51422_xxac_s110'
   deleting intermediate output files for target 'flash_softdevice'
Build target 'nrf51422_xxac_s110'
compiling main.c...
compiling bsp.c...
compiling bsp_btn_ble.c...
..\..\..\..\..\bsp\bsp_btn_ble.c(79): warning:  #550-D: variable "m_error_handler" was set but never used
assembling arm_startup_nrf51.s...
compiling system_nrf51.c...
compiling ble_advdata.c...
compiling ble_advertising.c...
compiling ble_conn_params.c...
compiling ble_nus.c...
compiling ble_srv_common.c...
compiling ble_dfu.c...
compiling device_manager_peripheral.c...
compiling app_uart_fifo.c...
compiling nrf_delay.c...
compiling nrf_drv_common.c...
compiling nrf_drv_gpiote.c...
compiling pstorage.c...
compiling nrf_drv_timer.c...
compiling et_nrf_drv_wdt.c...
compiling app_button.c...
compiling app_error.c...
compiling app_fifo.c...
compiling app_timer.c...
compiling app_trace.c...
compiling nrf_assert.c...
compiling retarget.c...
compiling bootloader_util.c...
compiling dfu_app_handler.c...
compiling softdevice_handler.c...
compiling et_debug.c...
compiling et_battery.c...
compiling et_Spi_gpio.c...
compiling etI2c.c...
compiling etMotor.c...
compiling etSpi.c...
compiling sys_time.c...
compiling etkeyboard.c...
compiling etSimple_uart.c...
compiling etVersion.c...
compiling et_WDT.c...
compiling etFontApp.c...
compiling etLcdDisplayApp.c...
compiling etMainLoop.c...
compiling etMultiPageDisplay.c...
compiling etUtf8ToUnicode.c...
compiling etWorkMod.c...
compiling et_font_spi.c...
compiling app_arithmetic.c...
compiling arithmetic.c...
compiling arithmetic_data_manger.c...
compiling common_arithmetic.c...
compiling data_manger.c...
compiling data_transfer.c...
compiling free_notic.c...
compiling gSensor.c...
compiling gSensor_driver.c...
compiling sleep_record.c...
compiling etAlarm.c...
compiling ke_timer.c...
compiling usr_task.c...
compiling btProtocol.c...
compiling uartProtocol.c...
linking...
Program Size: Code=50272 RO-data=2320 RW-data=684 ZI-data=7212  
FromELF: creating hex file...
".\_build\ET1502_12251.axf" - 0 Errors, 1 Warning(s).
Clean started: Project: 'ble_app_uart_s110_pca10028'
   deleting intermediate output files for target 'nrf51422_xxac_s110'
   deleting intermediate output files for target 'flash_softdevice'
Build target 'nrf51422_xxac_s110'
compiling main.c...
compiling bsp.c...
compiling bsp_btn_ble.c...
..\..\..\..\..\bsp\bsp_btn_ble.c(79): warning:  #550-D: variable "m_error_handler" was set but never used
assembling arm_startup_nrf51.s...
compiling system_nrf51.c...
compiling ble_advdata.c...
compiling ble_advertising.c...
compiling ble_conn_params.c...
compiling ble_nus.c...
compiling ble_srv_common.c...
compiling ble_dfu.c...
compiling device_manager_peripheral.c...
compiling app_uart_fifo.c...
compiling nrf_delay.c...
compiling nrf_drv_common.c...
compiling nrf_drv_gpiote.c...
compiling pstorage.c...
compiling nrf_drv_timer.c...
compiling et_nrf_drv_wdt.c...
compiling app_button.c...
compiling app_error.c...
compiling app_fifo.c...
compiling app_timer.c...
compiling app_trace.c...
compiling nrf_assert.c...
compiling retarget.c...
compiling bootloader_util.c...
compiling dfu_app_handler.c...
compiling softdevice_handler.c...
compiling et_debug.c...
compiling et_battery.c...
compiling et_Spi_gpio.c...
compiling etI2c.c...
compiling etMotor.c...
compiling etSpi.c...
compiling sys_time.c...
compiling etkeyboard.c...
compiling etSimple_uart.c...
compiling etVersion.c...
compiling et_WDT.c...
compiling etFontApp.c...
compiling etLcdDisplayApp.c...
compiling etMainLoop.c...
compiling etMultiPageDisplay.c...
compiling etUtf8ToUnicode.c...
compiling etWorkMod.c...
compiling et_font_spi.c...
compiling app_arithmetic.c...
compiling arithmetic.c...
compiling arithmetic_data_manger.c...
compiling common_arithmetic.c...
compiling data_manger.c...
compiling data_transfer.c...
compiling free_notic.c...
compiling gSensor.c...
compiling gSensor_driver.c...
compiling sleep_record.c...
compiling etAlarm.c...
compiling ke_timer.c...
compiling usr_task.c...
compiling btProtocol.c...
compiling uartProtocol.c...
linking...
Program Size: Code=50004 RO-data=2320 RW-data=684 ZI-data=7212  
FromELF: creating hex file...
".\_build\ET1502_12252.axf" - 0 Errors, 1 Warning(s).
Clean started: Project: 'ble_app_uart_s110_pca10028'
   deleting intermediate output files for target 'nrf51422_xxac_s110'
   deleting intermediate output files for target 'flash_softdevice'
Build target 'nrf51422_xxac_s110'
compiling main.c...
..\..\..\main.c(842): warning:  #177-D: function "device_manager_init" was declared but never referenced
compiling bsp.c...
compiling bsp_btn_ble.c...
..\..\..\..\..\bsp\bsp_btn_ble.c(79): warning:  #550-D: variable "m_error_handler" was set but never used
assembling arm_startup_nrf51.s...
compiling system_nrf51.c...
compiling ble_advdata.c...
compiling ble_advertising.c...
compiling ble_conn_params.c...
compiling ble_nus.c...
compiling ble_srv_common.c...
compiling ble_dfu.c...
compiling device_manager_peripheral.c...
compiling app_uart_fifo.c...
compiling nrf_delay.c...
compiling nrf_drv_common.c...
compiling nrf_drv_gpiote.c...
compiling pstorage.c...
compiling nrf_drv_timer.c...
compiling et_nrf_drv_wdt.c...
compiling app_button.c...
compiling app_error.c...
compiling app_fifo.c...
compiling app_timer.c...
compiling app_trace.c...
compiling nrf_assert.c...
compiling retarget.c...
compiling bootloader_util.c...
compiling dfu_app_handler.c...
compiling softdevice_handler.c...
compiling et_debug.c...
compiling et_battery.c...
compiling et_Spi_gpio.c...
compiling etI2c.c...
compiling etMotor.c...
compiling etSpi.c...
compiling sys_time.c...
compiling etkeyboard.c...
compiling etSimple_uart.c...
compiling etVersion.c...
compiling et_WDT.c...
compiling etFontApp.c...
compiling etLcdDisplayApp.c...
compiling etMainLoop.c...
compiling etMultiPageDisplay.c...
compiling etUtf8ToUnicode.c...
compiling etWorkMod.c...
compiling et_font_spi.c...
compiling app_arithmetic.c...
compiling arithmetic.c...
compiling arithmetic_data_manger.c...
compiling common_arithmetic.c...
compiling data_manger.c...
compiling data_transfer.c...
compiling free_notic.c...
compiling gSensor.c...
compiling gSensor_driver.c...
compiling sleep_record.c...
compiling etAlarm.c...
compiling ke_timer.c...
compiling usr_task.c...
compiling btProtocol.c...
compiling uartProtocol.c...
linking...
Program Size: Code=48428 RO-data=2320 RW-data=680 ZI-data=7208  
FromELF: creating hex file...
".\_build\ET1502_12252.axf" - 0 Errors, 2 Warning(s).
Clean started: Project: 'ble_app_uart_s110_pca10028'
   deleting intermediate output files for target 'nrf51422_xxac_s110'
   deleting intermediate output files for target 'flash_softdevice'
Build target 'nrf51422_xxac_s110'
compiling main.c...
..\..\..\main.c(842): warning:  #177-D: function "device_manager_init" was declared but never referenced
compiling bsp.c...
compiling bsp_btn_ble.c...
..\..\..\..\..\bsp\bsp_btn_ble.c(79): warning:  #550-D: variable "m_error_handler" was set but never used
assembling arm_startup_nrf51.s...
compiling system_nrf51.c...
compiling ble_advdata.c...
compiling ble_advertising.c...
compiling ble_conn_params.c...
compiling ble_nus.c...
compiling ble_srv_common.c...
compiling ble_dfu.c...
compiling device_manager_peripheral.c...
compiling app_uart_fifo.c...
compiling nrf_delay.c...
compiling nrf_drv_common.c...
compiling nrf_drv_gpiote.c...
compiling pstorage.c...
compiling nrf_drv_timer.c...
compiling et_nrf_drv_wdt.c...
compiling app_button.c...
compiling app_error.c...
compiling app_fifo.c...
compiling app_timer.c...
compiling app_trace.c...
compiling nrf_assert.c...
compiling retarget.c...
compiling bootloader_util.c...
compiling dfu_app_handler.c...
compiling softdevice_handler.c...
compiling et_debug.c...
compiling et_battery.c...
compiling et_Spi_gpio.c...
compiling etI2c.c...
compiling etMotor.c...
compiling etSpi.c...
compiling sys_time.c...
compiling etkeyboard.c...
compiling etSimple_uart.c...
compiling etVersion.c...
compiling et_WDT.c...
compiling etFontApp.c...
compiling etLcdDisplayApp.c...
compiling etMainLoop.c...
compiling etMultiPageDisplay.c...
compiling etUtf8ToUnicode.c...
compiling etWorkMod.c...
compiling et_font_spi.c...
compiling app_arithmetic.c...
compiling arithmetic.c...
compiling arithmetic_data_manger.c...
compiling common_arithmetic.c...
compiling data_manger.c...
compiling data_transfer.c...
compiling free_notic.c...
compiling gSensor.c...
compiling gSensor_driver.c...
compiling sleep_record.c...
compiling etAlarm.c...
compiling ke_timer.c...
compiling usr_task.c...
compiling btProtocol.c...
compiling uartProtocol.c...
linking...
Program Size: Code=48428 RO-data=2320 RW-data=680 ZI-data=7208  
FromELF: creating hex file...
".\_build\ET1502_12253.axf" - 0 Errors, 2 Warning(s).
Load "E:\\公司文件\\ET1502B\\FW\\nRF51_SDK_9.0.0_2e23562\\examples\\ble_peripheral\\ET1502B_sample_disableTimer2_nick151222\\pca10028\\s110\\arm4\\_build\\ET1502_12253.axf" 
Set JLink Project File to "E:\公司文件\ET1502B\FW\nRF51_SDK_9.0.0_2e23562\examples\ble_peripheral\ET1502B_sample_disableTimer2_nick151222\pca10028\s110\arm4\JLinkSettings.ini"
* JLink Info: Device "NRF51822_XXAC" selected.
 
JLink info:
------------
DLL: V4.98c, compiled Apr 23 2015 20:21:50
Firmware: J-Link ARM V8 compiled Nov 28 2014 13:44:46
Hardware: V8.00
S/N : 99999993 
Feature(s) : RDI,FlashDL,FlashBP,JFlash,GDBFULL 
 
* JLink Info: Found SWD-DP with ID 0x0BB11477
* JLink Info: Found Cortex-M0 r0p0, Little endian.
* JLink Info: FPUnit: 4 code (BP) slots and 0 literal slots
* JLink Info: CoreSight components:
* JLink Info: ROMTbl 0 @ F0000000
* JLink Info: ROMTbl 0 [0]: F00FF000, CID: B105100D, PID: 000BB471 ROM Table
* JLink Info: ROMTbl 1 @ E00FF000
* JLink Info: ROMTbl 1 [0]: FFF0F000, CID: B105E00D, PID: 000BB008 SCS
* JLink Info: ROMTbl 1 [1]: FFF02000, CID: B105E00D, PID: 000BB00A DWT
* JLink Info: ROMTbl 1 [2]: FFF03000, CID: B105E00D, PID: 000BB00B FPB
* JLink Info: ROMTbl 0 [1]: 00002000, CID: B105900D, PID: 000BB9A3 ???
ROMTableAddr = 0xE00FF003
 
Target info:
------------
Device: nRF51822_xxAC
VTarget = 3.306V
State of Pins: 
TCK: 0, TDI: 0, TDO: 0, TMS: 1, TRES: 1, TRST: 1
Hardware-Breakpoints: 4
Software-Breakpoints: 8192
Watchpoints:          2
JTAG speed: 1000 kHz
 
Erase Done.
Programming Done.
Verify OK.
Application running ...
