<html>
<body>
<pre>
<h1>µVision Build Log</h1>
<h2>Project:</h2>
E:\PROJECT\2016_01\2016_01_13\nRF51_SDK_9.0.0_2e23562\examples\ble_peripheral\ET1502B\pca10028\s110\arm4\ble_app_uart_s110_pca10028.uvproj
Project File Date:  01/11/2016

<h2>Output:</h2>
Clean started: Project: 'ble_app_uart_s110_pca10028'
   deleting intermediate output files for target 'nrf51422_xxac_s110'
   deleting intermediate output files for target 'flash_softdevice'
Build target 'nrf51422_xxac_s110'
compiling main.c...
compiling bsp.c...
compiling bsp_btn_ble.c...
..\..\..\..\..\bsp\bsp_btn_ble.c(79): warning:  #550-D: variable "m_error_handler" was set but never used
assembling arm_startup_nrf51.s...
compiling system_nrf51.c...
compiling ble_advdata.c...
compiling ble_advertising.c...
compiling ble_conn_params.c...
compiling ble_nus.c...
compiling ble_srv_common.c...
compiling ble_dfu.c...
compiling device_manager_peripheral.c...
compiling app_uart_fifo.c...
compiling nrf_delay.c...
compiling nrf_drv_common.c...
compiling nrf_drv_gpiote.c...
compiling pstorage.c...
compiling nrf_drv_timer.c...
compiling et_nrf_drv_wdt.c...
compiling twi_sw_master.c...
compiling app_button.c...
compiling app_error.c...
compiling app_fifo.c...
compiling app_timer.c...
compiling app_trace.c...
compiling nrf_assert.c...
compiling retarget.c...
compiling bootloader_util.c...
compiling dfu_app_handler.c...
compiling softdevice_handler.c...
compiling et_debug.c...
compiling et_battery.c...
compiling et_Spi_gpio.c...
compiling etI2c.c...
compiling etMotor.c...
compiling etSpi.c...
compiling sys_time.c...
compiling etkeyboard.c...
compiling etSimple_uart.c...
compiling etVersion.c...
compiling et_WDT.c...
compiling etFontApp.c...
compiling etLcdDisplayApp.c...
compiling etMainLoop.c...
compiling etMultiPageDisplay.c...
compiling etUtf8ToUnicode.c...
compiling etWorkMod.c...
compiling et_font_spi.c...
compiling app_arithmetic.c...
compiling arithmetic.c...
compiling arithmetic_data_manger.c...
compiling common_arithmetic.c...
compiling data_manger.c...
compiling data_transfer.c...
compiling free_notic.c...
compiling gSensor.c...
compiling gSensor_driver.c...
compiling sleep_record.c...
compiling sleep_analysis.c...
compiling sleep_data.c...
compiling etAlarm.c...
compiling ke_timer.c...
compiling usr_task.c...
compiling btProtocol.c...
compiling uartProtocol.c...
linking...
Program Size: Code=44728 RO-data=2696 RW-data=640 ZI-data=16720  
FromELF: creating hex file...
".\_build\ET1502_1231.axf" - 0 Errors, 1 Warning(s).
Build target 'nrf51422_xxac_s110'
compiling gSensor.c...
linking...
Program Size: Code=44644 RO-data=2696 RW-data=640 ZI-data=16720  
FromELF: creating hex file...
".\_build\ET1502_1231.axf" - 0 Errors, 0 Warning(s).
Build target 'nrf51422_xxac_s110'
compiling sleep_data.c...
linking...
Program Size: Code=44644 RO-data=2696 RW-data=640 ZI-data=16720  
FromELF: creating hex file...
".\_build\ET1502_1231.axf" - 0 Errors, 0 Warning(s).
Build target 'nrf51422_xxac_s110'
linking...
Program Size: Code=44644 RO-data=2696 RW-data=640 ZI-data=16720  
FromELF: creating hex file...
".\_build\ET1502_1231.axf" - 0 Errors, 0 Warning(s).
Build target 'nrf51422_xxac_s110'
linking...
Program Size: Code=44644 RO-data=2696 RW-data=640 ZI-data=16720  
FromELF: creating hex file...
".\_build\ET1502_1231.axf" - 0 Errors, 0 Warning(s).
Build target 'nrf51422_xxac_s110'
linking...
Program Size: Code=44644 RO-data=2696 RW-data=640 ZI-data=16720  
FromELF: creating hex file...
".\_build\ET1502_1231.axf" - 0 Errors, 0 Warning(s).
Build target 'nrf51422_xxac_s110'
compiling sleep_data.c...
linking...
Program Size: Code=44648 RO-data=2696 RW-data=640 ZI-data=16720  
FromELF: creating hex file...
".\_build\ET1502_1231.axf" - 0 Errors, 0 Warning(s).
Build target 'nrf51422_xxac_s110'
linking...
Program Size: Code=44648 RO-data=2696 RW-data=640 ZI-data=16720  
FromELF: creating hex file...
".\_build\ET1502_1231.axf" - 0 Errors, 0 Warning(s).
Clean started: Project: 'ble_app_uart_s110_pca10028'
   deleting intermediate output files for target 'nrf51422_xxac_s110'
   deleting intermediate output files for target 'flash_softdevice'
