<!doctype html public "-//w3c//dtd html 4.0 transitional//en">
<html><head>
<title>Static Call Graph - [.\_build\ET1502_12251.axf]</title></head>
<body><HR>
<H1>Static Call Graph for image .\_build\ET1502_12251.axf</H1><HR>
<BR><P>#&#060CALLGRAPH&#062# ARM Linker, 5.03 [Build 76]: Last Updated: Fri Dec 25 16:27:05 2015
<BR><P>
<H3>Maximum Stack Usage =       1544 bytes + Unknown(Cycles, Untraceable Function Pointers)</H3><H3>
Call chain for Maximum Stack Depth:</H3>
main &rArr; main_loop &rArr; sensor_INT_enable_check &rArr; app_event_g_sensor_intr1_handler &rArr; gSensor_Read_Fifo_Data &rArr; arithmetic_write_data2buf &rArr; arithmetic_transfer_data &rArr; app_arithmetic_cal_timer_handler &rArr; app_stop_step_arithmetic_cal &rArr; deal_raw_data &rArr; peaks_valleys_final_match &rArr; steps_matchArray_verfy
<P>
<H3>
Mutually Recursive functions
</H3> <LI><a href="#[2]">NMI_Handler</a>&nbsp;&nbsp;&nbsp;&rArr;&nbsp;&nbsp;&nbsp;<a href="#[2]">NMI_Handler</a><BR>
 <LI><a href="#[3]">HardFault_Handler</a>&nbsp;&nbsp;&nbsp;&rArr;&nbsp;&nbsp;&nbsp;<a href="#[3]">HardFault_Handler</a><BR>
 <LI><a href="#[4]">SVC_Handler</a>&nbsp;&nbsp;&nbsp;&rArr;&nbsp;&nbsp;&nbsp;<a href="#[4]">SVC_Handler</a><BR>
 <LI><a href="#[5]">PendSV_Handler</a>&nbsp;&nbsp;&nbsp;&rArr;&nbsp;&nbsp;&nbsp;<a href="#[5]">PendSV_Handler</a><BR>
 <LI><a href="#[6]">SysTick_Handler</a>&nbsp;&nbsp;&nbsp;&rArr;&nbsp;&nbsp;&nbsp;<a href="#[6]">SysTick_Handler</a><BR>
 <LI><a href="#[d]">ADC_IRQHandler</a>&nbsp;&nbsp;&nbsp;&rArr;&nbsp;&nbsp;&nbsp;<a href="#[d]">ADC_IRQHandler</a><BR>
 <LI><a href="#[5c]">__asm___11_app_timer_c_cd27f9c3__nrf_delay_us</a>&nbsp;&nbsp;&nbsp;&rArr;&nbsp;&nbsp;&nbsp;<a href="#[5c]">__asm___11_app_timer_c_cd27f9c3__nrf_delay_us</a><BR>
 <LI><a href="#[5b]">__asm___11_nrf_delay_c_532987f3__nrf_delay_us</a>&nbsp;&nbsp;&nbsp;&rArr;&nbsp;&nbsp;&nbsp;<a href="#[5b]">__asm___11_nrf_delay_c_532987f3__nrf_delay_us</a><BR>
 <LI><a href="#[152]">app_notify_error_state_transit</a>&nbsp;&nbsp;&nbsp;&rArr;&nbsp;&nbsp;&nbsp;<a href="#[154]">sm_state_change</a><BR>
 <LI><a href="#[154]">sm_state_change</a>&nbsp;&nbsp;&nbsp;&rArr;&nbsp;&nbsp;&nbsp;<a href="#[1a8]">cmd_process</a><BR>
</UL>
<P>
<H3>
Function Pointers
</H3><UL>
 <LI><a href="#[d]">ADC_IRQHandler</a> from arm_startup_nrf51.o(.text) referenced from arm_startup_nrf51.o(RESET)
 <LI><a href="#[15]">CCM_AAR_IRQHandler</a> from arm_startup_nrf51.o(.text) referenced from arm_startup_nrf51.o(RESET)
 <LI><a href="#[14]">ECB_IRQHandler</a> from arm_startup_nrf51.o(.text) referenced from arm_startup_nrf51.o(RESET)
 <LI><a href="#[c]">GPIOTE_IRQHandler</a> from nrf_drv_gpiote.o(i.GPIOTE_IRQHandler) referenced from arm_startup_nrf51.o(RESET)
 <LI><a href="#[3]">HardFault_Handler</a> from arm_startup_nrf51.o(.text) referenced from arm_startup_nrf51.o(RESET)
 <LI><a href="#[19]">LPCOMP_IRQHandler</a> from arm_startup_nrf51.o(.text) referenced from arm_startup_nrf51.o(RESET)
 <LI><a href="#[2]">NMI_Handler</a> from arm_startup_nrf51.o(.text) referenced from arm_startup_nrf51.o(RESET)
 <LI><a href="#[7]">POWER_CLOCK_IRQHandler</a> from arm_startup_nrf51.o(.text) referenced from arm_startup_nrf51.o(RESET)
 <LI><a href="#[5]">PendSV_Handler</a> from arm_startup_nrf51.o(.text) referenced from arm_startup_nrf51.o(RESET)
 <LI><a href="#[18]">QDEC_IRQHandler</a> from arm_startup_nrf51.o(.text) referenced from arm_startup_nrf51.o(RESET)
 <LI><a href="#[8]">RADIO_IRQHandler</a> from arm_startup_nrf51.o(.text) referenced from arm_startup_nrf51.o(RESET)
 <LI><a href="#[13]">RNG_IRQHandler</a> from arm_startup_nrf51.o(.text) referenced from arm_startup_nrf51.o(RESET)
 <LI><a href="#[11]">RTC0_IRQHandler</a> from arm_startup_nrf51.o(.text) referenced from arm_startup_nrf51.o(RESET)
 <LI><a href="#[17]">RTC1_IRQHandler</a> from app_timer.o(i.RTC1_IRQHandler) referenced from arm_startup_nrf51.o(RESET)
 <LI><a href="#[1]">Reset_Handler</a> from arm_startup_nrf51.o(.text) referenced from arm_startup_nrf51.o(RESET)
 <LI><a href="#[a]">SPI0_TWI0_IRQHandler</a> from arm_startup_nrf51.o(.text) referenced from arm_startup_nrf51.o(RESET)
 <LI><a href="#[b]">SPI1_TWI1_IRQHandler</a> from arm_startup_nrf51.o(.text) referenced from arm_startup_nrf51.o(RESET)
 <LI><a href="#[4]">SVC_Handler</a> from arm_startup_nrf51.o(.text) referenced from arm_startup_nrf51.o(RESET)
 <LI><a href="#[1a]">SWI0_IRQHandler</a> from app_timer.o(i.SWI0_IRQHandler) referenced from arm_startup_nrf51.o(RESET)
 <LI><a href="#[1b]">SWI1_IRQHandler</a> from arm_startup_nrf51.o(.text) referenced from arm_startup_nrf51.o(RESET)
 <LI><a href="#[1c]">SWI2_IRQHandler</a> from softdevice_handler.o(i.SWI2_IRQHandler) referenced from arm_startup_nrf51.o(RESET)
 <LI><a href="#[1d]">SWI3_IRQHandler</a> from arm_startup_nrf51.o(.text) referenced from arm_startup_nrf51.o(RESET)
 <LI><a href="#[1e]">SWI4_IRQHandler</a> from arm_startup_nrf51.o(.text) referenced from arm_startup_nrf51.o(RESET)
 <LI><a href="#[1f]">SWI5_IRQHandler</a> from arm_startup_nrf51.o(.text) referenced from arm_startup_nrf51.o(RESET)
 <LI><a href="#[6]">SysTick_Handler</a> from arm_startup_nrf51.o(.text) referenced from arm_startup_nrf51.o(RESET)
 <LI><a href="#[21]">SystemInit</a> from system_nrf51.o(i.SystemInit) referenced from arm_startup_nrf51.o(.text)
 <LI><a href="#[12]">TEMP_IRQHandler</a> from arm_startup_nrf51.o(.text) referenced from arm_startup_nrf51.o(RESET)
 <LI><a href="#[e]">TIMER0_IRQHandler</a> from nrf_drv_timer.o(i.TIMER0_IRQHandler) referenced from arm_startup_nrf51.o(RESET)
 <LI><a href="#[f]">TIMER1_IRQHandler</a> from nrf_drv_timer.o(i.TIMER1_IRQHandler) referenced from arm_startup_nrf51.o(RESET)
 <LI><a href="#[10]">TIMER2_IRQHandler</a> from nrf_drv_timer.o(i.TIMER2_IRQHandler) referenced from arm_startup_nrf51.o(RESET)
 <LI><a href="#[9]">UART0_IRQHandler</a> from etsimple_uart.o(i.UART0_IRQHandler) referenced from arm_startup_nrf51.o(RESET)
 <LI><a href="#[16]">WDT_IRQHandler</a> from et_nrf_drv_wdt.o(i.WDT_IRQHandler) referenced from arm_startup_nrf51.o(RESET)
 <LI><a href="#[22]">__main</a> from entry.o(.ARM.Collect$$$$00000000) referenced from arm_startup_nrf51.o(.text)
 <LI><a href="#[24]">_sputc</a> from printfa.o(i._sputc) referenced from printfa.o(i.__0vsprintf)
 <LI><a href="#[53]">app_event_g_sensor_intr1_handler</a> from gsensor.o(i.app_event_g_sensor_intr1_handler) referenced from usr_task.o(.constdata)
 <LI><a href="#[55]">app_gSensor_nomotion_timer_handler</a> from sleep_record.o(i.app_gSensor_nomotion_timer_handler) referenced from usr_task.o(.constdata)
 <LI><a href="#[54]">app_sleep_record_timer_handler</a> from sleep_record.o(i.app_sleep_record_timer_handler) referenced from usr_task.o(.constdata)
 <LI><a href="#[56]">auto_send_sport_record_to_app_timer</a> from data_transfer.o(i.auto_send_sport_record_to_app_timer) referenced from usr_task.o(.constdata)
 <LI><a href="#[29]">ble_evt_dispatch</a> from main.o(i.ble_evt_dispatch) referenced from main.o(i.ble_stack_init)
 <LI><a href="#[3b]">bsp_button_event_handler</a> from bsp.o(i.bsp_button_event_handler) referenced 5 times from bsp.o(.constdata)
 <LI><a href="#[32]">bsp_event_handler</a> from main.o(i.bsp_event_handler) referenced from main.o(i.main)
 <LI><a href="#[2b]">button_timer_handler</a> from bsp.o(i.button_timer_handler) referenced from bsp.o(i.bsp_init)
 <LI><a href="#[34]">conn_params_error_handler</a> from main.o(i.conn_params_error_handler) referenced from main.o(i.main)
 <LI><a href="#[4f]">data_page_erase_state_run</a> from pstorage.o(i.data_page_erase_state_run) referenced from pstorage.o(.constdata)
 <LI><a href="#[4e]">data_to_swap_write_state_run</a> from pstorage.o(i.data_to_swap_write_state_run) referenced from pstorage.o(.constdata)
 <LI><a href="#[27]">detection_delay_timeout_handler</a> from app_button.o(i.detection_delay_timeout_handler) referenced from app_button.o(i.app_button_init)
 <LI><a href="#[2f]">device_manager_evt_handler</a> from main.o(i.device_manager_evt_handler) referenced from main.o(i.device_manager_init)
 <LI><a href="#[37]">dfu_app_on_dfu_evt</a> from dfu_app_handler.o(i.dfu_app_on_dfu_evt) referenced from main.o(i.services_init)
 <LI><a href="#[0]">dfu_app_reset_prepare</a> from dfu_app_handler.o(i.dfu_app_reset_prepare) referenced 2 times from dfu_app_handler.o(.data)
 <LI><a href="#[30]">dm_pstorage_cb_handler</a> from device_manager_peripheral.o(i.dm_pstorage_cb_handler) referenced from device_manager_peripheral.o(i.dm_init)
 <LI><a href="#[46]">gattc_context_apply</a> from device_manager_peripheral.o(i.gattc_context_apply) referenced from device_manager_peripheral.o(.constdata)
 <LI><a href="#[42]">gattc_context_load</a> from device_manager_peripheral.o(i.gattc_context_load) referenced from device_manager_peripheral.o(.constdata)
 <LI><a href="#[3e]">gattc_context_store</a> from device_manager_peripheral.o(i.gattc_context_store) referenced from device_manager_peripheral.o(.constdata)
 <LI><a href="#[45]">gatts_context_apply</a> from device_manager_peripheral.o(i.gatts_context_apply) referenced from device_manager_peripheral.o(.constdata)
 <LI><a href="#[41]">gatts_context_load</a> from device_manager_peripheral.o(i.gatts_context_load) referenced from device_manager_peripheral.o(.constdata)
 <LI><a href="#[3d]">gatts_context_store</a> from device_manager_peripheral.o(i.gatts_context_store) referenced from device_manager_peripheral.o(.constdata)
 <LI><a href="#[47]">gattsc_context_apply</a> from device_manager_peripheral.o(i.gattsc_context_apply) referenced from device_manager_peripheral.o(.constdata)
 <LI><a href="#[43]">gattsc_context_load</a> from device_manager_peripheral.o(i.gattsc_context_load) referenced from device_manager_peripheral.o(.constdata)
 <LI><a href="#[3f]">gattsc_context_store</a> from device_manager_peripheral.o(i.gattsc_context_store) referenced from device_manager_peripheral.o(.constdata)
 <LI><a href="#[26]">gpiote_event_handler</a> from app_button.o(i.gpiote_event_handler) referenced from app_button.o(i.app_button_init)
 <LI><a href="#[51]">head_restore_state_run</a> from pstorage.o(i.head_restore_state_run) referenced from pstorage.o(.constdata)
 <LI><a href="#[20]">main</a> from main.o(i.main) referenced from entry9a.o(.ARM.Collect$$$$0000000B)
 <LI><a href="#[36]">new_serve_nus_data_handler</a> from main.o(i.new_serve_nus_data_handler) referenced from main.o(i.services_init)
 <LI><a href="#[44]">no_service_context_apply</a> from device_manager_peripheral.o(i.no_service_context_apply) referenced from device_manager_peripheral.o(.constdata)
 <LI><a href="#[40]">no_service_context_load</a> from device_manager_peripheral.o(i.no_service_context_load) referenced from device_manager_peripheral.o(.constdata)
 <LI><a href="#[3c]">no_service_context_store</a> from device_manager_peripheral.o(i.no_service_context_store) referenced from device_manager_peripheral.o(.constdata)
 <LI><a href="#[35]">nus_data_handler</a> from main.o(i.nus_data_handler) referenced from main.o(i.services_init)
 <LI><a href="#[25]">on_adv_evt</a> from main.o(i.on_adv_evt) referenced from main.o(i.advertising_init)
 <LI><a href="#[33]">on_conn_params_evt</a> from main.o(i.on_conn_params_evt) referenced from main.o(i.main)
 <LI><a href="#[2e]">pstorage_store</a> from pstorage.o(i.pstorage_store) referenced from device_manager_peripheral.o(i.device_context_store)
 <LI><a href="#[2e]">pstorage_store</a> from pstorage.o(i.pstorage_store) referenced from device_manager_peripheral.o(i.dm_application_context_set)
 <LI><a href="#[2e]">pstorage_store</a> from pstorage.o(i.pstorage_store) referenced from device_manager_peripheral.o(i.gatts_context_store)
 <LI><a href="#[2d]">pstorage_update</a> from pstorage.o(i.pstorage_update) referenced from device_manager_peripheral.o(i.device_context_store)
 <LI><a href="#[2d]">pstorage_update</a> from pstorage.o(i.pstorage_update) referenced from device_manager_peripheral.o(i.dm_application_context_set)
 <LI><a href="#[2d]">pstorage_update</a> from pstorage.o(i.pstorage_update) referenced from device_manager_peripheral.o(i.gatts_context_store)
 <LI><a href="#[38]">reset_prepare</a> from main.o(i.reset_prepare) referenced from main.o(i.services_init)
 <LI><a href="#[57]">send_data_timeout_timer</a> from data_transfer.o(i.send_data_timeout_timer) referenced from usr_task.o(.constdata)
 <LI><a href="#[39]">softdevice_assertion_handler</a> from softdevice_handler.o(i.softdevice_assertion_handler) referenced from softdevice_handler.o(i.softdevice_handler_init)
 <LI><a href="#[4a]">state_erase_data_page_entry_run</a> from pstorage.o(i.state_erase_data_page_entry_run) referenced from pstorage.o(.constdata)
 <LI><a href="#[4c]">state_restore_head_entry_run</a> from pstorage.o(i.state_restore_head_entry_run) referenced from pstorage.o(.constdata)
 <LI><a href="#[4b]">state_restore_tail_entry_run</a> from pstorage.o(i.state_restore_tail_entry_run) referenced from pstorage.o(.constdata)
 <LI><a href="#[48]">state_swap_erase_entry_run</a> from pstorage.o(i.state_swap_erase_entry_run) referenced from pstorage.o(.constdata)
 <LI><a href="#[49]">state_write_data_swap_entry_run</a> from pstorage.o(i.state_write_data_swap_entry_run) referenced from pstorage.o(.constdata)
 <LI><a href="#[2c]">storage_operation_dummy_handler</a> from device_manager_peripheral.o(i.storage_operation_dummy_handler) referenced from device_manager_peripheral.o(i.device_context_store)
 <LI><a href="#[4d]">swap_erase_state_run</a> from pstorage.o(i.swap_erase_state_run) referenced from pstorage.o(.constdata)
 <LI><a href="#[2a]">sys_evt_dispatch</a> from main.o(i.sys_evt_dispatch) referenced from main.o(i.ble_stack_init)
 <LI><a href="#[3a]">system_time_tick</a> from sys_time.o(i.system_time_tick) referenced from sys_time.o(i.system_time_init)
 <LI><a href="#[50]">tail_restore_state_run</a> from pstorage.o(i.tail_restore_state_run) referenced from pstorage.o(.constdata)
 <LI><a href="#[23]">timer_pwm_event_handler</a> from etmotor.o(i.timer_pwm_event_handler) referenced from etmotor.o(i.ETTimer1Init)
 <LI><a href="#[28]">update_timeout_handler</a> from ble_conn_params.o(i.update_timeout_handler) referenced from ble_conn_params.o(i.ble_conn_params_init)
 <LI><a href="#[58]">usr_clock_time_unit_handler</a> from etalarm.o(i.usr_clock_time_unit_handler) referenced from usr_task.o(.constdata)
 <LI><a href="#[52]">usr_timer_handler</a> from gsensor.o(i.usr_timer_handler) referenced from usr_task.o(.constdata)
 <LI><a href="#[31]">wdt_event_handler</a> from et_wdt.o(i.wdt_event_handler) referenced from et_wdt.o(i.et_WDT_init)
</UL>
<P>
<H3>
Global Symbols
</H3>
<P><STRONG><a name="[22]"></a>__main</STRONG> (Thumb, 0 bytes, Stack size unknown bytes, entry.o(.ARM.Collect$$$$00000000))
<BR>[Address Reference Count : 1]<UL><LI> arm_startup_nrf51.o(.text)
</UL>
<P><STRONG><a name="[24b]"></a>_main_stk</STRONG> (Thumb, 0 bytes, Stack size unknown bytes, entry2.o(.ARM.Collect$$$$00000001))

<P><STRONG><a name="[59]"></a>_main_scatterload</STRONG> (Thumb, 0 bytes, Stack size unknown bytes, entry5.o(.ARM.Collect$$$$00000004))
<BR><BR>[Calls]<UL><LI><a href="#[5a]">&gt;&gt;</a>&nbsp;&nbsp;&nbsp;__scatterload
</UL>

<P><STRONG><a name="[6f]"></a>__main_after_scatterload</STRONG> (Thumb, 0 bytes, Stack size unknown bytes, entry5.o(.ARM.Collect$$$$00000004))
<BR><BR>[Called By]<UL><LI><a href="#[5a]">&gt;&gt;</a>&nbsp;&nbsp;&nbsp;__scatterload
</UL>

<P><STRONG><a name="[24c]"></a>_main_clock</STRONG> (Thumb, 0 bytes, Stack size unknown bytes, entry7b.o(.ARM.Collect$$$$00000008))

<P><STRONG><a name="[24d]"></a>_main_cpp_init</STRONG> (Thumb, 0 bytes, Stack size unknown bytes, entry8b.o(.ARM.Collect$$$$0000000A))

<P><STRONG><a name="[24e]"></a>_main_init</STRONG> (Thumb, 0 bytes, Stack size unknown bytes, entry9a.o(.ARM.Collect$$$$0000000B))

<P><STRONG><a name="[24f]"></a>__rt_final_cpp</STRONG> (Thumb, 0 bytes, Stack size unknown bytes, entry10a.o(.ARM.Collect$$$$0000000D))

<P><STRONG><a name="[250]"></a>__rt_final_exit</STRONG> (Thumb, 0 bytes, Stack size unknown bytes, entry11a.o(.ARM.Collect$$$$0000000F))

<P><STRONG><a name="[5b]"></a>__asm___11_nrf_delay_c_532987f3__nrf_delay_us</STRONG> (Thumb, 30 bytes, Stack size 0 bytes, nrf_delay.o(.emb_text))
<BR><BR>[Calls]<UL><LI><a href="#[5b]">&gt;&gt;</a>&nbsp;&nbsp;&nbsp;__asm___11_nrf_delay_c_532987f3__nrf_delay_us
</UL>
<BR>[Called By]<UL><LI><a href="#[c4]">&gt;&gt;</a>&nbsp;&nbsp;&nbsp;nrf_delay_ms
<LI><a href="#[5b]">&gt;&gt;</a>&nbsp;&nbsp;&nbsp;__asm___11_nrf_delay_c_532987f3__nrf_delay_us
</UL>

<P><STRONG><a name="[5c]"></a>__asm___11_app_timer_c_cd27f9c3__nrf_delay_us</STRONG> (Thumb, 30 bytes, Stack size 0 bytes, app_timer.o(.emb_text))
<BR><BR>[Calls]<UL><LI><a href="#[5c]">&gt;&gt;</a>&nbsp;&nbsp;&nbsp;__asm___11_app_timer_c_cd27f9c3__nrf_delay_us
</UL>
<BR>[Called By]<UL><LI><a href="#[5c]">&gt;&gt;</a>&nbsp;&nbsp;&nbsp;__asm___11_app_timer_c_cd27f9c3__nrf_delay_us
<LI><a href="#[160]">&gt;&gt;</a>&nbsp;&nbsp;&nbsp;rtc1_stop
<LI><a href="#[114]">&gt;&gt;</a>&nbsp;&nbsp;&nbsp;compare_reg_update
</UL>

<P><STRONG><a name="[197]"></a>__asm___17_bootloader_util_c_c13d365c__bootloader_util_reset</STRONG> (Thumb, 52 bytes, Stack size 0 bytes, bootloader_util.o(.emb_text))
<BR><BR>[Called By]<UL><LI><a href="#[196]">&gt;&gt;</a>&nbsp;&nbsp;&nbsp;bootloader_util_app_start
</UL>

<P><STRONG><a name="[1]"></a>Reset_Handler</STRONG> (Thumb, 26 bytes, Stack size 0 bytes, arm_startup_nrf51.o(.text))
<BR>[Address Reference Count : 1]<UL><LI> arm_startup_nrf51.o(RESET)
</UL>
<P><STRONG><a name="[2]"></a>NMI_Handler</STRONG> (Thumb, 2 bytes, Stack size 0 bytes, arm_startup_nrf51.o(.text))
<BR><BR>[Calls]<UL><LI><a href="#[2]">&gt;&gt;</a>&nbsp;&nbsp;&nbsp;NMI_Handler
</UL>
<BR>[Called By]<UL><LI><a href="#[2]">&gt;&gt;</a>&nbsp;&nbsp;&nbsp;NMI_Handler
</UL>
<BR>[Address Reference Count : 1]<UL><LI> arm_startup_nrf51.o(RESET)
</UL>
<P><STRONG><a name="[3]"></a>HardFault_Handler</STRONG> (Thumb, 2 bytes, Stack size 0 bytes, arm_startup_nrf51.o(.text))
<BR><BR>[Calls]<UL><LI><a href="#[3]">&gt;&gt;</a>&nbsp;&nbsp;&nbsp;HardFault_Handler
</UL>
<BR>[Called By]<UL><LI><a href="#[3]">&gt;&gt;</a>&nbsp;&nbsp;&nbsp;HardFault_Handler
</UL>
<BR>[Address Reference Count : 1]<UL><LI> arm_startup_nrf51.o(RESET)
</UL>
<P><STRONG><a name="[4]"></a>SVC_Handler</STRONG> (Thumb, 2 bytes, Stack size 0 bytes, arm_startup_nrf51.o(.text))
<BR><BR>[Calls]<UL><LI><a href="#[4]">&gt;&gt;</a>&nbsp;&nbsp;&nbsp;SVC_Handler
</UL>
<BR>[Called By]<UL><LI><a href="#[4]">&gt;&gt;</a>&nbsp;&nbsp;&nbsp;SVC_Handler
</UL>
<BR>[Address Reference Count : 1]<UL><LI> arm_startup_nrf51.o(RESET)
</UL>
<P><STRONG><a name="[5]"></a>PendSV_Handler</STRONG> (Thumb, 2 bytes, Stack size 0 bytes, arm_startup_nrf51.o(.text))
<BR><BR>[Calls]<UL><LI><a href="#[5]">&gt;&gt;</a>&nbsp;&nbsp;&nbsp;PendSV_Handler
</UL>
<BR>[Called By]<UL><LI><a href="#[5]">&gt;&gt;</a>&nbsp;&nbsp;&nbsp;PendSV_Handler
</UL>
<BR>[Address Reference Count : 1]<UL><LI> arm_startup_nrf51.o(RESET)
</UL>
<P><STRONG><a name="[6]"></a>SysTick_Handler</STRONG> (Thumb, 2 bytes, Stack size 0 bytes, arm_startup_nrf51.o(.text))
<BR><BR>[Calls]<UL><LI><a href="#[6]">&gt;&gt;</a>&nbsp;&nbsp;&nbsp;SysTick_Handler
</UL>
<BR>[Called By]<UL><LI><a href="#[6]">&gt;&gt;</a>&nbsp;&nbsp;&nbsp;SysTick_Handler
</UL>
<BR>[Address Reference Count : 1]<UL><LI> arm_startup_nrf51.o(RESET)
</UL>
<P><STRONG><a name="[d]"></a>ADC_IRQHandler</STRONG> (Thumb, 0 bytes, Stack size 0 bytes, arm_startup_nrf51.o(.text))
<BR><BR>[Calls]<UL><LI><a href="#[d]">&gt;&gt;</a>&nbsp;&nbsp;&nbsp;ADC_IRQHandler
</UL>
<BR>[Called By]<UL><LI><a href="#[d]">&gt;&gt;</a>&nbsp;&nbsp;&nbsp;ADC_IRQHandler
</UL>
<BR>[Address Reference Count : 1]<UL><LI> arm_startup_nrf51.o(RESET)
</UL>
<P><STRONG><a name="[15]"></a>CCM_AAR_IRQHandler</STRONG> (Thumb, 0 bytes, Stack size 0 bytes, arm_startup_nrf51.o(.text))
<BR>[Address Reference Count : 1]<UL><LI> arm_startup_nrf51.o(RESET)
</UL>
<P><STRONG><a name="[14]"></a>ECB_IRQHandler</STRONG> (Thumb, 0 bytes, Stack size 0 bytes, arm_startup_nrf51.o(.text))
<BR>[Address Reference Count : 1]<UL><LI> arm_startup_nrf51.o(RESET)
</UL>
<P><STRONG><a name="[19]"></a>LPCOMP_IRQHandler</STRONG> (Thumb, 0 bytes, Stack size 0 bytes, arm_startup_nrf51.o(.text))
<BR>[Address Reference Count : 1]<UL><LI> arm_startup_nrf51.o(RESET)
</UL>
<P><STRONG><a name="[7]"></a>POWER_CLOCK_IRQHandler</STRONG> (Thumb, 0 bytes, Stack size 0 bytes, arm_startup_nrf51.o(.text))
<BR>[Address Reference Count : 1]<UL><LI> arm_startup_nrf51.o(RESET)
</UL>
<P><STRONG><a name="[18]"></a>QDEC_IRQHandler</STRONG> (Thumb, 0 bytes, Stack size 0 bytes, arm_startup_nrf51.o(.text))
<BR>[Address Reference Count : 1]<UL><LI> arm_startup_nrf51.o(RESET)
</UL>
<P><STRONG><a name="[8]"></a>RADIO_IRQHandler</STRONG> (Thumb, 0 bytes, Stack size 0 bytes, arm_startup_nrf51.o(.text))
<BR>[Address Reference Count : 1]<UL><LI> arm_startup_nrf51.o(RESET)
</UL>
<P><STRONG><a name="[13]"></a>RNG_IRQHandler</STRONG> (Thumb, 0 bytes, Stack size 0 bytes, arm_startup_nrf51.o(.text))
<BR>[Address Reference Count : 1]<UL><LI> arm_startup_nrf51.o(RESET)
</UL>
<P><STRONG><a name="[11]"></a>RTC0_IRQHandler</STRONG> (Thumb, 0 bytes, Stack size 0 bytes, arm_startup_nrf51.o(.text))
<BR>[Address Reference Count : 1]<UL><LI> arm_startup_nrf51.o(RESET)
</UL>
<P><STRONG><a name="[a]"></a>SPI0_TWI0_IRQHandler</STRONG> (Thumb, 0 bytes, Stack size 0 bytes, arm_startup_nrf51.o(.text))
<BR>[Address Reference Count : 1]<UL><LI> arm_startup_nrf51.o(RESET)
</UL>
<P><STRONG><a name="[b]"></a>SPI1_TWI1_IRQHandler</STRONG> (Thumb, 0 bytes, Stack size 0 bytes, arm_startup_nrf51.o(.text))
<BR>[Address Reference Count : 1]<UL><LI> arm_startup_nrf51.o(RESET)
</UL>
<P><STRONG><a name="[1b]"></a>SWI1_IRQHandler</STRONG> (Thumb, 0 bytes, Stack size 0 bytes, arm_startup_nrf51.o(.text))
<BR>[Address Reference Count : 1]<UL><LI> arm_startup_nrf51.o(RESET)
</UL>
<P><STRONG><a name="[1d]"></a>SWI3_IRQHandler</STRONG> (Thumb, 0 bytes, Stack size 0 bytes, arm_startup_nrf51.o(.text))
<BR>[Address Reference Count : 1]<UL><LI> arm_startup_nrf51.o(RESET)
</UL>
<P><STRONG><a name="[1e]"></a>SWI4_IRQHandler</STRONG> (Thumb, 0 bytes, Stack size 0 bytes, arm_startup_nrf51.o(.text))
<BR>[Address Reference Count : 1]<UL><LI> arm_startup_nrf51.o(RESET)
</UL>
<P><STRONG><a name="[1f]"></a>SWI5_IRQHandler</STRONG> (Thumb, 0 bytes, Stack size 0 bytes, arm_startup_nrf51.o(.text))
<BR>[Address Reference Count : 1]<UL><LI> arm_startup_nrf51.o(RESET)
</UL>
<P><STRONG><a name="[12]"></a>TEMP_IRQHandler</STRONG> (Thumb, 0 bytes, Stack size 0 bytes, arm_startup_nrf51.o(.text))
<BR>[Address Reference Count : 1]<UL><LI> arm_startup_nrf51.o(RESET)
</UL>
<P><STRONG><a name="[251]"></a>__aeabi_uidiv</STRONG> (Thumb, 0 bytes, Stack size 12 bytes, uidiv.o(.text), UNUSED)

<P><STRONG><a name="[5e]"></a>__aeabi_uidivmod</STRONG> (Thumb, 44 bytes, Stack size 12 bytes, uidiv.o(.text))
<BR><BR>[Stack]<UL><LI>Max Depth = 12<LI>Call Chain = __aeabi_uidivmod
</UL>
<BR>[Called By]<UL><LI><a href="#[48]">&gt;&gt;</a>&nbsp;&nbsp;&nbsp;state_swap_erase_entry_run
<LI><a href="#[4b]">&gt;&gt;</a>&nbsp;&nbsp;&nbsp;state_restore_tail_entry_run
<LI><a href="#[246]">&gt;&gt;</a>&nbsp;&nbsp;&nbsp;state_data_erase_swap_entry_run
<LI><a href="#[232]">&gt;&gt;</a>&nbsp;&nbsp;&nbsp;pstorage_flash_page_end
<LI><a href="#[1af]">&gt;&gt;</a>&nbsp;&nbsp;&nbsp;is_page_erase_required
<LI><a href="#[51]">&gt;&gt;</a>&nbsp;&nbsp;&nbsp;head_restore_state_run
<LI><a href="#[1a2]">&gt;&gt;</a>&nbsp;&nbsp;&nbsp;clear_operation_execute
<LI><a href="#[1c9]">&gt;&gt;</a>&nbsp;&nbsp;&nbsp;pstorage_clear
<LI><a href="#[30]">&gt;&gt;</a>&nbsp;&nbsp;&nbsp;dm_pstorage_cb_handler
<LI><a href="#[1ef]">&gt;&gt;</a>&nbsp;&nbsp;&nbsp;nrf_drv_wdt_init
<LI><a href="#[a3]">&gt;&gt;</a>&nbsp;&nbsp;&nbsp;system_time_get
<LI><a href="#[20a]">&gt;&gt;</a>&nbsp;&nbsp;&nbsp;isleap
<LI><a href="#[b1]">&gt;&gt;</a>&nbsp;&nbsp;&nbsp;battery_adc_read_once
<LI><a href="#[91]">&gt;&gt;</a>&nbsp;&nbsp;&nbsp;Get_BatteryPercent
<LI><a href="#[15b]">&gt;&gt;</a>&nbsp;&nbsp;&nbsp;write_data_item_2_mem_pool
<LI><a href="#[13d]">&gt;&gt;</a>&nbsp;&nbsp;&nbsp;steps_2_distance
<LI><a href="#[13e]">&gt;&gt;</a>&nbsp;&nbsp;&nbsp;steps_2_calorie
<LI><a href="#[140]">&gt;&gt;</a>&nbsp;&nbsp;&nbsp;sportInfo2DMDataItem
<LI><a href="#[16b]">&gt;&gt;</a>&nbsp;&nbsp;&nbsp;arth_init_person_info
<LI><a href="#[1b8]">&gt;&gt;</a>&nbsp;&nbsp;&nbsp;peaks_valleys_final_match
<LI><a href="#[1b7]">&gt;&gt;</a>&nbsp;&nbsp;&nbsp;peaksValleys_mergeArray_arrange
<LI><a href="#[ad]">&gt;&gt;</a>&nbsp;&nbsp;&nbsp;FIRProcess
<LI><a href="#[142]">&gt;&gt;</a>&nbsp;&nbsp;&nbsp;app_arthmetic_get_total_calorie
<LI><a href="#[1a7]">&gt;&gt;</a>&nbsp;&nbsp;&nbsp;display_alarm
<LI><a href="#[7d]">&gt;&gt;</a>&nbsp;&nbsp;&nbsp;display_Rssi_distance
<LI><a href="#[a0]">&gt;&gt;</a>&nbsp;&nbsp;&nbsp;Display_idle_logo
<LI><a href="#[a1]">&gt;&gt;</a>&nbsp;&nbsp;&nbsp;display_step_distance_engery
<LI><a href="#[a4]">&gt;&gt;</a>&nbsp;&nbsp;&nbsp;display_day_clock
<LI><a href="#[151]">&gt;&gt;</a>&nbsp;&nbsp;&nbsp;sleep_add_xyzData
<LI><a href="#[122]">&gt;&gt;</a>&nbsp;&nbsp;&nbsp;_printf_core
<LI><a href="#[5d]">&gt;&gt;</a>&nbsp;&nbsp;&nbsp;__aeabi_idivmod
</UL>

<P><STRONG><a name="[252]"></a>__aeabi_idiv</STRONG> (Thumb, 0 bytes, Stack size 16 bytes, idiv.o(.text), UNUSED)

<P><STRONG><a name="[5d]"></a>__aeabi_idivmod</STRONG> (Thumb, 40 bytes, Stack size 16 bytes, idiv.o(.text))
<BR><BR>[Stack]<UL><LI>Max Depth = 28<LI>Call Chain = __aeabi_idivmod &rArr; __aeabi_uidivmod
</UL>
<BR>[Calls]<UL><LI><a href="#[5e]">&gt;&gt;</a>&nbsp;&nbsp;&nbsp;__aeabi_uidivmod
</UL>
<BR>[Called By]<UL><LI><a href="#[1e1]">&gt;&gt;</a>&nbsp;&nbsp;&nbsp;pstorage_register
<LI><a href="#[a3]">&gt;&gt;</a>&nbsp;&nbsp;&nbsp;system_time_get
<LI><a href="#[13e]">&gt;&gt;</a>&nbsp;&nbsp;&nbsp;steps_2_calorie
<LI><a href="#[16b]">&gt;&gt;</a>&nbsp;&nbsp;&nbsp;arth_init_person_info
<LI><a href="#[1b3]">&gt;&gt;</a>&nbsp;&nbsp;&nbsp;smoothfunc
</UL>

<P><STRONG><a name="[5f]"></a>__aeabi_lmul</STRONG> (Thumb, 122 bytes, Stack size 64 bytes, llmul.o(.text))
<BR><BR>[Stack]<UL><LI>Max Depth = 72<LI>Call Chain = __aeabi_lmul &rArr; __aeabi_llsl
</UL>
<BR>[Calls]<UL><LI><a href="#[60]">&gt;&gt;</a>&nbsp;&nbsp;&nbsp;__aeabi_llsl
</UL>
<BR>[Called By]<UL><LI><a href="#[1b9]">&gt;&gt;</a>&nbsp;&nbsp;&nbsp;decompressbmp16
</UL>

<P><STRONG><a name="[253]"></a>_ll_mul</STRONG> (Thumb, 0 bytes, Stack size 64 bytes, llmul.o(.text), UNUSED)

<P><STRONG><a name="[78]"></a>__aeabi_memcpy</STRONG> (Thumb, 36 bytes, Stack size 0 bytes, memcpya.o(.text))
<BR><BR>[Called By]<UL><LI><a href="#[12d]">&gt;&gt;</a>&nbsp;&nbsp;&nbsp;service_data_encode
<LI><a href="#[12c]">&gt;&gt;</a>&nbsp;&nbsp;&nbsp;manuf_specific_data_encode
<LI><a href="#[1ce]">&gt;&gt;</a>&nbsp;&nbsp;&nbsp;dm_register
<LI><a href="#[185]">&gt;&gt;</a>&nbsp;&nbsp;&nbsp;dm_ble_evt_handler
<LI><a href="#[17c]">&gt;&gt;</a>&nbsp;&nbsp;&nbsp;ble_conn_params_on_ble_evt
<LI><a href="#[17b]">&gt;&gt;</a>&nbsp;&nbsp;&nbsp;ble_conn_params_init
<LI><a href="#[76]">&gt;&gt;</a>&nbsp;&nbsp;&nbsp;BT_set_address
<LI><a href="#[193]">&gt;&gt;</a>&nbsp;&nbsp;&nbsp;pstorage_load
<LI><a href="#[1d4]">&gt;&gt;</a>&nbsp;&nbsp;&nbsp;dm_peer_addr_get
<LI><a href="#[1c6]">&gt;&gt;</a>&nbsp;&nbsp;&nbsp;device_instance_allocate
<LI><a href="#[195]">&gt;&gt;</a>&nbsp;&nbsp;&nbsp;dfu_app_peer_data_set
<LI><a href="#[15b]">&gt;&gt;</a>&nbsp;&nbsp;&nbsp;write_data_item_2_mem_pool
<LI><a href="#[b4]">&gt;&gt;</a>&nbsp;&nbsp;&nbsp;Get_userInfo_from_app
<LI><a href="#[235]">&gt;&gt;</a>&nbsp;&nbsp;&nbsp;set_user_info
<LI><a href="#[1b7]">&gt;&gt;</a>&nbsp;&nbsp;&nbsp;peaksValleys_mergeArray_arrange
<LI><a href="#[169]">&gt;&gt;</a>&nbsp;&nbsp;&nbsp;arithmetic_transfer_data
<LI><a href="#[20c]">&gt;&gt;</a>&nbsp;&nbsp;&nbsp;lcd_display_handle
<LI><a href="#[1d7]">&gt;&gt;</a>&nbsp;&nbsp;&nbsp;display_page
<LI><a href="#[f7]">&gt;&gt;</a>&nbsp;&nbsp;&nbsp;protocol_Save_data
<LI><a href="#[222]">&gt;&gt;</a>&nbsp;&nbsp;&nbsp;newService_protocol_Save_data
<LI><a href="#[f2]">&gt;&gt;</a>&nbsp;&nbsp;&nbsp;Protocol_SetAlarm
<LI><a href="#[214]">&gt;&gt;</a>&nbsp;&nbsp;&nbsp;read_infos_from_flash_first_page
<LI><a href="#[200]">&gt;&gt;</a>&nbsp;&nbsp;&nbsp;init_data_manger
<LI><a href="#[116]">&gt;&gt;</a>&nbsp;&nbsp;&nbsp;SaveEveryDayHistySport_Data_info2_datamanger
<LI><a href="#[213]">&gt;&gt;</a>&nbsp;&nbsp;&nbsp;init_ram_pools
<LI><a href="#[20f]">&gt;&gt;</a>&nbsp;&nbsp;&nbsp;save_cos_ver_ans_handle
<LI><a href="#[203]">&gt;&gt;</a>&nbsp;&nbsp;&nbsp;get_bt_name_ans_handle
</UL>

<P><STRONG><a name="[c3]"></a>__aeabi_memcpy4</STRONG> (Thumb, 0 bytes, Stack size 0 bytes, memcpya.o(.text))
<BR><BR>[Called By]<UL><LI><a href="#[17b]">&gt;&gt;</a>&nbsp;&nbsp;&nbsp;ble_conn_params_init
<LI><a href="#[12f]">&gt;&gt;</a>&nbsp;&nbsp;&nbsp;ble_advertising_init
<LI><a href="#[3d]">&gt;&gt;</a>&nbsp;&nbsp;&nbsp;gatts_context_store
<LI><a href="#[7d]">&gt;&gt;</a>&nbsp;&nbsp;&nbsp;display_Rssi_distance
<LI><a href="#[c2]">&gt;&gt;</a>&nbsp;&nbsp;&nbsp;LCD_init
</UL>

<P><STRONG><a name="[254]"></a>__aeabi_memcpy8</STRONG> (Thumb, 0 bytes, Stack size 0 bytes, memcpya.o(.text), UNUSED)

<P><STRONG><a name="[62]"></a>__aeabi_memset</STRONG> (Thumb, 14 bytes, Stack size 0 bytes, memseta.o(.text))
<BR><BR>[Called By]<UL><LI><a href="#[63]">&gt;&gt;</a>&nbsp;&nbsp;&nbsp;_memset$wrapper
<LI><a href="#[61]">&gt;&gt;</a>&nbsp;&nbsp;&nbsp;__aeabi_memclr
</UL>

<P><STRONG><a name="[255]"></a>__aeabi_memset4</STRONG> (Thumb, 0 bytes, Stack size 0 bytes, memseta.o(.text), UNUSED)

<P><STRONG><a name="[256]"></a>__aeabi_memset8</STRONG> (Thumb, 0 bytes, Stack size 0 bytes, memseta.o(.text), UNUSED)

<P><STRONG><a name="[61]"></a>__aeabi_memclr</STRONG> (Thumb, 4 bytes, Stack size 0 bytes, memseta.o(.text))
<BR><BR>[Calls]<UL><LI><a href="#[62]">&gt;&gt;</a>&nbsp;&nbsp;&nbsp;__aeabi_memset
</UL>
<BR>[Called By]<UL><LI><a href="#[1cb]">&gt;&gt;</a>&nbsp;&nbsp;&nbsp;device_manager_init
<LI><a href="#[1ca]">&gt;&gt;</a>&nbsp;&nbsp;&nbsp;peer_instance_init
<LI><a href="#[1ac]">&gt;&gt;</a>&nbsp;&nbsp;&nbsp;connection_instance_init
<LI><a href="#[140]">&gt;&gt;</a>&nbsp;&nbsp;&nbsp;sportInfo2DMDataItem
<LI><a href="#[1b6]">&gt;&gt;</a>&nbsp;&nbsp;&nbsp;peaks_valleys_Merge
<LI><a href="#[1b7]">&gt;&gt;</a>&nbsp;&nbsp;&nbsp;peaksValleys_mergeArray_arrange
<LI><a href="#[137]">&gt;&gt;</a>&nbsp;&nbsp;&nbsp;deal_raw_data
<LI><a href="#[138]">&gt;&gt;</a>&nbsp;&nbsp;&nbsp;clear_arithmetic_buf
<LI><a href="#[20c]">&gt;&gt;</a>&nbsp;&nbsp;&nbsp;lcd_display_handle
<LI><a href="#[1ae]">&gt;&gt;</a>&nbsp;&nbsp;&nbsp;free_display_buff
<LI><a href="#[131]">&gt;&gt;</a>&nbsp;&nbsp;&nbsp;analyse_display_data
<LI><a href="#[71]">&gt;&gt;</a>&nbsp;&nbsp;&nbsp;ASCII_GetData
<LI><a href="#[bf]">&gt;&gt;</a>&nbsp;&nbsp;&nbsp;app_sleep_store_item_begin_info
<LI><a href="#[116]">&gt;&gt;</a>&nbsp;&nbsp;&nbsp;SaveEveryDayHistySport_Data_info2_datamanger
<LI><a href="#[1fc]">&gt;&gt;</a>&nbsp;&nbsp;&nbsp;ram_block_reset
<LI><a href="#[213]">&gt;&gt;</a>&nbsp;&nbsp;&nbsp;init_ram_pools
<LI><a href="#[11d]">&gt;&gt;</a>&nbsp;&nbsp;&nbsp;flash_gsensor_sport_sleep_data_partition_refresh
</UL>

<P><STRONG><a name="[11c]"></a>__aeabi_memclr4</STRONG> (Thumb, 0 bytes, Stack size 0 bytes, memseta.o(.text))
<BR><BR>[Called By]<UL><LI><a href="#[173]">&gt;&gt;</a>&nbsp;&nbsp;&nbsp;ble_advertising_peer_address_clear
<LI><a href="#[1cd]">&gt;&gt;</a>&nbsp;&nbsp;&nbsp;dm_init
<LI><a href="#[185]">&gt;&gt;</a>&nbsp;&nbsp;&nbsp;dm_ble_evt_handler
<LI><a href="#[175]">&gt;&gt;</a>&nbsp;&nbsp;&nbsp;ble_advertising_start
<LI><a href="#[12f]">&gt;&gt;</a>&nbsp;&nbsp;&nbsp;ble_advertising_init
<LI><a href="#[20]">&gt;&gt;</a>&nbsp;&nbsp;&nbsp;main
<LI><a href="#[12e]">&gt;&gt;</a>&nbsp;&nbsp;&nbsp;advertising_init
<LI><a href="#[3d]">&gt;&gt;</a>&nbsp;&nbsp;&nbsp;gatts_context_store
<LI><a href="#[30]">&gt;&gt;</a>&nbsp;&nbsp;&nbsp;dm_pstorage_cb_handler
<LI><a href="#[182]">&gt;&gt;</a>&nbsp;&nbsp;&nbsp;dfu_rev_char_add
<LI><a href="#[180]">&gt;&gt;</a>&nbsp;&nbsp;&nbsp;dfu_pkt_char_add
<LI><a href="#[181]">&gt;&gt;</a>&nbsp;&nbsp;&nbsp;dfu_ctrl_pt_add
<LI><a href="#[18b]">&gt;&gt;</a>&nbsp;&nbsp;&nbsp;tx_char_add
<LI><a href="#[18c]">&gt;&gt;</a>&nbsp;&nbsp;&nbsp;rx_char_add
<LI><a href="#[224]">&gt;&gt;</a>&nbsp;&nbsp;&nbsp;new_service_tx_char_add
<LI><a href="#[225]">&gt;&gt;</a>&nbsp;&nbsp;&nbsp;new_service_rx_char_add
<LI><a href="#[137]">&gt;&gt;</a>&nbsp;&nbsp;&nbsp;deal_raw_data
<LI><a href="#[20c]">&gt;&gt;</a>&nbsp;&nbsp;&nbsp;lcd_display_handle
<LI><a href="#[1ae]">&gt;&gt;</a>&nbsp;&nbsp;&nbsp;free_display_buff
<LI><a href="#[56]">&gt;&gt;</a>&nbsp;&nbsp;&nbsp;auto_send_sport_record_to_app_timer
<LI><a href="#[16c]">&gt;&gt;</a>&nbsp;&nbsp;&nbsp;auto_send_histy_sport_record_to_app_timer
<LI><a href="#[98]">&gt;&gt;</a>&nbsp;&nbsp;&nbsp;display_gb18030_string
<LI><a href="#[7d]">&gt;&gt;</a>&nbsp;&nbsp;&nbsp;display_Rssi_distance
<LI><a href="#[150]">&gt;&gt;</a>&nbsp;&nbsp;&nbsp;gSensor_Read_Fifo_Data
<LI><a href="#[214]">&gt;&gt;</a>&nbsp;&nbsp;&nbsp;read_infos_from_flash_first_page
<LI><a href="#[200]">&gt;&gt;</a>&nbsp;&nbsp;&nbsp;init_data_manger
<LI><a href="#[116]">&gt;&gt;</a>&nbsp;&nbsp;&nbsp;SaveEveryDayHistySport_Data_info2_datamanger
<LI><a href="#[237]">&gt;&gt;</a>&nbsp;&nbsp;&nbsp;send_key_val_to_cos
<LI><a href="#[1a0]">&gt;&gt;</a>&nbsp;&nbsp;&nbsp;uart_resend_to_cos
</UL>

<P><STRONG><a name="[257]"></a>__aeabi_memclr8</STRONG> (Thumb, 0 bytes, Stack size 0 bytes, memseta.o(.text), UNUSED)

<P><STRONG><a name="[63]"></a>_memset$wrapper</STRONG> (Thumb, 18 bytes, Stack size 8 bytes, memseta.o(.text), UNUSED)
<BR><BR>[Calls]<UL><LI><a href="#[62]">&gt;&gt;</a>&nbsp;&nbsp;&nbsp;__aeabi_memset
</UL>

<P><STRONG><a name="[9f]"></a>strlen</STRONG> (Thumb, 14 bytes, Stack size 0 bytes, strlen.o(.text))
<BR><BR>[Called By]<UL><LI><a href="#[8f]">&gt;&gt;</a>&nbsp;&nbsp;&nbsp;Display_Menu
<LI><a href="#[b2]">&gt;&gt;</a>&nbsp;&nbsp;&nbsp;Get_KeyVersion
<LI><a href="#[99]">&gt;&gt;</a>&nbsp;&nbsp;&nbsp;Get_HWVersion
<LI><a href="#[9a]">&gt;&gt;</a>&nbsp;&nbsp;&nbsp;Get_COSVersion
<LI><a href="#[a4]">&gt;&gt;</a>&nbsp;&nbsp;&nbsp;display_day_clock
</UL>

<P><STRONG><a name="[11a]"></a>memcmp</STRONG> (Thumb, 26 bytes, Stack size 12 bytes, memcmp.o(.text))
<BR><BR>[Stack]<UL><LI>Max Depth = 12<LI>Call Chain = memcmp
</UL>
<BR>[Called By]<UL><LI><a href="#[3d]">&gt;&gt;</a>&nbsp;&nbsp;&nbsp;gatts_context_store
<LI><a href="#[30]">&gt;&gt;</a>&nbsp;&nbsp;&nbsp;dm_pstorage_cb_handler
<LI><a href="#[1c7]">&gt;&gt;</a>&nbsp;&nbsp;&nbsp;device_instance_find
<LI><a href="#[234]">&gt;&gt;</a>&nbsp;&nbsp;&nbsp;receive_userInfo_from_app
<LI><a href="#[200]">&gt;&gt;</a>&nbsp;&nbsp;&nbsp;init_data_manger
<LI><a href="#[116]">&gt;&gt;</a>&nbsp;&nbsp;&nbsp;SaveEveryDayHistySport_Data_info2_datamanger
<LI><a href="#[11d]">&gt;&gt;</a>&nbsp;&nbsp;&nbsp;flash_gsensor_sport_sleep_data_partition_refresh
<LI><a href="#[1f3]">&gt;&gt;</a>&nbsp;&nbsp;&nbsp;flash_gsensor_data_partition_refresh
</UL>

<P><STRONG><a name="[64]"></a>__aeabi_uldivmod</STRONG> (Thumb, 96 bytes, Stack size 48 bytes, uldiv.o(.text), UNUSED)
<BR><BR>[Calls]<UL><LI><a href="#[65]">&gt;&gt;</a>&nbsp;&nbsp;&nbsp;__aeabi_llsr
<LI><a href="#[60]">&gt;&gt;</a>&nbsp;&nbsp;&nbsp;__aeabi_llsl
</UL>
<BR>[Called By]<UL><LI><a href="#[122]">&gt;&gt;</a>&nbsp;&nbsp;&nbsp;_printf_core
<LI><a href="#[123]">&gt;&gt;</a>&nbsp;&nbsp;&nbsp;_fp_digits
</UL>

<P><STRONG><a name="[60]"></a>__aeabi_llsl</STRONG> (Thumb, 32 bytes, Stack size 8 bytes, llshl.o(.text))
<BR><BR>[Stack]<UL><LI>Max Depth = 8<LI>Call Chain = __aeabi_llsl
</UL>
<BR>[Called By]<UL><LI><a href="#[68]">&gt;&gt;</a>&nbsp;&nbsp;&nbsp;_double_epilogue
<LI><a href="#[64]">&gt;&gt;</a>&nbsp;&nbsp;&nbsp;__aeabi_uldivmod
<LI><a href="#[66]">&gt;&gt;</a>&nbsp;&nbsp;&nbsp;__aeabi_dadd
<LI><a href="#[6e]">&gt;&gt;</a>&nbsp;&nbsp;&nbsp;__aeabi_d2ulz
<LI><a href="#[5f]">&gt;&gt;</a>&nbsp;&nbsp;&nbsp;__aeabi_lmul
</UL>

<P><STRONG><a name="[258]"></a>_ll_shift_l</STRONG> (Thumb, 0 bytes, Stack size 8 bytes, llshl.o(.text), UNUSED)

<P><STRONG><a name="[259]"></a>__I$use$fp</STRONG> (Thumb, 0 bytes, Stack size unknown bytes, iusefp.o(.text), UNUSED)

<P><STRONG><a name="[66]"></a>__aeabi_dadd</STRONG> (Thumb, 326 bytes, Stack size 48 bytes, dadd.o(.text), UNUSED)
<BR><BR>[Calls]<UL><LI><a href="#[67]">&gt;&gt;</a>&nbsp;&nbsp;&nbsp;__aeabi_lasr
<LI><a href="#[69]">&gt;&gt;</a>&nbsp;&nbsp;&nbsp;_double_round
<LI><a href="#[68]">&gt;&gt;</a>&nbsp;&nbsp;&nbsp;_double_epilogue
<LI><a href="#[60]">&gt;&gt;</a>&nbsp;&nbsp;&nbsp;__aeabi_llsl
</UL>
<BR>[Called By]<UL><LI><a href="#[6b]">&gt;&gt;</a>&nbsp;&nbsp;&nbsp;__aeabi_drsub
<LI><a href="#[6a]">&gt;&gt;</a>&nbsp;&nbsp;&nbsp;__aeabi_dsub
<LI><a href="#[123]">&gt;&gt;</a>&nbsp;&nbsp;&nbsp;_fp_digits
</UL>

<P><STRONG><a name="[6a]"></a>__aeabi_dsub</STRONG> (Thumb, 12 bytes, Stack size 8 bytes, dadd.o(.text), UNUSED)
<BR><BR>[Calls]<UL><LI><a href="#[66]">&gt;&gt;</a>&nbsp;&nbsp;&nbsp;__aeabi_dadd
</UL>

<P><STRONG><a name="[6b]"></a>__aeabi_drsub</STRONG> (Thumb, 12 bytes, Stack size 8 bytes, dadd.o(.text), UNUSED)
<BR><BR>[Calls]<UL><LI><a href="#[66]">&gt;&gt;</a>&nbsp;&nbsp;&nbsp;__aeabi_dadd
</UL>

<P><STRONG><a name="[6c]"></a>__aeabi_dmul</STRONG> (Thumb, 202 bytes, Stack size 72 bytes, dmul.o(.text), UNUSED)
<BR><BR>[Calls]<UL><LI><a href="#[68]">&gt;&gt;</a>&nbsp;&nbsp;&nbsp;_double_epilogue
</UL>
<BR>[Called By]<UL><LI><a href="#[123]">&gt;&gt;</a>&nbsp;&nbsp;&nbsp;_fp_digits
</UL>

<P><STRONG><a name="[6d]"></a>__aeabi_ddiv</STRONG> (Thumb, 234 bytes, Stack size 40 bytes, ddiv.o(.text), UNUSED)
<BR><BR>[Calls]<UL><LI><a href="#[69]">&gt;&gt;</a>&nbsp;&nbsp;&nbsp;_double_round
</UL>
<BR>[Called By]<UL><LI><a href="#[123]">&gt;&gt;</a>&nbsp;&nbsp;&nbsp;_fp_digits
</UL>

<P><STRONG><a name="[6e]"></a>__aeabi_d2ulz</STRONG> (Thumb, 54 bytes, Stack size 8 bytes, dfixul.o(.text), UNUSED)
<BR><BR>[Calls]<UL><LI><a href="#[65]">&gt;&gt;</a>&nbsp;&nbsp;&nbsp;__aeabi_llsr
<LI><a href="#[60]">&gt;&gt;</a>&nbsp;&nbsp;&nbsp;__aeabi_llsl
</UL>
<BR>[Called By]<UL><LI><a href="#[123]">&gt;&gt;</a>&nbsp;&nbsp;&nbsp;_fp_digits
</UL>

<P><STRONG><a name="[124]"></a>__aeabi_cdrcmple</STRONG> (Thumb, 38 bytes, Stack size 0 bytes, cdrcmple.o(.text), UNUSED)
<BR><BR>[Called By]<UL><LI><a href="#[123]">&gt;&gt;</a>&nbsp;&nbsp;&nbsp;_fp_digits
</UL>

<P><STRONG><a name="[5a]"></a>__scatterload</STRONG> (Thumb, 28 bytes, Stack size 0 bytes, init.o(.text))
<BR><BR>[Calls]<UL><LI><a href="#[6f]">&gt;&gt;</a>&nbsp;&nbsp;&nbsp;__main_after_scatterload
</UL>
<BR>[Called By]<UL><LI><a href="#[59]">&gt;&gt;</a>&nbsp;&nbsp;&nbsp;_main_scatterload
</UL>

<P><STRONG><a name="[25a]"></a>__scatterload_rt2</STRONG> (Thumb, 0 bytes, Stack size 0 bytes, init.o(.text), UNUSED)

<P><STRONG><a name="[65]"></a>__aeabi_llsr</STRONG> (Thumb, 34 bytes, Stack size 8 bytes, llushr.o(.text), UNUSED)
<BR><BR>[Called By]<UL><LI><a href="#[68]">&gt;&gt;</a>&nbsp;&nbsp;&nbsp;_double_epilogue
<LI><a href="#[64]">&gt;&gt;</a>&nbsp;&nbsp;&nbsp;__aeabi_uldivmod
<LI><a href="#[6e]">&gt;&gt;</a>&nbsp;&nbsp;&nbsp;__aeabi_d2ulz
</UL>

<P><STRONG><a name="[25b]"></a>_ll_ushift_r</STRONG> (Thumb, 0 bytes, Stack size 8 bytes, llushr.o(.text), UNUSED)

<P><STRONG><a name="[67]"></a>__aeabi_lasr</STRONG> (Thumb, 38 bytes, Stack size 8 bytes, llsshr.o(.text), UNUSED)
<BR><BR>[Called By]<UL><LI><a href="#[66]">&gt;&gt;</a>&nbsp;&nbsp;&nbsp;__aeabi_dadd
</UL>

<P><STRONG><a name="[25c]"></a>_ll_sshift_r</STRONG> (Thumb, 0 bytes, Stack size 8 bytes, llsshr.o(.text), UNUSED)

<P><STRONG><a name="[69]"></a>_double_round</STRONG> (Thumb, 26 bytes, Stack size 8 bytes, depilogue.o(.text), UNUSED)
<BR><BR>[Called By]<UL><LI><a href="#[68]">&gt;&gt;</a>&nbsp;&nbsp;&nbsp;_double_epilogue
<LI><a href="#[6d]">&gt;&gt;</a>&nbsp;&nbsp;&nbsp;__aeabi_ddiv
<LI><a href="#[66]">&gt;&gt;</a>&nbsp;&nbsp;&nbsp;__aeabi_dadd
</UL>

<P><STRONG><a name="[68]"></a>_double_epilogue</STRONG> (Thumb, 166 bytes, Stack size 48 bytes, depilogue.o(.text), UNUSED)
<BR><BR>[Calls]<UL><LI><a href="#[70]">&gt;&gt;</a>&nbsp;&nbsp;&nbsp;__ARM_clz
<LI><a href="#[65]">&gt;&gt;</a>&nbsp;&nbsp;&nbsp;__aeabi_llsr
<LI><a href="#[69]">&gt;&gt;</a>&nbsp;&nbsp;&nbsp;_double_round
<LI><a href="#[60]">&gt;&gt;</a>&nbsp;&nbsp;&nbsp;__aeabi_llsl
</UL>
<BR>[Called By]<UL><LI><a href="#[6c]">&gt;&gt;</a>&nbsp;&nbsp;&nbsp;__aeabi_dmul
<LI><a href="#[66]">&gt;&gt;</a>&nbsp;&nbsp;&nbsp;__aeabi_dadd
</UL>

<P><STRONG><a name="[25d]"></a>__decompress</STRONG> (Thumb, 0 bytes, Stack size unknown bytes, __dczerorl2.o(.text), UNUSED)

<P><STRONG><a name="[25e]"></a>__decompress1</STRONG> (Thumb, 86 bytes, Stack size unknown bytes, __dczerorl2.o(.text), UNUSED)

<P><STRONG><a name="[71]"></a>ASCII_GetData</STRONG> (Thumb, 188 bytes, Stack size 16 bytes, gt24l16m1y20.o(i.ASCII_GetData))
<BR><BR>[Stack]<UL><LI>Max Depth = 68<LI>Call Chain = ASCII_GetData &rArr; r_dat_bat &rArr; SpiSentByte
</UL>
<BR>[Calls]<UL><LI><a href="#[72]">&gt;&gt;</a>&nbsp;&nbsp;&nbsp;__ARM_common_switch8
<LI><a href="#[73]">&gt;&gt;</a>&nbsp;&nbsp;&nbsp;r_dat_bat
<LI><a href="#[61]">&gt;&gt;</a>&nbsp;&nbsp;&nbsp;__aeabi_memclr
</UL>
<BR>[Called By]<UL><LI><a href="#[98]">&gt;&gt;</a>&nbsp;&nbsp;&nbsp;display_gb18030_string
</UL>

<P><STRONG><a name="[74]"></a>Arithmetic_Set_YAxis_Min_Threshold</STRONG> (Thumb, 12 bytes, Stack size 8 bytes, arithmetic.o(i.Arithmetic_Set_YAxis_Min_Threshold))
<BR><BR>[Stack]<UL><LI>Max Depth = 8<LI>Call Chain = Arithmetic_Set_YAxis_Min_Threshold
</UL>
<BR>[Calls]<UL><LI><a href="#[75]">&gt;&gt;</a>&nbsp;&nbsp;&nbsp;TwoCharGetShort
</UL>
<BR>[Called By]<UL><LI><a href="#[c0]">&gt;&gt;</a>&nbsp;&nbsp;&nbsp;app_sleep_gsensor_cfg_judge
</UL>

<P><STRONG><a name="[93]"></a>Charge_full_detect</STRONG> (Thumb, 18 bytes, Stack size 0 bytes, et_battery.o(i.Charge_full_detect))
<BR><BR>[Called By]<UL><LI><a href="#[90]">&gt;&gt;</a>&nbsp;&nbsp;&nbsp;Display_Battery
</UL>

<P><STRONG><a name="[7a]"></a>Check_RSSI_display</STRONG> (Thumb, 58 bytes, Stack size 8 bytes, etlcddisplayapp.o(i.Check_RSSI_display))
<BR><BR>[Stack]<UL><LI>Max Depth = 484<LI>Call Chain = Check_RSSI_display &rArr; display_Rssi_distance &rArr; display_gb18030_string &rArr; hzbmp16 &rArr; decompressbmp16 &rArr; unziphfmex &rArr; r_dat_bat &rArr; SpiSentByte
</UL>
<BR>[Calls]<UL><LI><a href="#[7b]">&gt;&gt;</a>&nbsp;&nbsp;&nbsp;check_lastDisplayTag
<LI><a href="#[7e]">&gt;&gt;</a>&nbsp;&nbsp;&nbsp;start_Rssi
<LI><a href="#[7c]">&gt;&gt;</a>&nbsp;&nbsp;&nbsp;Protocol_check_BT_connected
<LI><a href="#[7d]">&gt;&gt;</a>&nbsp;&nbsp;&nbsp;display_Rssi_distance
</UL>
<BR>[Called By]<UL><LI><a href="#[dc]">&gt;&gt;</a>&nbsp;&nbsp;&nbsp;Manage_other_Event
</UL>

<P><STRONG><a name="[241]"></a>Clr_Cos_Ready</STRONG> (Thumb, 8 bytes, Stack size 0 bytes, uartprotocol.o(i.Clr_Cos_Ready))
<BR><BR>[Called By]<UL><LI><a href="#[e0]">&gt;&gt;</a>&nbsp;&nbsp;&nbsp;simple_uart_init
<LI><a href="#[1e4]">&gt;&gt;</a>&nbsp;&nbsp;&nbsp;uart_init_lowPower
</UL>

<P><STRONG><a name="[7f]"></a>DbgPrintf</STRONG> (Thumb, 30 bytes, Stack size 280 bytes, et_debug.o(i.DbgPrintf))
<BR><BR>[Stack]<UL><LI>Max Depth = 304<LI>Call Chain = DbgPrintf &rArr; vsprintf
</UL>
<BR>[Calls]<UL><LI><a href="#[81]">&gt;&gt;</a>&nbsp;&nbsp;&nbsp;simple_uart_putstring
<LI><a href="#[80]">&gt;&gt;</a>&nbsp;&nbsp;&nbsp;vsprintf
</UL>
<BR>[Called By]<UL><LI><a href="#[37]">&gt;&gt;</a>&nbsp;&nbsp;&nbsp;dfu_app_on_dfu_evt
<LI><a href="#[1bc]">&gt;&gt;</a>&nbsp;&nbsp;&nbsp;dev_init
<LI><a href="#[7e]">&gt;&gt;</a>&nbsp;&nbsp;&nbsp;start_Rssi
<LI><a href="#[20]">&gt;&gt;</a>&nbsp;&nbsp;&nbsp;main
<LI><a href="#[9b]">&gt;&gt;</a>&nbsp;&nbsp;&nbsp;Get_Rssi_stop
<LI><a href="#[189]">&gt;&gt;</a>&nbsp;&nbsp;&nbsp;on_ble_evt
<LI><a href="#[194]">&gt;&gt;</a>&nbsp;&nbsp;&nbsp;bootloader_start
<LI><a href="#[8f]">&gt;&gt;</a>&nbsp;&nbsp;&nbsp;Display_Menu
<LI><a href="#[13d]">&gt;&gt;</a>&nbsp;&nbsp;&nbsp;steps_2_distance
</UL>

<P><STRONG><a name="[82]"></a>DbgPrintf_COS_log</STRONG> (Thumb, 84 bytes, Stack size 288 bytes, et_debug.o(i.DbgPrintf_COS_log))
<BR><BR>[Stack]<UL><LI>Max Depth = 312<LI>Call Chain = DbgPrintf_COS_log &rArr; vsprintf
</UL>
<BR>[Calls]<UL><LI><a href="#[83]">&gt;&gt;</a>&nbsp;&nbsp;&nbsp;simple_uart_putstringbuff
<LI><a href="#[80]">&gt;&gt;</a>&nbsp;&nbsp;&nbsp;vsprintf
</UL>
<BR>[Called By]<UL><LI><a href="#[1bc]">&gt;&gt;</a>&nbsp;&nbsp;&nbsp;dev_init
</UL>

<P><STRONG><a name="[84]"></a>Dislay_Test_LCD</STRONG> (Thumb, 118 bytes, Stack size 144 bytes, etlcddisplayapp.o(i.Dislay_Test_LCD))
<BR><BR>[Stack]<UL><LI>Max Depth = 248<LI>Call Chain = Dislay_Test_LCD &rArr; lcd_power_control &rArr; clear_secterScreen &rArr; et_i2c_write_conValue &rArr; IicSentByte
</UL>
<BR>[Calls]<UL><LI><a href="#[7b]">&gt;&gt;</a>&nbsp;&nbsp;&nbsp;check_lastDisplayTag
<LI><a href="#[87]">&gt;&gt;</a>&nbsp;&nbsp;&nbsp;display_check_to_clear_Screen
<LI><a href="#[86]">&gt;&gt;</a>&nbsp;&nbsp;&nbsp;lcd_power_control
<LI><a href="#[88]">&gt;&gt;</a>&nbsp;&nbsp;&nbsp;display_LOGO_message
<LI><a href="#[85]">&gt;&gt;</a>&nbsp;&nbsp;&nbsp;check_StrCanDisplay
</UL>
<BR>[Called By]<UL><LI><a href="#[fc]">&gt;&gt;</a>&nbsp;&nbsp;&nbsp;Protocol_handle
</UL>

<P><STRONG><a name="[89]"></a>DisplayKeyState</STRONG> (Thumb, 128 bytes, Stack size 8 bytes, etlcddisplayapp.o(i.DisplayKeyState))
<BR><BR>[Stack]<UL><LI>Max Depth = 628<LI>Call Chain = DisplayKeyState &rArr; display_up_page &rArr; display_page &rArr; display_gb18030_string &rArr; hzbmp16 &rArr; decompressbmp16 &rArr; unziphfmex &rArr; r_dat_bat &rArr; SpiSentByte
</UL>
<BR>[Calls]<UL><LI><a href="#[8f]">&gt;&gt;</a>&nbsp;&nbsp;&nbsp;Display_Menu
<LI><a href="#[8b]">&gt;&gt;</a>&nbsp;&nbsp;&nbsp;check_LCDDispCanChange
<LI><a href="#[8a]">&gt;&gt;</a>&nbsp;&nbsp;&nbsp;MotorCtr
<LI><a href="#[8c]">&gt;&gt;</a>&nbsp;&nbsp;&nbsp;send_key_to_cos
<LI><a href="#[8d]">&gt;&gt;</a>&nbsp;&nbsp;&nbsp;display_up_page
<LI><a href="#[8e]">&gt;&gt;</a>&nbsp;&nbsp;&nbsp;display_down_page
</UL>
<BR>[Called By]<UL><LI><a href="#[21b]">&gt;&gt;</a>&nbsp;&nbsp;&nbsp;main_loop
</UL>

<P><STRONG><a name="[a5]"></a>Display_delay_check</STRONG> (Thumb, 82 bytes, Stack size 8 bytes, etlcddisplayapp.o(i.Display_delay_check))
<BR><BR>[Stack]<UL><LI>Max Depth = 320<LI>Call Chain = Display_delay_check &rArr; Get_Rssi_stop &rArr; DbgPrintf &rArr; vsprintf
</UL>
<BR>[Calls]<UL><LI><a href="#[9c]">&gt;&gt;</a>&nbsp;&nbsp;&nbsp;Get_lastDisplayTag
<LI><a href="#[9b]">&gt;&gt;</a>&nbsp;&nbsp;&nbsp;Get_Rssi_stop
<LI><a href="#[8b]">&gt;&gt;</a>&nbsp;&nbsp;&nbsp;check_LCDDispCanChange
<LI><a href="#[8a]">&gt;&gt;</a>&nbsp;&nbsp;&nbsp;MotorCtr
<LI><a href="#[92]">&gt;&gt;</a>&nbsp;&nbsp;&nbsp;USB_detect
<LI><a href="#[86]">&gt;&gt;</a>&nbsp;&nbsp;&nbsp;lcd_power_control
</UL>
<BR>[Called By]<UL><LI><a href="#[dc]">&gt;&gt;</a>&nbsp;&nbsp;&nbsp;Manage_other_Event
</UL>

<P><STRONG><a name="[a0]"></a>Display_idle_logo</STRONG> (Thumb, 432 bytes, Stack size 56 bytes, etlcddisplayapp.o(i.Display_idle_logo))
<BR><BR>[Stack]<UL><LI>Max Depth = 452<LI>Call Chain = Display_idle_logo &rArr; display_gb18030_string &rArr; hzbmp16 &rArr; decompressbmp16 &rArr; unziphfmex &rArr; r_dat_bat &rArr; SpiSentByte
</UL>
<BR>[Calls]<UL><LI><a href="#[7b]">&gt;&gt;</a>&nbsp;&nbsp;&nbsp;check_lastDisplayTag
<LI><a href="#[90]">&gt;&gt;</a>&nbsp;&nbsp;&nbsp;Display_Battery
<LI><a href="#[a3]">&gt;&gt;</a>&nbsp;&nbsp;&nbsp;system_time_get
<LI><a href="#[87]">&gt;&gt;</a>&nbsp;&nbsp;&nbsp;display_check_to_clear_Screen
<LI><a href="#[a6]">&gt;&gt;</a>&nbsp;&nbsp;&nbsp;app_arthmetic_get_total_steps
<LI><a href="#[7c]">&gt;&gt;</a>&nbsp;&nbsp;&nbsp;Protocol_check_BT_connected
<LI><a href="#[86]">&gt;&gt;</a>&nbsp;&nbsp;&nbsp;lcd_power_control
<LI><a href="#[98]">&gt;&gt;</a>&nbsp;&nbsp;&nbsp;display_gb18030_string
<LI><a href="#[88]">&gt;&gt;</a>&nbsp;&nbsp;&nbsp;display_LOGO_message
<LI><a href="#[97]">&gt;&gt;</a>&nbsp;&nbsp;&nbsp;SetPageColume
<LI><a href="#[85]">&gt;&gt;</a>&nbsp;&nbsp;&nbsp;check_StrCanDisplay
<LI><a href="#[5e]">&gt;&gt;</a>&nbsp;&nbsp;&nbsp;__aeabi_uidivmod
</UL>
<BR>[Called By]<UL><LI><a href="#[8f]">&gt;&gt;</a>&nbsp;&nbsp;&nbsp;Display_Menu
<LI><a href="#[dc]">&gt;&gt;</a>&nbsp;&nbsp;&nbsp;Manage_other_Event
<LI><a href="#[c2]">&gt;&gt;</a>&nbsp;&nbsp;&nbsp;LCD_init
</UL>

<P><STRONG><a name="[a7]"></a>ETTimer1Init</STRONG> (Thumb, 54 bytes, Stack size 16 bytes, etmotor.o(i.ETTimer1Init))
<BR><BR>[Stack]<UL><LI>Max Depth = 52<LI>Call Chain = ETTimer1Init &rArr; nrf_drv_timer_extended_compare &rArr; nrf_drv_timer_compare
</UL>
<BR>[Calls]<UL><LI><a href="#[79]">&gt;&gt;</a>&nbsp;&nbsp;&nbsp;app_error_handler
<LI><a href="#[a9]">&gt;&gt;</a>&nbsp;&nbsp;&nbsp;nrf_drv_timer_us_to_ticks
<LI><a href="#[a8]">&gt;&gt;</a>&nbsp;&nbsp;&nbsp;nrf_drv_timer_init
<LI><a href="#[aa]">&gt;&gt;</a>&nbsp;&nbsp;&nbsp;nrf_drv_timer_extended_compare
</UL>
<BR>[Called By]<UL><LI><a href="#[1bc]">&gt;&gt;</a>&nbsp;&nbsp;&nbsp;dev_init
</UL>

<P><STRONG><a name="[ab]"></a>ETTimer2Init</STRONG> (Thumb, 12 bytes, Stack size 8 bytes, ke_timer.o(i.ETTimer2Init))
<BR><BR>[Stack]<UL><LI>Max Depth = 8<LI>Call Chain = ETTimer2Init
</UL>
<BR>[Calls]<UL><LI><a href="#[ac]">&gt;&gt;</a>&nbsp;&nbsp;&nbsp;get_usr_using_timer_count
</UL>
<BR>[Called By]<UL><LI><a href="#[1bc]">&gt;&gt;</a>&nbsp;&nbsp;&nbsp;dev_init
</UL>

<P><STRONG><a name="[244]"></a>FourCharGetInt</STRONG> (Thumb, 22 bytes, Stack size 0 bytes, common_arithmetic.o(i.FourCharGetInt))
<BR><BR>[Called By]<UL><LI><a href="#[151]">&gt;&gt;</a>&nbsp;&nbsp;&nbsp;sleep_add_xyzData
</UL>

<P><STRONG><a name="[211]"></a>GB18030_16_GetData</STRONG> (Thumb, 284 bytes, Stack size 32 bytes, gt24l16m1y20.o(i.GB18030_16_GetData))
<BR><BR>[Stack]<UL><LI>Max Depth = 32<LI>Call Chain = GB18030_16_GetData
</UL>
<BR>[Called By]<UL><LI><a href="#[1d9]">&gt;&gt;</a>&nbsp;&nbsp;&nbsp;hzbmp16
</UL>

<P><STRONG><a name="[c]"></a>GPIOTE_IRQHandler</STRONG> (Thumb, 236 bytes, Stack size 24 bytes, nrf_drv_gpiote.o(i.GPIOTE_IRQHandler))
<BR><BR>[Stack]<UL><LI>Max Depth = 24<LI>Call Chain = GPIOTE_IRQHandler
</UL>
<BR>[Calls]<UL><LI><a href="#[ae]">&gt;&gt;</a>&nbsp;&nbsp;&nbsp;nrf_gpiote_event_is_set
<LI><a href="#[b0]">&gt;&gt;</a>&nbsp;&nbsp;&nbsp;nrf_gpio_cfg_sense_set
<LI><a href="#[af]">&gt;&gt;</a>&nbsp;&nbsp;&nbsp;channel_port_get
</UL>
<BR>[Address Reference Count : 1]<UL><LI> arm_startup_nrf51.o(RESET)
</UL>
<P><STRONG><a name="[1e6]"></a>GPIO_Spi_MISO_high</STRONG> (Thumb, 2 bytes, Stack size 0 bytes, et_spi_gpio.o(i.GPIO_Spi_MISO_high))
<BR><BR>[Called By]<UL><LI><a href="#[77]">&gt;&gt;</a>&nbsp;&nbsp;&nbsp;etSpim1ReadNorFlashStdMode
<LI><a href="#[106]">&gt;&gt;</a>&nbsp;&nbsp;&nbsp;etSpim1NorFlashSectorErase
<LI><a href="#[fd]">&gt;&gt;</a>&nbsp;&nbsp;&nbsp;etSpim1NorFlashPageProgrameStdMode
<LI><a href="#[1e5]">&gt;&gt;</a>&nbsp;&nbsp;&nbsp;etSpim1CheckNorFlashBusy
</UL>

<P><STRONG><a name="[1e9]"></a>GPIO_Spi_MISO_low</STRONG> (Thumb, 2 bytes, Stack size 0 bytes, et_spi_gpio.o(i.GPIO_Spi_MISO_low))
<BR><BR>[Called By]<UL><LI><a href="#[77]">&gt;&gt;</a>&nbsp;&nbsp;&nbsp;etSpim1ReadNorFlashStdMode
<LI><a href="#[106]">&gt;&gt;</a>&nbsp;&nbsp;&nbsp;etSpim1NorFlashSectorErase
<LI><a href="#[fd]">&gt;&gt;</a>&nbsp;&nbsp;&nbsp;etSpim1NorFlashPageProgrameStdMode
<LI><a href="#[1e5]">&gt;&gt;</a>&nbsp;&nbsp;&nbsp;etSpim1CheckNorFlashBusy
</UL>

<P><STRONG><a name="[1ec]"></a>GPIO_Spi_init</STRONG> (Thumb, 38 bytes, Stack size 0 bytes, et_spi_gpio.o(i.GPIO_Spi_init))
<BR><BR>[Called By]<UL><LI><a href="#[1eb]">&gt;&gt;</a>&nbsp;&nbsp;&nbsp;etSpim1NorFlashInit
</UL>

<P><STRONG><a name="[91]"></a>Get_BatteryPercent</STRONG> (Thumb, 54 bytes, Stack size 8 bytes, et_battery.o(i.Get_BatteryPercent))
<BR><BR>[Stack]<UL><LI>Max Depth = 32<LI>Call Chain = Get_BatteryPercent &rArr; battery_adc_read_once &rArr; nrf_delay_ms
</UL>
<BR>[Calls]<UL><LI><a href="#[b1]">&gt;&gt;</a>&nbsp;&nbsp;&nbsp;battery_adc_read_once
<LI><a href="#[5e]">&gt;&gt;</a>&nbsp;&nbsp;&nbsp;__aeabi_uidivmod
</UL>
<BR>[Called By]<UL><LI><a href="#[90]">&gt;&gt;</a>&nbsp;&nbsp;&nbsp;Display_Battery
<LI><a href="#[fc]">&gt;&gt;</a>&nbsp;&nbsp;&nbsp;Protocol_handle
</UL>

<P><STRONG><a name="[9a]"></a>Get_COSVersion</STRONG> (Thumb, 42 bytes, Stack size 24 bytes, etversion.o(i.Get_COSVersion))
<BR><BR>[Stack]<UL><LI>Max Depth = 24<LI>Call Chain = Get_COSVersion
</UL>
<BR>[Calls]<UL><LI><a href="#[9f]">&gt;&gt;</a>&nbsp;&nbsp;&nbsp;strlen
</UL>
<BR>[Called By]<UL><LI><a href="#[96]">&gt;&gt;</a>&nbsp;&nbsp;&nbsp;Display_Key_Version
</UL>

<P><STRONG><a name="[105]"></a>Get_COS_status</STRONG> (Thumb, 20 bytes, Stack size 0 bytes, uartprotocol.o(i.Get_COS_status))
<BR><BR>[Called By]<UL><LI><a href="#[fc]">&gt;&gt;</a>&nbsp;&nbsp;&nbsp;Protocol_handle
</UL>

<P><STRONG><a name="[101]"></a>Get_Cos_Ready</STRONG> (Thumb, 6 bytes, Stack size 0 bytes, uartprotocol.o(i.Get_Cos_Ready))
<BR><BR>[Called By]<UL><LI><a href="#[fc]">&gt;&gt;</a>&nbsp;&nbsp;&nbsp;Protocol_handle
</UL>

<P><STRONG><a name="[99]"></a>Get_HWVersion</STRONG> (Thumb, 42 bytes, Stack size 24 bytes, etversion.o(i.Get_HWVersion))
<BR><BR>[Stack]<UL><LI>Max Depth = 24<LI>Call Chain = Get_HWVersion
</UL>
<BR>[Calls]<UL><LI><a href="#[9f]">&gt;&gt;</a>&nbsp;&nbsp;&nbsp;strlen
</UL>
<BR>[Called By]<UL><LI><a href="#[96]">&gt;&gt;</a>&nbsp;&nbsp;&nbsp;Display_Key_Version
</UL>

<P><STRONG><a name="[b2]"></a>Get_KeyVersion</STRONG> (Thumb, 218 bytes, Stack size 64 bytes, etversion.o(i.Get_KeyVersion))
<BR><BR>[Stack]<UL><LI>Max Depth = 144<LI>Call Chain = Get_KeyVersion &rArr; etSpim1ReadNorFlashStdMode &rArr; etSpim1CheckNorFlashBusy &rArr; SpiSent_1Byte
</UL>
<BR>[Calls]<UL><LI><a href="#[77]">&gt;&gt;</a>&nbsp;&nbsp;&nbsp;etSpim1ReadNorFlashStdMode
<LI><a href="#[9f]">&gt;&gt;</a>&nbsp;&nbsp;&nbsp;strlen
</UL>
<BR>[Called By]<UL><LI><a href="#[fc]">&gt;&gt;</a>&nbsp;&nbsp;&nbsp;Protocol_handle
</UL>

<P><STRONG><a name="[9b]"></a>Get_Rssi_stop</STRONG> (Thumb, 28 bytes, Stack size 8 bytes, main.o(i.Get_Rssi_stop))
<BR><BR>[Stack]<UL><LI>Max Depth = 312<LI>Call Chain = Get_Rssi_stop &rArr; DbgPrintf &rArr; vsprintf
</UL>
<BR>[Calls]<UL><LI><a href="#[7f]">&gt;&gt;</a>&nbsp;&nbsp;&nbsp;DbgPrintf
</UL>
<BR>[Called By]<UL><LI><a href="#[189]">&gt;&gt;</a>&nbsp;&nbsp;&nbsp;on_ble_evt
<LI><a href="#[8f]">&gt;&gt;</a>&nbsp;&nbsp;&nbsp;Display_Menu
<LI><a href="#[a5]">&gt;&gt;</a>&nbsp;&nbsp;&nbsp;Display_delay_check
</UL>

<P><STRONG><a name="[b3]"></a>Get_app_usr_info</STRONG> (Thumb, 22 bytes, Stack size 24 bytes, data_transfer.o(i.Get_app_usr_info))
<BR><BR>[Stack]<UL><LI>Max Depth = 160<LI>Call Chain = Get_app_usr_info &rArr; Protocol_send_usr_info &rArr; Protocol_data_to_AG &rArr; Protocol_send_data_to_AG &rArr; bt_send_to_AG &rArr; new_service_ble_nus_string_send
</UL>
<BR>[Calls]<UL><LI><a href="#[b4]">&gt;&gt;</a>&nbsp;&nbsp;&nbsp;Get_userInfo_from_app
<LI><a href="#[b5]">&gt;&gt;</a>&nbsp;&nbsp;&nbsp;Protocol_send_usr_info
</UL>
<BR>[Called By]<UL><LI><a href="#[fc]">&gt;&gt;</a>&nbsp;&nbsp;&nbsp;Protocol_handle
</UL>

<P><STRONG><a name="[9c]"></a>Get_lastDisplayTag</STRONG> (Thumb, 6 bytes, Stack size 0 bytes, etlcddisplayapp.o(i.Get_lastDisplayTag))
<BR><BR>[Called By]<UL><LI><a href="#[7b]">&gt;&gt;</a>&nbsp;&nbsp;&nbsp;check_lastDisplayTag
<LI><a href="#[189]">&gt;&gt;</a>&nbsp;&nbsp;&nbsp;on_ble_evt
<LI><a href="#[8f]">&gt;&gt;</a>&nbsp;&nbsp;&nbsp;Display_Menu
<LI><a href="#[8b]">&gt;&gt;</a>&nbsp;&nbsp;&nbsp;check_LCDDispCanChange
<LI><a href="#[103]">&gt;&gt;</a>&nbsp;&nbsp;&nbsp;display_IncomingCall
<LI><a href="#[a5]">&gt;&gt;</a>&nbsp;&nbsp;&nbsp;Display_delay_check
<LI><a href="#[85]">&gt;&gt;</a>&nbsp;&nbsp;&nbsp;check_StrCanDisplay
</UL>

<P><STRONG><a name="[b4]"></a>Get_userInfo_from_app</STRONG> (Thumb, 12 bytes, Stack size 8 bytes, arithmetic_data_manger.o(i.Get_userInfo_from_app))
<BR><BR>[Stack]<UL><LI>Max Depth = 8<LI>Call Chain = Get_userInfo_from_app
</UL>
<BR>[Calls]<UL><LI><a href="#[78]">&gt;&gt;</a>&nbsp;&nbsp;&nbsp;__aeabi_memcpy
</UL>
<BR>[Called By]<UL><LI><a href="#[b3]">&gt;&gt;</a>&nbsp;&nbsp;&nbsp;Get_app_usr_info
</UL>

<P><STRONG><a name="[bd]"></a>Init_SleepArithmetic</STRONG> (Thumb, 26 bytes, Stack size 8 bytes, sleep_record.o(i.Init_SleepArithmetic))
<BR><BR>[Stack]<UL><LI>Max Depth = 112<LI>Call Chain = Init_SleepArithmetic &rArr; app_sleep_gsensor_cfg_judge &rArr; gSensor_set_duration_and_threshold &rArr; LIS3DH_SetInt1Threshold &rArr; LIS3DH_WriteReg &rArr; sensor_GPIO_i2c_write &rArr; sensor_IicSentByte
</UL>
<BR>[Calls]<UL><LI><a href="#[c1]">&gt;&gt;</a>&nbsp;&nbsp;&nbsp;ke_timer_set
<LI><a href="#[bf]">&gt;&gt;</a>&nbsp;&nbsp;&nbsp;app_sleep_store_item_begin_info
<LI><a href="#[c0]">&gt;&gt;</a>&nbsp;&nbsp;&nbsp;app_sleep_gsensor_cfg_judge
<LI><a href="#[be]">&gt;&gt;</a>&nbsp;&nbsp;&nbsp;ke_timer_clear
</UL>
<BR>[Called By]<UL><LI><a href="#[1fe]">&gt;&gt;</a>&nbsp;&nbsp;&nbsp;gSensor_driver_init
</UL>

<P><STRONG><a name="[157]"></a>IntSetFourChar</STRONG> (Thumb, 16 bytes, Stack size 0 bytes, common_arithmetic.o(i.IntSetFourChar))
<BR><BR>[Called By]<UL><LI><a href="#[140]">&gt;&gt;</a>&nbsp;&nbsp;&nbsp;sportInfo2DMDataItem
<LI><a href="#[bf]">&gt;&gt;</a>&nbsp;&nbsp;&nbsp;app_sleep_store_item_begin_info
</UL>

<P><STRONG><a name="[247]"></a>IntSetThreeChar</STRONG> (Thumb, 12 bytes, Stack size 0 bytes, common_arithmetic.o(i.IntSetThreeChar))
<BR><BR>[Called By]<UL><LI><a href="#[140]">&gt;&gt;</a>&nbsp;&nbsp;&nbsp;sportInfo2DMDataItem
</UL>

<P><STRONG><a name="[c2]"></a>LCD_init</STRONG> (Thumb, 114 bytes, Stack size 48 bytes, etlcddisplayapp.o(i.LCD_init))
<BR><BR>[Stack]<UL><LI>Max Depth = 500<LI>Call Chain = LCD_init &rArr; Display_idle_logo &rArr; display_gb18030_string &rArr; hzbmp16 &rArr; decompressbmp16 &rArr; unziphfmex &rArr; r_dat_bat &rArr; SpiSentByte
</UL>
<BR>[Calls]<UL><LI><a href="#[c4]">&gt;&gt;</a>&nbsp;&nbsp;&nbsp;nrf_delay_ms
<LI><a href="#[c5]">&gt;&gt;</a>&nbsp;&nbsp;&nbsp;et_i2c_write_conValue
<LI><a href="#[c6]">&gt;&gt;</a>&nbsp;&nbsp;&nbsp;clear_AllScreen
<LI><a href="#[a0]">&gt;&gt;</a>&nbsp;&nbsp;&nbsp;Display_idle_logo
<LI><a href="#[c3]">&gt;&gt;</a>&nbsp;&nbsp;&nbsp;__aeabi_memcpy4
</UL>
<BR>[Called By]<UL><LI><a href="#[1bc]">&gt;&gt;</a>&nbsp;&nbsp;&nbsp;dev_init
</UL>

<P><STRONG><a name="[c7]"></a>LIS3DH_FIFOModeEnable</STRONG> (Thumb, 144 bytes, Stack size 8 bytes, gsensor_driver.o(i.LIS3DH_FIFOModeEnable))
<BR><BR>[Stack]<UL><LI>Max Depth = 88<LI>Call Chain = LIS3DH_FIFOModeEnable &rArr; LIS3DH_ReadReg &rArr; lis3dh_i2c_read &rArr; sensor_GPIO_i2c_read &rArr; sensor_IicSentByte
</UL>
<BR>[Calls]<UL><LI><a href="#[c9]">&gt;&gt;</a>&nbsp;&nbsp;&nbsp;LIS3DH_WriteReg
<LI><a href="#[c8]">&gt;&gt;</a>&nbsp;&nbsp;&nbsp;LIS3DH_ReadReg
</UL>
<BR>[Called By]<UL><LI><a href="#[15c]">&gt;&gt;</a>&nbsp;&nbsp;&nbsp;gSensor_Clear_Fifo_Data
<LI><a href="#[1fe]">&gt;&gt;</a>&nbsp;&nbsp;&nbsp;gSensor_driver_init
</UL>

<P><STRONG><a name="[ca]"></a>LIS3DH_GetFifoSourceReg</STRONG> (Thumb, 18 bytes, Stack size 8 bytes, gsensor_driver.o(i.LIS3DH_GetFifoSourceReg))
<BR><BR>[Stack]<UL><LI>Max Depth = 88<LI>Call Chain = LIS3DH_GetFifoSourceReg &rArr; LIS3DH_ReadReg &rArr; lis3dh_i2c_read &rArr; sensor_GPIO_i2c_read &rArr; sensor_IicSentByte
</UL>
<BR>[Calls]<UL><LI><a href="#[c8]">&gt;&gt;</a>&nbsp;&nbsp;&nbsp;LIS3DH_ReadReg
</UL>
<BR>[Called By]<UL><LI><a href="#[53]">&gt;&gt;</a>&nbsp;&nbsp;&nbsp;app_event_g_sensor_intr1_handler
<LI><a href="#[150]">&gt;&gt;</a>&nbsp;&nbsp;&nbsp;gSensor_Read_Fifo_Data
</UL>

<P><STRONG><a name="[cb]"></a>LIS3DH_GetInt1Src</STRONG> (Thumb, 18 bytes, Stack size 8 bytes, gsensor_driver.o(i.LIS3DH_GetInt1Src))
<BR><BR>[Stack]<UL><LI>Max Depth = 88<LI>Call Chain = LIS3DH_GetInt1Src &rArr; LIS3DH_ReadReg &rArr; lis3dh_i2c_read &rArr; sensor_GPIO_i2c_read &rArr; sensor_IicSentByte
</UL>
<BR>[Calls]<UL><LI><a href="#[c8]">&gt;&gt;</a>&nbsp;&nbsp;&nbsp;LIS3DH_ReadReg
</UL>
<BR>[Called By]<UL><LI><a href="#[53]">&gt;&gt;</a>&nbsp;&nbsp;&nbsp;app_event_g_sensor_intr1_handler
</UL>

<P><STRONG><a name="[cc]"></a>LIS3DH_GetWHO_AM_I</STRONG> (Thumb, 18 bytes, Stack size 8 bytes, gsensor_driver.o(i.LIS3DH_GetWHO_AM_I))
<BR><BR>[Stack]<UL><LI>Max Depth = 88<LI>Call Chain = LIS3DH_GetWHO_AM_I &rArr; LIS3DH_ReadReg &rArr; lis3dh_i2c_read &rArr; sensor_GPIO_i2c_read &rArr; sensor_IicSentByte
</UL>
<BR>[Calls]<UL><LI><a href="#[c8]">&gt;&gt;</a>&nbsp;&nbsp;&nbsp;LIS3DH_ReadReg
</UL>
<BR>[Called By]<UL><LI><a href="#[fc]">&gt;&gt;</a>&nbsp;&nbsp;&nbsp;Protocol_handle
</UL>

<P><STRONG><a name="[cd]"></a>LIS3DH_Get_XYZ_Raw</STRONG> (Thumb, 14 bytes, Stack size 8 bytes, gsensor_driver.o(i.LIS3DH_Get_XYZ_Raw))
<BR><BR>[Stack]<UL><LI>Max Depth = 80<LI>Call Chain = LIS3DH_Get_XYZ_Raw &rArr; lis3dh_i2c_read &rArr; sensor_GPIO_i2c_read &rArr; sensor_IicSentByte
</UL>
<BR>[Calls]<UL><LI><a href="#[ce]">&gt;&gt;</a>&nbsp;&nbsp;&nbsp;lis3dh_i2c_read
</UL>
<BR>[Called By]<UL><LI><a href="#[55]">&gt;&gt;</a>&nbsp;&nbsp;&nbsp;app_gSensor_nomotion_timer_handler
<LI><a href="#[150]">&gt;&gt;</a>&nbsp;&nbsp;&nbsp;gSensor_Read_Fifo_Data
</UL>

<P><STRONG><a name="[cf]"></a>LIS3DH_HPFAOI1Enable</STRONG> (Thumb, 48 bytes, Stack size 16 bytes, gsensor_driver.o(i.LIS3DH_HPFAOI1Enable))
<BR><BR>[Stack]<UL><LI>Max Depth = 96<LI>Call Chain = LIS3DH_HPFAOI1Enable &rArr; LIS3DH_ReadReg &rArr; lis3dh_i2c_read &rArr; sensor_GPIO_i2c_read &rArr; sensor_IicSentByte
</UL>
<BR>[Calls]<UL><LI><a href="#[c9]">&gt;&gt;</a>&nbsp;&nbsp;&nbsp;LIS3DH_WriteReg
<LI><a href="#[c8]">&gt;&gt;</a>&nbsp;&nbsp;&nbsp;LIS3DH_ReadReg
</UL>
<BR>[Called By]<UL><LI><a href="#[1fe]">&gt;&gt;</a>&nbsp;&nbsp;&nbsp;gSensor_driver_init
</UL>

<P><STRONG><a name="[d0]"></a>LIS3DH_SetFullScale</STRONG> (Thumb, 52 bytes, Stack size 16 bytes, gsensor_driver.o(i.LIS3DH_SetFullScale))
<BR><BR>[Stack]<UL><LI>Max Depth = 96<LI>Call Chain = LIS3DH_SetFullScale &rArr; LIS3DH_ReadReg &rArr; lis3dh_i2c_read &rArr; sensor_GPIO_i2c_read &rArr; sensor_IicSentByte
</UL>
<BR>[Calls]<UL><LI><a href="#[c9]">&gt;&gt;</a>&nbsp;&nbsp;&nbsp;LIS3DH_WriteReg
<LI><a href="#[c8]">&gt;&gt;</a>&nbsp;&nbsp;&nbsp;LIS3DH_ReadReg
</UL>
<BR>[Called By]<UL><LI><a href="#[1fe]">&gt;&gt;</a>&nbsp;&nbsp;&nbsp;gSensor_driver_init
</UL>

<P><STRONG><a name="[d1]"></a>LIS3DH_SetInt1Duration</STRONG> (Thumb, 26 bytes, Stack size 8 bytes, gsensor_driver.o(i.LIS3DH_SetInt1Duration))
<BR><BR>[Stack]<UL><LI>Max Depth = 72<LI>Call Chain = LIS3DH_SetInt1Duration &rArr; LIS3DH_WriteReg &rArr; sensor_GPIO_i2c_write &rArr; sensor_IicSentByte
</UL>
<BR>[Calls]<UL><LI><a href="#[c9]">&gt;&gt;</a>&nbsp;&nbsp;&nbsp;LIS3DH_WriteReg
</UL>
<BR>[Called By]<UL><LI><a href="#[155]">&gt;&gt;</a>&nbsp;&nbsp;&nbsp;gSensor_set_duration_and_threshold
</UL>

<P><STRONG><a name="[d2]"></a>LIS3DH_SetInt1Pin</STRONG> (Thumb, 66 bytes, Stack size 16 bytes, gsensor_driver.o(i.LIS3DH_SetInt1Pin))
<BR><BR>[Stack]<UL><LI>Max Depth = 96<LI>Call Chain = LIS3DH_SetInt1Pin &rArr; LIS3DH_ReadReg &rArr; lis3dh_i2c_read &rArr; sensor_GPIO_i2c_read &rArr; sensor_IicSentByte
</UL>
<BR>[Calls]<UL><LI><a href="#[c9]">&gt;&gt;</a>&nbsp;&nbsp;&nbsp;LIS3DH_WriteReg
<LI><a href="#[c8]">&gt;&gt;</a>&nbsp;&nbsp;&nbsp;LIS3DH_ReadReg
</UL>
<BR>[Called By]<UL><LI><a href="#[15d]">&gt;&gt;</a>&nbsp;&nbsp;&nbsp;gSensor_FWM_Interrupt_Enable
<LI><a href="#[14d]">&gt;&gt;</a>&nbsp;&nbsp;&nbsp;gSensor_Slope_Intr_Enable
</UL>

<P><STRONG><a name="[d3]"></a>LIS3DH_SetInt1Threshold</STRONG> (Thumb, 26 bytes, Stack size 8 bytes, gsensor_driver.o(i.LIS3DH_SetInt1Threshold))
<BR><BR>[Stack]<UL><LI>Max Depth = 72<LI>Call Chain = LIS3DH_SetInt1Threshold &rArr; LIS3DH_WriteReg &rArr; sensor_GPIO_i2c_write &rArr; sensor_IicSentByte
</UL>
<BR>[Calls]<UL><LI><a href="#[c9]">&gt;&gt;</a>&nbsp;&nbsp;&nbsp;LIS3DH_WriteReg
</UL>
<BR>[Called By]<UL><LI><a href="#[155]">&gt;&gt;</a>&nbsp;&nbsp;&nbsp;gSensor_set_duration_and_threshold
</UL>

<P><STRONG><a name="[d4]"></a>LIS3DH_SetInt2Pin</STRONG> (Thumb, 44 bytes, Stack size 16 bytes, gsensor_driver.o(i.LIS3DH_SetInt2Pin))
<BR><BR>[Stack]<UL><LI>Max Depth = 96<LI>Call Chain = LIS3DH_SetInt2Pin &rArr; LIS3DH_ReadReg &rArr; lis3dh_i2c_read &rArr; sensor_GPIO_i2c_read &rArr; sensor_IicSentByte
</UL>
<BR>[Calls]<UL><LI><a href="#[c9]">&gt;&gt;</a>&nbsp;&nbsp;&nbsp;LIS3DH_WriteReg
<LI><a href="#[c8]">&gt;&gt;</a>&nbsp;&nbsp;&nbsp;LIS3DH_ReadReg
</UL>
<BR>[Called By]<UL><LI><a href="#[1fe]">&gt;&gt;</a>&nbsp;&nbsp;&nbsp;gSensor_driver_init
</UL>

<P><STRONG><a name="[d5]"></a>LIS3DH_SetIntConfiguration</STRONG> (Thumb, 50 bytes, Stack size 16 bytes, gsensor_driver.o(i.LIS3DH_SetIntConfiguration))
<BR><BR>[Stack]<UL><LI>Max Depth = 96<LI>Call Chain = LIS3DH_SetIntConfiguration &rArr; LIS3DH_ReadReg &rArr; lis3dh_i2c_read &rArr; sensor_GPIO_i2c_read &rArr; sensor_IicSentByte
</UL>
<BR>[Calls]<UL><LI><a href="#[c9]">&gt;&gt;</a>&nbsp;&nbsp;&nbsp;LIS3DH_WriteReg
<LI><a href="#[c8]">&gt;&gt;</a>&nbsp;&nbsp;&nbsp;LIS3DH_ReadReg
</UL>
<BR>[Called By]<UL><LI><a href="#[1fd]">&gt;&gt;</a>&nbsp;&nbsp;&nbsp;gSensor_Slope_Intr_config
</UL>

<P><STRONG><a name="[d6]"></a>LIS3DH_SetIntMode</STRONG> (Thumb, 52 bytes, Stack size 16 bytes, gsensor_driver.o(i.LIS3DH_SetIntMode))
<BR><BR>[Stack]<UL><LI>Max Depth = 96<LI>Call Chain = LIS3DH_SetIntMode &rArr; LIS3DH_ReadReg &rArr; lis3dh_i2c_read &rArr; sensor_GPIO_i2c_read &rArr; sensor_IicSentByte
</UL>
<BR>[Calls]<UL><LI><a href="#[c9]">&gt;&gt;</a>&nbsp;&nbsp;&nbsp;LIS3DH_WriteReg
<LI><a href="#[c8]">&gt;&gt;</a>&nbsp;&nbsp;&nbsp;LIS3DH_ReadReg
</UL>
<BR>[Called By]<UL><LI><a href="#[1fe]">&gt;&gt;</a>&nbsp;&nbsp;&nbsp;gSensor_driver_init
</UL>

<P><STRONG><a name="[d7]"></a>LIS3DH_SetMode</STRONG> (Thumb, 156 bytes, Stack size 16 bytes, gsensor_driver.o(i.LIS3DH_SetMode))
<BR><BR>[Stack]<UL><LI>Max Depth = 96<LI>Call Chain = LIS3DH_SetMode &rArr; LIS3DH_ReadReg &rArr; lis3dh_i2c_read &rArr; sensor_GPIO_i2c_read &rArr; sensor_IicSentByte
</UL>
<BR>[Calls]<UL><LI><a href="#[c9]">&gt;&gt;</a>&nbsp;&nbsp;&nbsp;LIS3DH_WriteReg
<LI><a href="#[c8]">&gt;&gt;</a>&nbsp;&nbsp;&nbsp;LIS3DH_ReadReg
</UL>
<BR>[Called By]<UL><LI><a href="#[1fe]">&gt;&gt;</a>&nbsp;&nbsp;&nbsp;gSensor_driver_init
</UL>

<P><STRONG><a name="[d8]"></a>LIS3DH_SetODR</STRONG> (Thumb, 52 bytes, Stack size 16 bytes, gsensor_driver.o(i.LIS3DH_SetODR))
<BR><BR>[Stack]<UL><LI>Max Depth = 96<LI>Call Chain = LIS3DH_SetODR &rArr; LIS3DH_ReadReg &rArr; lis3dh_i2c_read &rArr; sensor_GPIO_i2c_read &rArr; sensor_IicSentByte
</UL>
<BR>[Calls]<UL><LI><a href="#[c9]">&gt;&gt;</a>&nbsp;&nbsp;&nbsp;LIS3DH_WriteReg
<LI><a href="#[c8]">&gt;&gt;</a>&nbsp;&nbsp;&nbsp;LIS3DH_ReadReg
</UL>
<BR>[Called By]<UL><LI><a href="#[1fe]">&gt;&gt;</a>&nbsp;&nbsp;&nbsp;gSensor_driver_init
</UL>

<P><STRONG><a name="[d9]"></a>LIS3DH_SetTriggerInt</STRONG> (Thumb, 52 bytes, Stack size 16 bytes, gsensor_driver.o(i.LIS3DH_SetTriggerInt))
<BR><BR>[Stack]<UL><LI>Max Depth = 96<LI>Call Chain = LIS3DH_SetTriggerInt &rArr; LIS3DH_ReadReg &rArr; lis3dh_i2c_read &rArr; sensor_GPIO_i2c_read &rArr; sensor_IicSentByte
</UL>
<BR>[Calls]<UL><LI><a href="#[c9]">&gt;&gt;</a>&nbsp;&nbsp;&nbsp;LIS3DH_WriteReg
<LI><a href="#[c8]">&gt;&gt;</a>&nbsp;&nbsp;&nbsp;LIS3DH_ReadReg
</UL>
<BR>[Called By]<UL><LI><a href="#[1fe]">&gt;&gt;</a>&nbsp;&nbsp;&nbsp;gSensor_driver_init
</UL>

<P><STRONG><a name="[da]"></a>LIS3DH_SetWaterMark</STRONG> (Thumb, 54 bytes, Stack size 16 bytes, gsensor_driver.o(i.LIS3DH_SetWaterMark))
<BR><BR>[Stack]<UL><LI>Max Depth = 96<LI>Call Chain = LIS3DH_SetWaterMark &rArr; LIS3DH_ReadReg &rArr; lis3dh_i2c_read &rArr; sensor_GPIO_i2c_read &rArr; sensor_IicSentByte
</UL>
<BR>[Calls]<UL><LI><a href="#[c9]">&gt;&gt;</a>&nbsp;&nbsp;&nbsp;LIS3DH_WriteReg
<LI><a href="#[c8]">&gt;&gt;</a>&nbsp;&nbsp;&nbsp;LIS3DH_ReadReg
</UL>
<BR>[Called By]<UL><LI><a href="#[1fe]">&gt;&gt;</a>&nbsp;&nbsp;&nbsp;gSensor_driver_init
</UL>

<P><STRONG><a name="[8a]"></a>MotorCtr</STRONG> (Thumb, 94 bytes, Stack size 24 bytes, etmotor.o(i.MotorCtr))
<BR><BR>[Stack]<UL><LI>Max Depth = 120<LI>Call Chain = MotorCtr &rArr; display_check_to_clear_Screen &rArr; clear_secterScreen &rArr; et_i2c_write_conValue &rArr; IicSentByte
</UL>
<BR>[Calls]<UL><LI><a href="#[e6]">&gt;&gt;</a>&nbsp;&nbsp;&nbsp;nrf_drv_timer_enable
<LI><a href="#[87]">&gt;&gt;</a>&nbsp;&nbsp;&nbsp;display_check_to_clear_Screen
<LI><a href="#[8b]">&gt;&gt;</a>&nbsp;&nbsp;&nbsp;check_LCDDispCanChange
<LI><a href="#[e4]">&gt;&gt;</a>&nbsp;&nbsp;&nbsp;disable_pwm
<LI><a href="#[e5]">&gt;&gt;</a>&nbsp;&nbsp;&nbsp;Motor_data_set
</UL>
<BR>[Called By]<UL><LI><a href="#[e7]">&gt;&gt;</a>&nbsp;&nbsp;&nbsp;MotorVibrate
<LI><a href="#[20e]">&gt;&gt;</a>&nbsp;&nbsp;&nbsp;lcd_clear_handle
<LI><a href="#[1a7]">&gt;&gt;</a>&nbsp;&nbsp;&nbsp;display_alarm
<LI><a href="#[103]">&gt;&gt;</a>&nbsp;&nbsp;&nbsp;display_IncomingCall
<LI><a href="#[a5]">&gt;&gt;</a>&nbsp;&nbsp;&nbsp;Display_delay_check
<LI><a href="#[89]">&gt;&gt;</a>&nbsp;&nbsp;&nbsp;DisplayKeyState
<LI><a href="#[fc]">&gt;&gt;</a>&nbsp;&nbsp;&nbsp;Protocol_handle
</UL>

<P><STRONG><a name="[1be]"></a>MotorInit</STRONG> (Thumb, 22 bytes, Stack size 0 bytes, etmotor.o(i.MotorInit))
<BR><BR>[Called By]<UL><LI><a href="#[1bc]">&gt;&gt;</a>&nbsp;&nbsp;&nbsp;dev_init
</UL>

<P><STRONG><a name="[e7]"></a>MotorVibrate</STRONG> (Thumb, 96 bytes, Stack size 8 bytes, etmotor.o(i.MotorVibrate))
<BR><BR>[Stack]<UL><LI>Max Depth = 128<LI>Call Chain = MotorVibrate &rArr; MotorCtr &rArr; display_check_to_clear_Screen &rArr; clear_secterScreen &rArr; et_i2c_write_conValue &rArr; IicSentByte
</UL>
<BR>[Calls]<UL><LI><a href="#[e6]">&gt;&gt;</a>&nbsp;&nbsp;&nbsp;nrf_drv_timer_enable
<LI><a href="#[e4]">&gt;&gt;</a>&nbsp;&nbsp;&nbsp;disable_pwm
<LI><a href="#[8a]">&gt;&gt;</a>&nbsp;&nbsp;&nbsp;MotorCtr
<LI><a href="#[e5]">&gt;&gt;</a>&nbsp;&nbsp;&nbsp;Motor_data_set
</UL>
<BR>[Called By]<UL><LI><a href="#[215]">&gt;&gt;</a>&nbsp;&nbsp;&nbsp;ke_schedule
</UL>

<P><STRONG><a name="[9e]"></a>Protocol_CMD_FIND_AG</STRONG> (Thumb, 16 bytes, Stack size 8 bytes, btprotocol.o(i.Protocol_CMD_FIND_AG))
<BR><BR>[Stack]<UL><LI>Max Depth = 136<LI>Call Chain = Protocol_CMD_FIND_AG &rArr; Protocol_data_to_AG &rArr; Protocol_send_data_to_AG &rArr; bt_send_to_AG &rArr; new_service_ble_nus_string_send
</UL>
<BR>[Calls]<UL><LI><a href="#[ee]">&gt;&gt;</a>&nbsp;&nbsp;&nbsp;Protocol_data_to_AG
</UL>
<BR>[Called By]<UL><LI><a href="#[8f]">&gt;&gt;</a>&nbsp;&nbsp;&nbsp;Display_Menu
</UL>

<P><STRONG><a name="[ef]"></a>Protocol_COSData_2_AG</STRONG> (Thumb, 24 bytes, Stack size 8 bytes, btprotocol.o(i.Protocol_COSData_2_AG))
<BR><BR>[Stack]<UL><LI>Max Depth = 136<LI>Call Chain = Protocol_COSData_2_AG &rArr; Protocol_data_to_AG &rArr; Protocol_send_data_to_AG &rArr; bt_send_to_AG &rArr; new_service_ble_nus_string_send
</UL>
<BR>[Calls]<UL><LI><a href="#[7c]">&gt;&gt;</a>&nbsp;&nbsp;&nbsp;Protocol_check_BT_connected
<LI><a href="#[ee]">&gt;&gt;</a>&nbsp;&nbsp;&nbsp;Protocol_data_to_AG
</UL>
<BR>[Called By]<UL><LI><a href="#[ed]">&gt;&gt;</a>&nbsp;&nbsp;&nbsp;go_to_command
</UL>

<P><STRONG><a name="[7c]"></a>Protocol_check_BT_connected</STRONG> (Thumb, 16 bytes, Stack size 0 bytes, btprotocol.o(i.Protocol_check_BT_connected))
<BR><BR>[Called By]<UL><LI><a href="#[8f]">&gt;&gt;</a>&nbsp;&nbsp;&nbsp;Display_Menu
<LI><a href="#[dc]">&gt;&gt;</a>&nbsp;&nbsp;&nbsp;Manage_other_Event
<LI><a href="#[a0]">&gt;&gt;</a>&nbsp;&nbsp;&nbsp;Display_idle_logo
<LI><a href="#[7a]">&gt;&gt;</a>&nbsp;&nbsp;&nbsp;Check_RSSI_display
<LI><a href="#[a4]">&gt;&gt;</a>&nbsp;&nbsp;&nbsp;display_day_clock
<LI><a href="#[133]">&gt;&gt;</a>&nbsp;&nbsp;&nbsp;get_work_state
<LI><a href="#[ef]">&gt;&gt;</a>&nbsp;&nbsp;&nbsp;Protocol_COSData_2_AG
</UL>

<P><STRONG><a name="[f4]"></a>Protocol_data_manage</STRONG> (Thumb, 50 bytes, Stack size 16 bytes, btprotocol.o(i.Protocol_data_manage))
<BR><BR>[Stack]<UL><LI>Max Depth = 748<LI>Call Chain = Protocol_data_manage &rArr; protocol_Save_data &rArr; Protocol_handle &rArr; display_IncomingCall &rArr; display_gb18030_string &rArr; hzbmp16 &rArr; decompressbmp16 &rArr; unziphfmex &rArr; r_dat_bat &rArr; SpiSentByte
</UL>
<BR>[Calls]<UL><LI><a href="#[f6]">&gt;&gt;</a>&nbsp;&nbsp;&nbsp;Protocol_set_BT_connected
<LI><a href="#[f7]">&gt;&gt;</a>&nbsp;&nbsp;&nbsp;protocol_Save_data
<LI><a href="#[f5]">&gt;&gt;</a>&nbsp;&nbsp;&nbsp;Protocol_check_data
<LI><a href="#[f1]">&gt;&gt;</a>&nbsp;&nbsp;&nbsp;Protocol_Packet_Status
</UL>
<BR>[Called By]<UL><LI><a href="#[35]">&gt;&gt;</a>&nbsp;&nbsp;&nbsp;nus_data_handler
</UL>

<P><STRONG><a name="[ee]"></a>Protocol_data_to_AG</STRONG> (Thumb, 238 bytes, Stack size 48 bytes, btprotocol.o(i.Protocol_data_to_AG))
<BR><BR>[Stack]<UL><LI>Max Depth = 128<LI>Call Chain = Protocol_data_to_AG &rArr; Protocol_send_data_to_AG &rArr; bt_send_to_AG &rArr; new_service_ble_nus_string_send
</UL>
<BR>[Calls]<UL><LI><a href="#[fb]">&gt;&gt;</a>&nbsp;&nbsp;&nbsp;Protocol_send_data_to_AG
<LI><a href="#[fa]">&gt;&gt;</a>&nbsp;&nbsp;&nbsp;Protocol_packed_data
<LI><a href="#[f8]">&gt;&gt;</a>&nbsp;&nbsp;&nbsp;Protocol_Clr_TX_complete
<LI><a href="#[f9]">&gt;&gt;</a>&nbsp;&nbsp;&nbsp;Get_Datacheck
</UL>
<BR>[Called By]<UL><LI><a href="#[16e]">&gt;&gt;</a>&nbsp;&nbsp;&nbsp;auto_send_sport_Live_to_app
<LI><a href="#[9e]">&gt;&gt;</a>&nbsp;&nbsp;&nbsp;Protocol_CMD_FIND_AG
<LI><a href="#[fc]">&gt;&gt;</a>&nbsp;&nbsp;&nbsp;Protocol_handle
<LI><a href="#[f1]">&gt;&gt;</a>&nbsp;&nbsp;&nbsp;Protocol_Packet_Status
<LI><a href="#[f0]">&gt;&gt;</a>&nbsp;&nbsp;&nbsp;Protocol_GetAlarm
<LI><a href="#[b5]">&gt;&gt;</a>&nbsp;&nbsp;&nbsp;Protocol_send_usr_info
<LI><a href="#[10c]">&gt;&gt;</a>&nbsp;&nbsp;&nbsp;Protocol_send_sport_data_to_ag
<LI><a href="#[10b]">&gt;&gt;</a>&nbsp;&nbsp;&nbsp;Protocol_send_histry_sport_data_to_ag
<LI><a href="#[ef]">&gt;&gt;</a>&nbsp;&nbsp;&nbsp;Protocol_COSData_2_AG
</UL>

<P><STRONG><a name="[10b]"></a>Protocol_send_histry_sport_data_to_ag</STRONG> (Thumb, 16 bytes, Stack size 8 bytes, btprotocol.o(i.Protocol_send_histry_sport_data_to_ag))
<BR><BR>[Stack]<UL><LI>Max Depth = 136<LI>Call Chain = Protocol_send_histry_sport_data_to_ag &rArr; Protocol_data_to_AG &rArr; Protocol_send_data_to_AG &rArr; bt_send_to_AG &rArr; new_service_ble_nus_string_send
</UL>
<BR>[Calls]<UL><LI><a href="#[ee]">&gt;&gt;</a>&nbsp;&nbsp;&nbsp;Protocol_data_to_AG
</UL>
<BR>[Called By]<UL><LI><a href="#[16c]">&gt;&gt;</a>&nbsp;&nbsp;&nbsp;auto_send_histy_sport_record_to_app_timer
</UL>

<P><STRONG><a name="[10c]"></a>Protocol_send_sport_data_to_ag</STRONG> (Thumb, 16 bytes, Stack size 8 bytes, btprotocol.o(i.Protocol_send_sport_data_to_ag))
<BR><BR>[Stack]<UL><LI>Max Depth = 136<LI>Call Chain = Protocol_send_sport_data_to_ag &rArr; Protocol_data_to_AG &rArr; Protocol_send_data_to_AG &rArr; bt_send_to_AG &rArr; new_service_ble_nus_string_send
</UL>
<BR>[Calls]<UL><LI><a href="#[ee]">&gt;&gt;</a>&nbsp;&nbsp;&nbsp;Protocol_data_to_AG
</UL>
<BR>[Called By]<UL><LI><a href="#[56]">&gt;&gt;</a>&nbsp;&nbsp;&nbsp;auto_send_sport_record_to_app_timer
</UL>

<P><STRONG><a name="[b5]"></a>Protocol_send_usr_info</STRONG> (Thumb, 16 bytes, Stack size 8 bytes, btprotocol.o(i.Protocol_send_usr_info))
<BR><BR>[Stack]<UL><LI>Max Depth = 136<LI>Call Chain = Protocol_send_usr_info &rArr; Protocol_data_to_AG &rArr; Protocol_send_data_to_AG &rArr; bt_send_to_AG &rArr; new_service_ble_nus_string_send
</UL>
<BR>[Calls]<UL><LI><a href="#[ee]">&gt;&gt;</a>&nbsp;&nbsp;&nbsp;Protocol_data_to_AG
</UL>
<BR>[Called By]<UL><LI><a href="#[b3]">&gt;&gt;</a>&nbsp;&nbsp;&nbsp;Get_app_usr_info
</UL>

<P><STRONG><a name="[10d]"></a>Protocol_set_BT_Disconnected</STRONG> (Thumb, 20 bytes, Stack size 8 bytes, btprotocol.o(i.Protocol_set_BT_Disconnected))
<BR><BR>[Stack]<UL><LI>Max Depth = 8<LI>Call Chain = Protocol_set_BT_Disconnected
</UL>
<BR>[Calls]<UL><LI><a href="#[10e]">&gt;&gt;</a>&nbsp;&nbsp;&nbsp;display_clr_COSdata
</UL>
<BR>[Called By]<UL><LI><a href="#[189]">&gt;&gt;</a>&nbsp;&nbsp;&nbsp;on_ble_evt
</UL>

<P><STRONG><a name="[f6]"></a>Protocol_set_BT_connected</STRONG> (Thumb, 18 bytes, Stack size 0 bytes, btprotocol.o(i.Protocol_set_BT_connected))
<BR><BR>[Called By]<UL><LI><a href="#[221]">&gt;&gt;</a>&nbsp;&nbsp;&nbsp;newService_Protocol_data_manage
<LI><a href="#[f4]">&gt;&gt;</a>&nbsp;&nbsp;&nbsp;Protocol_data_manage
<LI><a href="#[189]">&gt;&gt;</a>&nbsp;&nbsp;&nbsp;on_ble_evt
</UL>

<P><STRONG><a name="[22f]"></a>Protocol_set_TX_complete</STRONG> (Thumb, 12 bytes, Stack size 0 bytes, btprotocol.o(i.Protocol_set_TX_complete))
<BR><BR>[Called By]<UL><LI><a href="#[189]">&gt;&gt;</a>&nbsp;&nbsp;&nbsp;on_ble_evt
</UL>

<P><STRONG><a name="[226]"></a>Protocol_set_notify</STRONG> (Thumb, 20 bytes, Stack size 0 bytes, btprotocol.o(i.Protocol_set_notify))
<BR><BR>[Called By]<UL><LI><a href="#[188]">&gt;&gt;</a>&nbsp;&nbsp;&nbsp;new_service_nus_on_ble_evt
</UL>

<P><STRONG><a name="[17]"></a>RTC1_IRQHandler</STRONG> (Thumb, 28 bytes, Stack size 8 bytes, app_timer.o(i.RTC1_IRQHandler))
<BR><BR>[Stack]<UL><LI>Max Depth = 32<LI>Call Chain = RTC1_IRQHandler &rArr; timer_timeouts_check
</UL>
<BR>[Calls]<UL><LI><a href="#[10f]">&gt;&gt;</a>&nbsp;&nbsp;&nbsp;timer_timeouts_check
</UL>
<BR>[Address Reference Count : 1]<UL><LI> arm_startup_nrf51.o(RESET)
</UL>
<P><STRONG><a name="[1a]"></a>SWI0_IRQHandler</STRONG> (Thumb, 78 bytes, Stack size 32 bytes, app_timer.o(i.SWI0_IRQHandler))
<BR><BR>[Stack]<UL><LI>Max Depth = 76<LI>Call Chain = SWI0_IRQHandler &rArr; list_insertions_handler &rArr; timer_list_insert
</UL>
<BR>[Calls]<UL><LI><a href="#[113]">&gt;&gt;</a>&nbsp;&nbsp;&nbsp;list_insertions_handler
<LI><a href="#[111]">&gt;&gt;</a>&nbsp;&nbsp;&nbsp;list_deletions_handler
<LI><a href="#[112]">&gt;&gt;</a>&nbsp;&nbsp;&nbsp;expired_timers_handler
<LI><a href="#[110]">&gt;&gt;</a>&nbsp;&nbsp;&nbsp;elapsed_ticks_acquire
<LI><a href="#[114]">&gt;&gt;</a>&nbsp;&nbsp;&nbsp;compare_reg_update
</UL>
<BR>[Address Reference Count : 1]<UL><LI> arm_startup_nrf51.o(RESET)
</UL>
<P><STRONG><a name="[1c]"></a>SWI2_IRQHandler</STRONG> (Thumb, 32 bytes, Stack size 8 bytes, softdevice_handler.o(i.SWI2_IRQHandler))
<BR><BR>[Stack]<UL><LI>Max Depth = 32<LI>Call Chain = SWI2_IRQHandler &rArr; intern_softdevice_events_execute
</UL>
<BR>[Calls]<UL><LI><a href="#[79]">&gt;&gt;</a>&nbsp;&nbsp;&nbsp;app_error_handler
<LI><a href="#[115]">&gt;&gt;</a>&nbsp;&nbsp;&nbsp;intern_softdevice_events_execute
</UL>
<BR>[Address Reference Count : 1]<UL><LI> arm_startup_nrf51.o(RESET)
</UL>
<P><STRONG><a name="[116]"></a>SaveEveryDayHistySport_Data_info2_datamanger</STRONG> (Thumb, 202 bytes, Stack size 56 bytes, data_manger.o(i.SaveEveryDayHistySport_Data_info2_datamanger))
<BR><BR>[Stack]<UL><LI>Max Depth = 472<LI>Call Chain = SaveEveryDayHistySport_Data_info2_datamanger &rArr; flash_gsensor_sport_sleep_data_partition_refresh &rArr; sector_erase_flash &rArr; etSpim1NorFlashSectorErase &rArr; etSpim1CheckNorFlashWriteEnable &rArr; etSpim1CheckNorFlashBusy &rArr; SpiSent_1Byte
</UL>
<BR>[Calls]<UL><LI><a href="#[106]">&gt;&gt;</a>&nbsp;&nbsp;&nbsp;etSpim1NorFlashSectorErase
<LI><a href="#[119]">&gt;&gt;</a>&nbsp;&nbsp;&nbsp;read_flash
<LI><a href="#[117]">&gt;&gt;</a>&nbsp;&nbsp;&nbsp;get_ram_block
<LI><a href="#[11b]">&gt;&gt;</a>&nbsp;&nbsp;&nbsp;write_flash
<LI><a href="#[118]">&gt;&gt;</a>&nbsp;&nbsp;&nbsp;sector_erase_flash
<LI><a href="#[11d]">&gt;&gt;</a>&nbsp;&nbsp;&nbsp;flash_gsensor_sport_sleep_data_partition_refresh
<LI><a href="#[11a]">&gt;&gt;</a>&nbsp;&nbsp;&nbsp;memcmp
<LI><a href="#[11c]">&gt;&gt;</a>&nbsp;&nbsp;&nbsp;__aeabi_memclr4
<LI><a href="#[61]">&gt;&gt;</a>&nbsp;&nbsp;&nbsp;__aeabi_memclr
<LI><a href="#[78]">&gt;&gt;</a>&nbsp;&nbsp;&nbsp;__aeabi_memcpy
</UL>
<BR>[Called By]<UL><LI><a href="#[1a6]">&gt;&gt;</a>&nbsp;&nbsp;&nbsp;clock_alarm_check
</UL>

<P><STRONG><a name="[97]"></a>SetPageColume</STRONG> (Thumb, 16 bytes, Stack size 0 bytes, etlcddisplayapp.o(i.SetPageColume))
<BR><BR>[Called By]<UL><LI><a href="#[8f]">&gt;&gt;</a>&nbsp;&nbsp;&nbsp;Display_Menu
<LI><a href="#[96]">&gt;&gt;</a>&nbsp;&nbsp;&nbsp;Display_Key_Version
[...]
</UL>
<BR>[Calls]<UL><LI><a href="#[15b]">&gt;&gt;</a>&nbsp;&nbsp;&nbsp;write_data_item_2_mem_pool
<LI><a href="#[15a]">&gt;&gt;</a>&nbsp;&nbsp;&nbsp;sleep_xDataSect_analysis
</UL>
<BR>[Called By]<UL><LI><a href="#[54]">&gt;&gt;</a>&nbsp;&nbsp;&nbsp;app_sleep_record_timer_handler
</UL>

<P><STRONG><a name="[151]"></a>sleep_add_xyzData</STRONG> (Thumb, 92 bytes, Stack size 24 bytes, sleep_record.o(i.sleep_add_xyzData))
<BR><BR>[Stack]<UL><LI>Max Depth = 36<LI>Call Chain = sleep_add_xyzData &rArr; __aeabi_uidivmod
</UL>
<BR>[Calls]<UL><LI><a href="#[244]">&gt;&gt;</a>&nbsp;&nbsp;&nbsp;FourCharGetInt
<LI><a href="#[75]">&gt;&gt;</a>&nbsp;&nbsp;&nbsp;TwoCharGetShort
<LI><a href="#[5e]">&gt;&gt;</a>&nbsp;&nbsp;&nbsp;__aeabi_uidivmod
</UL>
<BR>[Called By]<UL><LI><a href="#[55]">&gt;&gt;</a>&nbsp;&nbsp;&nbsp;app_gSensor_nomotion_timer_handler
</UL>

<P><STRONG><a name="[245]"></a>sleep_xDataSect_SameCal</STRONG> (Thumb, 56 bytes, Stack size 16 bytes, sleep_record.o(i.sleep_xDataSect_SameCal))
<BR><BR>[Stack]<UL><LI>Max Depth = 16<LI>Call Chain = sleep_xDataSect_SameCal
</UL>
<BR>[Calls]<UL><LI><a href="#[158]">&gt;&gt;</a>&nbsp;&nbsp;&nbsp;ShortSetTwoChar
</UL>
<BR>[Called By]<UL><LI><a href="#[15a]">&gt;&gt;</a>&nbsp;&nbsp;&nbsp;sleep_xDataSect_analysis
</UL>

<P><STRONG><a name="[15a]"></a>sleep_xDataSect_analysis</STRONG> (Thumb, 106 bytes, Stack size 24 bytes, sleep_record.o(i.sleep_xDataSect_analysis))
<BR><BR>[Stack]<UL><LI>Max Depth = 40<LI>Call Chain = sleep_xDataSect_analysis &rArr; sleep_xDataSect_SameCal
</UL>
<BR>[Calls]<UL><LI><a href="#[245]">&gt;&gt;</a>&nbsp;&nbsp;&nbsp;sleep_xDataSect_SameCal
</UL>
<BR>[Called By]<UL><LI><a href="#[156]">&gt;&gt;</a>&nbsp;&nbsp;&nbsp;app_sleep_store_item_end_info
</UL>

<P><STRONG><a name="[f9]"></a>Get_Datacheck</STRONG> (Thumb, 28 bytes, Stack size 8 bytes, btprotocol.o(i.Get_Datacheck))
<BR><BR>[Stack]<UL><LI>Max Depth = 8<LI>Call Chain = Get_Datacheck
</UL>
<BR>[Called By]<UL><LI><a href="#[f7]">&gt;&gt;</a>&nbsp;&nbsp;&nbsp;protocol_Save_data
<LI><a href="#[222]">&gt;&gt;</a>&nbsp;&nbsp;&nbsp;newService_protocol_Save_data
<LI><a href="#[ee]">&gt;&gt;</a>&nbsp;&nbsp;&nbsp;Protocol_data_to_AG
</UL>

<P><STRONG><a name="[f8]"></a>Protocol_Clr_TX_complete</STRONG> (Thumb, 12 bytes, Stack size 0 bytes, btprotocol.o(i.Protocol_Clr_TX_complete))
<BR><BR>[Called By]<UL><LI><a href="#[fb]">&gt;&gt;</a>&nbsp;&nbsp;&nbsp;Protocol_send_data_to_AG
<LI><a href="#[ee]">&gt;&gt;</a>&nbsp;&nbsp;&nbsp;Protocol_data_to_AG
</UL>

<P><STRONG><a name="[f0]"></a>Protocol_GetAlarm</STRONG> (Thumb, 98 bytes, Stack size 40 bytes, btprotocol.o(i.Protocol_GetAlarm))
<BR><BR>[Stack]<UL><LI>Max Depth = 168<LI>Call Chain = Protocol_GetAlarm &rArr; Protocol_data_to_AG &rArr; Protocol_send_data_to_AG &rArr; bt_send_to_AG &rArr; new_service_ble_nus_string_send
</UL>
<BR>[Calls]<UL><LI><a href="#[ee]">&gt;&gt;</a>&nbsp;&nbsp;&nbsp;Protocol_data_to_AG
</UL>
<BR>[Called By]<UL><LI><a href="#[fc]">&gt;&gt;</a>&nbsp;&nbsp;&nbsp;Protocol_handle
</UL>

<P><STRONG><a name="[f1]"></a>Protocol_Packet_Status</STRONG> (Thumb, 24 bytes, Stack size 8 bytes, btprotocol.o(i.Protocol_Packet_Status))
<BR><BR>[Stack]<UL><LI>Max Depth = 136<LI>Call Chain = Protocol_Packet_Status &rArr; Protocol_data_to_AG &rArr; Protocol_send_data_to_AG &rArr; bt_send_to_AG &rArr; new_service_ble_nus_string_send
</UL>
<BR>[Calls]<UL><LI><a href="#[ee]">&gt;&gt;</a>&nbsp;&nbsp;&nbsp;Protocol_data_to_AG
</UL>
<BR>[Called By]<UL><LI><a href="#[221]">&gt;&gt;</a>&nbsp;&nbsp;&nbsp;newService_Protocol_data_manage
<LI><a href="#[f4]">&gt;&gt;</a>&nbsp;&nbsp;&nbsp;Protocol_data_manage
<LI><a href="#[f7]">&gt;&gt;</a>&nbsp;&nbsp;&nbsp;protocol_Save_data
<LI><a href="#[222]">&gt;&gt;</a>&nbsp;&nbsp;&nbsp;newService_protocol_Save_data
<LI><a href="#[fc]">&gt;&gt;</a>&nbsp;&nbsp;&nbsp;Protocol_handle
<LI><a href="#[f2]">&gt;&gt;</a>&nbsp;&nbsp;&nbsp;Protocol_SetAlarm
</UL>

<P><STRONG><a name="[104]"></a>Protocol_SET_AUTOSEND_STEP_NUM</STRONG> (Thumb, 126 bytes, Stack size 8 bytes, btprotocol.o(i.Protocol_SET_AUTOSEND_STEP_NUM))
<BR><BR>[Stack]<UL><LI>Max Depth = 8<LI>Call Chain = Protocol_SET_AUTOSEND_STEP_NUM
</UL>
<BR>[Called By]<UL><LI><a href="#[fc]">&gt;&gt;</a>&nbsp;&nbsp;&nbsp;Protocol_handle
</UL>

<P><STRONG><a name="[f2]"></a>Protocol_SetAlarm</STRONG> (Thumb, 182 bytes, Stack size 136 bytes, btprotocol.o(i.Protocol_SetAlarm))
<BR><BR>[Stack]<UL><LI>Max Depth = 272<LI>Call Chain = Protocol_SetAlarm &rArr; Protocol_Packet_Status &rArr; Protocol_data_to_AG &rArr; Protocol_send_data_to_AG &rArr; bt_send_to_AG &rArr; new_service_ble_nus_string_send
</UL>
<BR>[Calls]<UL><LI><a href="#[77]">&gt;&gt;</a>&nbsp;&nbsp;&nbsp;etSpim1ReadNorFlashStdMode
<LI><a href="#[f3]">&gt;&gt;</a>&nbsp;&nbsp;&nbsp;etWrite_KEYID_to_flash
<LI><a href="#[f1]">&gt;&gt;</a>&nbsp;&nbsp;&nbsp;Protocol_Packet_Status
<LI><a href="#[78]">&gt;&gt;</a>&nbsp;&nbsp;&nbsp;__aeabi_memcpy
</UL>
<BR>[Called By]<UL><LI><a href="#[fc]">&gt;&gt;</a>&nbsp;&nbsp;&nbsp;Protocol_handle
</UL>

<P><STRONG><a name="[f5]"></a>Protocol_check_data</STRONG> (Thumb, 62 bytes, Stack size 12 bytes, btprotocol.o(i.Protocol_check_data))
<BR><BR>[Stack]<UL><LI>Max Depth = 12<LI>Call Chain = Protocol_check_data
</UL>
<BR>[Called By]<UL><LI><a href="#[221]">&gt;&gt;</a>&nbsp;&nbsp;&nbsp;newService_Protocol_data_manage
<LI><a href="#[f4]">&gt;&gt;</a>&nbsp;&nbsp;&nbsp;Protocol_data_manage
</UL>

<P><STRONG><a name="[fc]"></a>Protocol_handle</STRONG> (Thumb, 792 bytes, Stack size 280 bytes, btprotocol.o(i.Protocol_handle))
<BR><BR>[Stack]<UL><LI>Max Depth = 700<LI>Call Chain = Protocol_handle &rArr; display_IncomingCall &rArr; display_gb18030_string &rArr; hzbmp16 &rArr; decompressbmp16 &rArr; unziphfmex &rArr; r_dat_bat &rArr; SpiSentByte
</UL>
<BR>[Calls]<UL><LI><a href="#[e0]">&gt;&gt;</a>&nbsp;&nbsp;&nbsp;simple_uart_init
<LI><a href="#[77]">&gt;&gt;</a>&nbsp;&nbsp;&nbsp;etSpim1ReadNorFlashStdMode
<LI><a href="#[72]">&gt;&gt;</a>&nbsp;&nbsp;&nbsp;__ARM_common_switch8
<LI><a href="#[b2]">&gt;&gt;</a>&nbsp;&nbsp;&nbsp;Get_KeyVersion
<LI><a href="#[fe]">&gt;&gt;</a>&nbsp;&nbsp;&nbsp;system_time_updated
<LI><a href="#[100]">&gt;&gt;</a>&nbsp;&nbsp;&nbsp;system_sec_get
<LI><a href="#[ff]">&gt;&gt;</a>&nbsp;&nbsp;&nbsp;system_day_sec_init
<LI><a href="#[106]">&gt;&gt;</a>&nbsp;&nbsp;&nbsp;etSpim1NorFlashSectorErase
<LI><a href="#[fd]">&gt;&gt;</a>&nbsp;&nbsp;&nbsp;etSpim1NorFlashPageProgrameStdMode
<LI><a href="#[8a]">&gt;&gt;</a>&nbsp;&nbsp;&nbsp;MotorCtr
<LI><a href="#[91]">&gt;&gt;</a>&nbsp;&nbsp;&nbsp;Get_BatteryPercent
<LI><a href="#[103]">&gt;&gt;</a>&nbsp;&nbsp;&nbsp;display_IncomingCall
<LI><a href="#[84]">&gt;&gt;</a>&nbsp;&nbsp;&nbsp;Dislay_Test_LCD
<LI><a href="#[f2]">&gt;&gt;</a>&nbsp;&nbsp;&nbsp;Protocol_SetAlarm
<LI><a href="#[104]">&gt;&gt;</a>&nbsp;&nbsp;&nbsp;Protocol_SET_AUTOSEND_STEP_NUM
<LI><a href="#[f1]">&gt;&gt;</a>&nbsp;&nbsp;&nbsp;Protocol_Packet_Status
<LI><a href="#[f0]">&gt;&gt;</a>&nbsp;&nbsp;&nbsp;Protocol_GetAlarm
<LI><a href="#[cc]">&gt;&gt;</a>&nbsp;&nbsp;&nbsp;LIS3DH_GetWHO_AM_I
<LI><a href="#[107]">&gt;&gt;</a>&nbsp;&nbsp;&nbsp;receive_app_usr_info
<LI><a href="#[b3]">&gt;&gt;</a>&nbsp;&nbsp;&nbsp;Get_app_usr_info
<LI><a href="#[102]">&gt;&gt;</a>&nbsp;&nbsp;&nbsp;cos_send_string
<LI><a href="#[101]">&gt;&gt;</a>&nbsp;&nbsp;&nbsp;Get_Cos_Ready
<LI><a href="#[105]">&gt;&gt;</a>&nbsp;&nbsp;&nbsp;Get_COS_status
<LI><a href="#[ee]">&gt;&gt;</a>&nbsp;&nbsp;&nbsp;Protocol_data_to_AG
</UL>
<BR>[Called By]<UL><LI><a href="#[21d]">&gt;&gt;</a>&nbsp;&nbsp;&nbsp;protocol_data_can_send
<LI><a href="#[21e]">&gt;&gt;</a>&nbsp;&nbsp;&nbsp;newService_protocol_data_can_send
<LI><a href="#[f7]">&gt;&gt;</a>&nbsp;&nbsp;&nbsp;protocol_Save_data
<LI><a href="#[222]">&gt;&gt;</a>&nbsp;&nbsp;&nbsp;newService_protocol_Save_data
</UL>

<P><STRONG><a name="[108]"></a>Protocol_handle_statusPacket</STRONG> (Thumb, 14 bytes, Stack size 8 bytes, btprotocol.o(i.Protocol_handle_statusPacket))
<BR><BR>[Stack]<UL><LI>Max Depth = 16<LI>Call Chain = Protocol_handle_statusPacket &rArr; send_sport_get_app_ack
</UL>
<BR>[Calls]<UL><LI><a href="#[109]">&gt;&gt;</a>&nbsp;&nbsp;&nbsp;send_sport_get_app_ack
</UL>
<BR>[Called By]<UL><LI><a href="#[f7]">&gt;&gt;</a>&nbsp;&nbsp;&nbsp;protocol_Save_data
<LI><a href="#[222]">&gt;&gt;</a>&nbsp;&nbsp;&nbsp;newService_protocol_Save_data
</UL>

<P><STRONG><a name="[fa]"></a>Protocol_packed_data</STRONG> (Thumb, 70 bytes, Stack size 16 bytes, btprotocol.o(i.Protocol_packed_data))
<BR><BR>[Stack]<UL><LI>Max Depth = 16<LI>Call Chain = Protocol_packed_data
</UL>
<BR>[Called By]<UL><LI><a href="#[ee]">&gt;&gt;</a>&nbsp;&nbsp;&nbsp;Protocol_data_to_AG
</UL>

<P><STRONG><a name="[fb]"></a>Protocol_send_data_to_AG</STRONG> (Thumb, 120 bytes, Stack size 40 bytes, btprotocol.o(i.Protocol_send_data_to_AG))
<BR><BR>[Stack]<UL><LI>Max Depth = 80<LI>Call Chain = Protocol_send_data_to_AG &rArr; bt_send_to_AG &rArr; new_service_ble_nus_string_send
</UL>
<BR>[Calls]<UL><LI><a href="#[c4]">&gt;&gt;</a>&nbsp;&nbsp;&nbsp;nrf_delay_ms
<LI><a href="#[10a]">&gt;&gt;</a>&nbsp;&nbsp;&nbsp;bt_send_to_AG
<LI><a href="#[df]">&gt;&gt;</a>&nbsp;&nbsp;&nbsp;et_WDT_feed
<LI><a href="#[f8]">&gt;&gt;</a>&nbsp;&nbsp;&nbsp;Protocol_Clr_TX_complete
</UL>
<BR>[Called By]<UL><LI><a href="#[ee]">&gt;&gt;</a>&nbsp;&nbsp;&nbsp;Protocol_data_to_AG
</UL>

<P><STRONG><a name="[222]"></a>newService_protocol_Save_data</STRONG> (Thumb, 292 bytes, Stack size 32 bytes, btprotocol.o(i.newService_protocol_Save_data))
<BR><BR>[Stack]<UL><LI>Max Depth = 732<LI>Call Chain = newService_protocol_Save_data &rArr; Protocol_handle &rArr; display_IncomingCall &rArr; display_gb18030_string &rArr; hzbmp16 &rArr; decompressbmp16 &rArr; unziphfmex &rArr; r_dat_bat &rArr; SpiSentByte
</UL>
<BR>[Calls]<UL><LI><a href="#[e0]">&gt;&gt;</a>&nbsp;&nbsp;&nbsp;simple_uart_init
<LI><a href="#[108]">&gt;&gt;</a>&nbsp;&nbsp;&nbsp;Protocol_handle_statusPacket
<LI><a href="#[fc]">&gt;&gt;</a>&nbsp;&nbsp;&nbsp;Protocol_handle
<LI><a href="#[f1]">&gt;&gt;</a>&nbsp;&nbsp;&nbsp;Protocol_Packet_Status
<LI><a href="#[f9]">&gt;&gt;</a>&nbsp;&nbsp;&nbsp;Get_Datacheck
<LI><a href="#[78]">&gt;&gt;</a>&nbsp;&nbsp;&nbsp;__aeabi_memcpy
</UL>
<BR>[Called By]<UL><LI><a href="#[221]">&gt;&gt;</a>&nbsp;&nbsp;&nbsp;newService_Protocol_data_manage
</UL>

<P><STRONG><a name="[f7]"></a>protocol_Save_data</STRONG> (Thumb, 292 bytes, Stack size 32 bytes, btprotocol.o(i.protocol_Save_data))
<BR><BR>[Stack]<UL><LI>Max Depth = 732<LI>Call Chain = protocol_Save_data &rArr; Protocol_handle &rArr; display_IncomingCall &rArr; display_gb18030_string &rArr; hzbmp16 &rArr; decompressbmp16 &rArr; unziphfmex &rArr; r_dat_bat &rArr; SpiSentByte
</UL>
<BR>[Calls]<UL><LI><a href="#[e0]">&gt;&gt;</a>&nbsp;&nbsp;&nbsp;simple_uart_init
<LI><a href="#[108]">&gt;&gt;</a>&nbsp;&nbsp;&nbsp;Protocol_handle_statusPacket
<LI><a href="#[fc]">&gt;&gt;</a>&nbsp;&nbsp;&nbsp;Protocol_handle
<LI><a href="#[f1]">&gt;&gt;</a>&nbsp;&nbsp;&nbsp;Protocol_Packet_Status
<LI><a href="#[f9]">&gt;&gt;</a>&nbsp;&nbsp;&nbsp;Get_Datacheck
<LI><a href="#[78]">&gt;&gt;</a>&nbsp;&nbsp;&nbsp;__aeabi_memcpy
</UL>
<BR>[Called By]<UL><LI><a href="#[f4]">&gt;&gt;</a>&nbsp;&nbsp;&nbsp;Protocol_data_manage
</UL>

<P><STRONG><a name="[e8]"></a>ParseRecvUartData</STRONG> (Thumb, 98 bytes, Stack size 8 bytes, uartprotocol.o(i.ParseRecvUartData))
<BR><BR>[Stack]<UL><LI>Max Depth = 644<LI>Call Chain = ParseRecvUartData &rArr; go_to_command &rArr; lcd_display_complete_handle &rArr; display_page &rArr; display_gb18030_string &rArr; hzbmp16 &rArr; decompressbmp16 &rArr; unziphfmex &rArr; r_dat_bat &rArr; SpiSentByte
</UL>
<BR>[Calls]<UL><LI><a href="#[ec]">&gt;&gt;</a>&nbsp;&nbsp;&nbsp;cos_clear_buff
<LI><a href="#[e9]">&gt;&gt;</a>&nbsp;&nbsp;&nbsp;uart_recv_data
<LI><a href="#[eb]">&gt;&gt;</a>&nbsp;&nbsp;&nbsp;send_ack
<LI><a href="#[ed]">&gt;&gt;</a>&nbsp;&nbsp;&nbsp;go_to_command
<LI><a href="#[ea]">&gt;&gt;</a>&nbsp;&nbsp;&nbsp;check_frame
</UL>
<BR>[Called By]<UL><LI><a href="#[21c]">&gt;&gt;</a>&nbsp;&nbsp;&nbsp;uart_data_handle
</UL>

<P><STRONG><a name="[ea]"></a>check_frame</STRONG> (Thumb, 56 bytes, Stack size 12 bytes, uartprotocol.o(i.check_frame))
<BR><BR>[Stack]<UL><LI>Max Depth = 12<LI>Call Chain = check_frame
</UL>
<BR>[Called By]<UL><LI><a href="#[e8]">&gt;&gt;</a>&nbsp;&nbsp;&nbsp;ParseRecvUartData
</UL>

<P><STRONG><a name="[203]"></a>get_bt_name_ans_handle</STRONG> (Thumb, 106 bytes, Stack size 144 bytes, uartprotocol.o(i.get_bt_name_ans_handle))
<BR><BR>[Stack]<UL><LI>Max Depth = 256<LI>Call Chain = get_bt_name_ans_handle &rArr; etWrite_KEYID_to_flash &rArr; etSpim1NorFlashPageProgrameStdMode &rArr; etSpim1CheckNorFlashWriteEnable &rArr; etSpim1CheckNorFlashBusy &rArr; SpiSent_1Byte
</UL>
<BR>[Calls]<UL><LI><a href="#[77]">&gt;&gt;</a>&nbsp;&nbsp;&nbsp;etSpim1ReadNorFlashStdMode
<LI><a href="#[f3]">&gt;&gt;</a>&nbsp;&nbsp;&nbsp;etWrite_KEYID_to_flash
<LI><a href="#[78]">&gt;&gt;</a>&nbsp;&nbsp;&nbsp;__aeabi_memcpy
</UL>
<BR>[Called By]<UL><LI><a href="#[ed]">&gt;&gt;</a>&nbsp;&nbsp;&nbsp;go_to_command
</UL>

<P><STRONG><a name="[205]"></a>get_cos_data_timeout</STRONG> (Thumb, 28 bytes, Stack size 16 bytes, uartprotocol.o(i.get_cos_data_timeout))
<BR><BR>[Stack]<UL><LI>Max Depth = 16<LI>Call Chain = get_cos_data_timeout
</UL>
<BR>[Calls]<UL><LI><a href="#[206]">&gt;&gt;</a>&nbsp;&nbsp;&nbsp;UartRecv
</UL>
<BR>[Called By]<UL><LI><a href="#[e9]">&gt;&gt;</a>&nbsp;&nbsp;&nbsp;uart_recv_data
</UL>

<P><STRONG><a name="[ed]"></a>go_to_command</STRONG> (Thumb, 194 bytes, Stack size 16 bytes, uartprotocol.o(i.go_to_command))
<BR><BR>[Stack]<UL><LI>Max Depth = 636<LI>Call Chain = go_to_command &rArr; lcd_display_complete_handle &rArr; display_page &rArr; display_gb18030_string &rArr; hzbmp16 &rArr; decompressbmp16 &rArr; unziphfmex &rArr; r_dat_bat &rArr; SpiSentByte
</UL>
<BR>[Calls]<UL><LI><a href="#[72]">&gt;&gt;</a>&nbsp;&nbsp;&nbsp;__ARM_common_switch8
<LI><a href="#[20c]">&gt;&gt;</a>&nbsp;&nbsp;&nbsp;lcd_display_handle
<LI><a href="#[20b]">&gt;&gt;</a>&nbsp;&nbsp;&nbsp;lcd_display_complete_handle
<LI><a href="#[20e]">&gt;&gt;</a>&nbsp;&nbsp;&nbsp;lcd_clear_handle
<LI><a href="#[20d]">&gt;&gt;</a>&nbsp;&nbsp;&nbsp;lcd_changeline_handle
<LI><a href="#[1a0]">&gt;&gt;</a>&nbsp;&nbsp;&nbsp;uart_resend_to_cos
<LI><a href="#[20f]">&gt;&gt;</a>&nbsp;&nbsp;&nbsp;save_cos_ver_ans_handle
<LI><a href="#[203]">&gt;&gt;</a>&nbsp;&nbsp;&nbsp;get_bt_name_ans_handle
<LI><a href="#[ef]">&gt;&gt;</a>&nbsp;&nbsp;&nbsp;Protocol_COSData_2_AG
</UL>
<BR>[Called By]<UL><LI><a href="#[e8]">&gt;&gt;</a>&nbsp;&nbsp;&nbsp;ParseRecvUartData
</UL>

<P><STRONG><a name="[134]"></a>packed_data_frame</STRONG> (Thumb, 68 bytes, Stack size 20 bytes, uartprotocol.o(i.packed_data_frame))
<BR><BR>[Stack]<UL><LI>Max Depth = 20<LI>Call Chain = packed_data_frame
</UL>
<BR>[Called By]<UL><LI><a href="#[8c]">&gt;&gt;</a>&nbsp;&nbsp;&nbsp;send_key_to_cos
<LI><a href="#[237]">&gt;&gt;</a>&nbsp;&nbsp;&nbsp;send_key_val_to_cos
<LI><a href="#[132]">&gt;&gt;</a>&nbsp;&nbsp;&nbsp;ans_work_state_handle
<LI><a href="#[1a0]">&gt;&gt;</a>&nbsp;&nbsp;&nbsp;uart_resend_to_cos
<LI><a href="#[eb]">&gt;&gt;</a>&nbsp;&nbsp;&nbsp;send_ack
</UL>

<P><STRONG><a name="[20f]"></a>save_cos_ver_ans_handle</STRONG> (Thumb, 100 bytes, Stack size 144 bytes, uartprotocol.o(i.save_cos_ver_ans_handle))
<BR><BR>[Stack]<UL><LI>Max Depth = 256<LI>Call Chain = save_cos_ver_ans_handle &rArr; etWrite_KEYID_to_flash &rArr; etSpim1NorFlashPageProgrameStdMode &rArr; etSpim1CheckNorFlashWriteEnable &rArr; etSpim1CheckNorFlashBusy &rArr; SpiSent_1Byte
</UL>
<BR>[Calls]<UL><LI><a href="#[77]">&gt;&gt;</a>&nbsp;&nbsp;&nbsp;etSpim1ReadNorFlashStdMode
<LI><a href="#[f3]">&gt;&gt;</a>&nbsp;&nbsp;&nbsp;etWrite_KEYID_to_flash
<LI><a href="#[78]">&gt;&gt;</a>&nbsp;&nbsp;&nbsp;__aeabi_memcpy
</UL>
<BR>[Called By]<UL><LI><a href="#[ed]">&gt;&gt;</a>&nbsp;&nbsp;&nbsp;go_to_command
</UL>

<P><STRONG><a name="[eb]"></a>send_ack</STRONG> (Thumb, 52 bytes, Stack size 32 bytes, uartprotocol.o(i.send_ack))
<BR><BR>[Stack]<UL><LI>Max Depth = 56<LI>Call Chain = send_ack &rArr; cos_send_string &rArr; simple_uart_putstringbuff
</UL>
<BR>[Calls]<UL><LI><a href="#[134]">&gt;&gt;</a>&nbsp;&nbsp;&nbsp;packed_data_frame
<LI><a href="#[102]">&gt;&gt;</a>&nbsp;&nbsp;&nbsp;cos_send_string
</UL>
<BR>[Called By]<UL><LI><a href="#[e8]">&gt;&gt;</a>&nbsp;&nbsp;&nbsp;ParseRecvUartData
</UL>

<P><STRONG><a name="[e9]"></a>uart_recv_data</STRONG> (Thumb, 146 bytes, Stack size 24 bytes, uartprotocol.o(i.uart_recv_data))
<BR><BR>[Stack]<UL><LI>Max Depth = 40<LI>Call Chain = uart_recv_data &rArr; get_cos_data_timeout
</UL>
<BR>[Calls]<UL><LI><a href="#[206]">&gt;&gt;</a>&nbsp;&nbsp;&nbsp;UartRecv
<LI><a href="#[205]">&gt;&gt;</a>&nbsp;&nbsp;&nbsp;get_cos_data_timeout
</UL>
<BR>[Called By]<UL><LI><a href="#[e8]">&gt;&gt;</a>&nbsp;&nbsp;&nbsp;ParseRecvUartData
</UL>

<P><STRONG><a name="[1a0]"></a>uart_resend_to_cos</STRONG> (Thumb, 158 bytes, Stack size 72 bytes, uartprotocol.o(i.uart_resend_to_cos))
<BR><BR>[Stack]<UL><LI>Max Depth = 168<LI>Call Chain = uart_resend_to_cos &rArr; send_key_val_to_cos &rArr; cos_send_string &rArr; simple_uart_putstringbuff
</UL>
<BR>[Calls]<UL><LI><a href="#[11c]">&gt;&gt;</a>&nbsp;&nbsp;&nbsp;__aeabi_memclr4
<LI><a href="#[237]">&gt;&gt;</a>&nbsp;&nbsp;&nbsp;send_key_val_to_cos
<LI><a href="#[207]">&gt;&gt;</a>&nbsp;&nbsp;&nbsp;get_cos_ver_req
<LI><a href="#[204]">&gt;&gt;</a>&nbsp;&nbsp;&nbsp;get_bt_name_req
<LI><a href="#[132]">&gt;&gt;</a>&nbsp;&nbsp;&nbsp;ans_work_state_handle
<LI><a href="#[134]">&gt;&gt;</a>&nbsp;&nbsp;&nbsp;packed_data_frame
<LI><a href="#[102]">&gt;&gt;</a>&nbsp;&nbsp;&nbsp;cos_send_string
</UL>
<BR>[Called By]<UL><LI><a href="#[e3]">&gt;&gt;</a>&nbsp;&nbsp;&nbsp;check_uart_resend_tag
<LI><a href="#[ed]">&gt;&gt;</a>&nbsp;&nbsp;&nbsp;go_to_command
</UL>

<P><STRONG><a name="[123]"></a>_fp_digits</STRONG> (Thumb, 314 bytes, Stack size 56 bytes, printfa.o(i._fp_digits), UNUSED)
<BR><BR>[Calls]<UL><LI><a href="#[64]">&gt;&gt;</a>&nbsp;&nbsp;&nbsp;__aeabi_uldivmod
<LI><a href="#[6c]">&gt;&gt;</a>&nbsp;&nbsp;&nbsp;__aeabi_dmul
<LI><a href="#[6d]">&gt;&gt;</a>&nbsp;&nbsp;&nbsp;__aeabi_ddiv
<LI><a href="#[66]">&gt;&gt;</a>&nbsp;&nbsp;&nbsp;__aeabi_dadd
<LI><a href="#[6e]">&gt;&gt;</a>&nbsp;&nbsp;&nbsp;__aeabi_d2ulz
<LI><a href="#[124]">&gt;&gt;</a>&nbsp;&nbsp;&nbsp;__aeabi_cdrcmple
</UL>
<BR>[Called By]<UL><LI><a href="#[122]">&gt;&gt;</a>&nbsp;&nbsp;&nbsp;_printf_core
</UL>

<P><STRONG><a name="[122]"></a>_printf_core</STRONG> (Thumb, 1766 bytes, Stack size 128 bytes, printfa.o(i._printf_core), UNUSED)
<BR><BR>[Calls]<UL><LI><a href="#[64]">&gt;&gt;</a>&nbsp;&nbsp;&nbsp;__aeabi_uldivmod
<LI><a href="#[125]">&gt;&gt;</a>&nbsp;&nbsp;&nbsp;_printf_pre_padding
<LI><a href="#[126]">&gt;&gt;</a>&nbsp;&nbsp;&nbsp;_printf_post_padding
<LI><a href="#[123]">&gt;&gt;</a>&nbsp;&nbsp;&nbsp;_fp_digits
<LI><a href="#[5e]">&gt;&gt;</a>&nbsp;&nbsp;&nbsp;__aeabi_uidivmod
</UL>
<BR>[Called By]<UL><LI><a href="#[121]">&gt;&gt;</a>&nbsp;&nbsp;&nbsp;__0vsprintf
</UL>

<P><STRONG><a name="[126]"></a>_printf_post_padding</STRONG> (Thumb, 32 bytes, Stack size 24 bytes, printfa.o(i._printf_post_padding), UNUSED)
<BR><BR>[Called By]<UL><LI><a href="#[122]">&gt;&gt;</a>&nbsp;&nbsp;&nbsp;_printf_core
</UL>

<P><STRONG><a name="[125]"></a>_printf_pre_padding</STRONG> (Thumb, 44 bytes, Stack size 40 bytes, printfa.o(i._printf_pre_padding), UNUSED)
<BR><BR>[Called By]<UL><LI><a href="#[122]">&gt;&gt;</a>&nbsp;&nbsp;&nbsp;_printf_core
</UL>

<P><STRONG><a name="[24]"></a>_sputc</STRONG> (Thumb, 10 bytes, Stack size 0 bytes, printfa.o(i._sputc))
<BR><BR>[Called By]<UL><LI><a href="#[121]">&gt;&gt;</a>&nbsp;&nbsp;&nbsp;__0vsprintf
</UL>
<BR>[Address Reference Count : 1]<UL><LI> printfa.o(i.__0vsprintf)
</UL><P>
<H3>
Undefined Global Symbols
</H3><HR></body></html>
