<!doctype html public "-//w3c//dtd html 4.0 transitional//en">
<html><head>
<title>Static Call Graph - [.\_build\nrf51422_xxac_s110.axf]</title></head>
<body><HR>
<H1>Static Call Graph for image .\_build\nrf51422_xxac_s110.axf</H1><HR>
<BR><P>#&#060CALLGRAPH&#062# ARM Linker, 5.03 [Build 76]: Last Updated: Tue Nov 17 15:45:55 2015
<BR><P>
<H3>Maximum Stack Usage =       1496 bytes + Unknown(Cycles, Untraceable Function Pointers)</H3><H3>
Call chain for Maximum Stack Depth:</H3>
app_event_g_sensor_intr1_handler &rArr; gSensor_Read_Fifo_Data &rArr; arithmetic_write_data2buf &rArr; arithmetic_transfer_data &rArr; app_arithmetic_cal_timer_handler &rArr; app_stop_step_arithmetic_cal &rArr; deal_raw_data &rArr; peaks_valleys_final_match &rArr; steps_matchArray_verfy
<P>
<H3>
Mutually Recursive functions
</H3> <LI><a href="#[1]">NMI_Handler</a>&nbsp;&nbsp;&nbsp;&rArr;&nbsp;&nbsp;&nbsp;<a href="#[1]">NMI_Handler</a><BR>
 <LI><a href="#[2]">HardFault_Handler</a>&nbsp;&nbsp;&nbsp;&rArr;&nbsp;&nbsp;&nbsp;<a href="#[2]">HardFault_Handler</a><BR>
 <LI><a href="#[3]">SVC_Handler</a>&nbsp;&nbsp;&nbsp;&rArr;&nbsp;&nbsp;&nbsp;<a href="#[3]">SVC_Handler</a><BR>
 <LI><a href="#[4]">PendSV_Handler</a>&nbsp;&nbsp;&nbsp;&rArr;&nbsp;&nbsp;&nbsp;<a href="#[4]">PendSV_Handler</a><BR>
 <LI><a href="#[5]">SysTick_Handler</a>&nbsp;&nbsp;&nbsp;&rArr;&nbsp;&nbsp;&nbsp;<a href="#[5]">SysTick_Handler</a><BR>
 <LI><a href="#[c]">ADC_IRQHandler</a>&nbsp;&nbsp;&nbsp;&rArr;&nbsp;&nbsp;&nbsp;<a href="#[c]">ADC_IRQHandler</a><BR>
 <LI><a href="#[3c]">__asm___11_app_timer_c_cd27f9c3__nrf_delay_us</a>&nbsp;&nbsp;&nbsp;&rArr;&nbsp;&nbsp;&nbsp;<a href="#[3c]">__asm___11_app_timer_c_cd27f9c3__nrf_delay_us</a><BR>
 <LI><a href="#[3b]">__asm___11_nrf_delay_c_532987f3__nrf_delay_us</a>&nbsp;&nbsp;&nbsp;&rArr;&nbsp;&nbsp;&nbsp;<a href="#[3b]">__asm___11_nrf_delay_c_532987f3__nrf_delay_us</a><BR>
</UL>
<P>
<H3>
Function Pointers
</H3><UL>
 <LI><a href="#[c]">ADC_IRQHandler</a> from arm_startup_nrf51.o(.text) referenced from arm_startup_nrf51.o(RESET)
 <LI><a href="#[14]">CCM_AAR_IRQHandler</a> from arm_startup_nrf51.o(.text) referenced from arm_startup_nrf51.o(RESET)
 <LI><a href="#[13]">ECB_IRQHandler</a> from arm_startup_nrf51.o(.text) referenced from arm_startup_nrf51.o(RESET)
 <LI><a href="#[b]">GPIOTE_IRQHandler</a> from nrf_drv_gpiote.o(i.GPIOTE_IRQHandler) referenced from arm_startup_nrf51.o(RESET)
 <LI><a href="#[2]">HardFault_Handler</a> from arm_startup_nrf51.o(.text) referenced from arm_startup_nrf51.o(RESET)
 <LI><a href="#[18]">LPCOMP_IRQHandler</a> from arm_startup_nrf51.o(.text) referenced from arm_startup_nrf51.o(RESET)
 <LI><a href="#[1]">NMI_Handler</a> from arm_startup_nrf51.o(.text) referenced from arm_startup_nrf51.o(RESET)
 <LI><a href="#[6]">POWER_CLOCK_IRQHandler</a> from arm_startup_nrf51.o(.text) referenced from arm_startup_nrf51.o(RESET)
 <LI><a href="#[4]">PendSV_Handler</a> from arm_startup_nrf51.o(.text) referenced from arm_startup_nrf51.o(RESET)
 <LI><a href="#[17]">QDEC_IRQHandler</a> from arm_startup_nrf51.o(.text) referenced from arm_startup_nrf51.o(RESET)
 <LI><a href="#[7]">RADIO_IRQHandler</a> from arm_startup_nrf51.o(.text) referenced from arm_startup_nrf51.o(RESET)
 <LI><a href="#[12]">RNG_IRQHandler</a> from arm_startup_nrf51.o(.text) referenced from arm_startup_nrf51.o(RESET)
 <LI><a href="#[10]">RTC0_IRQHandler</a> from arm_startup_nrf51.o(.text) referenced from arm_startup_nrf51.o(RESET)
 <LI><a href="#[16]">RTC1_IRQHandler</a> from app_timer.o(i.RTC1_IRQHandler) referenced from arm_startup_nrf51.o(RESET)
 <LI><a href="#[0]">Reset_Handler</a> from arm_startup_nrf51.o(.text) referenced from arm_startup_nrf51.o(RESET)
 <LI><a href="#[9]">SPI0_TWI0_IRQHandler</a> from arm_startup_nrf51.o(.text) referenced from arm_startup_nrf51.o(RESET)
 <LI><a href="#[a]">SPI1_TWI1_IRQHandler</a> from arm_startup_nrf51.o(.text) referenced from arm_startup_nrf51.o(RESET)
 <LI><a href="#[3]">SVC_Handler</a> from arm_startup_nrf51.o(.text) referenced from arm_startup_nrf51.o(RESET)
 <LI><a href="#[19]">SWI0_IRQHandler</a> from app_timer.o(i.SWI0_IRQHandler) referenced from arm_startup_nrf51.o(RESET)
 <LI><a href="#[1a]">SWI1_IRQHandler</a> from arm_startup_nrf51.o(.text) referenced from arm_startup_nrf51.o(RESET)
 <LI><a href="#[1b]">SWI2_IRQHandler</a> from softdevice_handler.o(i.SWI2_IRQHandler) referenced from arm_startup_nrf51.o(RESET)
 <LI><a href="#[1c]">SWI3_IRQHandler</a> from arm_startup_nrf51.o(.text) referenced from arm_startup_nrf51.o(RESET)
 <LI><a href="#[1d]">SWI4_IRQHandler</a> from arm_startup_nrf51.o(.text) referenced from arm_startup_nrf51.o(RESET)
 <LI><a href="#[1e]">SWI5_IRQHandler</a> from arm_startup_nrf51.o(.text) referenced from arm_startup_nrf51.o(RESET)
 <LI><a href="#[5]">SysTick_Handler</a> from arm_startup_nrf51.o(.text) referenced from arm_startup_nrf51.o(RESET)
 <LI><a href="#[20]">SystemInit</a> from system_nrf51.o(i.SystemInit) referenced from arm_startup_nrf51.o(.text)
 <LI><a href="#[11]">TEMP_IRQHandler</a> from arm_startup_nrf51.o(.text) referenced from arm_startup_nrf51.o(RESET)
 <LI><a href="#[d]">TIMER0_IRQHandler</a> from nrf_drv_timer.o(i.TIMER0_IRQHandler) referenced from arm_startup_nrf51.o(RESET)
 <LI><a href="#[e]">TIMER1_IRQHandler</a> from nrf_drv_timer.o(i.TIMER1_IRQHandler) referenced from arm_startup_nrf51.o(RESET)
 <LI><a href="#[f]">TIMER2_IRQHandler</a> from nrf_drv_timer.o(i.TIMER2_IRQHandler) referenced from arm_startup_nrf51.o(RESET)
 <LI><a href="#[8]">UART0_IRQHandler</a> from etsimple_uart.o(i.UART0_IRQHandler) referenced from arm_startup_nrf51.o(RESET)
 <LI><a href="#[15]">WDT_IRQHandler</a> from et_nrf_drv_wdt.o(i.WDT_IRQHandler) referenced from arm_startup_nrf51.o(RESET)
 <LI><a href="#[21]">__main</a> from entry.o(.ARM.Collect$$$$00000000) referenced from arm_startup_nrf51.o(.text)
 <LI><a href="#[33]">app_event_g_sensor_intr1_handler</a> from gsensor.o(i.app_event_g_sensor_intr1_handler) referenced from usr_task.o(.constdata)
 <LI><a href="#[35]">app_gSensor_nomotion_timer_handler</a> from sleep_record.o(i.app_gSensor_nomotion_timer_handler) referenced from usr_task.o(.constdata)
 <LI><a href="#[34]">app_sleep_record_timer_handler</a> from sleep_record.o(i.app_sleep_record_timer_handler) referenced from usr_task.o(.constdata)
 <LI><a href="#[36]">auto_send_sport_record_to_app_timer</a> from data_transfer.o(i.auto_send_sport_record_to_app_timer) referenced from usr_task.o(.constdata)
 <LI><a href="#[2b]">ble_evt_dispatch</a> from main.o(i.ble_evt_dispatch) referenced from main.o(i.main)
 <LI><a href="#[31]">bsp_button_event_handler</a> from bsp.o(i.bsp_button_event_handler) referenced 5 times from bsp.o(.constdata)
 <LI><a href="#[2a]">bsp_event_handler</a> from main.o(i.bsp_event_handler) referenced from main.o(i.main)
 <LI><a href="#[28]">button_timer_handler</a> from bsp.o(i.button_timer_handler) referenced from bsp.o(i.bsp_init)
 <LI><a href="#[2e]">conn_params_error_handler</a> from main.o(i.conn_params_error_handler) referenced from main.o(i.main)
 <LI><a href="#[26]">detection_delay_timeout_handler</a> from app_button.o(i.detection_delay_timeout_handler) referenced from app_button.o(i.app_button_init)
 <LI><a href="#[25]">gpiote_event_handler</a> from app_button.o(i.gpiote_event_handler) referenced from app_button.o(i.app_button_init)
 <LI><a href="#[1f]">main</a> from main.o(i.main) referenced from entry9a.o(.ARM.Collect$$$$0000000B)
 <LI><a href="#[2c]">nus_data_handler</a> from main.o(i.nus_data_handler) referenced from main.o(i.main)
 <LI><a href="#[24]">on_adv_evt</a> from main.o(i.on_adv_evt) referenced from main.o(i.advertising_init)
 <LI><a href="#[2d]">on_conn_params_evt</a> from main.o(i.on_conn_params_evt) referenced from main.o(i.main)
 <LI><a href="#[37]">send_data_timeout_timer</a> from data_transfer.o(i.send_data_timeout_timer) referenced from usr_task.o(.constdata)
 <LI><a href="#[2f]">softdevice_assertion_handler</a> from softdevice_handler.o(i.softdevice_assertion_handler) referenced from softdevice_handler.o(i.softdevice_handler_init)
 <LI><a href="#[30]">system_time_tick</a> from sys_time.o(i.system_time_tick) referenced from sys_time.o(i.system_time_init)
 <LI><a href="#[23]">timer2_event_handler</a> from ke_timer.o(i.timer2_event_handler) referenced from ke_timer.o(i.ETTimer2Init)
 <LI><a href="#[22]">timer_pwm_event_handler</a> from etmotor.o(i.timer_pwm_event_handler) referenced from etmotor.o(i.ETTimer1Init)
 <LI><a href="#[27]">update_timeout_handler</a> from ble_conn_params.o(i.update_timeout_handler) referenced from ble_conn_params.o(i.ble_conn_params_init)
 <LI><a href="#[38]">usr_clock_time_unit_handler</a> from etalarm.o(i.usr_clock_time_unit_handler) referenced from usr_task.o(.constdata)
 <LI><a href="#[32]">usr_timer_handler</a> from gsensor.o(i.usr_timer_handler) referenced from usr_task.o(.constdata)
 <LI><a href="#[29]">wdt_event_handler</a> from et_wdt.o(i.wdt_event_handler) referenced from et_wdt.o(i.et_WDT_init)
</UL>
<P>
<H3>
Global Symbols
</H3>
<P><STRONG><a name="[21]"></a>__main</STRONG> (Thumb, 0 bytes, Stack size unknown bytes, entry.o(.ARM.Collect$$$$00000000))
<BR>[Address Reference Count : 1]<UL><LI> arm_startup_nrf51.o(.text)
</UL>
<P><STRONG><a name="[1c1]"></a>_main_stk</STRONG> (Thumb, 0 bytes, Stack size unknown bytes, entry2.o(.ARM.Collect$$$$00000001))

<P><STRONG><a name="[39]"></a>_main_scatterload</STRONG> (Thumb, 0 bytes, Stack size unknown bytes, entry5.o(.ARM.Collect$$$$00000004))
<BR><BR>[Calls]<UL><LI><a href="#[3a]">&gt;&gt;</a>&nbsp;&nbsp;&nbsp;__scatterload
</UL>

<P><STRONG><a name="[4c]"></a>__main_after_scatterload</STRONG> (Thumb, 0 bytes, Stack size unknown bytes, entry5.o(.ARM.Collect$$$$00000004))
<BR><BR>[Called By]<UL><LI><a href="#[3a]">&gt;&gt;</a>&nbsp;&nbsp;&nbsp;__scatterload
</UL>

<P><STRONG><a name="[1c2]"></a>_main_clock</STRONG> (Thumb, 0 bytes, Stack size unknown bytes, entry7b.o(.ARM.Collect$$$$00000008))

<P><STRONG><a name="[1c3]"></a>_main_cpp_init</STRONG> (Thumb, 0 bytes, Stack size unknown bytes, entry8b.o(.ARM.Collect$$$$0000000A))

<P><STRONG><a name="[1c4]"></a>_main_init</STRONG> (Thumb, 0 bytes, Stack size unknown bytes, entry9a.o(.ARM.Collect$$$$0000000B))

<P><STRONG><a name="[1c5]"></a>__rt_final_cpp</STRONG> (Thumb, 0 bytes, Stack size unknown bytes, entry10a.o(.ARM.Collect$$$$0000000D))

<P><STRONG><a name="[1c6]"></a>__rt_final_exit</STRONG> (Thumb, 0 bytes, Stack size unknown bytes, entry11a.o(.ARM.Collect$$$$0000000F))

<P><STRONG><a name="[3b]"></a>__asm___11_nrf_delay_c_532987f3__nrf_delay_us</STRONG> (Thumb, 30 bytes, Stack size 0 bytes, nrf_delay.o(.emb_text))
<BR><BR>[Calls]<UL><LI><a href="#[3b]">&gt;&gt;</a>&nbsp;&nbsp;&nbsp;__asm___11_nrf_delay_c_532987f3__nrf_delay_us
</UL>
<BR>[Called By]<UL><LI><a href="#[94]">&gt;&gt;</a>&nbsp;&nbsp;&nbsp;nrf_delay_ms
<LI><a href="#[df]">&gt;&gt;</a>&nbsp;&nbsp;&nbsp;nrf_delay_100us
<LI><a href="#[3b]">&gt;&gt;</a>&nbsp;&nbsp;&nbsp;__asm___11_nrf_delay_c_532987f3__nrf_delay_us
</UL>

<P><STRONG><a name="[3c]"></a>__asm___11_app_timer_c_cd27f9c3__nrf_delay_us</STRONG> (Thumb, 30 bytes, Stack size 0 bytes, app_timer.o(.emb_text))
<BR><BR>[Calls]<UL><LI><a href="#[3c]">&gt;&gt;</a>&nbsp;&nbsp;&nbsp;__asm___11_app_timer_c_cd27f9c3__nrf_delay_us
</UL>
<BR>[Called By]<UL><LI><a href="#[3c]">&gt;&gt;</a>&nbsp;&nbsp;&nbsp;__asm___11_app_timer_c_cd27f9c3__nrf_delay_us
<LI><a href="#[116]">&gt;&gt;</a>&nbsp;&nbsp;&nbsp;rtc1_stop
<LI><a href="#[d9]">&gt;&gt;</a>&nbsp;&nbsp;&nbsp;compare_reg_update
</UL>

<P><STRONG><a name="[0]"></a>Reset_Handler</STRONG> (Thumb, 26 bytes, Stack size 0 bytes, arm_startup_nrf51.o(.text))
<BR>[Address Reference Count : 1]<UL><LI> arm_startup_nrf51.o(RESET)
</UL>
<P><STRONG><a name="[1]"></a>NMI_Handler</STRONG> (Thumb, 2 bytes, Stack size 0 bytes, arm_startup_nrf51.o(.text))
<BR><BR>[Calls]<UL><LI><a href="#[1]">&gt;&gt;</a>&nbsp;&nbsp;&nbsp;NMI_Handler
</UL>
<BR>[Called By]<UL><LI><a href="#[1]">&gt;&gt;</a>&nbsp;&nbsp;&nbsp;NMI_Handler
</UL>
<BR>[Address Reference Count : 1]<UL><LI> arm_startup_nrf51.o(RESET)
</UL>
<P><STRONG><a name="[2]"></a>HardFault_Handler</STRONG> (Thumb, 2 bytes, Stack size 0 bytes, arm_startup_nrf51.o(.text))
<BR><BR>[Calls]<UL><LI><a href="#[2]">&gt;&gt;</a>&nbsp;&nbsp;&nbsp;HardFault_Handler
</UL>
<BR>[Called By]<UL><LI><a href="#[2]">&gt;&gt;</a>&nbsp;&nbsp;&nbsp;HardFault_Handler
</UL>
<BR>[Address Reference Count : 1]<UL><LI> arm_startup_nrf51.o(RESET)
</UL>
<P><STRONG><a name="[3]"></a>SVC_Handler</STRONG> (Thumb, 2 bytes, Stack size 0 bytes, arm_startup_nrf51.o(.text))
<BR><BR>[Calls]<UL><LI><a href="#[3]">&gt;&gt;</a>&nbsp;&nbsp;&nbsp;SVC_Handler
</UL>
<BR>[Called By]<UL><LI><a href="#[3]">&gt;&gt;</a>&nbsp;&nbsp;&nbsp;SVC_Handler
</UL>
<BR>[Address Reference Count : 1]<UL><LI> arm_startup_nrf51.o(RESET)
</UL>
<P><STRONG><a name="[4]"></a>PendSV_Handler</STRONG> (Thumb, 2 bytes, Stack size 0 bytes, arm_startup_nrf51.o(.text))
<BR><BR>[Calls]<UL><LI><a href="#[4]">&gt;&gt;</a>&nbsp;&nbsp;&nbsp;PendSV_Handler
</UL>
<BR>[Called By]<UL><LI><a href="#[4]">&gt;&gt;</a>&nbsp;&nbsp;&nbsp;PendSV_Handler
</UL>
<BR>[Address Reference Count : 1]<UL><LI> arm_startup_nrf51.o(RESET)
</UL>
<P><STRONG><a name="[5]"></a>SysTick_Handler</STRONG> (Thumb, 2 bytes, Stack size 0 bytes, arm_startup_nrf51.o(.text))
<BR><BR>[Calls]<UL><LI><a href="#[5]">&gt;&gt;</a>&nbsp;&nbsp;&nbsp;SysTick_Handler
</UL>
<BR>[Called By]<UL><LI><a href="#[5]">&gt;&gt;</a>&nbsp;&nbsp;&nbsp;SysTick_Handler
</UL>
<BR>[Address Reference Count : 1]<UL><LI> arm_startup_nrf51.o(RESET)
</UL>
<P><STRONG><a name="[c]"></a>ADC_IRQHandler</STRONG> (Thumb, 0 bytes, Stack size 0 bytes, arm_startup_nrf51.o(.text))
<BR><BR>[Calls]<UL><LI><a href="#[c]">&gt;&gt;</a>&nbsp;&nbsp;&nbsp;ADC_IRQHandler
</UL>
<BR>[Called By]<UL><LI><a href="#[c]">&gt;&gt;</a>&nbsp;&nbsp;&nbsp;ADC_IRQHandler
</UL>
<BR>[Address Reference Count : 1]<UL><LI> arm_startup_nrf51.o(RESET)
</UL>
<P><STRONG><a name="[14]"></a>CCM_AAR_IRQHandler</STRONG> (Thumb, 0 bytes, Stack size 0 bytes, arm_startup_nrf51.o(.text))
<BR>[Address Reference Count : 1]<UL><LI> arm_startup_nrf51.o(RESET)
</UL>
<P><STRONG><a name="[13]"></a>ECB_IRQHandler</STRONG> (Thumb, 0 bytes, Stack size 0 bytes, arm_startup_nrf51.o(.text))
<BR>[Address Reference Count : 1]<UL><LI> arm_startup_nrf51.o(RESET)
</UL>
<P><STRONG><a name="[18]"></a>LPCOMP_IRQHandler</STRONG> (Thumb, 0 bytes, Stack size 0 bytes, arm_startup_nrf51.o(.text))
<BR>[Address Reference Count : 1]<UL><LI> arm_startup_nrf51.o(RESET)
</UL>
<P><STRONG><a name="[6]"></a>POWER_CLOCK_IRQHandler</STRONG> (Thumb, 0 bytes, Stack size 0 bytes, arm_startup_nrf51.o(.text))
<BR>[Address Reference Count : 1]<UL><LI> arm_startup_nrf51.o(RESET)
</UL>
<P><STRONG><a name="[17]"></a>QDEC_IRQHandler</STRONG> (Thumb, 0 bytes, Stack size 0 bytes, arm_startup_nrf51.o(.text))
<BR>[Address Reference Count : 1]<UL><LI> arm_startup_nrf51.o(RESET)
</UL>
<P><STRONG><a name="[7]"></a>RADIO_IRQHandler</STRONG> (Thumb, 0 bytes, Stack size 0 bytes, arm_startup_nrf51.o(.text))
<BR>[Address Reference Count : 1]<UL><LI> arm_startup_nrf51.o(RESET)
</UL>
<P><STRONG><a name="[12]"></a>RNG_IRQHandler</STRONG> (Thumb, 0 bytes, Stack size 0 bytes, arm_startup_nrf51.o(.text))
<BR>[Address Reference Count : 1]<UL><LI> arm_startup_nrf51.o(RESET)
</UL>
<P><STRONG><a name="[10]"></a>RTC0_IRQHandler</STRONG> (Thumb, 0 bytes, Stack size 0 bytes, arm_startup_nrf51.o(.text))
<BR>[Address Reference Count : 1]<UL><LI> arm_startup_nrf51.o(RESET)
</UL>
<P><STRONG><a name="[9]"></a>SPI0_TWI0_IRQHandler</STRONG> (Thumb, 0 bytes, Stack size 0 bytes, arm_startup_nrf51.o(.text))
<BR>[Address Reference Count : 1]<UL><LI> arm_startup_nrf51.o(RESET)
</UL>
<P><STRONG><a name="[a]"></a>SPI1_TWI1_IRQHandler</STRONG> (Thumb, 0 bytes, Stack size 0 bytes, arm_startup_nrf51.o(.text))
<BR>[Address Reference Count : 1]<UL><LI> arm_startup_nrf51.o(RESET)
</UL>
<P><STRONG><a name="[1a]"></a>SWI1_IRQHandler</STRONG> (Thumb, 0 bytes, Stack size 0 bytes, arm_startup_nrf51.o(.text))
<BR>[Address Reference Count : 1]<UL><LI> arm_startup_nrf51.o(RESET)
</UL>
<P><STRONG><a name="[1c]"></a>SWI3_IRQHandler</STRONG> (Thumb, 0 bytes, Stack size 0 bytes, arm_startup_nrf51.o(.text))
<BR>[Address Reference Count : 1]<UL><LI> arm_startup_nrf51.o(RESET)
</UL>
<P><STRONG><a name="[1d]"></a>SWI4_IRQHandler</STRONG> (Thumb, 0 bytes, Stack size 0 bytes, arm_startup_nrf51.o(.text))
<BR>[Address Reference Count : 1]<UL><LI> arm_startup_nrf51.o(RESET)
</UL>
<P><STRONG><a name="[1e]"></a>SWI5_IRQHandler</STRONG> (Thumb, 0 bytes, Stack size 0 bytes, arm_startup_nrf51.o(.text))
<BR>[Address Reference Count : 1]<UL><LI> arm_startup_nrf51.o(RESET)
</UL>
<P><STRONG><a name="[11]"></a>TEMP_IRQHandler</STRONG> (Thumb, 0 bytes, Stack size 0 bytes, arm_startup_nrf51.o(.text))
<BR>[Address Reference Count : 1]<UL><LI> arm_startup_nrf51.o(RESET)
</UL>
<P><STRONG><a name="[1c7]"></a>__aeabi_uidiv</STRONG> (Thumb, 0 bytes, Stack size 12 bytes, uidiv.o(.text), UNUSED)

<P><STRONG><a name="[3e]"></a>__aeabi_uidivmod</STRONG> (Thumb, 44 bytes, Stack size 12 bytes, uidiv.o(.text))
<BR><BR>[Stack]<UL><LI>Max Depth = 12<LI>Call Chain = __aeabi_uidivmod
</UL>
<BR>[Called By]<UL><LI><a href="#[71]">&gt;&gt;</a>&nbsp;&nbsp;&nbsp;display_Rssi_distance
<LI><a href="#[17a]">&gt;&gt;</a>&nbsp;&nbsp;&nbsp;nrf_drv_wdt_init
<LI><a href="#[5c]">&gt;&gt;</a>&nbsp;&nbsp;&nbsp;Get_BatteryPercent
<LI><a href="#[142]">&gt;&gt;</a>&nbsp;&nbsp;&nbsp;display_alarm
<LI><a href="#[6b]">&gt;&gt;</a>&nbsp;&nbsp;&nbsp;Display_idle_logo
<LI><a href="#[6c]">&gt;&gt;</a>&nbsp;&nbsp;&nbsp;display_step_distance_engery
<LI><a href="#[70]">&gt;&gt;</a>&nbsp;&nbsp;&nbsp;display_day_clock
<LI><a href="#[6f]">&gt;&gt;</a>&nbsp;&nbsp;&nbsp;system_time_get
<LI><a href="#[191]">&gt;&gt;</a>&nbsp;&nbsp;&nbsp;isleap
<LI><a href="#[111]">&gt;&gt;</a>&nbsp;&nbsp;&nbsp;write_data_item_2_mem_pool
<LI><a href="#[f8]">&gt;&gt;</a>&nbsp;&nbsp;&nbsp;steps_2_distance
<LI><a href="#[f9]">&gt;&gt;</a>&nbsp;&nbsp;&nbsp;steps_2_calorie
<LI><a href="#[fb]">&gt;&gt;</a>&nbsp;&nbsp;&nbsp;sportInfo2DMDataItem
<LI><a href="#[122]">&gt;&gt;</a>&nbsp;&nbsp;&nbsp;arth_init_person_info
<LI><a href="#[14d]">&gt;&gt;</a>&nbsp;&nbsp;&nbsp;peaks_valleys_final_match
<LI><a href="#[14c]">&gt;&gt;</a>&nbsp;&nbsp;&nbsp;peaksValleys_mergeArray_arrange
<LI><a href="#[81]">&gt;&gt;</a>&nbsp;&nbsp;&nbsp;FIRProcess
<LI><a href="#[3d]">&gt;&gt;</a>&nbsp;&nbsp;&nbsp;__aeabi_idivmod
<LI><a href="#[10a]">&gt;&gt;</a>&nbsp;&nbsp;&nbsp;sleep_add_xyzData
</UL>

<P><STRONG><a name="[1c8]"></a>__aeabi_idiv</STRONG> (Thumb, 0 bytes, Stack size 16 bytes, idiv.o(.text), UNUSED)

<P><STRONG><a name="[3d]"></a>__aeabi_idivmod</STRONG> (Thumb, 40 bytes, Stack size 16 bytes, idiv.o(.text))
<BR><BR>[Stack]<UL><LI>Max Depth = 28<LI>Call Chain = __aeabi_idivmod &rArr; __aeabi_uidivmod
</UL>
<BR>[Calls]<UL><LI><a href="#[3e]">&gt;&gt;</a>&nbsp;&nbsp;&nbsp;__aeabi_uidivmod
</UL>
<BR>[Called By]<UL><LI><a href="#[6f]">&gt;&gt;</a>&nbsp;&nbsp;&nbsp;system_time_get
<LI><a href="#[f9]">&gt;&gt;</a>&nbsp;&nbsp;&nbsp;steps_2_calorie
<LI><a href="#[122]">&gt;&gt;</a>&nbsp;&nbsp;&nbsp;arth_init_person_info
<LI><a href="#[148]">&gt;&gt;</a>&nbsp;&nbsp;&nbsp;smoothfunc
</UL>

<P><STRONG><a name="[3f]"></a>__aeabi_lmul</STRONG> (Thumb, 122 bytes, Stack size 64 bytes, llmul.o(.text))
<BR><BR>[Stack]<UL><LI>Max Depth = 72<LI>Call Chain = __aeabi_lmul &rArr; __aeabi_llsl
</UL>
<BR>[Calls]<UL><LI><a href="#[40]">&gt;&gt;</a>&nbsp;&nbsp;&nbsp;__aeabi_llsl
</UL>
<BR>[Called By]<UL><LI><a href="#[14e]">&gt;&gt;</a>&nbsp;&nbsp;&nbsp;decompressbmp16
</UL>

<P><STRONG><a name="[1c9]"></a>_ll_mul</STRONG> (Thumb, 0 bytes, Stack size 64 bytes, llmul.o(.text), UNUSED)

<P><STRONG><a name="[120]"></a>__aeabi_memcpy</STRONG> (Thumb, 36 bytes, Stack size 0 bytes, memcpya.o(.text))
<BR><BR>[Called By]<UL><LI><a href="#[e7]">&gt;&gt;</a>&nbsp;&nbsp;&nbsp;service_data_encode
<LI><a href="#[e6]">&gt;&gt;</a>&nbsp;&nbsp;&nbsp;manuf_specific_data_encode
<LI><a href="#[71]">&gt;&gt;</a>&nbsp;&nbsp;&nbsp;display_Rssi_distance
<LI><a href="#[12e]">&gt;&gt;</a>&nbsp;&nbsp;&nbsp;ble_conn_params_on_ble_evt
<LI><a href="#[12d]">&gt;&gt;</a>&nbsp;&nbsp;&nbsp;ble_conn_params_init
<LI><a href="#[1f]">&gt;&gt;</a>&nbsp;&nbsp;&nbsp;main
<LI><a href="#[193]">&gt;&gt;</a>&nbsp;&nbsp;&nbsp;lcd_display_handle
<LI><a href="#[15a]">&gt;&gt;</a>&nbsp;&nbsp;&nbsp;display_page
<LI><a href="#[6c]">&gt;&gt;</a>&nbsp;&nbsp;&nbsp;display_step_distance_engery
<LI><a href="#[199]">&gt;&gt;</a>&nbsp;&nbsp;&nbsp;read_infos_from_flash_first_page
<LI><a href="#[123]">&gt;&gt;</a>&nbsp;&nbsp;&nbsp;flash_gsensor_data_partition_read_block
<LI><a href="#[198]">&gt;&gt;</a>&nbsp;&nbsp;&nbsp;init_ram_pools
<LI><a href="#[111]">&gt;&gt;</a>&nbsp;&nbsp;&nbsp;write_data_item_2_mem_pool
<LI><a href="#[1b3]">&gt;&gt;</a>&nbsp;&nbsp;&nbsp;set_user_info
<LI><a href="#[14c]">&gt;&gt;</a>&nbsp;&nbsp;&nbsp;peaksValleys_mergeArray_arrange
<LI><a href="#[11f]">&gt;&gt;</a>&nbsp;&nbsp;&nbsp;arithmetic_transfer_data
<LI><a href="#[b3]">&gt;&gt;</a>&nbsp;&nbsp;&nbsp;go_to_command
<LI><a href="#[c0]">&gt;&gt;</a>&nbsp;&nbsp;&nbsp;protocol_Save_data
</UL>

<P><STRONG><a name="[93]"></a>__aeabi_memcpy4</STRONG> (Thumb, 0 bytes, Stack size 0 bytes, memcpya.o(.text))
<BR><BR>[Called By]<UL><LI><a href="#[12d]">&gt;&gt;</a>&nbsp;&nbsp;&nbsp;ble_conn_params_init
<LI><a href="#[ec]">&gt;&gt;</a>&nbsp;&nbsp;&nbsp;ble_advertising_init
<LI><a href="#[92]">&gt;&gt;</a>&nbsp;&nbsp;&nbsp;LCD_init
<LI><a href="#[6c]">&gt;&gt;</a>&nbsp;&nbsp;&nbsp;display_step_distance_engery
<LI><a href="#[188]">&gt;&gt;</a>&nbsp;&nbsp;&nbsp;init_data_manger
</UL>

<P><STRONG><a name="[1ca]"></a>__aeabi_memcpy8</STRONG> (Thumb, 0 bytes, Stack size 0 bytes, memcpya.o(.text), UNUSED)

<P><STRONG><a name="[42]"></a>__aeabi_memset</STRONG> (Thumb, 14 bytes, Stack size 0 bytes, memseta.o(.text))
<BR><BR>[Called By]<UL><LI><a href="#[43]">&gt;&gt;</a>&nbsp;&nbsp;&nbsp;_memset$wrapper
<LI><a href="#[41]">&gt;&gt;</a>&nbsp;&nbsp;&nbsp;__aeabi_memclr
</UL>

<P><STRONG><a name="[1cb]"></a>__aeabi_memset4</STRONG> (Thumb, 0 bytes, Stack size 0 bytes, memseta.o(.text), UNUSED)

<P><STRONG><a name="[1cc]"></a>__aeabi_memset8</STRONG> (Thumb, 0 bytes, Stack size 0 bytes, memseta.o(.text), UNUSED)

<P><STRONG><a name="[41]"></a>__aeabi_memclr</STRONG> (Thumb, 4 bytes, Stack size 0 bytes, memseta.o(.text))
<BR><BR>[Calls]<UL><LI><a href="#[42]">&gt;&gt;</a>&nbsp;&nbsp;&nbsp;__aeabi_memset
</UL>
<BR>[Called By]<UL><LI><a href="#[193]">&gt;&gt;</a>&nbsp;&nbsp;&nbsp;lcd_display_handle
<LI><a href="#[145]">&gt;&gt;</a>&nbsp;&nbsp;&nbsp;free_display_buff
<LI><a href="#[ed]">&gt;&gt;</a>&nbsp;&nbsp;&nbsp;analyse_display_data
<LI><a href="#[4d]">&gt;&gt;</a>&nbsp;&nbsp;&nbsp;ASCII_GetData
<LI><a href="#[165]">&gt;&gt;</a>&nbsp;&nbsp;&nbsp;set_gsensor_data_lock
<LI><a href="#[166]">&gt;&gt;</a>&nbsp;&nbsp;&nbsp;ram_block_reset
<LI><a href="#[198]">&gt;&gt;</a>&nbsp;&nbsp;&nbsp;init_ram_pools
<LI><a href="#[181]">&gt;&gt;</a>&nbsp;&nbsp;&nbsp;flash_gsensor_sport_sleep_data_partition_refresh
<LI><a href="#[fb]">&gt;&gt;</a>&nbsp;&nbsp;&nbsp;sportInfo2DMDataItem
<LI><a href="#[14b]">&gt;&gt;</a>&nbsp;&nbsp;&nbsp;peaks_valleys_Merge
<LI><a href="#[14c]">&gt;&gt;</a>&nbsp;&nbsp;&nbsp;peaksValleys_mergeArray_arrange
<LI><a href="#[f2]">&gt;&gt;</a>&nbsp;&nbsp;&nbsp;deal_raw_data
<LI><a href="#[fe]">&gt;&gt;</a>&nbsp;&nbsp;&nbsp;app_arthmetic_clear_steps
<LI><a href="#[f3]">&gt;&gt;</a>&nbsp;&nbsp;&nbsp;clear_arithmetic_buf
<LI><a href="#[8f]">&gt;&gt;</a>&nbsp;&nbsp;&nbsp;app_sleep_store_item_begin_info
</UL>

<P><STRONG><a name="[eb]"></a>__aeabi_memclr4</STRONG> (Thumb, 0 bytes, Stack size 0 bytes, memseta.o(.text))
<BR><BR>[Called By]<UL><LI><a href="#[134]">&gt;&gt;</a>&nbsp;&nbsp;&nbsp;tx_char_add
<LI><a href="#[135]">&gt;&gt;</a>&nbsp;&nbsp;&nbsp;rx_char_add
<LI><a href="#[126]">&gt;&gt;</a>&nbsp;&nbsp;&nbsp;ble_advertising_peer_address_clear
<LI><a href="#[71]">&gt;&gt;</a>&nbsp;&nbsp;&nbsp;display_Rssi_distance
<LI><a href="#[128]">&gt;&gt;</a>&nbsp;&nbsp;&nbsp;ble_advertising_start
<LI><a href="#[ec]">&gt;&gt;</a>&nbsp;&nbsp;&nbsp;ble_advertising_init
<LI><a href="#[1f]">&gt;&gt;</a>&nbsp;&nbsp;&nbsp;main
<LI><a href="#[ea]">&gt;&gt;</a>&nbsp;&nbsp;&nbsp;advertising_init
<LI><a href="#[193]">&gt;&gt;</a>&nbsp;&nbsp;&nbsp;lcd_display_handle
<LI><a href="#[145]">&gt;&gt;</a>&nbsp;&nbsp;&nbsp;free_display_buff
<LI><a href="#[62]">&gt;&gt;</a>&nbsp;&nbsp;&nbsp;display_gb18030_string
<LI><a href="#[109]">&gt;&gt;</a>&nbsp;&nbsp;&nbsp;gSensor_Read_Fifo_Data
<LI><a href="#[36]">&gt;&gt;</a>&nbsp;&nbsp;&nbsp;auto_send_sport_record_to_app_timer
<LI><a href="#[199]">&gt;&gt;</a>&nbsp;&nbsp;&nbsp;read_infos_from_flash_first_page
<LI><a href="#[188]">&gt;&gt;</a>&nbsp;&nbsp;&nbsp;init_data_manger
<LI><a href="#[f2]">&gt;&gt;</a>&nbsp;&nbsp;&nbsp;deal_raw_data
<LI><a href="#[fe]">&gt;&gt;</a>&nbsp;&nbsp;&nbsp;app_arthmetic_clear_steps
<LI><a href="#[1b6]">&gt;&gt;</a>&nbsp;&nbsp;&nbsp;send_key_val_to_cos
<LI><a href="#[13e]">&gt;&gt;</a>&nbsp;&nbsp;&nbsp;uart_resend_to_cos
</UL>

<P><STRONG><a name="[1cd]"></a>__aeabi_memclr8</STRONG> (Thumb, 0 bytes, Stack size 0 bytes, memseta.o(.text), UNUSED)

<P><STRONG><a name="[43]"></a>_memset$wrapper</STRONG> (Thumb, 18 bytes, Stack size 8 bytes, memseta.o(.text), UNUSED)
<BR><BR>[Calls]<UL><LI><a href="#[42]">&gt;&gt;</a>&nbsp;&nbsp;&nbsp;__aeabi_memset
</UL>

<P><STRONG><a name="[6d]"></a>strlen</STRONG> (Thumb, 14 bytes, Stack size 0 bytes, strlen.o(.text))
<BR><BR>[Called By]<UL><LI><a href="#[71]">&gt;&gt;</a>&nbsp;&nbsp;&nbsp;display_Rssi_distance
<LI><a href="#[6c]">&gt;&gt;</a>&nbsp;&nbsp;&nbsp;display_step_distance_engery
<LI><a href="#[70]">&gt;&gt;</a>&nbsp;&nbsp;&nbsp;display_day_clock
<LI><a href="#[59]">&gt;&gt;</a>&nbsp;&nbsp;&nbsp;Display_Menu
<LI><a href="#[66]">&gt;&gt;</a>&nbsp;&nbsp;&nbsp;Get_SWVersion
<LI><a href="#[86]">&gt;&gt;</a>&nbsp;&nbsp;&nbsp;Get_KeyVersion
<LI><a href="#[65]">&gt;&gt;</a>&nbsp;&nbsp;&nbsp;Get_HWVersion
<LI><a href="#[c5]">&gt;&gt;</a>&nbsp;&nbsp;&nbsp;Protocol_handle
</UL>

<P><STRONG><a name="[182]"></a>memcmp</STRONG> (Thumb, 26 bytes, Stack size 12 bytes, memcmp.o(.text))
<BR><BR>[Stack]<UL><LI>Max Depth = 12<LI>Call Chain = memcmp
</UL>
<BR>[Called By]<UL><LI><a href="#[188]">&gt;&gt;</a>&nbsp;&nbsp;&nbsp;init_data_manger
<LI><a href="#[181]">&gt;&gt;</a>&nbsp;&nbsp;&nbsp;flash_gsensor_sport_sleep_data_partition_refresh
<LI><a href="#[1b2]">&gt;&gt;</a>&nbsp;&nbsp;&nbsp;receive_userInfo_from_app
</UL>

<P><STRONG><a name="[44]"></a>__aeabi_dmul</STRONG> (Thumb, 202 bytes, Stack size 72 bytes, dmul.o(.text))
<BR><BR>[Stack]<UL><LI>Max Depth = 128<LI>Call Chain = __aeabi_dmul &rArr; _double_epilogue &rArr; __aeabi_llsr
</UL>
<BR>[Calls]<UL><LI><a href="#[45]">&gt;&gt;</a>&nbsp;&nbsp;&nbsp;_double_epilogue
</UL>
<BR>[Called By]<UL><LI><a href="#[85]">&gt;&gt;</a>&nbsp;&nbsp;&nbsp;battery_adc_read_once
</UL>

<P><STRONG><a name="[46]"></a>__aeabi_ddiv</STRONG> (Thumb, 234 bytes, Stack size 40 bytes, ddiv.o(.text))
<BR><BR>[Stack]<UL><LI>Max Depth = 48<LI>Call Chain = __aeabi_ddiv &rArr; _double_round
</UL>
<BR>[Calls]<UL><LI><a href="#[47]">&gt;&gt;</a>&nbsp;&nbsp;&nbsp;_double_round
</UL>
<BR>[Called By]<UL><LI><a href="#[85]">&gt;&gt;</a>&nbsp;&nbsp;&nbsp;battery_adc_read_once
</UL>

<P><STRONG><a name="[48]"></a>__aeabi_ui2d</STRONG> (Thumb, 24 bytes, Stack size 16 bytes, dfltui.o(.text))
<BR><BR>[Stack]<UL><LI>Max Depth = 72<LI>Call Chain = __aeabi_ui2d &rArr; _double_epilogue &rArr; __aeabi_llsr
</UL>
<BR>[Calls]<UL><LI><a href="#[45]">&gt;&gt;</a>&nbsp;&nbsp;&nbsp;_double_epilogue
</UL>
<BR>[Called By]<UL><LI><a href="#[85]">&gt;&gt;</a>&nbsp;&nbsp;&nbsp;battery_adc_read_once
</UL>

<P><STRONG><a name="[49]"></a>__aeabi_d2uiz</STRONG> (Thumb, 50 bytes, Stack size 8 bytes, dfixui.o(.text))
<BR><BR>[Stack]<UL><LI>Max Depth = 16<LI>Call Chain = __aeabi_d2uiz &rArr; __aeabi_llsr
</UL>
<BR>[Calls]<UL><LI><a href="#[4a]">&gt;&gt;</a>&nbsp;&nbsp;&nbsp;__aeabi_llsr
</UL>
<BR>[Called By]<UL><LI><a href="#[85]">&gt;&gt;</a>&nbsp;&nbsp;&nbsp;battery_adc_read_once
</UL>

<P><STRONG><a name="[40]"></a>__aeabi_llsl</STRONG> (Thumb, 32 bytes, Stack size 8 bytes, llshl.o(.text))
<BR><BR>[Stack]<UL><LI>Max Depth = 8<LI>Call Chain = __aeabi_llsl
</UL>
<BR>[Called By]<UL><LI><a href="#[45]">&gt;&gt;</a>&nbsp;&nbsp;&nbsp;_double_epilogue
<LI><a href="#[3f]">&gt;&gt;</a>&nbsp;&nbsp;&nbsp;__aeabi_lmul
</UL>

<P><STRONG><a name="[1ce]"></a>_ll_shift_l</STRONG> (Thumb, 0 bytes, Stack size 8 bytes, llshl.o(.text), UNUSED)

<P><STRONG><a name="[4a]"></a>__aeabi_llsr</STRONG> (Thumb, 34 bytes, Stack size 8 bytes, llushr.o(.text))
<BR><BR>[Stack]<UL><LI>Max Depth = 8<LI>Call Chain = __aeabi_llsr
</UL>
<BR>[Called By]<UL><LI><a href="#[49]">&gt;&gt;</a>&nbsp;&nbsp;&nbsp;__aeabi_d2uiz
<LI><a href="#[45]">&gt;&gt;</a>&nbsp;&nbsp;&nbsp;_double_epilogue
</UL>

<P><STRONG><a name="[1cf]"></a>_ll_ushift_r</STRONG> (Thumb, 0 bytes, Stack size 8 bytes, llushr.o(.text), UNUSED)

<P><STRONG><a name="[1d0]"></a>__I$use$fp</STRONG> (Thumb, 0 bytes, Stack size 8 bytes, iusefp.o(.text), UNUSED)

<P><STRONG><a name="[47]"></a>_double_round</STRONG> (Thumb, 26 bytes, Stack size 8 bytes, depilogue.o(.text))
<BR><BR>[Stack]<UL><LI>Max Depth = 8<LI>Call Chain = _double_round
</UL>
<BR>[Called By]<UL><LI><a href="#[46]">&gt;&gt;</a>&nbsp;&nbsp;&nbsp;__aeabi_ddiv
<LI><a href="#[45]">&gt;&gt;</a>&nbsp;&nbsp;&nbsp;_double_epilogue
</UL>

<P><STRONG><a name="[45]"></a>_double_epilogue</STRONG> (Thumb, 166 bytes, Stack size 48 bytes, depilogue.o(.text))
<BR><BR>[Stack]<UL><LI>Max Depth = 56<LI>Call Chain = _double_epilogue &rArr; __aeabi_llsr
</UL>
<BR>[Calls]<UL><LI><a href="#[4b]">&gt;&gt;</a>&nbsp;&nbsp;&nbsp;__ARM_clz
<LI><a href="#[4a]">&gt;&gt;</a>&nbsp;&nbsp;&nbsp;__aeabi_llsr
<LI><a href="#[40]">&gt;&gt;</a>&nbsp;&nbsp;&nbsp;__aeabi_llsl
<LI><a href="#[47]">&gt;&gt;</a>&nbsp;&nbsp;&nbsp;_double_round
</UL>
<BR>[Called By]<UL><LI><a href="#[48]">&gt;&gt;</a>&nbsp;&nbsp;&nbsp;__aeabi_ui2d
<LI><a href="#[44]">&gt;&gt;</a>&nbsp;&nbsp;&nbsp;__aeabi_dmul
</UL>

<P><STRONG><a name="[3a]"></a>__scatterload</STRONG> (Thumb, 28 bytes, Stack size 0 bytes, init.o(.text))
<BR><BR>[Calls]<UL><LI><a href="#[4c]">&gt;&gt;</a>&nbsp;&nbsp;&nbsp;__main_after_scatterload
</UL>
<BR>[Called By]<UL><LI><a href="#[39]">&gt;&gt;</a>&nbsp;&nbsp;&nbsp;_main_scatterload
</UL>

<P><STRONG><a name="[1d1]"></a>__scatterload_rt2</STRONG> (Thumb, 0 bytes, Stack size 0 bytes, init.o(.text), UNUSED)

<P><STRONG><a name="[1d2]"></a>__decompress</STRONG> (Thumb, 0 bytes, Stack size unknown bytes, __dczerorl2.o(.text), UNUSED)

<P><STRONG><a name="[1d3]"></a>__decompress1</STRONG> (Thumb, 86 bytes, Stack size unknown bytes, __dczerorl2.o(.text), UNUSED)

<P><STRONG><a name="[4d]"></a>ASCII_GetData</STRONG> (Thumb, 188 bytes, Stack size 16 bytes, gt24l16m1y-ut.o(i.ASCII_GetData))
<BR><BR>[Stack]<UL><LI>Max Depth = 68<LI>Call Chain = ASCII_GetData &rArr; r_dat_bat &rArr; SpiSentByte
</UL>
<BR>[Calls]<UL><LI><a href="#[4e]">&gt;&gt;</a>&nbsp;&nbsp;&nbsp;__ARM_common_switch8
<LI><a href="#[4f]">&gt;&gt;</a>&nbsp;&nbsp;&nbsp;r_dat_bat
<LI><a href="#[41]">&gt;&gt;</a>&nbsp;&nbsp;&nbsp;__aeabi_memclr
</UL>
<BR>[Called By]<UL><LI><a href="#[62]">&gt;&gt;</a>&nbsp;&nbsp;&nbsp;display_gb18030_string
</UL>

<P><STRONG><a name="[50]"></a>Arithmetic_Set_YAxis_Min_Threshold</STRONG> (Thumb, 12 bytes, Stack size 8 bytes, arithmetic.o(i.Arithmetic_Set_YAxis_Min_Threshold))
<BR><BR>[Stack]<UL><LI>Max Depth = 8<LI>Call Chain = Arithmetic_Set_YAxis_Min_Threshold
</UL>
<BR>[Calls]<UL><LI><a href="#[51]">&gt;&gt;</a>&nbsp;&nbsp;&nbsp;TwoCharGetShort
</UL>
<BR>[Called By]<UL><LI><a href="#[90]">&gt;&gt;</a>&nbsp;&nbsp;&nbsp;app_sleep_gsensor_cfg_judge
</UL>

<P><STRONG><a name="[1bf]"></a>Clr_Cos_Ready</STRONG> (Thumb, 8 bytes, Stack size 0 bytes, uartprotocol.o(i.Clr_Cos_Ready))
<BR><BR>[Called By]<UL><LI><a href="#[169]">&gt;&gt;</a>&nbsp;&nbsp;&nbsp;uart_init_lowPower
</UL>

<P><STRONG><a name="[1bd]"></a>DbgPrintf</STRONG> (Thumb, 2 bytes, Stack size 0 bytes, et_debug.o(i.DbgPrintf))
<BR><BR>[Called By]<UL><LI><a href="#[f8]">&gt;&gt;</a>&nbsp;&nbsp;&nbsp;steps_2_distance
</UL>

<P><STRONG><a name="[52]"></a>DisplayKeyState</STRONG> (Thumb, 142 bytes, Stack size 8 bytes, etlcddisplayapp.o(i.DisplayKeyState))
<BR><BR>[Stack]<UL><LI>Max Depth = 636<LI>Call Chain = DisplayKeyState &rArr; display_up_page &rArr; display_page &rArr; display_gb18030_string &rArr; hzbmp16 &rArr; decompressbmp16 &rArr; unziphfmex &rArr; r_dat_bat &rArr; SpiSentByte
</UL>
<BR>[Calls]<UL><LI><a href="#[53]">&gt;&gt;</a>&nbsp;&nbsp;&nbsp;MotorCtr
<LI><a href="#[56]">&gt;&gt;</a>&nbsp;&nbsp;&nbsp;send_key_to_cos
<LI><a href="#[57]">&gt;&gt;</a>&nbsp;&nbsp;&nbsp;display_up_page
<LI><a href="#[58]">&gt;&gt;</a>&nbsp;&nbsp;&nbsp;display_down_page
<LI><a href="#[54]">&gt;&gt;</a>&nbsp;&nbsp;&nbsp;set_display_flg
<LI><a href="#[55]">&gt;&gt;</a>&nbsp;&nbsp;&nbsp;check_LCDDispCanChange
<LI><a href="#[59]">&gt;&gt;</a>&nbsp;&nbsp;&nbsp;Display_Menu
</UL>
<BR>[Called By]<UL><LI><a href="#[1a1]">&gt;&gt;</a>&nbsp;&nbsp;&nbsp;main_loop
</UL>

<P><STRONG><a name="[73]"></a>Display_delay_check</STRONG> (Thumb, 38 bytes, Stack size 8 bytes, etlcddisplayapp.o(i.Display_delay_check))
<BR><BR>[Stack]<UL><LI>Max Depth = 120<LI>Call Chain = Display_delay_check &rArr; lcd_power_control &rArr; clear_secterScreen &rArr; et_i2c_write_conValue &rArr; IicSentByte
</UL>
<BR>[Calls]<UL><LI><a href="#[5d]">&gt;&gt;</a>&nbsp;&nbsp;&nbsp;USB_detect
<LI><a href="#[5b]">&gt;&gt;</a>&nbsp;&nbsp;&nbsp;lcd_power_control
</UL>
<BR>[Called By]<UL><LI><a href="#[1a1]">&gt;&gt;</a>&nbsp;&nbsp;&nbsp;main_loop
</UL>

<P><STRONG><a name="[6b]"></a>Display_idle_logo</STRONG> (Thumb, 446 bytes, Stack size 48 bytes, etlcddisplayapp.o(i.Display_idle_logo))
<BR><BR>[Stack]<UL><LI>Max Depth = 452<LI>Call Chain = Display_idle_logo &rArr; display_gb18030_string &rArr; hzbmp16 &rArr; decompressbmp16 &rArr; unziphfmex &rArr; r_dat_bat &rArr; SpiSentByte
</UL>
<BR>[Calls]<UL><LI><a href="#[76]">&gt;&gt;</a>&nbsp;&nbsp;&nbsp;check_lastDisplayTag
<LI><a href="#[77]">&gt;&gt;</a>&nbsp;&nbsp;&nbsp;display_check_to_clear_Screen
<LI><a href="#[75]">&gt;&gt;</a>&nbsp;&nbsp;&nbsp;app_arthmetic_get_total_steps
<LI><a href="#[5b]">&gt;&gt;</a>&nbsp;&nbsp;&nbsp;lcd_power_control
<LI><a href="#[62]">&gt;&gt;</a>&nbsp;&nbsp;&nbsp;display_gb18030_string
<LI><a href="#[72]">&gt;&gt;</a>&nbsp;&nbsp;&nbsp;display_LOGO_message
<LI><a href="#[61]">&gt;&gt;</a>&nbsp;&nbsp;&nbsp;SetPageColume
<LI><a href="#[69]">&gt;&gt;</a>&nbsp;&nbsp;&nbsp;clear_secterScreen
<LI><a href="#[74]">&gt;&gt;</a>&nbsp;&nbsp;&nbsp;check_StrCanDisplay
<LI><a href="#[5a]">&gt;&gt;</a>&nbsp;&nbsp;&nbsp;Display_Battery
<LI><a href="#[6f]">&gt;&gt;</a>&nbsp;&nbsp;&nbsp;system_time_get
<LI><a href="#[3e]">&gt;&gt;</a>&nbsp;&nbsp;&nbsp;__aeabi_uidivmod
</UL>
<BR>[Called By]<UL><LI><a href="#[1a1]">&gt;&gt;</a>&nbsp;&nbsp;&nbsp;main_loop
<LI><a href="#[92]">&gt;&gt;</a>&nbsp;&nbsp;&nbsp;LCD_init
<LI><a href="#[59]">&gt;&gt;</a>&nbsp;&nbsp;&nbsp;Display_Menu
</UL>

<P><STRONG><a name="[78]"></a>ETTimer1Init</STRONG> (Thumb, 54 bytes, Stack size 16 bytes, etmotor.o(i.ETTimer1Init))
<BR><BR>[Stack]<UL><LI>Max Depth = 52<LI>Call Chain = ETTimer1Init &rArr; nrf_drv_timer_extended_compare &rArr; nrf_drv_timer_compare
</UL>
<BR>[Calls]<UL><LI><a href="#[7a]">&gt;&gt;</a>&nbsp;&nbsp;&nbsp;app_error_handler
<LI><a href="#[7b]">&gt;&gt;</a>&nbsp;&nbsp;&nbsp;nrf_drv_timer_us_to_ticks
<LI><a href="#[79]">&gt;&gt;</a>&nbsp;&nbsp;&nbsp;nrf_drv_timer_init
<LI><a href="#[7c]">&gt;&gt;</a>&nbsp;&nbsp;&nbsp;nrf_drv_timer_extended_compare
</UL>
<BR>[Called By]<UL><LI><a href="#[151]">&gt;&gt;</a>&nbsp;&nbsp;&nbsp;dev_init
</UL>

<P><STRONG><a name="[7d]"></a>ETTimer2Init</STRONG> (Thumb, 66 bytes, Stack size 16 bytes, ke_timer.o(i.ETTimer2Init))
<BR><BR>[Stack]<UL><LI>Max Depth = 52<LI>Call Chain = ETTimer2Init &rArr; nrf_drv_timer_extended_compare &rArr; nrf_drv_timer_compare
</UL>
<BR>[Calls]<UL><LI><a href="#[7a]">&gt;&gt;</a>&nbsp;&nbsp;&nbsp;app_error_handler
<LI><a href="#[7f]">&gt;&gt;</a>&nbsp;&nbsp;&nbsp;nrf_drv_timer_ms_to_ticks
<LI><a href="#[79]">&gt;&gt;</a>&nbsp;&nbsp;&nbsp;nrf_drv_timer_init
<LI><a href="#[7c]">&gt;&gt;</a>&nbsp;&nbsp;&nbsp;nrf_drv_timer_extended_compare
<LI><a href="#[80]">&gt;&gt;</a>&nbsp;&nbsp;&nbsp;nrf_drv_timer_enable
<LI><a href="#[7e]">&gt;&gt;</a>&nbsp;&nbsp;&nbsp;get_usr_using_timer_count
</UL>
<BR>[Called By]<UL><LI><a href="#[151]">&gt;&gt;</a>&nbsp;&nbsp;&nbsp;dev_init
</UL>

<P><STRONG><a name="[1bb]"></a>FourCharGetInt</STRONG> (Thumb, 22 bytes, Stack size 0 bytes, common_arithmetic.o(i.FourCharGetInt))
<BR><BR>[Called By]<UL><LI><a href="#[10a]">&gt;&gt;</a>&nbsp;&nbsp;&nbsp;sleep_add_xyzData
</UL>

<P><STRONG><a name="[196]"></a>GB18030_16_GetData</STRONG> (Thumb, 284 bytes, Stack size 32 bytes, gt24l16m1y-ut.o(i.GB18030_16_GetData))
<BR><BR>[Stack]<UL><LI>Max Depth = 32<LI>Call Chain = GB18030_16_GetData
</UL>
<BR>[Called By]<UL><LI><a href="#[15c]">&gt;&gt;</a>&nbsp;&nbsp;&nbsp;hzbmp16
</UL>

<P><STRONG><a name="[b]"></a>GPIOTE_IRQHandler</STRONG> (Thumb, 236 bytes, Stack size 24 bytes, nrf_drv_gpiote.o(i.GPIOTE_IRQHandler))
<BR><BR>[Stack]<UL><LI>Max Depth = 24<LI>Call Chain = GPIOTE_IRQHandler
</UL>
<BR>[Calls]<UL><LI><a href="#[82]">&gt;&gt;</a>&nbsp;&nbsp;&nbsp;nrf_gpiote_event_is_set
<LI><a href="#[84]">&gt;&gt;</a>&nbsp;&nbsp;&nbsp;nrf_gpio_cfg_sense_set
<LI><a href="#[83]">&gt;&gt;</a>&nbsp;&nbsp;&nbsp;channel_port_get
</UL>
<BR>[Address Reference Count : 1]<UL><LI> arm_startup_nrf51.o(RESET)
</UL>
<P><STRONG><a name="[16b]"></a>GPIO_Spi_MISO_high</STRONG> (Thumb, 2 bytes, Stack size 0 bytes, et_spi_gpio.o(i.GPIO_Spi_MISO_high))
<BR><BR>[Called By]<UL><LI><a href="#[177]">&gt;&gt;</a>&nbsp;&nbsp;&nbsp;etWrite_KEYID_to_flash
<LI><a href="#[170]">&gt;&gt;</a>&nbsp;&nbsp;&nbsp;etSpim1ReadNorFlashStdMode
<LI><a href="#[176]">&gt;&gt;</a>&nbsp;&nbsp;&nbsp;etSpim1NorFlashSectorErase
<LI><a href="#[c6]">&gt;&gt;</a>&nbsp;&nbsp;&nbsp;etSpim1NorFlashPageProgrameStdMode
<LI><a href="#[cb]">&gt;&gt;</a>&nbsp;&nbsp;&nbsp;etSpim1NorFlashChipErase
<LI><a href="#[171]">&gt;&gt;</a>&nbsp;&nbsp;&nbsp;etSpim1CheckNorFlashBusy
<LI><a href="#[aa]">&gt;&gt;</a>&nbsp;&nbsp;&nbsp;etGensor_spi_write
<LI><a href="#[16a]">&gt;&gt;</a>&nbsp;&nbsp;&nbsp;etGensor_spi_read
</UL>

<P><STRONG><a name="[16e]"></a>GPIO_Spi_MISO_low</STRONG> (Thumb, 2 bytes, Stack size 0 bytes, et_spi_gpio.o(i.GPIO_Spi_MISO_low))
<BR><BR>[Called By]<UL><LI><a href="#[177]">&gt;&gt;</a>&nbsp;&nbsp;&nbsp;etWrite_KEYID_to_flash
<LI><a href="#[170]">&gt;&gt;</a>&nbsp;&nbsp;&nbsp;etSpim1ReadNorFlashStdMode
<LI><a href="#[176]">&gt;&gt;</a>&nbsp;&nbsp;&nbsp;etSpim1NorFlashSectorErase
<LI><a href="#[c6]">&gt;&gt;</a>&nbsp;&nbsp;&nbsp;etSpim1NorFlashPageProgrameStdMode
<LI><a href="#[cb]">&gt;&gt;</a>&nbsp;&nbsp;&nbsp;etSpim1NorFlashChipErase
<LI><a href="#[171]">&gt;&gt;</a>&nbsp;&nbsp;&nbsp;etSpim1CheckNorFlashBusy
<LI><a href="#[aa]">&gt;&gt;</a>&nbsp;&nbsp;&nbsp;etGensor_spi_write
<LI><a href="#[16a]">&gt;&gt;</a>&nbsp;&nbsp;&nbsp;etGensor_spi_read
</UL>

<P><STRONG><a name="[175]"></a>GPIO_Spi_init</STRONG> (Thumb, 44 bytes, Stack size 0 bytes, et_spi_gpio.o(i.GPIO_Spi_init))
<BR><BR>[Called By]<UL><LI><a href="#[174]">&gt;&gt;</a>&nbsp;&nbsp;&nbsp;etSpim1NorFlashInit
</UL>

<P><STRONG><a name="[5c]"></a>Get_BatteryPercent</STRONG> (Thumb, 54 bytes, Stack size 8 bytes, et_battery.o(i.Get_BatteryPercent))
<BR><BR>[Stack]<UL><LI>Max Depth = 144<LI>Call Chain = Get_BatteryPercent &rArr; battery_adc_read_once &rArr; __aeabi_dmul &rArr; _double_epilogue &rArr; __aeabi_llsr
</UL>
<BR>[Calls]<UL><LI><a href="#[85]">&gt;&gt;</a>&nbsp;&nbsp;&nbsp;battery_adc_read_once
<LI><a href="#[3e]">&gt;&gt;</a>&nbsp;&nbsp;&nbsp;__aeabi_uidivmod
</UL>
<BR>[Called By]<UL><LI><a href="#[5a]">&gt;&gt;</a>&nbsp;&nbsp;&nbsp;Display_Battery
</UL>

<P><STRONG><a name="[b7]"></a>Get_Cos_Ready</STRONG> (Thumb, 6 bytes, Stack size 0 bytes, uartprotocol.o(i.Get_Cos_Ready))
<BR><BR>[Called By]<UL><LI><a href="#[c5]">&gt;&gt;</a>&nbsp;&nbsp;&nbsp;Protocol_handle
<LI><a href="#[b6]">&gt;&gt;</a>&nbsp;&nbsp;&nbsp;Protocol_DataToCos
</UL>

<P><STRONG><a name="[65]"></a>Get_HWVersion</STRONG> (Thumb, 42 bytes, Stack size 24 bytes, etversion.o(i.Get_HWVersion))
<BR><BR>[Stack]<UL><LI>Max Depth = 24<LI>Call Chain = Get_HWVersion
</UL>
<BR>[Calls]<UL><LI><a href="#[6d]">&gt;&gt;</a>&nbsp;&nbsp;&nbsp;strlen
</UL>
<BR>[Called By]<UL><LI><a href="#[64]">&gt;&gt;</a>&nbsp;&nbsp;&nbsp;Display_Key_Version
</UL>

<P><STRONG><a name="[86]"></a>Get_KeyVersion</STRONG> (Thumb, 152 bytes, Stack size 32 bytes, etversion.o(i.Get_KeyVersion))
<BR><BR>[Stack]<UL><LI>Max Depth = 32<LI>Call Chain = Get_KeyVersion
</UL>
<BR>[Calls]<UL><LI><a href="#[6d]">&gt;&gt;</a>&nbsp;&nbsp;&nbsp;strlen
</UL>
<BR>[Called By]<UL><LI><a href="#[c5]">&gt;&gt;</a>&nbsp;&nbsp;&nbsp;Protocol_handle
</UL>

<P><STRONG><a name="[6a]"></a>Get_Rssi</STRONG> (Thumb, 12 bytes, Stack size 0 bytes, main.o(i.Get_Rssi))
<BR><BR>[Called By]<UL><LI><a href="#[59]">&gt;&gt;</a>&nbsp;&nbsp;&nbsp;Display_Menu
</UL>

<P><STRONG><a name="[67]"></a>Get_Rssi_stop</STRONG> (Thumb, 20 bytes, Stack size 8 bytes, main.o(i.Get_Rssi_stop))
<BR><BR>[Stack]<UL><LI>Max Depth = 16<LI>Call Chain = Get_Rssi_stop &rArr; check_lastDisplayTag
</UL>
<BR>[Calls]<UL><LI><a href="#[76]">&gt;&gt;</a>&nbsp;&nbsp;&nbsp;check_lastDisplayTag
</UL>
<BR>[Called By]<UL><LI><a href="#[59]">&gt;&gt;</a>&nbsp;&nbsp;&nbsp;Display_Menu
</UL>

<P><STRONG><a name="[66]"></a>Get_SWVersion</STRONG> (Thumb, 42 bytes, Stack size 24 bytes, etversion.o(i.Get_SWVersion))
<BR><BR>[Stack]<UL><LI>Max Depth = 24<LI>Call Chain = Get_SWVersion
</UL>
<BR>[Calls]<UL><LI><a href="#[6d]">&gt;&gt;</a>&nbsp;&nbsp;&nbsp;strlen
</UL>
<BR>[Called By]<UL><LI><a href="#[64]">&gt;&gt;</a>&nbsp;&nbsp;&nbsp;Display_Key_Version
</UL>

<P><STRONG><a name="[8d]"></a>Init_SleepArithmetic</STRONG> (Thumb, 26 bytes, Stack size 8 bytes, sleep_record.o(i.Init_SleepArithmetic))
<BR><BR>[Stack]<UL><LI>Max Depth = 124<LI>Call Chain = Init_SleepArithmetic &rArr; app_sleep_gsensor_cfg_judge &rArr; gSensor_set_duration_and_threshold &rArr; LIS3DH_SetInt1Threshold &rArr; LIS3DH_WriteReg &rArr; etGensor_spi_write &rArr; SpiSentByte
</UL>
<BR>[Calls]<UL><LI><a href="#[91]">&gt;&gt;</a>&nbsp;&nbsp;&nbsp;ke_timer_set
<LI><a href="#[8e]">&gt;&gt;</a>&nbsp;&nbsp;&nbsp;ke_timer_clear
<LI><a href="#[8f]">&gt;&gt;</a>&nbsp;&nbsp;&nbsp;app_sleep_store_item_begin_info
<LI><a href="#[90]">&gt;&gt;</a>&nbsp;&nbsp;&nbsp;app_sleep_gsensor_cfg_judge
</UL>
<BR>[Called By]<UL><LI><a href="#[186]">&gt;&gt;</a>&nbsp;&nbsp;&nbsp;gSensor_driver_init
<LI><a href="#[17d]">&gt;&gt;</a>&nbsp;&nbsp;&nbsp;flash_all_data_clear
</UL>

<P><STRONG><a name="[10d]"></a>IntSetFourChar</STRONG> (Thumb, 16 bytes, Stack size 0 bytes, common_arithmetic.o(i.IntSetFourChar))
<BR><BR>[Called By]<UL><LI><a href="#[fb]">&gt;&gt;</a>&nbsp;&nbsp;&nbsp;sportInfo2DMDataItem
<LI><a href="#[8f]">&gt;&gt;</a>&nbsp;&nbsp;&nbsp;app_sleep_store_item_begin_info
</UL>

<P><STRONG><a name="[92]"></a>LCD_init</STRONG> (Thumb, 114 bytes, Stack size 48 bytes, etlcddisplayapp.o(i.LCD_init))
<BR><BR>[Stack]<UL><LI>Max Depth = 500<LI>Call Chain = LCD_init &rArr; Display_idle_logo &rArr; display_gb18030_string &rArr; hzbmp16 &rArr; decompressbmp16 &rArr; unziphfmex &rArr; r_dat_bat &rArr; SpiSentByte
</UL>
<BR>[Calls]<UL><LI><a href="#[94]">&gt;&gt;</a>&nbsp;&nbsp;&nbsp;nrf_delay_ms
<LI><a href="#[95]">&gt;&gt;</a>&nbsp;&nbsp;&nbsp;et_i2c_write_conValue
<LI><a href="#[96]">&gt;&gt;</a>&nbsp;&nbsp;&nbsp;clear_AllScreen
<LI><a href="#[6b]">&gt;&gt;</a>&nbsp;&nbsp;&nbsp;Display_idle_logo
<LI><a href="#[93]">&gt;&gt;</a>&nbsp;&nbsp;&nbsp;__aeabi_memcpy4
</UL>
<BR>[Called By]<UL><LI><a href="#[151]">&gt;&gt;</a>&nbsp;&nbsp;&nbsp;dev_init
</UL>

<P><STRONG><a name="[97]"></a>LIS3DH_FIFOModeEnable</STRONG> (Thumb, 144 bytes, Stack size 8 bytes, gsensor_driver.o(i.LIS3DH_FIFOModeEnable))
<BR><BR>[Stack]<UL><LI>Max Depth = 84<LI>Call Chain = LIS3DH_FIFOModeEnable &rArr; LIS3DH_WriteReg &rArr; etGensor_spi_write &rArr; SpiSentByte
</UL>
<BR>[Calls]<UL><LI><a href="#[99]">&gt;&gt;</a>&nbsp;&nbsp;&nbsp;LIS3DH_WriteReg
<LI><a href="#[98]">&gt;&gt;</a>&nbsp;&nbsp;&nbsp;LIS3DH_ReadReg
</UL>
<BR>[Called By]<UL><LI><a href="#[186]">&gt;&gt;</a>&nbsp;&nbsp;&nbsp;gSensor_driver_init
<LI><a href="#[112]">&gt;&gt;</a>&nbsp;&nbsp;&nbsp;gSensor_Clear_Fifo_Data
</UL>

<P><STRONG><a name="[9a]"></a>LIS3DH_GetFifoSourceReg</STRONG> (Thumb, 18 bytes, Stack size 8 bytes, gsensor_driver.o(i.LIS3DH_GetFifoSourceReg))
<BR><BR>[Stack]<UL><LI>Max Depth = 84<LI>Call Chain = LIS3DH_GetFifoSourceReg &rArr; LIS3DH_ReadReg &rArr; lis3dh_spi_read &rArr; etGensor_spi_read &rArr; SpiSentByte
</UL>
<BR>[Calls]<UL><LI><a href="#[98]">&gt;&gt;</a>&nbsp;&nbsp;&nbsp;LIS3DH_ReadReg
</UL>
<BR>[Called By]<UL><LI><a href="#[33]">&gt;&gt;</a>&nbsp;&nbsp;&nbsp;app_event_g_sensor_intr1_handler
<LI><a href="#[109]">&gt;&gt;</a>&nbsp;&nbsp;&nbsp;gSensor_Read_Fifo_Data
</UL>

<P><STRONG><a name="[9b]"></a>LIS3DH_GetInt1Src</STRONG> (Thumb, 18 bytes, Stack size 8 bytes, gsensor_driver.o(i.LIS3DH_GetInt1Src))
<BR><BR>[Stack]<UL><LI>Max Depth = 84<LI>Call Chain = LIS3DH_GetInt1Src &rArr; LIS3DH_ReadReg &rArr; lis3dh_spi_read &rArr; etGensor_spi_read &rArr; SpiSentByte
</UL>
<BR>[Calls]<UL><LI><a href="#[98]">&gt;&gt;</a>&nbsp;&nbsp;&nbsp;LIS3DH_ReadReg
</UL>
<BR>[Called By]<UL><LI><a href="#[33]">&gt;&gt;</a>&nbsp;&nbsp;&nbsp;app_event_g_sensor_intr1_handler
</UL>

<P><STRONG><a name="[9c]"></a>LIS3DH_Get_XYZ_Raw</STRONG> (Thumb, 14 bytes, Stack size 8 bytes, gsensor_driver.o(i.LIS3DH_Get_XYZ_Raw))
<BR><BR>[Stack]<UL><LI>Max Depth = 76<LI>Call Chain = LIS3DH_Get_XYZ_Raw &rArr; lis3dh_spi_read &rArr; etGensor_spi_read &rArr; SpiSentByte
</UL>
<BR>[Calls]<UL><LI><a href="#[9d]">&gt;&gt;</a>&nbsp;&nbsp;&nbsp;lis3dh_spi_read
</UL>
<BR>[Called By]<UL><LI><a href="#[109]">&gt;&gt;</a>&nbsp;&nbsp;&nbsp;gSensor_Read_Fifo_Data
<LI><a href="#[35]">&gt;&gt;</a>&nbsp;&nbsp;&nbsp;app_gSensor_nomotion_timer_handler
</UL>

<P><STRONG><a name="[9e]"></a>LIS3DH_HPFAOI1Enable</STRONG> (Thumb, 48 bytes, Stack size 16 bytes, gsensor_driver.o(i.LIS3DH_HPFAOI1Enable))
<BR><BR>[Stack]<UL><LI>Max Depth = 92<LI>Call Chain = LIS3DH_HPFAOI1Enable &rArr; LIS3DH_WriteReg &rArr; etGensor_spi_write &rArr; SpiSentByte
</UL>
<BR>[Calls]<UL><LI><a href="#[99]">&gt;&gt;</a>&nbsp;&nbsp;&nbsp;LIS3DH_WriteReg
<LI><a href="#[98]">&gt;&gt;</a>&nbsp;&nbsp;&nbsp;LIS3DH_ReadReg
</UL>
<BR>[Called By]<UL><LI><a href="#[186]">&gt;&gt;</a>&nbsp;&nbsp;&nbsp;gSensor_driver_init
</UL>

<P><STRONG><a name="[9f]"></a>LIS3DH_SetFullScale</STRONG> (Thumb, 52 bytes, Stack size 16 bytes, gsensor_driver.o(i.LIS3DH_SetFullScale))
<BR><BR>[Stack]<UL><LI>Max Depth = 92<LI>Call Chain = LIS3DH_SetFullScale &rArr; LIS3DH_WriteReg &rArr; etGensor_spi_write &rArr; SpiSentByte
</UL>
<BR>[Calls]<UL><LI><a href="#[99]">&gt;&gt;</a>&nbsp;&nbsp;&nbsp;LIS3DH_WriteReg
<LI><a href="#[98]">&gt;&gt;</a>&nbsp;&nbsp;&nbsp;LIS3DH_ReadReg
</UL>
<BR>[Called By]<UL><LI><a href="#[186]">&gt;&gt;</a>&nbsp;&nbsp;&nbsp;gSensor_driver_init
</UL>

<P><STRONG><a name="[a0]"></a>LIS3DH_SetInt1Duration</STRONG> (Thumb, 26 bytes, Stack size 8 bytes, gsensor_driver.o(i.LIS3DH_SetInt1Duration))
<BR><BR>[Stack]<UL><LI>Max Depth = 84<LI>Call Chain = LIS3DH_SetInt1Duration &rArr; LIS3DH_WriteReg &rArr; etGensor_spi_write &rArr; SpiSentByte
</UL>
<BR>[Calls]<UL><LI><a href="#[99]">&gt;&gt;</a>&nbsp;&nbsp;&nbsp;LIS3DH_WriteReg
</UL>
<BR>[Called By]<UL><LI><a href="#[10b]">&gt;&gt;</a>&nbsp;&nbsp;&nbsp;gSensor_set_duration_and_threshold
</UL>

<P><STRONG><a name="[a1]"></a>LIS3DH_SetInt1Pin</STRONG> (Thumb, 66 bytes, Stack size 16 bytes, gsensor_driver.o(i.LIS3DH_SetInt1Pin))
<BR><BR>[Stack]<UL><LI>Max Depth = 92<LI>Call Chain = LIS3DH_SetInt1Pin &rArr; LIS3DH_WriteReg &rArr; etGensor_spi_write &rArr; SpiSentByte
</UL>
<BR>[Calls]<UL><LI><a href="#[99]">&gt;&gt;</a>&nbsp;&nbsp;&nbsp;LIS3DH_WriteReg
<LI><a href="#[98]">&gt;&gt;</a>&nbsp;&nbsp;&nbsp;LIS3DH_ReadReg
</UL>
<BR>[Called By]<UL><LI><a href="#[106]">&gt;&gt;</a>&nbsp;&nbsp;&nbsp;gSensor_Slope_Intr_Enable
<LI><a href="#[113]">&gt;&gt;</a>&nbsp;&nbsp;&nbsp;gSensor_FWM_Interrupt_Enable
</UL>

<P><STRONG><a name="[a2]"></a>LIS3DH_SetInt1Threshold</STRONG> (Thumb, 26 bytes, Stack size 8 bytes, gsensor_driver.o(i.LIS3DH_SetInt1Threshold))
<BR><BR>[Stack]<UL><LI>Max Depth = 84<LI>Call Chain = LIS3DH_SetInt1Threshold &rArr; LIS3DH_WriteReg &rArr; etGensor_spi_write &rArr; SpiSentByte
</UL>
<BR>[Calls]<UL><LI><a href="#[99]">&gt;&gt;</a>&nbsp;&nbsp;&nbsp;LIS3DH_WriteReg
</UL>
<BR>[Called By]<UL><LI><a href="#[10b]">&gt;&gt;</a>&nbsp;&nbsp;&nbsp;gSensor_set_duration_and_threshold
</UL>

<P><STRONG><a name="[a3]"></a>LIS3DH_SetInt2Pin</STRONG> (Thumb, 44 bytes, Stack size 16 bytes, gsensor_driver.o(i.LIS3DH_SetInt2Pin))
<BR><BR>[Stack]<UL><LI>Max Depth = 92<LI>Call Chain = LIS3DH_SetInt2Pin &rArr; LIS3DH_WriteReg &rArr; etGensor_spi_write &rArr; SpiSentByte
</UL>
<BR>[Calls]<UL><LI><a href="#[99]">&gt;&gt;</a>&nbsp;&nbsp;&nbsp;LIS3DH_WriteReg
<LI><a href="#[98]">&gt;&gt;</a>&nbsp;&nbsp;&nbsp;LIS3DH_ReadReg
</UL>
<BR>[Called By]<UL><LI><a href="#[186]">&gt;&gt;</a>&nbsp;&nbsp;&nbsp;gSensor_driver_init
</UL>

<P><STRONG><a name="[a4]"></a>LIS3DH_SetIntConfiguration</STRONG> (Thumb, 50 bytes, Stack size 16 bytes, gsensor_driver.o(i.LIS3DH_SetIntConfiguration))
<BR><BR>[Stack]<UL><LI>Max Depth = 92<LI>Call Chain = LIS3DH_SetIntConfiguration &rArr; LIS3DH_WriteReg &rArr; etGensor_spi_write &rArr; SpiSentByte
</UL>
<BR>[Calls]<UL><LI><a href="#[99]">&gt;&gt;</a>&nbsp;&nbsp;&nbsp;LIS3DH_WriteReg
<LI><a href="#[98]">&gt;&gt;</a>&nbsp;&nbsp;&nbsp;LIS3DH_ReadReg
</UL>
<BR>[Called By]<UL><LI><a href="#[185]">&gt;&gt;</a>&nbsp;&nbsp;&nbsp;gSensor_Slope_Intr_config
</UL>

<P><STRONG><a name="[a5]"></a>LIS3DH_SetIntMode</STRONG> (Thumb, 52 bytes, Stack size 16 bytes, gsensor_driver.o(i.LIS3DH_SetIntMode))
<BR><BR>[Stack]<UL><LI>Max Depth = 92<LI>Call Chain = LIS3DH_SetIntMode &rArr; LIS3DH_WriteReg &rArr; etGensor_spi_write &rArr; SpiSentByte
</UL>
<BR>[Calls]<UL><LI><a href="#[99]">&gt;&gt;</a>&nbsp;&nbsp;&nbsp;LIS3DH_WriteReg
<LI><a href="#[98]">&gt;&gt;</a>&nbsp;&nbsp;&nbsp;LIS3DH_ReadReg
</UL>
<BR>[Called By]<UL><LI><a href="#[186]">&gt;&gt;</a>&nbsp;&nbsp;&nbsp;gSensor_driver_init
</UL>

<P><STRONG><a name="[a6]"></a>LIS3DH_SetMode</STRONG> (Thumb, 156 bytes, Stack size 16 bytes, gsensor_driver.o(i.LIS3DH_SetMode))
<BR><BR>[Stack]<UL><LI>Max Depth = 92<LI>Call Chain = LIS3DH_SetMode &rArr; LIS3DH_WriteReg &rArr; etGensor_spi_write &rArr; SpiSentByte
</UL>
<BR>[Calls]<UL><LI><a href="#[99]">&gt;&gt;</a>&nbsp;&nbsp;&nbsp;LIS3DH_WriteReg
<LI><a href="#[98]">&gt;&gt;</a>&nbsp;&nbsp;&nbsp;LIS3DH_ReadReg
</UL>
<BR>[Called By]<UL><LI><a href="#[186]">&gt;&gt;</a>&nbsp;&nbsp;&nbsp;gSensor_driver_init
</UL>

<P><STRONG><a name="[a7]"></a>LIS3DH_SetODR</STRONG> (Thumb, 52 bytes, Stack size 16 bytes, gsensor_driver.o(i.LIS3DH_SetODR))
<BR><BR>[Stack]<UL><LI>Max Depth = 92<LI>Call Chain = LIS3DH_SetODR &rArr; LIS3DH_WriteReg &rArr; etGensor_spi_write &rArr; SpiSentByte
</UL>
<BR>[Calls]<UL><LI><a href="#[99]">&gt;&gt;</a>&nbsp;&nbsp;&nbsp;LIS3DH_WriteReg
<LI><a href="#[98]">&gt;&gt;</a>&nbsp;&nbsp;&nbsp;LIS3DH_ReadReg
</UL>
<BR>[Called By]<UL><LI><a href="#[186]">&gt;&gt;</a>&nbsp;&nbsp;&nbsp;gSensor_driver_init
</UL>

<P><STRONG><a name="[a8]"></a>LIS3DH_SetTriggerInt</STRONG> (Thumb, 52 bytes, Stack size 16 bytes, gsensor_driver.o(i.LIS3DH_SetTriggerInt))
<BR><BR>[Stack]<UL><LI>Max Depth = 92<LI>Call Chain = LIS3DH_SetTriggerInt &rArr; LIS3DH_WriteReg &rArr; etGensor_spi_write &rArr; SpiSentByte
</UL>
<BR>[Calls]<UL><LI><a href="#[99]">&gt;&gt;</a>&nbsp;&nbsp;&nbsp;LIS3DH_WriteReg
<LI><a href="#[98]">&gt;&gt;</a>&nbsp;&nbsp;&nbsp;LIS3DH_ReadReg
</UL>
<BR>[Called By]<UL><LI><a href="#[186]">&gt;&gt;</a>&nbsp;&nbsp;&nbsp;gSensor_driver_init
</UL>

<P><STRONG><a name="[a9]"></a>LIS3DH_SetWaterMark</STRONG> (Thumb, 54 bytes, Stack size 16 bytes, gsensor_driver.o(i.LIS3DH_SetWaterMark))
<BR><BR>[Stack]<UL><LI>Max Depth = 92<LI>Call Chain = LIS3DH_SetWaterMark &rArr; LIS3DH_WriteReg &rArr; etGensor_spi_write &rArr; SpiSentByte
</UL>
<BR>[Calls]<UL><LI><a href="#[99]">&gt;&gt;</a>&nbsp;&nbsp;&nbsp;LIS3DH_WriteReg
<LI><a href="#[98]">&gt;&gt;</a>&nbsp;&nbsp;&nbsp;LIS3DH_ReadReg
</UL>
<BR>[Called By]<UL><LI><a href="#[186]">&gt;&gt;</a>&nbsp;&nbsp;&nbsp;gSensor_driver_init
</UL>

<P><STRONG><a name="[53]"></a>MotorCtr</STRONG> (Thumb, 78 bytes, Stack size 16 bytes, etmotor.o(i.MotorCtr))
<BR><BR>[Stack]<UL><LI>Max Depth = 112<LI>Call Chain = MotorCtr &rArr; display_check_to_clear_Screen &rArr; clear_secterScreen &rArr; et_i2c_write_conValue &rArr; IicSentByte
</UL>
<BR>[Calls]<UL><LI><a href="#[80]">&gt;&gt;</a>&nbsp;&nbsp;&nbsp;nrf_drv_timer_enable
<LI><a href="#[77]">&gt;&gt;</a>&nbsp;&nbsp;&nbsp;display_check_to_clear_Screen
<LI><a href="#[ab]">&gt;&gt;</a>&nbsp;&nbsp;&nbsp;disable_pwm
<LI><a href="#[ac]">&gt;&gt;</a>&nbsp;&nbsp;&nbsp;Motor_data_set
</UL>
<BR>[Called By]<UL><LI><a href="#[ad]">&gt;&gt;</a>&nbsp;&nbsp;&nbsp;MotorVibrate
<LI><a href="#[142]">&gt;&gt;</a>&nbsp;&nbsp;&nbsp;display_alarm
<LI><a href="#[52]">&gt;&gt;</a>&nbsp;&nbsp;&nbsp;DisplayKeyState
</UL>

<P><STRONG><a name="[153]"></a>MotorInit</STRONG> (Thumb, 22 bytes, Stack size 0 bytes, etmotor.o(i.MotorInit))
<BR><BR>[Called By]<UL><LI><a href="#[151]">&gt;&gt;</a>&nbsp;&nbsp;&nbsp;dev_init
</UL>

<P><STRONG><a name="[ad]"></a>MotorVibrate</STRONG> (Thumb, 96 bytes, Stack size 8 bytes, etmotor.o(i.MotorVibrate))
<BR><BR>[Stack]<UL><LI>Max Depth = 120<LI>Call Chain = MotorVibrate &rArr; MotorCtr &rArr; display_check_to_clear_Screen &rArr; clear_secterScreen &rArr; et_i2c_write_conValue &rArr; IicSentByte
</UL>
<BR>[Calls]<UL><LI><a href="#[80]">&gt;&gt;</a>&nbsp;&nbsp;&nbsp;nrf_drv_timer_enable
<LI><a href="#[ab]">&gt;&gt;</a>&nbsp;&nbsp;&nbsp;disable_pwm
<LI><a href="#[53]">&gt;&gt;</a>&nbsp;&nbsp;&nbsp;MotorCtr
<LI><a href="#[ac]">&gt;&gt;</a>&nbsp;&nbsp;&nbsp;Motor_data_set
</UL>
<BR>[Called By]<UL><LI><a href="#[19b]">&gt;&gt;</a>&nbsp;&nbsp;&nbsp;ke_schedule
</UL>

<P><STRONG><a name="[b4]"></a>Protocol_COSData_2_AG</STRONG> (Thumb, 22 bytes, Stack size 8 bytes, btprotocol.o(i.Protocol_COSData_2_AG))
<BR><BR>[Stack]<UL><LI>Max Depth = 104<LI>Call Chain = Protocol_COSData_2_AG &rArr; Protocol_data_to_AG &rArr; Protocol_send_data_to_AG &rArr; bt_send_to_AG &rArr; ble_nus_string_send
</UL>
<BR>[Calls]<UL><LI><a href="#[63]">&gt;&gt;</a>&nbsp;&nbsp;&nbsp;Protocol_check_BT_connected
<LI><a href="#[b5]">&gt;&gt;</a>&nbsp;&nbsp;&nbsp;Protocol_data_to_AG
</UL>
<BR>[Called By]<UL><LI><a href="#[b3]">&gt;&gt;</a>&nbsp;&nbsp;&nbsp;go_to_command
</UL>

<P><STRONG><a name="[ba]"></a>Protocol_GetPedometerNum</STRONG> (Thumb, 32 bytes, Stack size 8 bytes, btprotocol.o(i.Protocol_GetPedometerNum))
<BR><BR>[Stack]<UL><LI>Max Depth = 104<LI>Call Chain = Protocol_GetPedometerNum &rArr; Protocol_data_to_AG &rArr; Protocol_send_data_to_AG &rArr; bt_send_to_AG &rArr; ble_nus_string_send
</UL>
<BR>[Calls]<UL><LI><a href="#[b5]">&gt;&gt;</a>&nbsp;&nbsp;&nbsp;Protocol_data_to_AG
</UL>
<BR>[Called By]<UL><LI><a href="#[c5]">&gt;&gt;</a>&nbsp;&nbsp;&nbsp;Protocol_handle
</UL>

<P><STRONG><a name="[63]"></a>Protocol_check_BT_connected</STRONG> (Thumb, 16 bytes, Stack size 0 bytes, btprotocol.o(i.Protocol_check_BT_connected))
<BR><BR>[Called By]<UL><LI><a href="#[1a2]">&gt;&gt;</a>&nbsp;&nbsp;&nbsp;uart_data_handle
<LI><a href="#[59]">&gt;&gt;</a>&nbsp;&nbsp;&nbsp;Display_Menu
<LI><a href="#[60]">&gt;&gt;</a>&nbsp;&nbsp;&nbsp;Display_Key_Status
<LI><a href="#[ee]">&gt;&gt;</a>&nbsp;&nbsp;&nbsp;ans_work_state_handle
<LI><a href="#[b4]">&gt;&gt;</a>&nbsp;&nbsp;&nbsp;Protocol_COSData_2_AG
</UL>

<P><STRONG><a name="[be]"></a>Protocol_data_manage</STRONG> (Thumb, 90 bytes, Stack size 16 bytes, btprotocol.o(i.Protocol_data_manage))
<BR><BR>[Stack]<UL><LI>Max Depth = 288<LI>Call Chain = Protocol_data_manage &rArr; protocol_Save_data &rArr; send_sport_get_app_ack &rArr; erase_flash_gsensor_data &rArr; set_gsensor_data_lock &rArr; write_data_item_2_mem_pool &rArr; flush_mem_poll2flash &rArr; ram_gsensor_data_write_block_2_flash &rArr; write_flash &rArr; etSpim1NorFlashPageProgrameStdMode &rArr; etSpim1CheckNorFlashWriteEnable &rArr; etSpim1CheckNorFlashBusy &rArr; SpiSent_1Byte
</UL>
<BR>[Calls]<UL><LI><a href="#[bf]">&gt;&gt;</a>&nbsp;&nbsp;&nbsp;Protocol_set_BT_connected
<LI><a href="#[c0]">&gt;&gt;</a>&nbsp;&nbsp;&nbsp;protocol_Save_data
<LI><a href="#[bb]">&gt;&gt;</a>&nbsp;&nbsp;&nbsp;Protocol_Packet_Status
</UL>
<BR>[Called By]<UL><LI><a href="#[2c]">&gt;&gt;</a>&nbsp;&nbsp;&nbsp;nus_data_handler
</UL>

<P><STRONG><a name="[b5]"></a>Protocol_data_to_AG</STRONG> (Thumb, 322 bytes, Stack size 48 bytes, btprotocol.o(i.Protocol_data_to_AG))
<BR><BR>[Stack]<UL><LI>Max Depth = 96<LI>Call Chain = Protocol_data_to_AG &rArr; Protocol_send_data_to_AG &rArr; bt_send_to_AG &rArr; ble_nus_string_send
</UL>
<BR>[Calls]<UL><LI><a href="#[c4]">&gt;&gt;</a>&nbsp;&nbsp;&nbsp;delay_time_ms
<LI><a href="#[c3]">&gt;&gt;</a>&nbsp;&nbsp;&nbsp;Protocol_send_data_to_AG
<LI><a href="#[c2]">&gt;&gt;</a>&nbsp;&nbsp;&nbsp;Protocol_packed_data
<LI><a href="#[c1]">&gt;&gt;</a>&nbsp;&nbsp;&nbsp;Get_Datacheck
</UL>
<BR>[Called By]<UL><LI><a href="#[d1]">&gt;&gt;</a>&nbsp;&nbsp;&nbsp;Protocol_send_sport_data_to_ag
<LI><a href="#[cf]">&gt;&gt;</a>&nbsp;&nbsp;&nbsp;Protocol_send_ack_to_ag_by_usr_info
<LI><a href="#[ce]">&gt;&gt;</a>&nbsp;&nbsp;&nbsp;Protocol_send_ack_to_ag_by_app_require
<LI><a href="#[ba]">&gt;&gt;</a>&nbsp;&nbsp;&nbsp;Protocol_GetPedometerNum
<LI><a href="#[b4]">&gt;&gt;</a>&nbsp;&nbsp;&nbsp;Protocol_COSData_2_AG
<LI><a href="#[c5]">&gt;&gt;</a>&nbsp;&nbsp;&nbsp;Protocol_handle
<LI><a href="#[bb]">&gt;&gt;</a>&nbsp;&nbsp;&nbsp;Protocol_Packet_Status
<LI><a href="#[b9]">&gt;&gt;</a>&nbsp;&nbsp;&nbsp;Protocol_GetAlarm
</UL>

<P><STRONG><a name="[ce]"></a>Protocol_send_ack_to_ag_by_app_require</STRONG> (Thumb, 14 bytes, Stack size 8 bytes, btprotocol.o(i.Protocol_send_ack_to_ag_by_app_require))
<BR><BR>[Stack]<UL><LI>Max Depth = 104<LI>Call Chain = Protocol_send_ack_to_ag_by_app_require &rArr; Protocol_data_to_AG &rArr; Protocol_send_data_to_AG &rArr; bt_send_to_AG &rArr; ble_nus_string_send
</UL>
<BR>[Calls]<UL><LI><a href="#[b5]">&gt;&gt;</a>&nbsp;&nbsp;&nbsp;Protocol_data_to_AG
</UL>
<BR>[Called By]<UL><LI><a href="#[cc]">&gt;&gt;</a>&nbsp;&nbsp;&nbsp;return_app_require_data
</UL>

<P><STRONG><a name="[cf]"></a>Protocol_send_ack_to_ag_by_usr_info</STRONG> (Thumb, 14 bytes, Stack size 8 bytes, btprotocol.o(i.Protocol_send_ack_to_ag_by_usr_info))
<BR><BR>[Stack]<UL><LI>Max Depth = 104<LI>Call Chain = Protocol_send_ack_to_ag_by_usr_info &rArr; Protocol_data_to_AG &rArr; Protocol_send_data_to_AG &rArr; bt_send_to_AG &rArr; ble_nus_string_send
</UL>
<BR>[Calls]<UL><LI><a href="#[b5]">&gt;&gt;</a>&nbsp;&nbsp;&nbsp;Protocol_data_to_AG
</UL>
<BR>[Called By]<UL><LI><a href="#[cd]">&gt;&gt;</a>&nbsp;&nbsp;&nbsp;receive_app_usr_info
</UL>

<P><STRONG><a name="[d1]"></a>Protocol_send_sport_data_to_ag</STRONG> (Thumb, 14 bytes, Stack size 8 bytes, btprotocol.o(i.Protocol_send_sport_data_to_ag))
<BR><BR>[Stack]<UL><LI>Max Depth = 104<LI>Call Chain = Protocol_send_sport_data_to_ag &rArr; Protocol_data_to_AG &rArr; Protocol_send_data_to_AG &rArr; bt_send_to_AG &rArr; ble_nus_string_send
</UL>
<BR>[Calls]<UL><LI><a href="#[b5]">&gt;&gt;</a>&nbsp;&nbsp;&nbsp;Protocol_data_to_AG
</UL>
<BR>[Called By]<UL><LI><a href="#[36]">&gt;&gt;</a>&nbsp;&nbsp;&nbsp;auto_send_sport_record_to_app_timer
</UL>

<P><STRONG><a name="[d2]"></a>Protocol_set_BT_Disconnected</STRONG> (Thumb, 20 bytes, Stack size 8 bytes, btprotocol.o(i.Protocol_set_BT_Disconnected))
<BR><BR>[Stack]<UL><LI>Max Depth = 8<LI>Call Chain = Protocol_set_BT_Disconnected
</UL>
<BR>[Calls]<UL><LI><a href="#[d3]">&gt;&gt;</a>&nbsp;&nbsp;&nbsp;display_clr_COSdata
</UL>
<BR>[Called By]<UL><LI><a href="#[131]">&gt;&gt;</a>&nbsp;&nbsp;&nbsp;on_ble_evt
</UL>

<P><STRONG><a name="[bf]"></a>Protocol_set_BT_connected</STRONG> (Thumb, 18 bytes, Stack size 0 bytes, btprotocol.o(i.Protocol_set_BT_connected))
<BR><BR>[Called By]<UL><LI><a href="#[be]">&gt;&gt;</a>&nbsp;&nbsp;&nbsp;Protocol_data_manage
<LI><a href="#[131]">&gt;&gt;</a>&nbsp;&nbsp;&nbsp;on_ble_evt
</UL>

<P><STRONG><a name="[136]"></a>Protocol_set_notify</STRONG> (Thumb, 20 bytes, Stack size 0 bytes, btprotocol.o(i.Protocol_set_notify))
<BR><BR>[Called By]<UL><LI><a href="#[130]">&gt;&gt;</a>&nbsp;&nbsp;&nbsp;ble_nus_on_ble_evt
</UL>

<P><STRONG><a name="[16]"></a>RTC1_IRQHandler</STRONG> (Thumb, 28 bytes, Stack size 8 bytes, app_timer.o(i.RTC1_IRQHandler))
<BR><BR>[Stack]<UL><LI>Max Depth = 32<LI>Call Chain = RTC1_IRQHandler &rArr; timer_timeouts_check
</UL>
<BR>[Calls]<UL><LI><a href="#[d4]">&gt;&gt;</a>&nbsp;&nbsp;&nbsp;timer_timeouts_check
</UL>
<BR>[Address Reference Count : 1]<UL><LI> arm_startup_nrf51.o(RESET)
</UL>
<P><STRONG><a name="[19]"></a>SWI0_IRQHandler</STRONG> (Thumb, 78 bytes, Stack size 32 bytes, app_timer.o(i.SWI0_IRQHandler))
<BR><BR>[Stack]<UL><LI>Max Depth = 76<LI>Call Chain = SWI0_IRQHandler &rArr; list_insertions_handler &rArr; timer_list_insert
</UL>
<BR>[Calls]<UL><LI><a href="#[d8]">&gt;&gt;</a>&nbsp;&nbsp;&nbsp;list_insertions_handler
<LI><a href="#[d6]">&gt;&gt;</a>&nbsp;&nbsp;&nbsp;list_deletions_handler
<LI><a href="#[d7]">&gt;&gt;</a>&nbsp;&nbsp;&nbsp;expired_timers_handler
<LI><a href="#[d5]">&gt;&gt;</a>&nbsp;&nbsp;&nbsp;elapsed_ticks_acquire
<LI><a href="#[d9]">&gt;&gt;</a>&nbsp;&nbsp;&nbsp;compare_reg_update
</UL>
<BR>[Address Reference Count : 1]<UL><LI> arm_startup_nrf51.o(RESET)
</UL>
<P><STRONG><a name="[1b]"></a>SWI2_IRQHandler</STRONG> (Thumb, 32 bytes, Stack size 8 bytes, softdevice_handler.o(i.SWI2_IRQHandler))
<BR><BR>[Stack]<UL><LI>Max Depth = 32<LI>Call Chain = SWI2_IRQHandler &rArr; intern_softdevice_events_execute
</UL>
<BR>[Calls]<UL><LI><a href="#[7a]">&gt;&gt;</a>&nbsp;&nbsp;&nbsp;app_error_handler
<LI><a href="#[da]">&gt;&gt;</a>&nbsp;&nbsp;&nbsp;intern_softdevice_events_execute
</UL>
<BR>[Address Reference Count : 1]<UL><LI> arm_startup_nrf51.o(RESET)
</UL>
<P><STRONG><a name="[61]"></a>SetPageColume</STRONG> (Thumb, 16 bytes, Stack size 0 bytes, etlcddisplayapp.o(i.SetPageColume))
<BR><BR>[Called By]<UL><LI><a href="#[71]">&gt;&gt;</a>&nbsp;&nbsp;&nbsp;display_Rssi_distance
<LI><a href="#[142]">&gt;&gt;</a>&nbsp;&nbsp;&nbsp;display_alarm
<LI><a href="#[96]">&gt;&gt;</a>&nbsp;&nbsp;&nbsp;clear_AllScreen
<LI><a href="#[6b]">&gt;&gt;</a>&nbsp;&nbsp;&nbsp;Display_idle_logo
<LI><a href="#[6c]">&gt;&gt;</a>&nbsp;&nbsp;&nbsp;display_step_distance_engery
<LI><a href="#[70]">&gt;&gt;</a>&nbsp;&nbsp;&nbsp;display_day_clock
<LI><a href="#[69]">&gt;&gt;</a>&nbsp;&nbsp;&nbsp;clear_secterScreen
<LI><a href="#[59]">&gt;&gt;</a>&nbsp;&nbsp;&nbsp;Display_Menu
<LI><a href="#[64]">&gt;&gt;</a>&nbsp;&nbsp;&nbsp;Display_Key_Version
<LI><a href="#[60]">&gt;&gt;</a>&nbsp;&nbsp;&nbsp;Display_Key_Status
</UL>

<P><STRONG><a name="[18a]"></a>SetToGetKEYID</STRONG> (Thumb, 8 bytes, Stack size 0 bytes, uartprotocol.o(i.SetToGetKEYID))
<BR><BR>[Called By]<UL><LI><a href="#[1f]">&gt;&gt;</a>&nbsp;&nbsp;&nbsp;main
<LI><a href="#[189]">&gt;&gt;</a>&nbsp;&nbsp;&nbsp;gap_params_init
</UL>

<P><STRONG><a name="[15f]"></a>Set_lastDisplayTag</STRONG> (Thumb, 6 bytes, Stack size 0 bytes, etlcddisplayapp.o(i.Set_lastDisplayTag))
<BR><BR>[Called By]<UL><LI><a href="#[195]">&gt;&gt;</a>&nbsp;&nbsp;&nbsp;lcd_clear_handle
<LI><a href="#[15a]">&gt;&gt;</a>&nbsp;&nbsp;&nbsp;display_page
</UL>

<P><STRONG><a name="[10e]"></a>ShortSetTwoChar</STRONG> (Thumb, 8 bytes, Stack size 0 bytes, common_arithmetic.o(i.ShortSetTwoChar))
<BR><BR>[Called By]<UL><LI><a href="#[fb]">&gt;&gt;</a>&nbsp;&nbsp;&nbsp;sportInfo2DMDataItem
<LI><a href="#[1bc]">&gt;&gt;</a>&nbsp;&nbsp;&nbsp;sleep_xDataSect_SameCal
<LI><a href="#[8f]">&gt;&gt;</a>&nbsp;&nbsp;&nbsp;app_sleep_store_item_begin_info
</UL>

<P><STRONG><a name="[fa]"></a>Sleep_Add_Interval_Steps</STRONG> (Thumb, 26 bytes, Stack size 0 bytes, sleep_record.o(i.Sleep_Add_Interval_Steps))
<BR><BR>[Called By]<UL><LI><a href="#[f7]">&gt;&gt;</a>&nbsp;&nbsp;&nbsp;app_arithmetic_save_sportinfo
</UL>

<P><STRONG><a name="[16d]"></a>SpiReadByte</STRONG> (Thumb, 58 bytes, Stack size 20 bytes, et_spi_gpio.o(i.SpiReadByte))
<BR><BR>[Stack]<UL><LI>Max Depth = 20<LI>Call Chain = SpiReadByte
</UL>
<BR>[Called By]<UL><LI><a href="#[170]">&gt;&gt;</a>&nbsp;&nbsp;&nbsp;etSpim1ReadNorFlashStdMode
<LI><a href="#[171]">&gt;&gt;</a>&nbsp;&nbsp;&nbsp;etSpim1CheckNorFlashBusy
<LI><a href="#[16a]">&gt;&gt;</a>&nbsp;&nbsp;&nbsp;etGensor_spi_read
<LI><a href="#[4f]">&gt;&gt;</a>&nbsp;&nbsp;&nbsp;r_dat_bat
</UL>

<P><STRONG><a name="[16c]"></a>SpiSentByte</STRONG> (Thumb, 62 bytes, Stack size 28 bytes, et_spi_gpio.o(i.SpiSentByte))
<BR><BR>[Stack]<UL><LI>Max Depth = 28<LI>Call Chain = SpiSentByte
</UL>
<BR>[Called By]<UL><LI><a href="#[177]">&gt;&gt;</a>&nbsp;&nbsp;&nbsp;etWrite_KEYID_to_flash
<LI><a href="#[170]">&gt;&gt;</a>&nbsp;&nbsp;&nbsp;etSpim1ReadNorFlashStdMode
<LI><a href="#[176]">&gt;&gt;</a>&nbsp;&nbsp;&nbsp;etSpim1NorFlashSectorErase
<LI><a href="#[c6]">&gt;&gt;</a>&nbsp;&nbsp;&nbsp;etSpim1NorFlashPageProgrameStdMode
<LI><a href="#[cb]">&gt;&gt;</a>&nbsp;&nbsp;&nbsp;etSpim1NorFlashChipErase
<LI><a href="#[aa]">&gt;&gt;</a>&nbsp;&nbsp;&nbsp;etGensor_spi_write
<LI><a href="#[16a]">&gt;&gt;</a>&nbsp;&nbsp;&nbsp;etGensor_spi_read
<LI><a href="#[4f]">&gt;&gt;</a>&nbsp;&nbsp;&nbsp;r_dat_bat
</UL>

<P><STRONG><a name="[172]"></a>SpiSent_1Byte</STRONG> (Thumb, 48 bytes, Stack size 24 bytes, et_spi_gpio.o(i.SpiSent_1Byte))
<BR><BR>[Stack]<UL><LI>Max Depth = 24<LI>Call Chain = SpiSent_1Byte
</UL>
<BR>[Called By]<UL><LI><a href="#[173]">&gt;&gt;</a>&nbsp;&nbsp;&nbsp;etSpim1CheckNorFlashWriteEnable
<LI><a href="#[171]">&gt;&gt;</a>&nbsp;&nbsp;&nbsp;etSpim1CheckNorFlashBusy
</UL>

<P><STRONG><a name="[20]"></a>SystemInit</STRONG> (Thumb, 64 bytes, Stack size 8 bytes, system_nrf51.o(i.SystemInit))
<BR><BR>[Stack]<UL><LI>Max Depth = 8<LI>Call Chain = SystemInit
</UL>
<BR>[Calls]<UL><LI><a href="#[db]">&gt;&gt;</a>&nbsp;&nbsp;&nbsp;is_manual_peripheral_setup_needed
</UL>
<BR>[Address Reference Count : 1]<UL><LI> arm_startup_nrf51.o(.text)
</UL>
<P><STRONG><a name="[d]"></a>TIMER0_IRQHandler</STRONG> (Thumb, 12 bytes, Stack size 8 bytes, nrf_drv_timer.o(i.TIMER0_IRQHandler))
<BR><BR>[Stack]<UL><LI>Max Depth = 32<LI>Call Chain = TIMER0_IRQHandler &rArr; nrf_drv_timer_interrupt_handle
</UL>
<BR>[Calls]<UL><LI><a href="#[dc]">&gt;&gt;</a>&nbsp;&nbsp;&nbsp;nrf_drv_timer_interrupt_handle
</UL>
<BR>[Address Reference Count : 1]<UL><LI> arm_startup_nrf51.o(RESET)
</UL>
<P><STRONG><a name="[e]"></a>TIMER1_IRQHandler</STRONG> (Thumb, 12 bytes, Stack size 8 bytes, nrf_drv_timer.o(i.TIMER1_IRQHandler))
<BR><BR>[Stack]<UL><LI>Max Depth = 32<LI>Call Chain = TIMER1_IRQHandler &rArr; nrf_drv_timer_interrupt_handle
</UL>
<BR>[Calls]<UL><LI><a href="#[dc]">&gt;&gt;</a>&nbsp;&nbsp;&nbsp;nrf_drv_timer_interrupt_handle
</UL>
<BR>[Address Reference Count : 1]<UL><LI> arm_startup_nrf51.o(RESET)
</UL>
<P><STRONG><a name="[f]"></a>TIMER2_IRQHandler</STRONG> (Thumb, 12 bytes, Stack size 8 bytes, nrf_drv_timer.o(i.TIMER2_IRQHandler))
<BR><BR>[Stack]<UL><LI>Max Depth = 32<LI>Call Chain = TIMER2_IRQHandler &rArr; nrf_drv_timer_interrupt_handle
</UL>
<BR>[Calls]<UL><LI><a href="#[dc]">&gt;&gt;</a>&nbsp;&nbsp;&nbsp;nrf_drv_timer_interrupt_handle
</UL>
<BR>[Address Reference Count : 1]<UL><LI> arm_startup_nrf51.o(RESET)
</UL>
<P><STRONG><a name="[51]"></a>TwoCharGetShort</STRONG> (Thumb, 12 bytes, Stack size 0 bytes, common_arithmetic.o(i.TwoCharGetShort))
<BR><BR>[Called By]<UL><LI><a href="#[50]">&gt;&gt;</a>&nbsp;&nbsp;&nbsp;Arithmetic_Set_YAxis_Min_Threshold
<LI><a href="#[11d]">&gt;&gt;</a>&nbsp;&nbsp;&nbsp;arithmetic_gsensor_write_data
<LI><a href="#[10a]">&gt;&gt;</a>&nbsp;&nbsp;&nbsp;sleep_add_xyzData
</UL>

<P><STRONG><a name="[dd]"></a>U2G</STRONG> (Thumb, 486 bytes, Stack size 32 bytes, gt24l16m1y-ut.o(i.U2G))
<BR><BR>[Stack]<UL><LI>Max Depth = 84<LI>Call Chain = U2G &rArr; r_dat_bat &rArr; SpiSentByte
</UL>
<BR>[Calls]<UL><LI><a href="#[4f]">&gt;&gt;</a>&nbsp;&nbsp;&nbsp;r_dat_bat
</UL>
<BR>[Called By]<UL><LI><a href="#[18f]">&gt;&gt;</a>&nbsp;&nbsp;&nbsp;get_gbk_code
</UL>

<P><STRONG><a name="[8]"></a>UART0_IRQHandler</STRONG> (Thumb, 44 bytes, Stack size 8 bytes, etsimple_uart.o(i.UART0_IRQHandler))
<BR><BR>[Stack]<UL><LI>Max Depth = 8<LI>Call Chain = UART0_IRQHandler
</UL>
<BR>[Address Reference Count : 1]<UL><LI> arm_startup_nrf51.o(RESET)
</UL>
<P><STRONG><a name="[5d]"></a>USB_detect</STRONG> (Thumb, 50 bytes, Stack size 8 bytes, et_battery.o(i.USB_detect))
<BR><BR>[Stack]<UL><LI>Max Depth = 16<LI>Call Chain = USB_detect &rArr; nrf_delay_100us
</UL>
<BR>[Calls]<UL><LI><a href="#[df]">&gt;&gt;</a>&nbsp;&nbsp;&nbsp;nrf_delay_100us
<LI><a href="#[de]">&gt;&gt;</a>&nbsp;&nbsp;&nbsp;nrf_gpio_cfg_input
</UL>
<BR>[Called By]<UL><LI><a href="#[1a1]">&gt;&gt;</a>&nbsp;&nbsp;&nbsp;main_loop
<LI><a href="#[73]">&gt;&gt;</a>&nbsp;&nbsp;&nbsp;Display_delay_check
<LI><a href="#[5a]">&gt;&gt;</a>&nbsp;&nbsp;&nbsp;Display_Battery
<LI><a href="#[ee]">&gt;&gt;</a>&nbsp;&nbsp;&nbsp;ans_work_state_handle
</UL>

<P><STRONG><a name="[e0]"></a>USB_detect_init</STRONG> (Thumb, 12 bytes, Stack size 8 bytes, et_battery.o(i.USB_detect_init))
<BR><BR>[Stack]<UL><LI>Max Depth = 8<LI>Call Chain = USB_detect_init
</UL>
<BR>[Calls]<UL><LI><a href="#[de]">&gt;&gt;</a>&nbsp;&nbsp;&nbsp;nrf_gpio_cfg_input
</UL>
<BR>[Called By]<UL><LI><a href="#[151]">&gt;&gt;</a>&nbsp;&nbsp;&nbsp;dev_init
</UL>

<P><STRONG><a name="[18d]"></a>UartRecv</STRONG> (Thumb, 42 bytes, Stack size 0 bytes, etsimple_uart.o(i.UartRecv))
<BR><BR>[Called By]<UL><LI><a href="#[af]">&gt;&gt;</a>&nbsp;&nbsp;&nbsp;uart_recv_data
<LI><a href="#[18c]">&gt;&gt;</a>&nbsp;&nbsp;&nbsp;get_cos_data_timeout
</UL>

<P><STRONG><a name="[13d]"></a>Uart_open_check</STRONG> (Thumb, 12 bytes, Stack size 0 bytes, etsimple_uart.o(i.Uart_open_check))
<BR><BR>[Called By]<UL><LI><a href="#[1a2]">&gt;&gt;</a>&nbsp;&nbsp;&nbsp;uart_data_handle
<LI><a href="#[13c]">&gt;&gt;</a>&nbsp;&nbsp;&nbsp;check_uart_resend_tag
<LI><a href="#[146]">&gt;&gt;</a>&nbsp;&nbsp;&nbsp;simple_uart_putstringbuff
</UL>

<P><STRONG><a name="[15]"></a>WDT_IRQHandler</STRONG> (Thumb, 26 bytes, Stack size 0 bytes, et_nrf_drv_wdt.o(i.WDT_IRQHandler))
<BR>[Address Reference Count : 1]<UL><LI> arm_startup_nrf51.o(RESET)
</UL>
<P><STRONG><a name="[4b]"></a>__ARM_clz</STRONG> (Thumb, 46 bytes, Stack size 0 bytes, depilogue.o(i.__ARM_clz))
<BR><BR>[Called By]<UL><LI><a href="#[45]">&gt;&gt;</a>&nbsp;&nbsp;&nbsp;_double_epilogue
</UL>

<P><STRONG><a name="[4e]"></a>__ARM_common_switch8</STRONG> (Thumb, 26 bytes, Stack size 8 bytes, main.o(i.__ARM_common_switch8))
<BR><BR>[Stack]<UL><LI>Max Depth = 8<LI>Call Chain = __ARM_common_switch8
</UL>
<BR>[Called By]<UL><LI><a href="#[2a]">&gt;&gt;</a>&nbsp;&nbsp;&nbsp;bsp_event_handler
<LI><a href="#[4d]">&gt;&gt;</a>&nbsp;&nbsp;&nbsp;ASCII_GetData
<LI><a href="#[5e]">&gt;&gt;</a>&nbsp;&nbsp;&nbsp;Display_battery_icon
<LI><a href="#[59]">&gt;&gt;</a>&nbsp;&nbsp;&nbsp;Display_Menu
<LI><a href="#[5f]">&gt;&gt;</a>&nbsp;&nbsp;&nbsp;Display_CheckMenuMode
<LI><a href="#[122]">&gt;&gt;</a>&nbsp;&nbsp;&nbsp;arth_init_person_info
<LI><a href="#[b3]">&gt;&gt;</a>&nbsp;&nbsp;&nbsp;go_to_command
<LI><a href="#[c5]">&gt;&gt;</a>&nbsp;&nbsp;&nbsp;Protocol_handle
</UL>

<P><STRONG><a name="[1d4]"></a>__scatterload_copy</STRONG> (Thumb, 14 bytes, Stack size unknown bytes, handlers.o(i.__scatterload_copy), UNUSED)

<P><STRONG><a name="[1d5]"></a>__scatterload_null</STRONG> (Thumb, 2 bytes, Stack size unknown bytes, handlers.o(i.__scatterload_null), UNUSED)

<P><STRONG><a name="[1d6]"></a>__scatterload_zeroinit</STRONG> (Thumb, 14 bytes, Stack size unknown bytes, handlers.o(i.__scatterload_zeroinit), UNUSED)

<P><STRONG><a name="[155]"></a>alarm_init</STRONG> (Thumb, 68 bytes, Stack size 12 bytes, etalarm.o(i.alarm_init))
<BR><BR>[Stack]<UL><LI>Max Depth = 12<LI>Call Chain = alarm_init
</UL>
<BR>[Called By]<UL><LI><a href="#[151]">&gt;&gt;</a>&nbsp;&nbsp;&nbsp;dev_init
</UL>

<P><STRONG><a name="[ed]"></a>analyse_display_data</STRONG> (Thumb, 366 bytes, Stack size 24 bytes, etmultipagedisplay.o(i.analyse_display_data))
<BR><BR>[Stack]<UL><LI>Max Depth = 24<LI>Call Chain = analyse_display_data
</UL>
<BR>[Calls]<UL><LI><a href="#[41]">&gt;&gt;</a>&nbsp;&nbsp;&nbsp;__aeabi_memclr
</UL>
<BR>[Called By]<UL><LI><a href="#[192]">&gt;&gt;</a>&nbsp;&nbsp;&nbsp;lcd_display_complete_handle
</UL>

<P><STRONG><a name="[ee]"></a>ans_work_state_handle</STRONG> (Thumb, 98 bytes, Stack size 40 bytes, uartprotocol.o(i.ans_work_state_handle))
<BR><BR>[Stack]<UL><LI>Max Depth = 64<LI>Call Chain = ans_work_state_handle &rArr; cos_send_string &rArr; simple_uart_putstringbuff
</UL>
<BR>[Calls]<UL><LI><a href="#[5d]">&gt;&gt;</a>&nbsp;&nbsp;&nbsp;USB_detect
<LI><a href="#[63]">&gt;&gt;</a>&nbsp;&nbsp;&nbsp;Protocol_check_BT_connected
<LI><a href="#[f0]">&gt;&gt;</a>&nbsp;&nbsp;&nbsp;set_uart_resend_tag
<LI><a href="#[ef]">&gt;&gt;</a>&nbsp;&nbsp;&nbsp;packed_data_frame
<LI><a href="#[b8]">&gt;&gt;</a>&nbsp;&nbsp;&nbsp;cos_send_string
</UL>
<BR>[Called By]<UL><LI><a href="#[ca]">&gt;&gt;</a>&nbsp;&nbsp;&nbsp;simple_uart_init
<LI><a href="#[1a2]">&gt;&gt;</a>&nbsp;&nbsp;&nbsp;uart_data_handle
<LI><a href="#[13e]">&gt;&gt;</a>&nbsp;&nbsp;&nbsp;uart_resend_to_cos
<LI><a href="#[b3]">&gt;&gt;</a>&nbsp;&nbsp;&nbsp;go_to_command
</UL>

<P><STRONG><a name="[f4]"></a>app_arithmetic_store_steps</STRONG> (Thumb, 54 bytes, Stack size 24 bytes, arithmetic_data_manger.o(i.app_arithmetic_store_steps))
<BR><BR>[Stack]<UL><LI>Max Depth = 264<LI>Call Chain = app_arithmetic_store_steps &rArr; app_arithmetic_save_sportinfo &rArr; send_sport_info2_datamanger &rArr; write_data_item_2_mem_pool &rArr; flush_mem_poll2flash &rArr; ram_gsensor_data_write_block_2_flash &rArr; write_flash &rArr; etSpim1NorFlashPageProgrameStdMode &rArr; etSpim1CheckNorFlashWriteEnable &rArr; etSpim1CheckNorFlashBusy &rArr; SpiSent_1Byte
</UL>
<BR>[Calls]<UL><LI><a href="#[c8]">&gt;&gt;</a>&nbsp;&nbsp;&nbsp;system_sec_get
<LI><a href="#[f7]">&gt;&gt;</a>&nbsp;&nbsp;&nbsp;app_arithmetic_save_sportinfo
</UL>
<BR>[Called By]<UL><LI><a href="#[f6]">&gt;&gt;</a>&nbsp;&nbsp;&nbsp;app_stop_step_arithmetic_cal
<LI><a href="#[f1]">&gt;&gt;</a>&nbsp;&nbsp;&nbsp;app_arithmetic_cal_timer_handler
</UL>

<P><STRONG><a name="[fe]"></a>app_arthmetic_clear_steps</STRONG> (Thumb, 86 bytes, Stack size 24 bytes, arithmetic_data_manger.o(i.app_arthmetic_clear_steps))
<BR><BR>[Stack]<UL><LI>Max Depth = 216<LI>Call Chain = app_arthmetic_clear_steps &rArr; send_sport_info2_datamanger &rArr; write_data_item_2_mem_pool &rArr; flush_mem_poll2flash &rArr; ram_gsensor_data_write_block_2_flash &rArr; write_flash &rArr; etSpim1NorFlashPageProgrameStdMode &rArr; etSpim1CheckNorFlashWriteEnable &rArr; etSpim1CheckNorFlashBusy &rArr; SpiSent_1Byte
</UL>
<BR>[Calls]<UL><LI><a href="#[fb]">&gt;&gt;</a>&nbsp;&nbsp;&nbsp;sportInfo2DMDataItem
<LI><a href="#[fd]">&gt;&gt;</a>&nbsp;&nbsp;&nbsp;send_sport_info2_datamanger
<LI><a href="#[eb]">&gt;&gt;</a>&nbsp;&nbsp;&nbsp;__aeabi_memclr4
<LI><a href="#[41]">&gt;&gt;</a>&nbsp;&nbsp;&nbsp;__aeabi_memclr
</UL>
<BR>[Called By]<UL><LI><a href="#[17d]">&gt;&gt;</a>&nbsp;&nbsp;&nbsp;flash_all_data_clear
<LI><a href="#[140]">&gt;&gt;</a>&nbsp;&nbsp;&nbsp;clock_alarm_check
</UL>

<P><STRONG><a name="[161]"></a>app_arthmetic_get_total_calorie</STRONG> (Thumb, 6 bytes, Stack size 0 bytes, arithmetic_data_manger.o(i.app_arthmetic_get_total_calorie))
<BR><BR>[Called By]<UL><LI><a href="#[6c]">&gt;&gt;</a>&nbsp;&nbsp;&nbsp;display_step_distance_engery
</UL>

<P><STRONG><a name="[160]"></a>app_arthmetic_get_total_distance</STRONG> (Thumb, 6 bytes, Stack size 0 bytes, arithmetic_data_manger.o(i.app_arthmetic_get_total_distance))
<BR><BR>[Called By]<UL><LI><a href="#[6c]">&gt;&gt;</a>&nbsp;&nbsp;&nbsp;display_step_distance_engery
</UL>

<P><STRONG><a name="[75]"></a>app_arthmetic_get_total_steps</STRONG> (Thumb, 6 bytes, Stack size 0 bytes, arithmetic_data_manger.o(i.app_arthmetic_get_total_steps))
<BR><BR>[Called By]<UL><LI><a href="#[6b]">&gt;&gt;</a>&nbsp;&nbsp;&nbsp;Display_idle_logo
<LI><a href="#[6c]">&gt;&gt;</a>&nbsp;&nbsp;&nbsp;display_step_distance_engery
</UL>

<P><STRONG><a name="[ff]"></a>app_button_enable</STRONG> (Thumb, 32 bytes, Stack size 16 bytes, app_button.o(i.app_button_enable))
<BR><BR>[Stack]<UL><LI>Max Depth = 48<LI>Call Chain = app_button_enable &rArr; nrf_drv_gpiote_in_event_enable
</UL>
<BR>[Calls]<UL><LI><a href="#[100]">&gt;&gt;</a>&nbsp;&nbsp;&nbsp;nrf_drv_gpiote_in_event_enable
</UL>
<BR>[Called By]<UL><LI><a href="#[13a]">&gt;&gt;</a>&nbsp;&nbsp;&nbsp;bsp_init
</UL>

<P><STRONG><a name="[101]"></a>app_button_init</STRONG> (Thumb, 102 bytes, Stack size 24 bytes, app_button.o(i.app_button_init))
<BR><BR>[Stack]<UL><LI>Max Depth = 68<LI>Call Chain = app_button_init &rArr; nrf_drv_gpiote_in_init &rArr; channel_port_alloc
</UL>
<BR>[Calls]<UL><LI><a href="#[105]">&gt;&gt;</a>&nbsp;&nbsp;&nbsp;app_timer_create
<LI><a href="#[102]">&gt;&gt;</a>&nbsp;&nbsp;&nbsp;nrf_drv_gpiote_is_init
<LI><a href="#[103]">&gt;&gt;</a>&nbsp;&nbsp;&nbsp;nrf_drv_gpiote_init
<LI><a href="#[104]">&gt;&gt;</a>&nbsp;&nbsp;&nbsp;nrf_drv_gpiote_in_init
</UL>
<BR>[Called By]<UL><LI><a href="#[13a]">&gt;&gt;</a>&nbsp;&nbsp;&nbsp;bsp_init
</UL>

<P><STRONG><a name="[7a]"></a>app_error_handler</STRONG> (Thumb, 16 bytes, Stack size 0 bytes, app_error.o(i.app_error_handler))
<BR><BR>[Called By]<UL><LI><a href="#[1f]">&gt;&gt;</a>&nbsp;&nbsp;&nbsp;main
<LI><a href="#[2a]">&gt;&gt;</a>&nbsp;&nbsp;&nbsp;bsp_event_handler
<LI><a href="#[2d]">&gt;&gt;</a>&nbsp;&nbsp;&nbsp;on_conn_params_evt
<LI><a href="#[131]">&gt;&gt;</a>&nbsp;&nbsp;&nbsp;on_ble_evt
<LI><a href="#[24]">&gt;&gt;</a>&nbsp;&nbsp;&nbsp;on_adv_evt
<LI><a href="#[189]">&gt;&gt;</a>&nbsp;&nbsp;&nbsp;gap_params_init
<LI><a href="#[2e]">&gt;&gt;</a>&nbsp;&nbsp;&nbsp;conn_params_error_handler
<LI><a href="#[ea]">&gt;&gt;</a>&nbsp;&nbsp;&nbsp;advertising_init
<LI><a href="#[17b]">&gt;&gt;</a>&nbsp;&nbsp;&nbsp;nrf_drv_wdt_channel_alloc
<LI><a href="#[78]">&gt;&gt;</a>&nbsp;&nbsp;&nbsp;ETTimer1Init
<LI><a href="#[da]">&gt;&gt;</a>&nbsp;&nbsp;&nbsp;intern_softdevice_events_execute
<LI><a href="#[1b]">&gt;&gt;</a>&nbsp;&nbsp;&nbsp;SWI2_IRQHandler
<LI><a href="#[d4]">&gt;&gt;</a>&nbsp;&nbsp;&nbsp;timer_timeouts_check
<LI><a href="#[7d]">&gt;&gt;</a>&nbsp;&nbsp;&nbsp;ETTimer2Init
<LI><a href="#[152]">&gt;&gt;</a>&nbsp;&nbsp;&nbsp;et_WDT_init
<LI><a href="#[156]">&gt;&gt;</a>&nbsp;&nbsp;&nbsp;system_time_init
</UL>

<P><STRONG><a name="[33]"></a>app_event_g_sensor_intr1_handler</STRONG> (Thumb, 70 bytes, Stack size 16 bytes, gsensor.o(i.app_event_g_sensor_intr1_handler))
<BR><BR>[Stack]<UL><LI>Max Depth = 1496<LI>Call Chain = app_event_g_sensor_intr1_handler &rArr; gSensor_Read_Fifo_Data &rArr; arithmetic_write_data2buf &rArr; arithmetic_transfer_data &rArr; app_arithmetic_cal_timer_handler &rArr; app_stop_step_arithmetic_cal &rArr; deal_raw_data &rArr; peaks_valleys_final_match &rArr; steps_matchArray_verfy
</UL>
<BR>[Calls]<UL><LI><a href="#[91]">&gt;&gt;</a>&nbsp;&nbsp;&nbsp;ke_timer_set
<LI><a href="#[108]">&gt;&gt;</a>&nbsp;&nbsp;&nbsp;sleep_slope_check
<LI><a href="#[106]">&gt;&gt;</a>&nbsp;&nbsp;&nbsp;gSensor_Slope_Intr_Enable
<LI><a href="#[9b]">&gt;&gt;</a>&nbsp;&nbsp;&nbsp;LIS3DH_GetInt1Src
<LI><a href="#[9a]">&gt;&gt;</a>&nbsp;&nbsp;&nbsp;LIS3DH_GetFifoSourceReg
<LI><a href="#[109]">&gt;&gt;</a>&nbsp;&nbsp;&nbsp;gSensor_Read_Fifo_Data
<LI><a href="#[8e]">&gt;&gt;</a>&nbsp;&nbsp;&nbsp;ke_timer_clear
[...]
<LI><a href="#[a5]">&gt;&gt;</a>&nbsp;&nbsp;&nbsp;LIS3DH_SetIntMode
<LI><a href="#[a3]">&gt;&gt;</a>&nbsp;&nbsp;&nbsp;LIS3DH_SetInt2Pin
<LI><a href="#[9f]">&gt;&gt;</a>&nbsp;&nbsp;&nbsp;LIS3DH_SetFullScale
<LI><a href="#[9e]">&gt;&gt;</a>&nbsp;&nbsp;&nbsp;LIS3DH_HPFAOI1Enable
<LI><a href="#[97]">&gt;&gt;</a>&nbsp;&nbsp;&nbsp;LIS3DH_FIFOModeEnable
<LI><a href="#[113]">&gt;&gt;</a>&nbsp;&nbsp;&nbsp;gSensor_FWM_Interrupt_Enable
<LI><a href="#[8d]">&gt;&gt;</a>&nbsp;&nbsp;&nbsp;Init_SleepArithmetic
</UL>
<BR>[Called By]<UL><LI><a href="#[157]">&gt;&gt;</a>&nbsp;&nbsp;&nbsp;gSensor_init
</UL>

<P><STRONG><a name="[98]"></a>LIS3DH_ReadReg</STRONG> (Thumb, 12 bytes, Stack size 8 bytes, gsensor_driver.o(i.LIS3DH_ReadReg))
<BR><BR>[Stack]<UL><LI>Max Depth = 76<LI>Call Chain = LIS3DH_ReadReg &rArr; lis3dh_spi_read &rArr; etGensor_spi_read &rArr; SpiSentByte
</UL>
<BR>[Calls]<UL><LI><a href="#[9d]">&gt;&gt;</a>&nbsp;&nbsp;&nbsp;lis3dh_spi_read
</UL>
<BR>[Called By]<UL><LI><a href="#[a4]">&gt;&gt;</a>&nbsp;&nbsp;&nbsp;LIS3DH_SetIntConfiguration
<LI><a href="#[a1]">&gt;&gt;</a>&nbsp;&nbsp;&nbsp;LIS3DH_SetInt1Pin
<LI><a href="#[187]">&gt;&gt;</a>&nbsp;&nbsp;&nbsp;gSensor_fifo_Interrupt_Enable
<LI><a href="#[a9]">&gt;&gt;</a>&nbsp;&nbsp;&nbsp;LIS3DH_SetWaterMark
<LI><a href="#[a8]">&gt;&gt;</a>&nbsp;&nbsp;&nbsp;LIS3DH_SetTriggerInt
<LI><a href="#[a7]">&gt;&gt;</a>&nbsp;&nbsp;&nbsp;LIS3DH_SetODR
<LI><a href="#[a6]">&gt;&gt;</a>&nbsp;&nbsp;&nbsp;LIS3DH_SetMode
<LI><a href="#[a5]">&gt;&gt;</a>&nbsp;&nbsp;&nbsp;LIS3DH_SetIntMode
<LI><a href="#[a3]">&gt;&gt;</a>&nbsp;&nbsp;&nbsp;LIS3DH_SetInt2Pin
<LI><a href="#[9f]">&gt;&gt;</a>&nbsp;&nbsp;&nbsp;LIS3DH_SetFullScale
<LI><a href="#[9e]">&gt;&gt;</a>&nbsp;&nbsp;&nbsp;LIS3DH_HPFAOI1Enable
<LI><a href="#[9b]">&gt;&gt;</a>&nbsp;&nbsp;&nbsp;LIS3DH_GetInt1Src
<LI><a href="#[9a]">&gt;&gt;</a>&nbsp;&nbsp;&nbsp;LIS3DH_GetFifoSourceReg
<LI><a href="#[97]">&gt;&gt;</a>&nbsp;&nbsp;&nbsp;LIS3DH_FIFOModeEnable
</UL>

<P><STRONG><a name="[99]"></a>LIS3DH_WriteReg</STRONG> (Thumb, 18 bytes, Stack size 16 bytes, gsensor_driver.o(i.LIS3DH_WriteReg))
<BR><BR>[Stack]<UL><LI>Max Depth = 76<LI>Call Chain = LIS3DH_WriteReg &rArr; etGensor_spi_write &rArr; SpiSentByte
</UL>
<BR>[Calls]<UL><LI><a href="#[aa]">&gt;&gt;</a>&nbsp;&nbsp;&nbsp;etGensor_spi_write
</UL>
<BR>[Called By]<UL><LI><a href="#[a4]">&gt;&gt;</a>&nbsp;&nbsp;&nbsp;LIS3DH_SetIntConfiguration
<LI><a href="#[a2]">&gt;&gt;</a>&nbsp;&nbsp;&nbsp;LIS3DH_SetInt1Threshold
<LI><a href="#[a1]">&gt;&gt;</a>&nbsp;&nbsp;&nbsp;LIS3DH_SetInt1Pin
<LI><a href="#[a0]">&gt;&gt;</a>&nbsp;&nbsp;&nbsp;LIS3DH_SetInt1Duration
<LI><a href="#[187]">&gt;&gt;</a>&nbsp;&nbsp;&nbsp;gSensor_fifo_Interrupt_Enable
<LI><a href="#[a9]">&gt;&gt;</a>&nbsp;&nbsp;&nbsp;LIS3DH_SetWaterMark
<LI><a href="#[a8]">&gt;&gt;</a>&nbsp;&nbsp;&nbsp;LIS3DH_SetTriggerInt
<LI><a href="#[a7]">&gt;&gt;</a>&nbsp;&nbsp;&nbsp;LIS3DH_SetODR
<LI><a href="#[a6]">&gt;&gt;</a>&nbsp;&nbsp;&nbsp;LIS3DH_SetMode
<LI><a href="#[a5]">&gt;&gt;</a>&nbsp;&nbsp;&nbsp;LIS3DH_SetIntMode
<LI><a href="#[a3]">&gt;&gt;</a>&nbsp;&nbsp;&nbsp;LIS3DH_SetInt2Pin
<LI><a href="#[9f]">&gt;&gt;</a>&nbsp;&nbsp;&nbsp;LIS3DH_SetFullScale
<LI><a href="#[9e]">&gt;&gt;</a>&nbsp;&nbsp;&nbsp;LIS3DH_HPFAOI1Enable
<LI><a href="#[97]">&gt;&gt;</a>&nbsp;&nbsp;&nbsp;LIS3DH_FIFOModeEnable
</UL>

<P><STRONG><a name="[9d]"></a>lis3dh_spi_read</STRONG> (Thumb, 12 bytes, Stack size 8 bytes, gsensor_driver.o(i.lis3dh_spi_read))
<BR><BR>[Stack]<UL><LI>Max Depth = 68<LI>Call Chain = lis3dh_spi_read &rArr; etGensor_spi_read &rArr; SpiSentByte
</UL>
<BR>[Calls]<UL><LI><a href="#[16a]">&gt;&gt;</a>&nbsp;&nbsp;&nbsp;etGensor_spi_read
</UL>
<BR>[Called By]<UL><LI><a href="#[98]">&gt;&gt;</a>&nbsp;&nbsp;&nbsp;LIS3DH_ReadReg
<LI><a href="#[9c]">&gt;&gt;</a>&nbsp;&nbsp;&nbsp;LIS3DH_Get_XYZ_Raw
</UL>

<P><STRONG><a name="[90]"></a>app_sleep_gsensor_cfg_judge</STRONG> (Thumb, 78 bytes, Stack size 24 bytes, sleep_record.o(i.app_sleep_gsensor_cfg_judge))
<BR><BR>[Stack]<UL><LI>Max Depth = 116<LI>Call Chain = app_sleep_gsensor_cfg_judge &rArr; gSensor_set_duration_and_threshold &rArr; LIS3DH_SetInt1Threshold &rArr; LIS3DH_WriteReg &rArr; etGensor_spi_write &rArr; SpiSentByte
</UL>
<BR>[Calls]<UL><LI><a href="#[6f]">&gt;&gt;</a>&nbsp;&nbsp;&nbsp;system_time_get
<LI><a href="#[10b]">&gt;&gt;</a>&nbsp;&nbsp;&nbsp;gSensor_set_duration_and_threshold
<LI><a href="#[50]">&gt;&gt;</a>&nbsp;&nbsp;&nbsp;Arithmetic_Set_YAxis_Min_Threshold
</UL>
<BR>[Called By]<UL><LI><a href="#[8d]">&gt;&gt;</a>&nbsp;&nbsp;&nbsp;Init_SleepArithmetic
<LI><a href="#[34]">&gt;&gt;</a>&nbsp;&nbsp;&nbsp;app_sleep_record_timer_handler
</UL>

<P><STRONG><a name="[8f]"></a>app_sleep_store_item_begin_info</STRONG> (Thumb, 76 bytes, Stack size 16 bytes, sleep_record.o(i.app_sleep_store_item_begin_info))
<BR><BR>[Stack]<UL><LI>Max Depth = 16<LI>Call Chain = app_sleep_store_item_begin_info
</UL>
<BR>[Calls]<UL><LI><a href="#[c8]">&gt;&gt;</a>&nbsp;&nbsp;&nbsp;system_sec_get
<LI><a href="#[10e]">&gt;&gt;</a>&nbsp;&nbsp;&nbsp;ShortSetTwoChar
<LI><a href="#[10d]">&gt;&gt;</a>&nbsp;&nbsp;&nbsp;IntSetFourChar
<LI><a href="#[10f]">&gt;&gt;</a>&nbsp;&nbsp;&nbsp;app_get_pedometer_state
<LI><a href="#[41]">&gt;&gt;</a>&nbsp;&nbsp;&nbsp;__aeabi_memclr
</UL>
<BR>[Called By]<UL><LI><a href="#[8d]">&gt;&gt;</a>&nbsp;&nbsp;&nbsp;Init_SleepArithmetic
<LI><a href="#[34]">&gt;&gt;</a>&nbsp;&nbsp;&nbsp;app_sleep_record_timer_handler
</UL>

<P><STRONG><a name="[10c]"></a>app_sleep_store_item_end_info</STRONG> (Thumb, 132 bytes, Stack size 24 bytes, sleep_record.o(i.app_sleep_store_item_end_info))
<BR><BR>[Stack]<UL><LI>Max Depth = 208<LI>Call Chain = app_sleep_store_item_end_info &rArr; write_data_item_2_mem_pool &rArr; flush_mem_poll2flash &rArr; ram_gsensor_data_write_block_2_flash &rArr; write_flash &rArr; etSpim1NorFlashPageProgrameStdMode &rArr; etSpim1CheckNorFlashWriteEnable &rArr; etSpim1CheckNorFlashBusy &rArr; SpiSent_1Byte
</UL>
<BR>[Calls]<UL><LI><a href="#[111]">&gt;&gt;</a>&nbsp;&nbsp;&nbsp;write_data_item_2_mem_pool
<LI><a href="#[110]">&gt;&gt;</a>&nbsp;&nbsp;&nbsp;sleep_xDataSect_analysis
</UL>
<BR>[Called By]<UL><LI><a href="#[34]">&gt;&gt;</a>&nbsp;&nbsp;&nbsp;app_sleep_record_timer_handler
</UL>

<P><STRONG><a name="[10a]"></a>sleep_add_xyzData</STRONG> (Thumb, 92 bytes, Stack size 24 bytes, sleep_record.o(i.sleep_add_xyzData))
<BR><BR>[Stack]<UL><LI>Max Depth = 36<LI>Call Chain = sleep_add_xyzData &rArr; __aeabi_uidivmod
</UL>
<BR>[Calls]<UL><LI><a href="#[1bb]">&gt;&gt;</a>&nbsp;&nbsp;&nbsp;FourCharGetInt
<LI><a href="#[51]">&gt;&gt;</a>&nbsp;&nbsp;&nbsp;TwoCharGetShort
<LI><a href="#[3e]">&gt;&gt;</a>&nbsp;&nbsp;&nbsp;__aeabi_uidivmod
</UL>
<BR>[Called By]<UL><LI><a href="#[35]">&gt;&gt;</a>&nbsp;&nbsp;&nbsp;app_gSensor_nomotion_timer_handler
</UL>

<P><STRONG><a name="[1bc]"></a>sleep_xDataSect_SameCal</STRONG> (Thumb, 56 bytes, Stack size 16 bytes, sleep_record.o(i.sleep_xDataSect_SameCal))
<BR><BR>[Stack]<UL><LI>Max Depth = 16<LI>Call Chain = sleep_xDataSect_SameCal
</UL>
<BR>[Calls]<UL><LI><a href="#[10e]">&gt;&gt;</a>&nbsp;&nbsp;&nbsp;ShortSetTwoChar
</UL>
<BR>[Called By]<UL><LI><a href="#[110]">&gt;&gt;</a>&nbsp;&nbsp;&nbsp;sleep_xDataSect_analysis
</UL>

<P><STRONG><a name="[110]"></a>sleep_xDataSect_analysis</STRONG> (Thumb, 106 bytes, Stack size 24 bytes, sleep_record.o(i.sleep_xDataSect_analysis))
<BR><BR>[Stack]<UL><LI>Max Depth = 40<LI>Call Chain = sleep_xDataSect_analysis &rArr; sleep_xDataSect_SameCal
</UL>
<BR>[Calls]<UL><LI><a href="#[1bc]">&gt;&gt;</a>&nbsp;&nbsp;&nbsp;sleep_xDataSect_SameCal
</UL>
<BR>[Called By]<UL><LI><a href="#[10c]">&gt;&gt;</a>&nbsp;&nbsp;&nbsp;app_sleep_store_item_end_info
</UL>

<P><STRONG><a name="[c1]"></a>Get_Datacheck</STRONG> (Thumb, 28 bytes, Stack size 8 bytes, btprotocol.o(i.Get_Datacheck))
<BR><BR>[Stack]<UL><LI>Max Depth = 8<LI>Call Chain = Get_Datacheck
</UL>
<BR>[Called By]<UL><LI><a href="#[b5]">&gt;&gt;</a>&nbsp;&nbsp;&nbsp;Protocol_data_to_AG
<LI><a href="#[c0]">&gt;&gt;</a>&nbsp;&nbsp;&nbsp;protocol_Save_data
</UL>

<P><STRONG><a name="[bd]"></a>Protocol_Alarm_ADD</STRONG> (Thumb, 140 bytes, Stack size 20 bytes, btprotocol.o(i.Protocol_Alarm_ADD))
<BR><BR>[Stack]<UL><LI>Max Depth = 20<LI>Call Chain = Protocol_Alarm_ADD
</UL>
<BR>[Called By]<UL><LI><a href="#[bc]">&gt;&gt;</a>&nbsp;&nbsp;&nbsp;Protocol_SetAlarm
</UL>

<P><STRONG><a name="[b6]"></a>Protocol_DataToCos</STRONG> (Thumb, 72 bytes, Stack size 16 bytes, btprotocol.o(i.Protocol_DataToCos))
<BR><BR>[Stack]<UL><LI>Max Depth = 40<LI>Call Chain = Protocol_DataToCos &rArr; cos_send_string &rArr; simple_uart_putstringbuff
</UL>
<BR>[Calls]<UL><LI><a href="#[b8]">&gt;&gt;</a>&nbsp;&nbsp;&nbsp;cos_send_string
<LI><a href="#[b7]">&gt;&gt;</a>&nbsp;&nbsp;&nbsp;Get_Cos_Ready
</UL>
<BR>[Called By]<UL><LI><a href="#[c5]">&gt;&gt;</a>&nbsp;&nbsp;&nbsp;Protocol_handle
</UL>

<P><STRONG><a name="[b9]"></a>Protocol_GetAlarm</STRONG> (Thumb, 88 bytes, Stack size 32 bytes, btprotocol.o(i.Protocol_GetAlarm))
<BR><BR>[Stack]<UL><LI>Max Depth = 128<LI>Call Chain = Protocol_GetAlarm &rArr; Protocol_data_to_AG &rArr; Protocol_send_data_to_AG &rArr; bt_send_to_AG &rArr; ble_nus_string_send
</UL>
<BR>[Calls]<UL><LI><a href="#[b5]">&gt;&gt;</a>&nbsp;&nbsp;&nbsp;Protocol_data_to_AG
</UL>
<BR>[Called By]<UL><LI><a href="#[c5]">&gt;&gt;</a>&nbsp;&nbsp;&nbsp;Protocol_handle
</UL>

<P><STRONG><a name="[bb]"></a>Protocol_Packet_Status</STRONG> (Thumb, 22 bytes, Stack size 8 bytes, btprotocol.o(i.Protocol_Packet_Status))
<BR><BR>[Stack]<UL><LI>Max Depth = 104<LI>Call Chain = Protocol_Packet_Status &rArr; Protocol_data_to_AG &rArr; Protocol_send_data_to_AG &rArr; bt_send_to_AG &rArr; ble_nus_string_send
</UL>
<BR>[Calls]<UL><LI><a href="#[b5]">&gt;&gt;</a>&nbsp;&nbsp;&nbsp;Protocol_data_to_AG
</UL>
<BR>[Called By]<UL><LI><a href="#[be]">&gt;&gt;</a>&nbsp;&nbsp;&nbsp;Protocol_data_manage
<LI><a href="#[c0]">&gt;&gt;</a>&nbsp;&nbsp;&nbsp;protocol_Save_data
<LI><a href="#[c5]">&gt;&gt;</a>&nbsp;&nbsp;&nbsp;Protocol_handle
<LI><a href="#[bc]">&gt;&gt;</a>&nbsp;&nbsp;&nbsp;Protocol_SetAlarm
</UL>

<P><STRONG><a name="[bc]"></a>Protocol_SetAlarm</STRONG> (Thumb, 176 bytes, Stack size 24 bytes, btprotocol.o(i.Protocol_SetAlarm))
<BR><BR>[Stack]<UL><LI>Max Depth = 128<LI>Call Chain = Protocol_SetAlarm &rArr; Protocol_Packet_Status &rArr; Protocol_data_to_AG &rArr; Protocol_send_data_to_AG &rArr; bt_send_to_AG &rArr; ble_nus_string_send
</UL>
<BR>[Calls]<UL><LI><a href="#[bb]">&gt;&gt;</a>&nbsp;&nbsp;&nbsp;Protocol_Packet_Status
<LI><a href="#[bd]">&gt;&gt;</a>&nbsp;&nbsp;&nbsp;Protocol_Alarm_ADD
</UL>
<BR>[Called By]<UL><LI><a href="#[c5]">&gt;&gt;</a>&nbsp;&nbsp;&nbsp;Protocol_handle
</UL>

<P><STRONG><a name="[c5]"></a>Protocol_handle</STRONG> (Thumb, 642 bytes, Stack size 128 bytes, btprotocol.o(i.Protocol_handle))
<BR><BR>[Stack]<UL><LI>Max Depth = 624<LI>Call Chain = Protocol_handle &rArr; receive_app_usr_info &rArr; receive_userInfo_from_app &rArr; flash_all_data_clear &rArr; flash_gsensor_data_partition_refresh &rArr; flash_gsensor_sport_sleep_data_partition_refresh &rArr; sector_erase_flash &rArr; etSpim1NorFlashSectorErase &rArr; etSpim1CheckNorFlashWriteEnable &rArr; etSpim1CheckNorFlashBusy &rArr; SpiSent_1Byte
</UL>
<BR>[Calls]<UL><LI><a href="#[ca]">&gt;&gt;</a>&nbsp;&nbsp;&nbsp;simple_uart_init
<LI><a href="#[4e]">&gt;&gt;</a>&nbsp;&nbsp;&nbsp;__ARM_common_switch8
<LI><a href="#[c6]">&gt;&gt;</a>&nbsp;&nbsp;&nbsp;etSpim1NorFlashPageProgrameStdMode
<LI><a href="#[cb]">&gt;&gt;</a>&nbsp;&nbsp;&nbsp;etSpim1NorFlashChipErase
<LI><a href="#[c9]">&gt;&gt;</a>&nbsp;&nbsp;&nbsp;display_IncomingCall
<LI><a href="#[86]">&gt;&gt;</a>&nbsp;&nbsp;&nbsp;Get_KeyVersion
<LI><a href="#[c7]">&gt;&gt;</a>&nbsp;&nbsp;&nbsp;system_time_updated
<LI><a href="#[c8]">&gt;&gt;</a>&nbsp;&nbsp;&nbsp;system_sec_get
<LI><a href="#[cc]">&gt;&gt;</a>&nbsp;&nbsp;&nbsp;return_app_require_data
<LI><a href="#[cd]">&gt;&gt;</a>&nbsp;&nbsp;&nbsp;receive_app_usr_info
<LI><a href="#[6d]">&gt;&gt;</a>&nbsp;&nbsp;&nbsp;strlen
<LI><a href="#[b7]">&gt;&gt;</a>&nbsp;&nbsp;&nbsp;Get_Cos_Ready
<LI><a href="#[b5]">&gt;&gt;</a>&nbsp;&nbsp;&nbsp;Protocol_data_to_AG
<LI><a href="#[ba]">&gt;&gt;</a>&nbsp;&nbsp;&nbsp;Protocol_GetPedometerNum
<LI><a href="#[bc]">&gt;&gt;</a>&nbsp;&nbsp;&nbsp;Protocol_SetAlarm
<LI><a href="#[bb]">&gt;&gt;</a>&nbsp;&nbsp;&nbsp;Protocol_Packet_Status
<LI><a href="#[b9]">&gt;&gt;</a>&nbsp;&nbsp;&nbsp;Protocol_GetAlarm
<LI><a href="#[b6]">&gt;&gt;</a>&nbsp;&nbsp;&nbsp;Protocol_DataToCos
</UL>
<BR>[Called By]<UL><LI><a href="#[1a3]">&gt;&gt;</a>&nbsp;&nbsp;&nbsp;protocol_data_can_send
</UL>

<P><STRONG><a name="[c2]"></a>Protocol_packed_data</STRONG> (Thumb, 70 bytes, Stack size 16 bytes, btprotocol.o(i.Protocol_packed_data))
<BR><BR>[Stack]<UL><LI>Max Depth = 16<LI>Call Chain = Protocol_packed_data
</UL>
<BR>[Called By]<UL><LI><a href="#[b5]">&gt;&gt;</a>&nbsp;&nbsp;&nbsp;Protocol_data_to_AG
</UL>

<P><STRONG><a name="[c3]"></a>Protocol_send_data_to_AG</STRONG> (Thumb, 10 bytes, Stack size 8 bytes, btprotocol.o(i.Protocol_send_data_to_AG))
<BR><BR>[Stack]<UL><LI>Max Depth = 48<LI>Call Chain = Protocol_send_data_to_AG &rArr; bt_send_to_AG &rArr; ble_nus_string_send
</UL>
<BR>[Calls]<UL><LI><a href="#[d0]">&gt;&gt;</a>&nbsp;&nbsp;&nbsp;bt_send_to_AG
</UL>
<BR>[Called By]<UL><LI><a href="#[b5]">&gt;&gt;</a>&nbsp;&nbsp;&nbsp;Protocol_data_to_AG
</UL>

<P><STRONG><a name="[c4]"></a>delay_time_ms</STRONG> (Thumb, 28 bytes, Stack size 0 bytes, btprotocol.o(i.delay_time_ms))
<BR><BR>[Called By]<UL><LI><a href="#[b5]">&gt;&gt;</a>&nbsp;&nbsp;&nbsp;Protocol_data_to_AG
</UL>

<P><STRONG><a name="[c0]"></a>protocol_Save_data</STRONG> (Thumb, 278 bytes, Stack size 24 bytes, btprotocol.o(i.protocol_Save_data))
<BR><BR>[Stack]<UL><LI>Max Depth = 272<LI>Call Chain = protocol_Save_data &rArr; send_sport_get_app_ack &rArr; erase_flash_gsensor_data &rArr; set_gsensor_data_lock &rArr; write_data_item_2_mem_pool &rArr; flush_mem_poll2flash &rArr; ram_gsensor_data_write_block_2_flash &rArr; write_flash &rArr; etSpim1NorFlashPageProgrameStdMode &rArr; etSpim1CheckNorFlashWriteEnable &rArr; etSpim1CheckNorFlashBusy &rArr; SpiSent_1Byte
</UL>
<BR>[Calls]<UL><LI><a href="#[ca]">&gt;&gt;</a>&nbsp;&nbsp;&nbsp;simple_uart_init
<LI><a href="#[1b1]">&gt;&gt;</a>&nbsp;&nbsp;&nbsp;send_sport_get_app_ack
<LI><a href="#[120]">&gt;&gt;</a>&nbsp;&nbsp;&nbsp;__aeabi_memcpy
<LI><a href="#[bb]">&gt;&gt;</a>&nbsp;&nbsp;&nbsp;Protocol_Packet_Status
<LI><a href="#[c1]">&gt;&gt;</a>&nbsp;&nbsp;&nbsp;Get_Datacheck
</UL>
<BR>[Called By]<UL><LI><a href="#[be]">&gt;&gt;</a>&nbsp;&nbsp;&nbsp;Protocol_data_manage
</UL>

<P><STRONG><a name="[ae]"></a>ParseRecvUartData</STRONG> (Thumb, 98 bytes, Stack size 8 bytes, uartprotocol.o(i.ParseRecvUartData))
<BR><BR>[Stack]<UL><LI>Max Depth = 692<LI>Call Chain = ParseRecvUartData &rArr; go_to_command &rArr; lcd_display_complete_handle &rArr; display_page &rArr; display_gb18030_string &rArr; hzbmp16 &rArr; decompressbmp16 &rArr; unziphfmex &rArr; r_dat_bat &rArr; SpiSentByte
</UL>
<BR>[Calls]<UL><LI><a href="#[b2]">&gt;&gt;</a>&nbsp;&nbsp;&nbsp;cos_clear_buff
<LI><a href="#[af]">&gt;&gt;</a>&nbsp;&nbsp;&nbsp;uart_recv_data
<LI><a href="#[b1]">&gt;&gt;</a>&nbsp;&nbsp;&nbsp;send_ack
<LI><a href="#[b3]">&gt;&gt;</a>&nbsp;&nbsp;&nbsp;go_to_command
<LI><a href="#[b0]">&gt;&gt;</a>&nbsp;&nbsp;&nbsp;check_frame
</UL>
<BR>[Called By]<UL><LI><a href="#[1a2]">&gt;&gt;</a>&nbsp;&nbsp;&nbsp;uart_data_handle
</UL>

<P><STRONG><a name="[b0]"></a>check_frame</STRONG> (Thumb, 56 bytes, Stack size 12 bytes, uartprotocol.o(i.check_frame))
<BR><BR>[Stack]<UL><LI>Max Depth = 12<LI>Call Chain = check_frame
</UL>
<BR>[Called By]<UL><LI><a href="#[ae]">&gt;&gt;</a>&nbsp;&nbsp;&nbsp;ParseRecvUartData
</UL>

<P><STRONG><a name="[18c]"></a>get_cos_data_timeout</STRONG> (Thumb, 28 bytes, Stack size 16 bytes, uartprotocol.o(i.get_cos_data_timeout))
<BR><BR>[Stack]<UL><LI>Max Depth = 16<LI>Call Chain = get_cos_data_timeout
</UL>
<BR>[Calls]<UL><LI><a href="#[18d]">&gt;&gt;</a>&nbsp;&nbsp;&nbsp;UartRecv
</UL>
<BR>[Called By]<UL><LI><a href="#[af]">&gt;&gt;</a>&nbsp;&nbsp;&nbsp;uart_recv_data
</UL>

<P><STRONG><a name="[b3]"></a>go_to_command</STRONG> (Thumb, 290 bytes, Stack size 56 bytes, uartprotocol.o(i.go_to_command))
<BR><BR>[Stack]<UL><LI>Max Depth = 684<LI>Call Chain = go_to_command &rArr; lcd_display_complete_handle &rArr; display_page &rArr; display_gb18030_string &rArr; hzbmp16 &rArr; decompressbmp16 &rArr; unziphfmex &rArr; r_dat_bat &rArr; SpiSentByte
</UL>
<BR>[Calls]<UL><LI><a href="#[4e]">&gt;&gt;</a>&nbsp;&nbsp;&nbsp;__ARM_common_switch8
<LI><a href="#[177]">&gt;&gt;</a>&nbsp;&nbsp;&nbsp;etWrite_KEYID_to_flash
<LI><a href="#[16f]">&gt;&gt;</a>&nbsp;&nbsp;&nbsp;etRead_KEYID_from_flash
<LI><a href="#[193]">&gt;&gt;</a>&nbsp;&nbsp;&nbsp;lcd_display_handle
<LI><a href="#[192]">&gt;&gt;</a>&nbsp;&nbsp;&nbsp;lcd_display_complete_handle
<LI><a href="#[195]">&gt;&gt;</a>&nbsp;&nbsp;&nbsp;lcd_clear_handle
<LI><a href="#[194]">&gt;&gt;</a>&nbsp;&nbsp;&nbsp;lcd_changeline_handle
<LI><a href="#[ee]">&gt;&gt;</a>&nbsp;&nbsp;&nbsp;ans_work_state_handle
<LI><a href="#[120]">&gt;&gt;</a>&nbsp;&nbsp;&nbsp;__aeabi_memcpy
<LI><a href="#[13e]">&gt;&gt;</a>&nbsp;&nbsp;&nbsp;uart_resend_to_cos
<LI><a href="#[b4]">&gt;&gt;</a>&nbsp;&nbsp;&nbsp;Protocol_COSData_2_AG
</UL>
<BR>[Called By]<UL><LI><a href="#[ae]">&gt;&gt;</a>&nbsp;&nbsp;&nbsp;ParseRecvUartData
</UL>

<P><STRONG><a name="[ef]"></a>packed_data_frame</STRONG> (Thumb, 68 bytes, Stack size 20 bytes, uartprotocol.o(i.packed_data_frame))
<BR><BR>[Stack]<UL><LI>Max Depth = 20<LI>Call Chain = packed_data_frame
</UL>
<BR>[Called By]<UL><LI><a href="#[56]">&gt;&gt;</a>&nbsp;&nbsp;&nbsp;send_key_to_cos
<LI><a href="#[ee]">&gt;&gt;</a>&nbsp;&nbsp;&nbsp;ans_work_state_handle
<LI><a href="#[1b6]">&gt;&gt;</a>&nbsp;&nbsp;&nbsp;send_key_val_to_cos
<LI><a href="#[13e]">&gt;&gt;</a>&nbsp;&nbsp;&nbsp;uart_resend_to_cos
<LI><a href="#[b1]">&gt;&gt;</a>&nbsp;&nbsp;&nbsp;send_ack
</UL>

<P><STRONG><a name="[b1]"></a>send_ack</STRONG> (Thumb, 52 bytes, Stack size 32 bytes, uartprotocol.o(i.send_ack))
<BR><BR>[Stack]<UL><LI>Max Depth = 56<LI>Call Chain = send_ack &rArr; cos_send_string &rArr; simple_uart_putstringbuff
</UL>
<BR>[Calls]<UL><LI><a href="#[ef]">&gt;&gt;</a>&nbsp;&nbsp;&nbsp;packed_data_frame
<LI><a href="#[b8]">&gt;&gt;</a>&nbsp;&nbsp;&nbsp;cos_send_string
</UL>
<BR>[Called By]<UL><LI><a href="#[ae]">&gt;&gt;</a>&nbsp;&nbsp;&nbsp;ParseRecvUartData
</UL>

<P><STRONG><a name="[af]"></a>uart_recv_data</STRONG> (Thumb, 146 bytes, Stack size 24 bytes, uartprotocol.o(i.uart_recv_data))
<BR><BR>[Stack]<UL><LI>Max Depth = 40<LI>Call Chain = uart_recv_data &rArr; get_cos_data_timeout
</UL>
<BR>[Calls]<UL><LI><a href="#[18d]">&gt;&gt;</a>&nbsp;&nbsp;&nbsp;UartRecv
<LI><a href="#[18c]">&gt;&gt;</a>&nbsp;&nbsp;&nbsp;get_cos_data_timeout
</UL>
<BR>[Called By]<UL><LI><a href="#[ae]">&gt;&gt;</a>&nbsp;&nbsp;&nbsp;ParseRecvUartData
</UL>

<P><STRONG><a name="[13e]"></a>uart_resend_to_cos</STRONG> (Thumb, 158 bytes, Stack size 72 bytes, uartprotocol.o(i.uart_resend_to_cos))
<BR><BR>[Stack]<UL><LI>Max Depth = 168<LI>Call Chain = uart_resend_to_cos &rArr; send_key_val_to_cos &rArr; cos_send_string &rArr; simple_uart_putstringbuff
</UL>
<BR>[Calls]<UL><LI><a href="#[ee]">&gt;&gt;</a>&nbsp;&nbsp;&nbsp;ans_work_state_handle
<LI><a href="#[eb]">&gt;&gt;</a>&nbsp;&nbsp;&nbsp;__aeabi_memclr4
<LI><a href="#[1b6]">&gt;&gt;</a>&nbsp;&nbsp;&nbsp;send_key_val_to_cos
<LI><a href="#[18e]">&gt;&gt;</a>&nbsp;&nbsp;&nbsp;get_cos_ver_req
<LI><a href="#[18b]">&gt;&gt;</a>&nbsp;&nbsp;&nbsp;get_bt_name_req
<LI><a href="#[ef]">&gt;&gt;</a>&nbsp;&nbsp;&nbsp;packed_data_frame
<LI><a href="#[b8]">&gt;&gt;</a>&nbsp;&nbsp;&nbsp;cos_send_string
</UL>
<BR>[Called By]<UL><LI><a href="#[13c]">&gt;&gt;</a>&nbsp;&nbsp;&nbsp;check_uart_resend_tag
<LI><a href="#[b3]">&gt;&gt;</a>&nbsp;&nbsp;&nbsp;go_to_command
</UL>
<P>
<H3>
Undefined Global Symbols
</H3><HR></body></html>
