ARM Linker, 5.03 [Build 76] [MDK-ARM Standard]

==============================================================================

Section Cross References

    main.o(i.Get_Rssi) refers to main.o(.data) for .data
    main.o(i.Get_Rssi_stop) refers to etlcddisplayapp.o(i.check_lastDisplayTag) for check_lastDisplayTag
    main.o(i.Get_Rssi_stop) refers to main.o(.data) for .data
    main.o(i.advertising_init) refers to memseta.o(.text) for __aeabi_memclr4
    main.o(i.advertising_init) refers to ble_advertising.o(i.ble_advertising_init) for ble_advertising_init
    main.o(i.advertising_init) refers to app_error.o(i.app_error_handler) for app_error_handler
    main.o(i.advertising_init) refers to main.o(.data) for .data
    main.o(i.advertising_init) refers to main.o(i.on_adv_evt) for on_adv_evt
    main.o(i.assert_nrf_callback) refers to app_error.o(i.app_error_handler) for app_error_handler
    main.o(i.ble_evt_dispatch) refers to ble_conn_params.o(i.ble_conn_params_on_ble_evt) for ble_conn_params_on_ble_evt
    main.o(i.ble_evt_dispatch) refers to ble_nus.o(i.ble_nus_on_ble_evt) for ble_nus_on_ble_evt
    main.o(i.ble_evt_dispatch) refers to main.o(i.on_ble_evt) for on_ble_evt
    main.o(i.ble_evt_dispatch) refers to ble_advertising.o(i.ble_advertising_on_ble_evt) for ble_advertising_on_ble_evt
    main.o(i.ble_evt_dispatch) refers to bsp_btn_ble.o(i.bsp_btn_ble_on_ble_evt) for bsp_btn_ble_on_ble_evt
    main.o(i.ble_evt_dispatch) refers to main.o(.bss) for .bss
    main.o(i.bsp_event_handler) refers to main.o(i.__ARM_common_switch8) for __ARM_common_switch8
    main.o(i.bsp_event_handler) refers to app_error.o(i.app_error_handler) for app_error_handler
    main.o(i.bsp_event_handler) refers to ble_advertising.o(i.ble_advertising_restart_without_whitelist) for ble_advertising_restart_without_whitelist
    main.o(i.bsp_event_handler) refers to etkeyboard.o(i.write_switch_val) for write_switch_val
    main.o(i.bsp_event_handler) refers to main.o(.data) for .data
    main.o(i.bt_send_to_AG) refers to ble_nus.o(i.ble_nus_string_send) for ble_nus_string_send
    main.o(i.bt_send_to_AG) refers to main.o(.bss) for .bss
    main.o(i.conn_params_error_handler) refers to app_error.o(i.app_error_handler) for app_error_handler
    main.o(i.gap_params_init) refers to uartprotocol.o(i.SetToGetKEYID) for SetToGetKEYID
    main.o(i.gap_params_init) refers to app_error.o(i.app_error_handler) for app_error_handler
    main.o(i.main) refers to app_timer.o(i.app_timer_init) for app_timer_init
    main.o(i.main) refers to app_error.o(i.app_error_handler) for app_error_handler
    main.o(i.main) refers to bsp.o(i.bsp_init) for bsp_init
    main.o(i.main) refers to bsp_btn_ble.o(i.bsp_btn_ble_init) for bsp_btn_ble_init
    main.o(i.main) refers to etsimple_uart.o(i.simple_uart_init) for simple_uart_init
    main.o(i.main) refers to etspi.o(i.etSpim1NorFlashInit) for etSpim1NorFlashInit
    main.o(i.main) refers to softdevice_handler.o(i.softdevice_handler_init) for softdevice_handler_init
    main.o(i.main) refers to softdevice_handler.o(i.softdevice_ble_evt_handler_set) for softdevice_ble_evt_handler_set
    main.o(i.main) refers to memcpya.o(.text) for __aeabi_memcpy
    main.o(i.main) refers to main.o(i.gap_params_init) for gap_params_init
    main.o(i.main) refers to ble_nus.o(i.ble_nus_init) for ble_nus_init
    main.o(i.main) refers to main.o(i.advertising_init) for advertising_init
    main.o(i.main) refers to memseta.o(.text) for __aeabi_memclr4
    main.o(i.main) refers to ble_conn_params.o(i.ble_conn_params_init) for ble_conn_params_init
    main.o(i.main) refers to uartprotocol.o(i.SetToGetKEYID) for SetToGetKEYID
    main.o(i.main) refers to etmainloop.o(i.dev_init) for dev_init
    main.o(i.main) refers to ble_advertising.o(i.ble_advertising_start) for ble_advertising_start
    main.o(i.main) refers to etmainloop.o(i.main_loop) for main_loop
    main.o(i.main) refers to main.o(.bss) for .bss
    main.o(i.main) refers to main.o(i.bsp_event_handler) for bsp_event_handler
    main.o(i.main) refers to main.o(i.ble_evt_dispatch) for ble_evt_dispatch
    main.o(i.main) refers to main.o(.constdata) for .constdata
    main.o(i.main) refers to main.o(i.nus_data_handler) for nus_data_handler
    main.o(i.main) refers to main.o(i.on_conn_params_evt) for on_conn_params_evt
    main.o(i.main) refers to main.o(i.conn_params_error_handler) for conn_params_error_handler
    main.o(i.nus_data_handler) refers to btprotocol.o(i.Protocol_data_manage) for Protocol_data_manage
    main.o(i.on_adv_evt) refers to ble_advertising.o(i.ble_advertising_start) for ble_advertising_start
    main.o(i.on_adv_evt) refers to app_error.o(i.app_error_handler) for app_error_handler
    main.o(i.on_ble_evt) refers to app_error.o(i.app_error_handler) for app_error_handler
    main.o(i.on_ble_evt) refers to btprotocol.o(i.Protocol_set_BT_connected) for Protocol_set_BT_connected
[...]
    GPIO_Spi_init                            0x00019371   Thumb Code    44  et_spi_gpio.o(i.GPIO_Spi_init)
    Get_BatteryPercent                       0x000193ad   Thumb Code    54  et_battery.o(i.Get_BatteryPercent)
    Get_Cos_Ready                            0x000193e5   Thumb Code     6  uartprotocol.o(i.Get_Cos_Ready)
    Get_HWVersion                            0x0001940d   Thumb Code    42  etversion.o(i.Get_HWVersion)
    Get_KeyVersion                           0x0001943d   Thumb Code   152  etversion.o(i.Get_KeyVersion)
    Get_Rssi                                 0x000194d9   Thumb Code    12  main.o(i.Get_Rssi)
    Get_Rssi_stop                            0x000194e9   Thumb Code    20  main.o(i.Get_Rssi_stop)
    Get_SWVersion                            0x00019501   Thumb Code    42  etversion.o(i.Get_SWVersion)
    Init_SleepArithmetic                     0x00019619   Thumb Code    26  sleep_record.o(i.Init_SleepArithmetic)
    IntSetFourChar                           0x00019633   Thumb Code    16  common_arithmetic.o(i.IntSetFourChar)
    LCD_init                                 0x00019645   Thumb Code   114  etlcddisplayapp.o(i.LCD_init)
    LIS3DH_FIFOModeEnable                    0x000196dd   Thumb Code   144  gsensor_driver.o(i.LIS3DH_FIFOModeEnable)
    LIS3DH_GetFifoSourceReg                  0x0001976d   Thumb Code    18  gsensor_driver.o(i.LIS3DH_GetFifoSourceReg)
    LIS3DH_GetInt1Src                        0x0001977f   Thumb Code    18  gsensor_driver.o(i.LIS3DH_GetInt1Src)
    LIS3DH_Get_XYZ_Raw                       0x00019791   Thumb Code    14  gsensor_driver.o(i.LIS3DH_Get_XYZ_Raw)
    LIS3DH_HPFAOI1Enable                     0x0001979f   Thumb Code    48  gsensor_driver.o(i.LIS3DH_HPFAOI1Enable)
    LIS3DH_SetFullScale                      0x000197db   Thumb Code    52  gsensor_driver.o(i.LIS3DH_SetFullScale)
    LIS3DH_SetInt1Duration                   0x0001980f   Thumb Code    26  gsensor_driver.o(i.LIS3DH_SetInt1Duration)
    LIS3DH_SetInt1Pin                        0x00019829   Thumb Code    66  gsensor_driver.o(i.LIS3DH_SetInt1Pin)
    LIS3DH_SetInt1Threshold                  0x0001986b   Thumb Code    26  gsensor_driver.o(i.LIS3DH_SetInt1Threshold)
    LIS3DH_SetInt2Pin                        0x00019885   Thumb Code    44  gsensor_driver.o(i.LIS3DH_SetInt2Pin)
    LIS3DH_SetIntConfiguration               0x000198b1   Thumb Code    50  gsensor_driver.o(i.LIS3DH_SetIntConfiguration)
    LIS3DH_SetIntMode                        0x000198e3   Thumb Code    52  gsensor_driver.o(i.LIS3DH_SetIntMode)
    LIS3DH_SetMode                           0x00019919   Thumb Code   156  gsensor_driver.o(i.LIS3DH_SetMode)
    LIS3DH_SetODR                            0x000199b9   Thumb Code    52  gsensor_driver.o(i.LIS3DH_SetODR)
    LIS3DH_SetTriggerInt                     0x000199ed   Thumb Code    52  gsensor_driver.o(i.LIS3DH_SetTriggerInt)
    LIS3DH_SetWaterMark                      0x00019a21   Thumb Code    54  gsensor_driver.o(i.LIS3DH_SetWaterMark)
    MotorCtr                                 0x00019a69   Thumb Code    78  etmotor.o(i.MotorCtr)
    MotorInit                                0x00019ac1   Thumb Code    22  etmotor.o(i.MotorInit)
    MotorVibrate                             0x00019ae1   Thumb Code    96  etmotor.o(i.MotorVibrate)
    Protocol_COSData_2_AG                    0x00019ca9   Thumb Code    22  btprotocol.o(i.Protocol_COSData_2_AG)
    Protocol_GetPedometerNum                 0x00019d69   Thumb Code    32  btprotocol.o(i.Protocol_GetPedometerNum)
    Protocol_check_BT_connected              0x00019e59   Thumb Code    16  btprotocol.o(i.Protocol_check_BT_connected)
    Protocol_data_manage                     0x00019e6d   Thumb Code    90  btprotocol.o(i.Protocol_data_manage)
    Protocol_data_to_AG                      0x00019ecd   Thumb Code   322  btprotocol.o(i.Protocol_data_to_AG)
    Protocol_send_ack_to_ag_by_app_require   0x0001a2ef   Thumb Code    14  btprotocol.o(i.Protocol_send_ack_to_ag_by_app_require)
    Protocol_send_ack_to_ag_by_usr_info      0x0001a2fd   Thumb Code    14  btprotocol.o(i.Protocol_send_ack_to_ag_by_usr_info)
    Protocol_send_sport_data_to_ag           0x0001a315   Thumb Code    14  btprotocol.o(i.Protocol_send_sport_data_to_ag)
    Protocol_set_BT_Disconnected             0x0001a325   Thumb Code    20  btprotocol.o(i.Protocol_set_BT_Disconnected)
    Protocol_set_BT_connected                0x0001a33d   Thumb Code    18  btprotocol.o(i.Protocol_set_BT_connected)
    Protocol_set_notify                      0x0001a355   Thumb Code    20  btprotocol.o(i.Protocol_set_notify)
    RTC1_IRQHandler                          0x0001a36d   Thumb Code    28  app_timer.o(i.RTC1_IRQHandler)
    SWI0_IRQHandler                          0x0001a38d   Thumb Code    78  app_timer.o(i.SWI0_IRQHandler)
    SWI2_IRQHandler                          0x0001a3e1   Thumb Code    32  softdevice_handler.o(i.SWI2_IRQHandler)
    SetPageColume                            0x0001a405   Thumb Code    16  etlcddisplayapp.o(i.SetPageColume)
    SetToGetKEYID                            0x0001a419   Thumb Code     8  uartprotocol.o(i.SetToGetKEYID)
    Set_lastDisplayTag                       0x0001a425   Thumb Code     6  etlcddisplayapp.o(i.Set_lastDisplayTag)
    ShortSetTwoChar                          0x0001a431   Thumb Code     8  common_arithmetic.o(i.ShortSetTwoChar)
    Sleep_Add_Interval_Steps                 0x0001a439   Thumb Code    26  sleep_record.o(i.Sleep_Add_Interval_Steps)
    SpiReadByte                              0x0001a45d   Thumb Code    58  et_spi_gpio.o(i.SpiReadByte)
    SpiSentByte                              0x0001a49d   Thumb Code    62  et_spi_gpio.o(i.SpiSentByte)
    SpiSent_1Byte                            0x0001a4ed   Thumb Code    48  et_spi_gpio.o(i.SpiSent_1Byte)
    SystemInit                               0x0001a529   Thumb Code    64  system_nrf51.o(i.SystemInit)
    TIMER0_IRQHandler                        0x0001a57d   Thumb Code    12  nrf_drv_timer.o(i.TIMER0_IRQHandler)
    TIMER1_IRQHandler                        0x0001a58d   Thumb Code    12  nrf_drv_timer.o(i.TIMER1_IRQHandler)
    TIMER2_IRQHandler                        0x0001a59d   Thumb Code    12  nrf_drv_timer.o(i.TIMER2_IRQHandler)
    TwoCharGetShort                          0x0001a5ad   Thumb Code    12  common_arithmetic.o(i.TwoCharGetShort)
    U2G                                      0x0001a5b9   Thumb Code   486  gt24l16m1y-ut.o(i.U2G)
    UART0_IRQHandler                         0x0001a81d   Thumb Code    44  etsimple_uart.o(i.UART0_IRQHandler)
    USB_detect                               0x0001a859   Thumb Code    50  et_battery.o(i.USB_detect)
    USB_detect_init                          0x0001a891   Thumb Code    12  et_battery.o(i.USB_detect_init)
    UartRecv                                 0x0001a89d   Thumb Code    42  etsimple_uart.o(i.UartRecv)
    Uart_open_check                          0x0001a8d1   Thumb Code    12  etsimple_uart.o(i.Uart_open_check)
    WDT_IRQHandler                           0x0001a8e1   Thumb Code    26  et_nrf_drv_wdt.o(i.WDT_IRQHandler)
    __ARM_clz                                0x0001a909   Thumb Code    46  depilogue.o(i.__ARM_clz)
    __ARM_common_switch8                     0x0001a937   Thumb Code    26  main.o(i.__ARM_common_switch8)
    __scatterload_copy                       0x0001a951   Thumb Code    14  handlers.o(i.__scatterload_copy)
    __scatterload_null                       0x0001a95f   Thumb Code     2  handlers.o(i.__scatterload_null)
    __scatterload_zeroinit                   0x0001a961   Thumb Code    14  handlers.o(i.__scatterload_zeroinit)
    alarm_init                               0x0001ab59   Thumb Code    68  etalarm.o(i.alarm_init)
    analyse_display_data                     0x0001aba1   Thumb Code   366  etmultipagedisplay.o(i.analyse_display_data)
    ans_work_state_handle                    0x0001ad15   Thumb Code    98  uartprotocol.o(i.ans_work_state_handle)
    app_arithmetic_store_steps               0x0001aec9   Thumb Code    54  arithmetic_data_manger.o(i.app_arithmetic_store_steps)
    app_arthmetic_clear_steps                0x0001af09   Thumb Code    86  arithmetic_data_manger.o(i.app_arthmetic_clear_steps)
    app_arthmetic_get_total_calorie          0x0001af71   Thumb Code     6  arithmetic_data_manger.o(i.app_arthmetic_get_total_calorie)
    app_arthmetic_get_total_distance         0x0001af7d   Thumb Code     6  arithmetic_data_manger.o(i.app_arthmetic_get_total_distance)
    app_arthmetic_get_total_steps            0x0001af89   Thumb Code     6  arithmetic_data_manger.o(i.app_arthmetic_get_total_steps)
    app_button_enable                        0x0001af95   Thumb Code    32  app_button.o(i.app_button_enable)
    app_button_init                          0x0001afb9   Thumb Code   102  app_button.o(i.app_button_init)
    app_error_handler                        0x0001b031   Thumb Code    16  app_error.o(i.app_error_handler)
    app_event_g_sensor_intr1_handler         0x0001b049   Thumb Code    70  gsensor.o(i.app_event_g_sensor_intr1_handler)
    app_gSensor_nomotion_timer_handler       0x0001b091   Thumb Code    48  sleep_record.o(i.app_gSensor_nomotion_timer_handler)
    app_get_pedometer_state                  0x0001b0c9   Thumb Code     6  app_arithmetic.o(i.app_get_pedometer_state)
    app_sleep_record_timer_handler           0x0001b14d   Thumb Code    48  sleep_record.o(i.app_sleep_record_timer_handler)
    app_start_step_arithmetic_cal            0x0001b265   Thumb Code    54  app_arithmetic.o(i.app_start_step_arithmetic_cal)
    app_stop_step_arithmetic_cal             0x0001b2a1   Thumb Code    90  app_arithmetic.o(i.app_stop_step_arithmetic_cal)
    app_timer_create                         0x0001b305   Thumb Code    72  app_timer.o(i.app_timer_create)
    app_timer_init                           0x0001b351   Thumb Code   164  app_timer.o(i.app_timer_init)
    app_timer_start                          0x0001b405   Thumb Code   122  app_timer.o(i.app_timer_start)
    app_timer_stop                           0x0001b489   Thumb Code    82  app_timer.o(i.app_timer_stop)
    arithmetic_write_data2buf                0x0001b591   Thumb Code    46  app_arithmetic.o(i.arithmetic_write_data2buf)
    auto_send_sport_record_to_app_timer      0x0001b6ad   Thumb Code    92  data_transfer.o(i.auto_send_sport_record_to_app_timer)
    battery_adc_dev_init                     0x0001b70d   Thumb Code    14  et_battery.o(i.battery_adc_dev_init)
    battery_adc_read_once                    0x0001b729   Thumb Code    78  et_battery.o(i.battery_adc_read_once)
    battery_start                            0x0001b791   Thumb Code    18  et_battery.o(i.battery_start)
    ble_advdata_set                          0x0001b7b1   Thumb Code    90  ble_advdata.o(i.ble_advdata_set)
    ble_advertising_init                     0x0001b80d   Thumb Code   284  ble_advertising.o(i.ble_advertising_init)
    ble_advertising_on_ble_evt               0x0001b931   Thumb Code   112  ble_advertising.o(i.ble_advertising_on_ble_evt)
    ble_advertising_restart_without_whitelist 0x0001b9b5   Thumb Code    56  ble_advertising.o(i.ble_advertising_restart_without_whitelist)
    ble_advertising_start                    0x0001b9f5   Thumb Code   470  ble_advertising.o(i.ble_advertising_start)
    ble_conn_params_init                     0x0001bbd5   Thumb Code    72  ble_conn_params.o(i.ble_conn_params_init)
    ble_conn_params_on_ble_evt               0x0001bc29   Thumb Code   134  ble_conn_params.o(i.ble_conn_params_on_ble_evt)
    ble_nus_init                             0x0001bce1   Thumb Code   106  ble_nus.o(i.ble_nus_init)
    ble_nus_on_ble_evt                       0x0001bd55   Thumb Code   110  ble_nus.o(i.ble_nus_on_ble_evt)
    ble_nus_string_send                      0x0001bdc5   Thumb Code    80  ble_nus.o(i.ble_nus_string_send)
    bsp_btn_ble_init                         0x0001be19   Thumb Code    80  bsp_btn_ble.o(i.bsp_btn_ble_init)
    bsp_btn_ble_on_ble_evt                   0x0001be6d   Thumb Code   114  bsp_btn_ble.o(i.bsp_btn_ble_on_ble_evt)
    bsp_button_is_pressed                    0x0001bf81   Thumb Code    34  bsp.o(i.bsp_button_is_pressed)
    bsp_event_handler                        0x0001bfad   Thumb Code    80  main.o(i.bsp_event_handler)
    bsp_event_to_button_action_assign        0x0001c001   Thumb Code    66  bsp.o(i.bsp_event_to_button_action_assign)
    bsp_indication_set                       0x0001c049   Thumb Code     4  bsp.o(i.bsp_indication_set)
    bsp_init                                 0x0001c04d   Thumb Code    80  bsp.o(i.bsp_init)
    bt_send_to_AG                            0x0001c0a9   Thumb Code    14  main.o(i.bt_send_to_AG)
    check_LCDDispCanChange                   0x0001c159   Thumb Code    18  etlcddisplayapp.o(i.check_LCDDispCanChange)
    check_lastDisplayTag                     0x0001c1d1   Thumb Code    20  etlcddisplayapp.o(i.check_lastDisplayTag)
    check_uart_resend_tag                    0x0001c1e5   Thumb Code    40  uartprotocol.o(i.check_uart_resend_tag)
    clear_AllScreen                          0x0001c211   Thumb Code    66  etlcddisplayapp.o(i.clear_AllScreen)
    clock_alarm_check                        0x0001c2ed   Thumb Code   172  etalarm.o(i.clock_alarm_check)
    copy_display_data_to_buff                0x0001c53d   Thumb Code    66  etmultipagedisplay.o(i.copy_display_data_to_buff)
    cos_clear_buff                           0x0001c585   Thumb Code    18  uartprotocol.o(i.cos_clear_buff)
    cos_send_string                          0x0001c59d   Thumb Code     8  uartprotocol.o(i.cos_send_string)
    deal_raw_data                            0x0001c5a5   Thumb Code   276  arithmetic.o(i.deal_raw_data)
    decompressbmp16                          0x0001c6b9   Thumb Code   464  gt24l16m1y-ut.o(i.decompressbmp16)
    dev_init                                 0x0001c961   Thumb Code    48  etmainloop.o(i.dev_init)
    disable_pwm                              0x0001c991   Thumb Code    16  etmotor.o(i.disable_pwm)
    display_IncomingCall                     0x0001ca11   Thumb Code    52  etlcddisplayapp.o(i.display_IncomingCall)
    display_LOGO_message                     0x0001ca49   Thumb Code    98  etlcddisplayapp.o(i.display_LOGO_message)
    display_Rssi_distance                    0x0001cab1   Thumb Code   282  etlcddisplayapp.o(i.display_Rssi_distance)
    display_alarm                            0x0001cbd1   Thumb Code   138  etlcddisplayapp.o(i.display_alarm)
    display_check_to_clear_Screen            0x0001cc69   Thumb Code    42  etlcddisplayapp.o(i.display_check_to_clear_Screen)
    display_clr_COSdata                      0x0001cc99   Thumb Code    18  etlcddisplayapp.o(i.display_clr_COSdata)
    display_down_page                        0x0001ce0d   Thumb Code    30  etmultipagedisplay.o(i.display_down_page)
    display_gb18030_string                   0x0001ce31   Thumb Code   310  etlcddisplayapp.o(i.display_gb18030_string)
    display_graphic_16x16                    0x0001cf6d   Thumb Code    80  etlcddisplayapp.o(i.display_graphic_16x16)
    display_graphic_8x16                     0x0001cfbd   Thumb Code    80  etlcddisplayapp.o(i.display_graphic_8x16)
    display_page                             0x0001d00d   Thumb Code   116  etmultipagedisplay.o(i.display_page)
    display_up_page                          0x0001d251   Thumb Code    28  etmultipagedisplay.o(i.display_up_page)
    erase_flash_gsensor_data                 0x0001d2b1   Thumb Code   198  data_manger.o(i.erase_flash_gsensor_data)
    etCheck_reset                            0x0001d385   Thumb Code    30  uartprotocol.o(i.etCheck_reset)
    etCheck_to_PoweroffCOS                   0x0001d3b1   Thumb Code    32  etsimple_uart.o(i.etCheck_to_PoweroffCOS)
    etGensor_spi_read                        0x0001d3d5   Thumb Code    46  etspi.o(i.etGensor_spi_read)
    etGensor_spi_write                       0x0001d409   Thumb Code    46  etspi.o(i.etGensor_spi_write)
    etRead_KEYID_from_flash                  0x0001d43d   Thumb Code    14  etspi.o(i.etRead_KEYID_from_flash)
    etSpim1CheckNorFlashBusy                 0x0001d44d   Thumb Code    52  etspi.o(i.etSpim1CheckNorFlashBusy)
    etSpim1CheckNorFlashWriteEnable          0x0001d485   Thumb Code    28  etspi.o(i.etSpim1CheckNorFlashWriteEnable)
    etSpim1NorFlashChipErase                 0x0001d4a5   Thumb Code    48  etspi.o(i.etSpim1NorFlashChipErase)
    etSpim1NorFlashInit                      0x0001d4d9   Thumb Code    18  etspi.o(i.etSpim1NorFlashInit)
    etSpim1NorFlashPageProgrameStdMode       0x0001d4ed   Thumb Code    72  etspi.o(i.etSpim1NorFlashPageProgrameStdMode)
    etSpim1NorFlashSectorErase               0x0001d539   Thumb Code    58  etspi.o(i.etSpim1NorFlashSectorErase)
    etSpim1ReadNorFlashStdMode               0x0001d579   Thumb Code    68  etspi.o(i.etSpim1ReadNorFlashStdMode)
    etWrite_KEYID_to_flash                   0x0001d5c1   Thumb Code    92  etspi.o(i.etWrite_KEYID_to_flash)
    et_WDT_feed                              0x0001d621   Thumb Code    12  et_wdt.o(i.et_WDT_feed)
    et_WDT_init                              0x0001d631   Thumb Code    54  et_wdt.o(i.et_WDT_init)
    et_i2c_init                              0x0001d675   Thumb Code    24  eti2c.o(i.et_i2c_init)
    et_i2c_write                             0x0001d691   Thumb Code    50  eti2c.o(i.et_i2c_write)
    et_i2c_write_conValue                    0x0001d6c3   Thumb Code    50  eti2c.o(i.et_i2c_write_conValue)
    flash_all_data_clear                     0x0001d74d   Thumb Code    46  data_manger.o(i.flash_all_data_clear)
    flash_gsensor_data_partition_read_block  0x0001d7d1   Thumb Code   184  data_manger.o(i.flash_gsensor_data_partition_read_block)
    flush_mem_poll2flash                     0x0001da2d   Thumb Code    76  data_manger.o(i.flush_mem_poll2flash)
    free_display_buff                        0x0001da79   Thumb Code    40  etmultipagedisplay.o(i.free_display_buff)
    gSensor_Clear_Fifo_Data                  0x0001daa9   Thumb Code    16  gsensor.o(i.gSensor_Clear_Fifo_Data)
    gSensor_FWM_Interrupt_Enable             0x0001dab9   Thumb Code    12  gsensor_driver.o(i.gSensor_FWM_Interrupt_Enable)
    gSensor_Slope_Intr_Enable                0x0001db2f   Thumb Code    12  gsensor_driver.o(i.gSensor_Slope_Intr_Enable)
    gSensor_Slope_Intr_config                0x0001db3b   Thumb Code    10  gsensor_driver.o(i.gSensor_Slope_Intr_config)
    gSensor_fifo_Interrupt_Enable            0x0001dbad   Thumb Code    52  gsensor_driver.o(i.gSensor_fifo_Interrupt_Enable)
    gSensor_init                             0x0001dbe1   Thumb Code    12  gsensor.o(i.gSensor_init)
    gSensor_set_duration_and_threshold       0x0001dbed   Thumb Code    16  gsensor_driver.o(i.gSensor_set_duration_and_threshold)
    get_ble_connect_status                   0x0001dc59   Thumb Code    20  data_transfer.o(i.get_ble_connect_status)
    get_bt_name_req                          0x0001dc71   Thumb Code    50  uartprotocol.o(i.get_bt_name_req)
    get_cos_ver_req                          0x0001dcc5   Thumb Code    50  uartprotocol.o(i.get_cos_ver_req)
    get_dataPartition                        0x0001dcf9   Thumb Code    22  data_manger.o(i.get_dataPartition)
    get_flash_data_num                       0x0001dd15   Thumb Code    46  data_manger.o(i.get_flash_data_num)
    get_usr_using_timer_count                0x0001dd81   Thumb Code     4  usr_task.o(i.get_usr_using_timer_count)
    hzbmp16                                  0x0001df2d   Thumb Code    74  gt24l16m1y-ut.o(i.hzbmp16)
    init_data_manger                         0x0001df81   Thumb Code   106  data_manger.o(i.init_data_manger)
    intern_softdevice_events_execute         0x0001e075   Thumb Code   124  softdevice_handler.o(i.intern_softdevice_events_execute)
    ke_schedule                              0x0001e185   Thumb Code   112  ke_timer.o(i.ke_schedule)
    ke_timer_clear                           0x0001e201   Thumb Code    10  ke_timer.o(i.ke_timer_clear)
    ke_timer_set                             0x0001e211   Thumb Code    14  ke_timer.o(i.ke_timer_set)
    lcd_changeline_handle                    0x0001e225   Thumb Code    18  etmultipagedisplay.o(i.lcd_changeline_handle)
    lcd_clear_handle                         0x0001e23d   Thumb Code    18  etmultipagedisplay.o(i.lcd_clear_handle)
    lcd_display_complete_handle              0x0001e251   Thumb Code    22  etmultipagedisplay.o(i.lcd_display_complete_handle)
    lcd_display_handle                       0x0001e26d   Thumb Code   162  etmultipagedisplay.o(i.lcd_display_handle)
    lcd_power_control                        0x0001e319   Thumb Code    86  etlcddisplayapp.o(i.lcd_power_control)
    lcdram_map                               0x0001e379   Thumb Code   144  gt24l16m1y-ut.o(i.lcdram_map)
    main                                     0x0001e599   Thumb Code   330  main.o(i.main)
    main_loop                                0x0001e711   Thumb Code    96  etmainloop.o(i.main_loop)
    nrf_delay_100us                          0x0001e843   Thumb Code    22  nrf_delay.o(i.nrf_delay_100us)
    nrf_delay_ms                             0x0001e859   Thumb Code    24  nrf_delay.o(i.nrf_delay_ms)
    nrf_drv_common_irq_enable                0x0001e875   Thumb Code    78  nrf_drv_common.o(i.nrf_drv_common_irq_enable)
    nrf_drv_gpiote_in_event_enable           0x0001e8d5   Thumb Code   138  nrf_drv_gpiote.o(i.nrf_drv_gpiote_in_event_enable)
    nrf_drv_gpiote_in_init                   0x0001e975   Thumb Code   126  nrf_drv_gpiote.o(i.nrf_drv_gpiote_in_init)
    nrf_drv_gpiote_in_is_set                 0x0001ea05   Thumb Code    16  nrf_drv_gpiote.o(i.nrf_drv_gpiote_in_is_set)
    nrf_drv_gpiote_init                      0x0001ea19   Thumb Code    76  nrf_drv_gpiote.o(i.nrf_drv_gpiote_init)
    nrf_drv_gpiote_is_init                   0x0001ea6d   Thumb Code    12  nrf_drv_gpiote.o(i.nrf_drv_gpiote_is_init)
    nrf_drv_timer_compare                    0x0001ea7d   Thumb Code    42  nrf_drv_timer.o(i.nrf_drv_timer_compare)
    nrf_drv_timer_disable                    0x0001eaa9   Thumb Code    14  nrf_drv_timer.o(i.nrf_drv_timer_disable)
    nrf_drv_timer_enable                     0x0001eabd   Thumb Code    16  nrf_drv_timer.o(i.nrf_drv_timer_enable)
    nrf_drv_timer_extended_compare           0x0001ead1   Thumb Code    46  nrf_drv_timer.o(i.nrf_drv_timer_extended_compare)
    nrf_drv_timer_init                       0x0001eb01   Thumb Code   152  nrf_drv_timer.o(i.nrf_drv_timer_init)
    nrf_drv_timer_ms_to_ticks                0x0001ebf1   Thumb Code    22  nrf_drv_timer.o(i.nrf_drv_timer_ms_to_ticks)
    nrf_drv_timer_us_to_ticks                0x0001ec07   Thumb Code    22  nrf_drv_timer.o(i.nrf_drv_timer_us_to_ticks)
    nrf_drv_wdt_channel_alloc                0x0001ec1d   Thumb Code   160  et_nrf_drv_wdt.o(i.nrf_drv_wdt_channel_alloc)
    nrf_drv_wdt_channel_feed                 0x0001eccd   Thumb Code    12  et_nrf_drv_wdt.o(i.nrf_drv_wdt_channel_feed)
    nrf_drv_wdt_enable                       0x0001ece1   Thumb Code    20  et_nrf_drv_wdt.o(i.nrf_drv_wdt_enable)
    nrf_drv_wdt_init                         0x0001ed01   Thumb Code    60  et_nrf_drv_wdt.o(i.nrf_drv_wdt_init)
    protocol_data_can_send                   0x0001f49d   Thumb Code    32  btprotocol.o(i.protocol_data_can_send)
    pstorage_access_status_get               0x0001f4c1   Thumb Code    30  pstorage.o(i.pstorage_access_status_get)
    r_dat_bat                                0x0001f4e9   Thumb Code    58  et_font_spi.o(i.r_dat_bat)
    read_infos_from_flash_first_page         0x0001f619   Thumb Code    56  data_manger.o(i.read_infos_from_flash_first_page)
    read_switch_val                          0x0001f655   Thumb Code    56  etkeyboard.o(i.read_switch_val)
    receive_app_usr_info                     0x0001f691   Thumb Code    42  data_transfer.o(i.receive_app_usr_info)
    receive_userInfo_from_app                0x0001f6bd   Thumb Code    78  arithmetic_data_manger.o(i.receive_userInfo_from_app)
    return_app_require_data                  0x0001f711   Thumb Code    62  data_transfer.o(i.return_app_require_data)
    send_data_timeout_timer                  0x0001f8a5   Thumb Code    36  data_transfer.o(i.send_data_timeout_timer)
    send_key_to_cos                          0x0001f8d1   Thumb Code    52  uartprotocol.o(i.send_key_to_cos)
    send_key_val_to_cos                      0x0001f905   Thumb Code    62  uartprotocol.o(i.send_key_val_to_cos)
    send_sport_get_app_ack                   0x0001f945   Thumb Code    34  data_transfer.o(i.send_sport_get_app_ack)
    set_display_flg                          0x0001fa05   Thumb Code    16  etlcddisplayapp.o(i.set_display_flg)
    set_uart_resend_tag                      0x0001fa65   Thumb Code    20  uartprotocol.o(i.set_uart_resend_tag)
    simple_uart_config                       0x0001fa8d   Thumb Code    94  etsimple_uart.o(i.simple_uart_config)
    simple_uart_init                         0x0001fb01   Thumb Code    76  etsimple_uart.o(i.simple_uart_init)
    simple_uart_put                          0x0001fb5d   Thumb Code    18  etsimple_uart.o(i.simple_uart_put)
    simple_uart_putstringbuff                0x0001fb79   Thumb Code    42  etsimple_uart.o(i.simple_uart_putstringbuff)
    sleep_once_interval_max_steps            0x0001fc0d   Thumb Code    30  sleep_record.o(i.sleep_once_interval_max_steps)
    sleep_slope_check                        0x0001fc35   Thumb Code    72  sleep_record.o(i.sleep_slope_check)
    softdevice_assertion_handler             0x0001fe8d   Thumb Code    12  softdevice_handler.o(i.softdevice_assertion_handler)
    softdevice_ble_evt_handler_set           0x0001fe99   Thumb Code    16  softdevice_handler.o(i.softdevice_ble_evt_handler_set)
    softdevice_handler_init                  0x0001fead   Thumb Code    40  softdevice_handler.o(i.softdevice_handler_init)
    sqrt_16                                  0x0001ff2d   Thumb Code    62  common_arithmetic.o(i.sqrt_16)
    system_day_sec_init                      0x00020119   Thumb Code    72  sys_time.o(i.system_day_sec_init)
    system_sec_get                           0x00020165   Thumb Code     6  sys_time.o(i.system_sec_get)
    system_time_get                          0x00020171   Thumb Code   226  sys_time.o(i.system_time_get)
    system_time_get_second_clr               0x0002026d   Thumb Code     8  sys_time.o(i.system_time_get_second_clr)
    system_time_get_second_ready             0x00020279   Thumb Code     6  sys_time.o(i.system_time_get_second_ready)
    system_time_init                         0x00020285   Thumb Code    88  sys_time.o(i.system_time_init)
    system_time_set                          0x000202e9   Thumb Code   190  sys_time.o(i.system_time_set)
    system_time_tick                         0x000203c1   Thumb Code    14  sys_time.o(i.system_time_tick)
    system_time_updated                      0x000203d5   Thumb Code     6  sys_time.o(i.system_time_updated)
    timer2_event_handler                     0x000203e1   Thumb Code    14  ke_timer.o(i.timer2_event_handler)
    timer_pwm_event_handler                  0x000204d9   Thumb Code    38  etmotor.o(i.timer_pwm_event_handler)
    uart_data_handle                         0x00020619   Thumb Code    66  uartprotocol.o(i.uart_data_handle)
    uart_init_lowPower                       0x00020661   Thumb Code    66  etsimple_uart.o(i.uart_init_lowPower)
    unziphfmex                               0x000207f1   Thumb Code   368  gt24l16m1y-ut.o(i.unziphfmex)
    usr_clock_time_unit_handler              0x00020a41   Thumb Code    18  etalarm.o(i.usr_clock_time_unit_handler)
    usr_timer_handler                        0x00020a53   Thumb Code    10  gsensor.o(i.usr_timer_handler)
    utf8_to_gbk                              0x00020a5d   Thumb Code   430  etutf8tounicode.o(i.utf8_to_gbk)
    wdt_event_handler                        0x00020cd3   Thumb Code     2  et_wdt.o(i.wdt_event_handler)
    write_data_item_2_mem_pool               0x00020ce5   Thumb Code   130  data_manger.o(i.write_data_item_2_mem_pool)
    write_infos_2_flash_first_page           0x00020d75   Thumb Code    38  data_manger.o(i.write_infos_2_flash_first_page)
    write_switch_val                         0x00020da5   Thumb Code    42  etkeyboard.o(i.write_switch_val)
    z8_Power_ctr                             0x00020dd5   Thumb Code    20  uartprotocol.o(i.z8_Power_ctr)
    TIMER_PWM                                0x00020e88   Data           8  etmotor.o(.constdata)
    BLUETOOTH_0x00                           0x00020e9c   Data         128  etlcddisplayapp.o(.constdata)
    alarm_pic_buf                            0x00020f1c   Data         128  etlcddisplayapp.o(.constdata)
    STEP_ICON                                0x00020f9c   Data         128  etlcddisplayapp.o(.constdata)
    STEP_ICON_SMALL                          0x0002101c   Data          32  etlcddisplayapp.o(.constdata)
    ENERGE_ICON                              0x0002103c   Data         128  etlcddisplayapp.o(.constdata)
    DISTANCE_ICON                            0x000210bc   Data         128  etlcddisplayapp.o(.constdata)
    BATTERY_4to4                             0x0002113c   Data          32  etlcddisplayapp.o(.constdata)
    BATTERY_3to4                             0x0002115c   Data          32  etlcddisplayapp.o(.constdata)
    BATTERY_2to4                             0x0002117c   Data          32  etlcddisplayapp.o(.constdata)
    BATTERY_1to4                             0x0002119c   Data          32  etlcddisplayapp.o(.constdata)
    BATTERY_0to4                             0x000211bc   Data          32  etlcddisplayapp.o(.constdata)
    DIGITAL_ICON_32x12                       0x000211dc   Data         528  etlcddisplayapp.o(.constdata)
    CLOCK_ICON                               0x000213ec   Data         128  etlcddisplayapp.o(.constdata)
    TIMER_GSensor                            0x000214cc   Data           8  ke_timer.o(.constdata)
    usr_timer_state                          0x000214d4   Data          56  usr_task.o(.constdata)
    Region$$Table$$Base                      0x0002156c   Number         0  anon$$obj.o(Region$$Table)
    Region$$Table$$Limit                     0x0002158c   Number         0  anon$$obj.o(Region$$Table)
    SystemCoreClock                          0x20002024   Data           4  system_nrf51.o(.data)
    Motor_str                                0x200020ec   Data           8  etmotor.o(.data)
    todayBeginSec                            0x200020fc   Data           4  sys_time.o(.data)
    todayEndSec                              0x20002100   Data           4  sys_time.o(.data)
    cosversion                               0x20002114   Data           4  etversion.o(.data)
    HWversion2                               0x20002118   Data           4  etversion.o(.data)
    BTversion                                0x2000211c   Data           4  etversion.o(.data)
    m_channel_id                             0x20002120   Data           1  et_wdt.o(.data)
    LcdDispPara                              0x20002129   Data           2  etlcddisplayapp.o(.data)
    Disp_distance                            0x2000212e   Data           3  etlcddisplayapp.o(.data)
    day_RSSI0                                0x20002134   Data           4  etlcddisplayapp.o(.data)
    day_RSSI1                                0x20002138   Data           4  etlcddisplayapp.o(.data)
    day_RSSI2                                0x2000213c   Data           4  etlcddisplayapp.o(.data)
    disp_str                                 0x20002140   Data           8  etlcddisplayapp.o(.data)
    day_week_code                            0x20002148   Data          28  etlcddisplayapp.o(.data)
    StepArithmeticStartFalg                  0x20002170   Data           1  app_arithmetic.o(.data)
    g_arthStartSec                           0x20002178   Data           4  app_arithmetic.o(.data)
    g_arthStoreSec                           0x2000217c   Data           4  app_arithmetic.o(.data)
    g_arthCurSec                             0x20002180   Data           4  app_arithmetic.o(.data)
    g_preChangeTime                          0x20002198   Data           8  app_arithmetic.o(.data)
    g_user                                   0x200021ac   Data           9  arithmetic_data_manger.o(.data)
    g_walkInfoStruct                         0x200021b8   Data          20  arithmetic_data_manger.o(.data)
    g_DataReadStr                            0x200021cc   Data           4  data_manger.o(.data)
    g_erase_label                            0x200021d0   Data           6  data_manger.o(.data)
    g_RamSportBlock                          0x200021d8   Data           8  data_manger.o(.data)
    g_RamSleepBlock                          0x200021e0   Data           8  data_manger.o(.data)
    g_flash_sport_DataPartition              0x200021e8   Data          28  data_manger.o(.data)
    g_flash_sleep_DataPartition              0x20002204   Data          28  data_manger.o(.data)
    timeOut_count                            0x20002220   Data           1  data_transfer.o(.data)
    readDataSouce                            0x20002221   Data           1  data_transfer.o(.data)
    gAppGetDataFlg                           0x20002222   Data           1  data_transfer.o(.data)
    gSleepDeepXDataSameOnceMaxNum            0x20002226   Data           2  sleep_record.o(.data)
    gSleepDeepXDataSameNum                   0x20002228   Data           2  sleep_record.o(.data)
    gSleepWalkOnceSteps                      0x2000222a   Data           2  sleep_record.o(.data)
    gSleepSlopeOnceMaxNum                    0x2000222c   Data           2  sleep_record.o(.data)
    gStaticXDataPos                          0x2000222e   Data           2  sleep_record.o(.data)
    gCurSensorCfg                            0x20002230   Data           4  sleep_record.o(.data)
    gStaticXDataPreSec                       0x20002234   Data           4  sleep_record.o(.data)
    gSensorCfgArray                          0x20002244   Data          24  sleep_record.o(.data)
    cos_sta_flg                              0x20002260   Data           1  uartprotocol.o(.data)
    cos_ver_len                              0x20002266   Data           1  uartprotocol.o(.data)
    cos_sta_counter                          0x2000226c   Data           4  uartprotocol.o(.data)
    hfmbdd                                   0x20002270   Data           4  gt24l16m1y-ut.o(.data)
    g_nIndex                                 0x20002274   Data           4  gt24l16m1y-ut.o(.data)
    g_lcdMultiPage                           0x200029bc   Data         360  etmultipagedisplay.o(.bss)
    g_sportInfoDMItem                        0x20002c24   Data          16  arithmetic_data_manger.o(.bss)
    gsensor_data_temp                        0x20002e34   Data         259  data_manger.o(.bss)
    gStaticXDataArray                        0x20002fb0   Data         160  sleep_record.o(.bss)
    gSleepRawCurItem                         0x20003050   Data          16  sleep_record.o(.bss)
    g_RamAlarmBlock                          0x20003060   Data          12  etalarm.o(.bss)
    usr_timer                                0x2000306c   Data          28  ke_timer.o(.bss)
    uart_recv                                0x200030a0   Data         412  btprotocol.o(.bss)
    theSink                                  0x2000323c   Data          20  btprotocol.o(.bss)
    cos_ver                                  0x20003250   Data          20  uartprotocol.o(.bss)
    uart_recv_buff                           0x20003264   Data         316  uartprotocol.o(.bss)
    __initial_sp                             0x20003ba0   Data           0  arm_startup_nrf51.o(STACK)



==============================================================================

Memory Map of the image

  Image Entry point : 0x000180c1

  Load Region LR_IROM1 (Base: 0x00018000, Size: 0x00009804, Max: 0x00028000, ABSOLUTE, COMPRESSED[0x00009624])

    Execution Region ER_IROM1 (Base: 0x00018000, Size: 0x0000958c, Max: 0x00028000, ABSOLUTE)

    Base Addr    Size         Type   Attr      Idx    E Section Name        Object

    0x00018000   0x000000c0   Data   RO          428    RESET               arm_startup_nrf51.o
    0x000180c0   0x00000000   Code   RO         4510  * .ARM.Collect$$$$00000000  mc_p.l(entry.o)
    0x000180c0   0x00000004   Code   RO         4537    .ARM.Collect$$$$00000001  mc_p.l(entry2.o)
    0x000180c4   0x00000004   Code   RO         4540    .ARM.Collect$$$$00000004  mc_p.l(entry5.o)
    0x000180c8   0x00000000   Code   RO         4542    .ARM.Collect$$$$00000008  mc_p.l(entry7b.o)
    0x000180c8   0x00000000   Code   RO         4544    .ARM.Collect$$$$0000000A  mc_p.l(entry8b.o)
    0x000180c8   0x00000008   Code   RO         4545    .ARM.Collect$$$$0000000B  mc_p.l(entry9a.o)
    0x000180d0   0x00000000   Code   RO         4547    .ARM.Collect$$$$0000000D  mc_p.l(entry10a.o)
    0x000180d0   0x00000000   Code   RO         4549    .ARM.Collect$$$$0000000F  mc_p.l(entry11a.o)
    0x000180d0   0x00000004   Code   RO         4538    .ARM.Collect$$$$00002712  mc_p.l(entry2.o)
    0x000180d4   0x0000001e   Code   RO          744    .emb_text           nrf_delay.o
    0x000180f2   0x00000002   PAD
    0x000180f4   0x0000001e   Code   RO         1569    .emb_text           app_timer.o
    0x00018112   0x00000002   PAD
    0x00018114   0x00000038   Code   RO          429    .text               arm_startup_nrf51.o
    0x0001814c   0x0000002c   Code   RO         4513    .text               mc_p.l(uidiv.o)
    0x00018178   0x00000028   Code   RO         4515    .text               mc_p.l(idiv.o)
    0x000181a0   0x0000007a   Code   RO         4517    .text               mc_p.l(llmul.o)
    0x0001821a   0x00000024   Code   RO         4519    .text               mc_p.l(memcpya.o)
    0x0001823e   0x00000024   Code   RO         4521    .text               mc_p.l(memseta.o)
    0x00018262   0x0000000e   Code   RO         4523    .text               mc_p.l(strlen.o)
    0x00018270   0x0000001a   Code   RO         4525    .text               mc_p.l(memcmp.o)
    0x0001828a   0x00000002   PAD
    0x0001828c   0x000000d0   Code   RO         4529    .text               mf_p.l(dmul.o)
    0x0001835c   0x000000f0   Code   RO         4531    .text               mf_p.l(ddiv.o)
    0x0001844c   0x0000001c   Code   RO         4533    .text               mf_p.l(dfltui.o)
    0x00018468   0x0000003c   Code   RO         4535    .text               mf_p.l(dfixui.o)
    0x000184a4   0x00000020   Code   RO         4551    .text               mc_p.l(llshl.o)
    0x000184c4   0x00000022   Code   RO         4553    .text               mc_p.l(llushr.o)
    0x000184e6   0x00000000   Code   RO         4555    .text               mc_p.l(iusefp.o)
    0x000184e6   0x000000c0   Code   RO         4556    .text               mf_p.l(depilogue.o)
    0x000185a6   0x00000002   PAD
    0x000185a8   0x00000024   Code   RO         4560    .text               mc_p.l(init.o)
    0x000185cc   0x00000056   Code   RO         4570    .text               mc_p.l(__dczerorl2.o)
    0x00018622   0x000000bc   Code   RO         4411    i.ASCII_GetData     GT24L16M1Y-UT-51822.lib(gt24l16m1y-ut.o)
    0x000186de   0x00000002   PAD
    0x000186e0   0x00000010   Code   RO         3222    i.Arithmetic_Set_YAxis_Min_Threshold  arithmetic.o
    0x000186f0   0x0000000c   Code   RO         4260    i.Clr_Cos_Ready     uartprotocol.o
    0x000186fc   0x00000002   Code   RO         1805    i.DbgPrintf         et_debug.o
    0x000186fe   0x00000002   PAD
    0x00018700   0x00000094   Code   RO         2672    i.DisplayKeyState   etlcddisplayapp.o
    0x00018794   0x000000b0   Code   RO         2673    i.Display_Battery   etlcddisplayapp.o
    0x00018844   0x00000098   Code   RO         2674    i.Display_CheckMenuMode  etlcddisplayapp.o
    0x000188dc   0x000000b0   Code   RO         2675    i.Display_Key_Status  etlcddisplayapp.o
    0x0001898c   0x0000008c   Code   RO         2676    i.Display_Key_Version  etlcddisplayapp.o
    0x00018a18   0x000002e0   Code   RO         2677    i.Display_Menu      etlcddisplayapp.o
    0x00018cf8   0x00000040   Code   RO         2678    i.Display_battery_icon  etlcddisplayapp.o
    0x00018d38   0x0000002c   Code   RO         2679    i.Display_delay_check  etlcddisplayapp.o
    0x00018d64   0x000001d4   Code   RO         2680    i.Display_idle_logo  etlcddisplayapp.o
    0x00018f38   0x00000040   Code   RO         2059    i.ETTimer1Init      etmotor.o
    0x00018f78   0x00000050   Code   RO         3994    i.ETTimer2Init      ke_timer.o
    0x00018fc8   0x0000007e   Code   RO         3223    i.FIRProcess        arithmetic.o
    0x00019046   0x0000006e   Code   RO         3224    i.FindPeaks         arithmetic.o
    0x000190b4   0x0000006e   Code   RO         3225    i.FindValleys       arithmetic.o
    0x00019122   0x00000016   Code   RO         3375    i.FourCharGetInt    common_arithmetic.o
    0x00019138   0x0000012c   Code   RO         4413    i.GB18030_16_GetData  GT24L16M1Y-UT-51822.lib(gt24l16m1y-ut.o)
    0x00019264   0x00000108   Code   RO          810    i.GPIOTE_IRQHandler  nrf_drv_gpiote.o
    0x0001936c   0x00000002   Code   RO         1907    i.GPIO_Spi_MISO_high  et_spi_gpio.o
    0x0001936e   0x00000002   Code   RO         1908    i.GPIO_Spi_MISO_low  et_spi_gpio.o
    0x00019370   0x0000003c   Code   RO         1909    i.GPIO_Spi_init     et_spi_gpio.o
    0x000193ac   0x00000036   Code   RO         1842    i.Get_BatteryPercent  et_battery.o
    0x000193e2   0x00000002   PAD
    0x000193e4   0x0000000c   Code   RO         4261    i.Get_Cos_Ready     uartprotocol.o
    0x000193f0   0x0000001c   Code   RO         4081    i.Get_Datacheck     btprotocol.o
    0x0001940c   0x00000030   Code   RO         2582    i.Get_HWVersion     etversion.o
    0x0001943c   0x0000009c   Code   RO         2583    i.Get_KeyVersion    etversion.o
    0x000194d8   0x00000010   Code   RO            3    i.Get_Rssi          main.o
    0x000194e8   0x00000018   Code   RO            4    i.Get_Rssi_stop     main.o
    0x00019500   0x00000030   Code   RO         2584    i.Get_SWVersion     etversion.o
    0x00019530   0x0000001c   Code   RO         2682    i.Get_disp_start_colume  etlcddisplayapp.o
    0x0001954c   0x0000000c   Code   RO         2683    i.Get_lastDisplayTag  etlcddisplayapp.o
    0x00019558   0x0000000a   Code   RO         1968    i.IIcDelay_Veryshort  eti2c.o
    0x00019562   0x00000014   Code   RO         1970    i.IIcDelay_middle   eti2c.o
    0x00019576   0x00000002   PAD
    0x00019578   0x00000054   Code   RO         1971    i.IicSentByte       eti2c.o
    0x000195cc   0x00000028   Code   RO         1972    i.IicStart          eti2c.o
    0x000195f4   0x00000024   Code   RO         1973    i.IicStop           eti2c.o
    0x00019618   0x0000001a   Code   RO         3858    i.Init_SleepArithmetic  sleep_record.o
    0x00019632   0x00000010   Code   RO         3376    i.IntSetFourChar    common_arithmetic.o
    0x00019642   0x00000002   PAD
    0x00019644   0x00000098   Code   RO         2684    i.LCD_init          etlcddisplayapp.o
    0x000196dc   0x00000090   Code   RO         3653    i.LIS3DH_FIFOModeEnable  gsensor_driver.o
    0x0001976c   0x00000012   Code   RO         3654    i.LIS3DH_GetFifoSourceReg  gsensor_driver.o
    0x0001977e   0x00000012   Code   RO         3655    i.LIS3DH_GetInt1Src  gsensor_driver.o
    0x00019790   0x0000000e   Code   RO         3658    i.LIS3DH_Get_XYZ_Raw  gsensor_driver.o
    0x0001979e   0x00000030   Code   RO         3659    i.LIS3DH_HPFAOI1Enable  gsensor_driver.o
    0x000197ce   0x0000000c   Code   RO         3661    i.LIS3DH_ReadReg    gsensor_driver.o
    0x000197da   0x00000034   Code   RO         3662    i.LIS3DH_SetFullScale  gsensor_driver.o
    0x0001980e   0x0000001a   Code   RO         3663    i.LIS3DH_SetInt1Duration  gsensor_driver.o
    0x00019828   0x00000042   Code   RO         3664    i.LIS3DH_SetInt1Pin  gsensor_driver.o
    0x0001986a   0x0000001a   Code   RO         3665    i.LIS3DH_SetInt1Threshold  gsensor_driver.o
    0x00019884   0x0000002c   Code   RO         3666    i.LIS3DH_SetInt2Pin  gsensor_driver.o
    0x000198b0   0x00000032   Code   RO         3667    i.LIS3DH_SetIntConfiguration  gsensor_driver.o
    0x000198e2   0x00000034   Code   RO         3668    i.LIS3DH_SetIntMode  gsensor_driver.o
    0x00019916   0x00000002   PAD
    0x00019918   0x000000a0   Code   RO         3669    i.LIS3DH_SetMode    gsensor_driver.o
    0x000199b8   0x00000034   Code   RO         3670    i.LIS3DH_SetODR     gsensor_driver.o
    0x000199ec   0x00000034   Code   RO         3672    i.LIS3DH_SetTriggerInt  gsensor_driver.o
    0x00019a20   0x00000036   Code   RO         3673    i.LIS3DH_SetWaterMark  gsensor_driver.o
    0x00019a56   0x00000012   Code   RO         3674    i.LIS3DH_WriteReg   gsensor_driver.o
    0x00019a68   0x00000058   Code   RO         2060    i.MotorCtr          etmotor.o
    0x00019ac0   0x00000020   Code   RO         2061    i.MotorInit         etmotor.o
    0x00019ae0   0x00000068   Code   RO         2062    i.MotorVibrate      etmotor.o
    0x00019b48   0x00000020   Code   RO         2063    i.Motor_data_set    etmotor.o
    0x00019b68   0x00000044   Code   RO         1570    i.NVIC_SetPriority  app_timer.o
    0x00019bac   0x0000006c   Code   RO         4262    i.ParseRecvUartData  uartprotocol.o
    0x00019c18   0x00000090   Code   RO         4082    i.Protocol_Alarm_ADD  btprotocol.o
    0x00019ca8   0x00000016   Code   RO         4084    i.Protocol_COSData_2_AG  btprotocol.o
    0x00019cbe   0x00000002   PAD
    0x00019cc0   0x0000004c   Code   RO         4085    i.Protocol_DataToCos  btprotocol.o
    0x00019d0c   0x0000005c   Code   RO         4086    i.Protocol_GetAlarm  btprotocol.o
    0x00019d68   0x00000024   Code   RO         4087    i.Protocol_GetPedometerNum  btprotocol.o
    0x00019d8c   0x00000016   Code   RO         4088    i.Protocol_Packet_Status  btprotocol.o
    0x00019da2   0x00000002   PAD
    0x00019da4   0x000000b4   Code   RO         4089    i.Protocol_SetAlarm  btprotocol.o
    0x00019e58   0x00000014   Code   RO         4090    i.Protocol_check_BT_connected  btprotocol.o
    0x00019e6c   0x00000060   Code   RO         4093    i.Protocol_data_manage  btprotocol.o
    0x00019ecc   0x0000014c   Code   RO         4094    i.Protocol_data_to_AG  btprotocol.o
    0x0001a018   0x00000290   Code   RO         4096    i.Protocol_handle   btprotocol.o
    0x0001a2a8   0x00000046   Code   RO         4097    i.Protocol_packed_data  btprotocol.o
    0x0001a2ee   0x0000000e   Code   RO         4098    i.Protocol_send_ack_to_ag_by_app_require  btprotocol.o
    0x0001a2fc   0x0000000e   Code   RO         4099    i.Protocol_send_ack_to_ag_by_usr_info  btprotocol.o
    0x0001a30a   0x0000000a   Code   RO         4100    i.Protocol_send_data_to_AG  btprotocol.o
    0x0001a314   0x0000000e   Code   RO         4101    i.Protocol_send_sport_data_to_ag  btprotocol.o
    0x0001a322   0x00000002   PAD
    0x0001a324   0x00000018   Code   RO         4102    i.Protocol_set_BT_Disconnected  btprotocol.o
    0x0001a33c   0x00000018   Code   RO         4103    i.Protocol_set_BT_connected  btprotocol.o
    0x0001a354   0x00000018   Code   RO         4105    i.Protocol_set_notify  btprotocol.o
    0x0001a36c   0x00000020   Code   RO         1571    i.RTC1_IRQHandler   app_timer.o
    0x0001a38c   0x00000054   Code   RO         1572    i.SWI0_IRQHandler   app_timer.o
    0x0001a3e0   0x00000024   Code   RO         1749    i.SWI2_IRQHandler   softdevice_handler.o
    0x0001a404   0x00000014   Code   RO         2685    i.SetPageColume     etlcddisplayapp.o
    0x0001a418   0x0000000c   Code   RO         4263    i.SetToGetKEYID     uartprotocol.o
    0x0001a424   0x0000000c   Code   RO         2686    i.Set_lastDisplayTag  etlcddisplayapp.o
    0x0001a430   0x00000008   Code   RO         3377    i.ShortSetTwoChar   common_arithmetic.o
    0x0001a438   0x00000024   Code   RO         3859    i.Sleep_Add_Interval_Steps  sleep_record.o
    0x0001a45c   0x00000040   Code   RO         1910    i.SpiReadByte       et_spi_gpio.o
    0x0001a49c   0x00000050   Code   RO         1911    i.SpiSentByte       et_spi_gpio.o
    0x0001a4ec   0x0000003c   Code   RO         1912    i.SpiSent_1Byte     et_spi_gpio.o
    0x0001a528   0x00000054   Code   RO          436    i.SystemInit        system_nrf51.o
    0x0001a57c   0x00000010   Code   RO         1245    i.TIMER0_IRQHandler  nrf_drv_timer.o
    0x0001a58c   0x00000010   Code   RO         1246    i.TIMER1_IRQHandler  nrf_drv_timer.o
    0x0001a59c   0x00000010   Code   RO         1247    i.TIMER2_IRQHandler  nrf_drv_timer.o
    0x0001a5ac   0x0000000c   Code   RO         3378    i.TwoCharGetShort   common_arithmetic.o
    0x0001a5b8   0x00000264   Code   RO         4414    i.U2G               GT24L16M1Y-UT-51822.lib(gt24l16m1y-ut.o)
    0x0001a81c   0x0000003c   Code   RO         2488    i.UART0_IRQHandler  etsimple_uart.o
    0x0001a858   0x00000038   Code   RO         1843    i.USB_detect        et_battery.o
    0x0001a890   0x0000000c   Code   RO         1844    i.USB_detect_init   et_battery.o
    0x0001a89c   0x00000034   Code   RO         2489    i.UartRecv          etsimple_uart.o
    0x0001a8d0   0x00000010   Code   RO         2490    i.Uart_open_check   etsimple_uart.o
    0x0001a8e0   0x00000028   Code   RO         1418    i.WDT_IRQHandler    et_nrf_drv_wdt.o
    0x0001a908   0x0000002e   Code   RO         4558    i.__ARM_clz         mf_p.l(depilogue.o)
    0x0001a936   0x0000001a   Code   RO           99    i.__ARM_common_switch8  main.o
    0x0001a950   0x0000000e   Code   RO         4564    i.__scatterload_copy  mc_p.l(handlers.o)
    0x0001a95e   0x00000002   Code   RO         4565    i.__scatterload_null  mc_p.l(handlers.o)
    0x0001a960   0x0000000e   Code   RO         4566    i.__scatterload_zeroinit  mc_p.l(handlers.o)
    0x0001a96e   0x0000014a   Code   RO          470    i.adv_data_encode   ble_advdata.o
    0x0001aab8   0x0000002a   Code   RO          389    i.advertising_buttons_configure  bsp_btn_ble.o
    0x0001aae2   0x00000002   PAD
    0x0001aae4   0x00000074   Code   RO            5    i.advertising_init  main.o
    0x0001ab58   0x00000048   Code   RO         3955    i.alarm_init        etalarm.o
    0x0001aba0   0x00000174   Code   RO         3004    i.analyse_display_data  etmultipagedisplay.o
    0x0001ad14   0x00000062   Code   RO         4264    i.ans_work_state_handle  uartprotocol.o
    0x0001ad76   0x00000002   PAD
    0x0001ad78   0x000000a8   Code   RO         3134    i.app_arithmetic_cal_timer_handler  app_arithmetic.o
    0x0001ae20   0x000000a8   Code   RO         3287    i.app_arithmetic_save_sportinfo  arithmetic_data_manger.o
    0x0001aec8   0x00000040   Code   RO         3288    i.app_arithmetic_store_steps  arithmetic_data_manger.o
    0x0001af08   0x00000068   Code   RO         3289    i.app_arthmetic_clear_steps  arithmetic_data_manger.o
    0x0001af70   0x0000000c   Code   RO         3290    i.app_arthmetic_get_total_calorie  arithmetic_data_manger.o
    0x0001af7c   0x0000000c   Code   RO         3291    i.app_arthmetic_get_total_distance  arithmetic_data_manger.o
    0x0001af88   0x0000000c   Code   RO         3292    i.app_arthmetic_get_total_steps  arithmetic_data_manger.o
    0x0001af94   0x00000024   Code   RO         1484    i.app_button_enable  app_button.o
    0x0001afb8   0x00000078   Code   RO         1485    i.app_button_init   app_button.o
    0x0001b030   0x00000018   Code   RO         1543    i.app_error_handler  app_error.o
    0x0001b048   0x00000046   Code   RO         3606    i.app_event_g_sensor_intr1_handler  gsensor.o
    0x0001b08e   0x00000002   PAD
    0x0001b090   0x00000038   Code   RO         3862    i.app_gSensor_nomotion_timer_handler  sleep_record.o
    0x0001b0c8   0x0000000c   Code   RO         3135    i.app_get_pedometer_state  app_arithmetic.o
    0x0001b0d4   0x00000024   Code   RO         3136    i.app_set_pedometer_state  app_arithmetic.o
    0x0001b0f8   0x00000054   Code   RO         3863    i.app_sleep_gsensor_cfg_judge  sleep_record.o
    0x0001b14c   0x00000038   Code   RO         3864    i.app_sleep_record_timer_handler  sleep_record.o
    0x0001b184   0x00000054   Code   RO         3866    i.app_sleep_store_item_begin_info  sleep_record.o
    0x0001b1d8   0x0000008c   Code   RO         3867    i.app_sleep_store_item_end_info  sleep_record.o
    0x0001b264   0x0000003c   Code   RO         3137    i.app_start_step_arithmetic_cal  app_arithmetic.o
    0x0001b2a0   0x00000064   Code   RO         3138    i.app_stop_step_arithmetic_cal  app_arithmetic.o
    0x0001b304   0x0000004c   Code   RO         1575    i.app_timer_create  app_timer.o
    0x0001b350   0x000000b4   Code   RO         1576    i.app_timer_init    app_timer.o
    0x0001b404   0x00000084   Code   RO         1577    i.app_timer_start   app_timer.o
    0x0001b488   0x00000058   Code   RO         1578    i.app_timer_stop    app_timer.o
    0x0001b4e0   0x00000068   Code   RO         3141    i.arithmetic_gsensor_write_data  app_arithmetic.o
    0x0001b548   0x00000048   Code   RO         3142    i.arithmetic_transfer_data  app_arithmetic.o
    0x0001b590   0x00000034   Code   RO         3143    i.arithmetic_write_data2buf  app_arithmetic.o
    0x0001b5c4   0x000000e8   Code   RO         3293    i.arth_init_person_info  arithmetic_data_manger.o
    0x0001b6ac   0x00000060   Code   RO         3549    i.auto_send_sport_record_to_app_timer  data_transfer.o
    0x0001b70c   0x0000001c   Code   RO         1845    i.battery_adc_dev_init  et_battery.o
    0x0001b728   0x00000068   Code   RO         1846    i.battery_adc_read_once  et_battery.o
    0x0001b790   0x00000020   Code   RO         1847    i.battery_start     et_battery.o
    0x0001b7b0   0x0000005a   Code   RO          471    i.ble_advdata_set   ble_advdata.o
    0x0001b80a   0x00000002   PAD
    0x0001b80c   0x00000124   Code   RO          533    i.ble_advertising_init  ble_advertising.o
    0x0001b930   0x00000074   Code   RO          534    i.ble_advertising_on_ble_evt  ble_advertising.o
    0x0001b9a4   0x00000010   Code   RO          537    i.ble_advertising_peer_address_clear  ble_advertising.o
    0x0001b9b4   0x00000040   Code   RO          538    i.ble_advertising_restart_without_whitelist  ble_advertising.o
    0x0001b9f4   0x000001e0   Code   RO          539    i.ble_advertising_start  ble_advertising.o
    0x0001bbd4   0x00000054   Code   RO          615    i.ble_conn_params_init  ble_conn_params.o
    0x0001bc28   0x00000090   Code   RO          616    i.ble_conn_params_on_ble_evt  ble_conn_params.o
    0x0001bcb8   0x00000028   Code   RO            7    i.ble_evt_dispatch  main.o
    0x0001bce0   0x00000074   Code   RO          675    i.ble_nus_init      ble_nus.o
    0x0001bd54   0x0000006e   Code   RO          676    i.ble_nus_on_ble_evt  ble_nus.o
    0x0001bdc2   0x00000002   PAD
    0x0001bdc4   0x00000054   Code   RO          677    i.ble_nus_string_send  ble_nus.o
    0x0001be18   0x00000054   Code   RO          390    i.bsp_btn_ble_init  bsp_btn_ble.o
    0x0001be6c   0x00000078   Code   RO          391    i.bsp_btn_ble_on_ble_evt  bsp_btn_ble.o
    0x0001bee4   0x0000009c   Code   RO          300    i.bsp_button_event_handler  bsp.o
    0x0001bf80   0x0000002c   Code   RO          301    i.bsp_button_is_pressed  bsp.o
    0x0001bfac   0x00000054   Code   RO            9    i.bsp_event_handler  main.o
    0x0001c000   0x00000048   Code   RO          305    i.bsp_event_to_button_action_assign  bsp.o
    0x0001c048   0x00000004   Code   RO          306    i.bsp_indication_set  bsp.o
    0x0001c04c   0x0000005c   Code   RO          308    i.bsp_init          bsp.o
    0x0001c0a8   0x00000014   Code   RO           10    i.bt_send_to_AG     main.o
    0x0001c0bc   0x0000000c   Code   RO          310    i.button_timer_handler  bsp.o
    0x0001c0c8   0x0000001c   Code   RO         2687    i.changePage        etlcddisplayapp.o
    0x0001c0e4   0x0000001c   Code   RO          811    i.channel_free      nrf_drv_gpiote.o
    0x0001c100   0x00000048   Code   RO          812    i.channel_port_alloc  nrf_drv_gpiote.o
    0x0001c148   0x00000010   Code   RO          813    i.channel_port_get  nrf_drv_gpiote.o
    0x0001c158   0x00000012   Code   RO         2688    i.check_LCDDispCanChange  etlcddisplayapp.o
    0x0001c16a   0x00000002   PAD
    0x0001c16c   0x00000024   Code   RO         2689    i.check_StrCanDisplay  etlcddisplayapp.o
    0x0001c190   0x00000040   Code   RO         4265    i.check_frame       uartprotocol.o
    0x0001c1d0   0x00000014   Code   RO         2690    i.check_lastDisplayTag  etlcddisplayapp.o
    0x0001c1e4   0x0000002c   Code   RO         4266    i.check_uart_resend_tag  uartprotocol.o
    0x0001c210   0x0000004c   Code   RO         2691    i.clear_AllScreen   etlcddisplayapp.o
    0x0001c25c   0x00000016   Code   RO         3144    i.clear_arithmetic_buf  app_arithmetic.o
    0x0001c272   0x00000002   PAD
    0x0001c274   0x00000078   Code   RO         2692    i.clear_secterScreen  etlcddisplayapp.o
    0x0001c2ec   0x000000b8   Code   RO         3956    i.clock_alarm_check  etalarm.o
    0x0001c3a4   0x000000a4   Code   RO         1580    i.compare_reg_update  app_timer.o
    0x0001c448   0x00000084   Code   RO          472    i.conn_int_encode   ble_advdata.o
    0x0001c4cc   0x0000000c   Code   RO           11    i.conn_params_error_handler  main.o
    0x0001c4d8   0x00000064   Code   RO          618    i.conn_params_negotiation  ble_conn_params.o
    0x0001c53c   0x00000048   Code   RO         3005    i.copy_display_data_to_buff  etmultipagedisplay.o
    0x0001c584   0x00000018   Code   RO         4268    i.cos_clear_buff    uartprotocol.o
    0x0001c59c   0x00000008   Code   RO         4269    i.cos_send_string   uartprotocol.o
    0x0001c5a4   0x00000114   Code   RO         3226    i.deal_raw_data     arithmetic.o
    0x0001c6b8   0x000001d4   Code   RO         4417    i.decompressbmp16   GT24L16M1Y-UT-51822.lib(gt24l16m1y-ut.o)
    0x0001c88c   0x0000001c   Code   RO         4106    i.delay_time_ms     btprotocol.o
    0x0001c8a8   0x00000056   Code   RO         3227    i.derivativeFunc    arithmetic.o
    0x0001c8fe   0x00000002   PAD
    0x0001c900   0x00000060   Code   RO         1487    i.detection_delay_timeout_handler  app_button.o
    0x0001c960   0x00000030   Code   RO         2975    i.dev_init          etmainloop.o
    0x0001c990   0x00000018   Code   RO         2064    i.disable_pwm       etmotor.o
    0x0001c9a8   0x00000068   Code   RO         2693    i.display_GetStringLen  etlcddisplayapp.o
    0x0001ca10   0x00000038   Code   RO         2694    i.display_IncomingCall  etlcddisplayapp.o
    0x0001ca48   0x00000068   Code   RO         2695    i.display_LOGO_message  etlcddisplayapp.o
    0x0001cab0   0x00000120   Code   RO         2696    i.display_Rssi_distance  etlcddisplayapp.o
    0x0001cbd0   0x00000098   Code   RO         2697    i.display_alarm     etlcddisplayapp.o
    0x0001cc68   0x00000030   Code   RO         2698    i.display_check_to_clear_Screen  etlcddisplayapp.o
    0x0001cc98   0x00000018   Code   RO         2699    i.display_clr_COSdata  etlcddisplayapp.o
    0x0001ccb0   0x0000015c   Code   RO         2700    i.display_day_clock  etlcddisplayapp.o
    0x0001ce0c   0x00000024   Code   RO         3006    i.display_down_page  etmultipagedisplay.o
    0x0001ce30   0x0000013c   Code   RO         2701    i.display_gb18030_string  etlcddisplayapp.o
    0x0001cf6c   0x00000050   Code   RO         2702    i.display_graphic_16x16  etlcddisplayapp.o
    0x0001cfbc   0x00000050   Code   RO         2703    i.display_graphic_8x16  etlcddisplayapp.o
    0x0001d00c   0x00000078   Code   RO         3007    i.display_page      etmultipagedisplay.o
    0x0001d084   0x000001cc   Code   RO         2707    i.display_step_distance_engery  etlcddisplayapp.o
    0x0001d250   0x00000020   Code   RO         3008    i.display_up_page   etmultipagedisplay.o
    0x0001d270   0x00000040   Code   RO         1581    i.elapsed_ticks_acquire  app_timer.o
    0x0001d2b0   0x000000d4   Code   RO         3413    i.erase_flash_gsensor_data  data_manger.o
    0x0001d384   0x0000002c   Code   RO         4270    i.etCheck_reset     uartprotocol.o
    0x0001d3b0   0x00000024   Code   RO         2491    i.etCheck_to_PoweroffCOS  etsimple_uart.o
    0x0001d3d4   0x00000034   Code   RO         2136    i.etGensor_spi_read  etspi.o
    0x0001d408   0x00000034   Code   RO         2137    i.etGensor_spi_write  etspi.o
    0x0001d43c   0x0000000e   Code   RO         2138    i.etRead_KEYID_from_flash  etspi.o
    0x0001d44a   0x00000002   PAD
    0x0001d44c   0x00000038   Code   RO         2139    i.etSpim1CheckNorFlashBusy  etspi.o
    0x0001d484   0x00000020   Code   RO         2140    i.etSpim1CheckNorFlashWriteEnable  etspi.o
    0x0001d4a4   0x00000034   Code   RO         2142    i.etSpim1NorFlashChipErase  etspi.o
    0x0001d4d8   0x00000012   Code   RO         2143    i.etSpim1NorFlashInit  etspi.o
    0x0001d4ea   0x00000002   PAD
    0x0001d4ec   0x0000004c   Code   RO         2144    i.etSpim1NorFlashPageProgrameStdMode  etspi.o
    0x0001d538   0x00000040   Code   RO         2145    i.etSpim1NorFlashSectorErase  etspi.o
    0x0001d578   0x00000048   Code   RO         2147    i.etSpim1ReadNorFlashStdMode  etspi.o
    0x0001d5c0   0x00000060   Code   RO         2148    i.etWrite_KEYID_to_flash  etspi.o
    0x0001d620   0x00000010   Code   RO         2612    i.et_WDT_feed       et_wdt.o
    0x0001d630   0x00000044   Code   RO         2613    i.et_WDT_init       et_wdt.o
    0x0001d674   0x0000001c   Code   RO         1975    i.et_i2c_init       eti2c.o
    0x0001d690   0x00000032   Code   RO         1977    i.et_i2c_write      eti2c.o
    0x0001d6c2   0x00000032   Code   RO         1978    i.et_i2c_write_conValue  eti2c.o
    0x0001d6f4   0x00000058   Code   RO         1582    i.expired_timers_handler  app_timer.o
    0x0001d74c   0x00000034   Code   RO         3414    i.flash_all_data_clear  data_manger.o
    0x0001d780   0x00000050   Code   RO         3415    i.flash_gsensor_data_partition_find  data_manger.o
    0x0001d7d0   0x000000bc   Code   RO         3416    i.flash_gsensor_data_partition_read_block  data_manger.o
    0x0001d88c   0x00000010   Code   RO         3417    i.flash_gsensor_data_partition_refresh  data_manger.o
    0x0001d89c   0x00000190   Code   RO         3418    i.flash_gsensor_sport_sleep_data_partition_refresh  data_manger.o
    0x0001da2c   0x0000004c   Code   RO         3419    i.flush_mem_poll2flash  data_manger.o
    0x0001da78   0x00000030   Code   RO         3009    i.free_display_buff  etmultipagedisplay.o
    0x0001daa8   0x00000010   Code   RO         3607    i.gSensor_Clear_Fifo_Data  gsensor.o
    0x0001dab8   0x0000000c   Code   RO         3675    i.gSensor_FWM_Interrupt_Enable  gsensor_driver.o
    0x0001dac4   0x0000006a   Code   RO         3608    i.gSensor_Read_Fifo_Data  gsensor.o
    0x0001db2e   0x0000000c   Code   RO         3676    i.gSensor_Slope_Intr_Enable  gsensor_driver.o
    0x0001db3a   0x0000000a   Code   RO         3677    i.gSensor_Slope_Intr_config  gsensor_driver.o
    0x0001db44   0x00000068   Code   RO         3609    i.gSensor_driver_init  gsensor.o
    0x0001dbac   0x00000034   Code   RO         3678    i.gSensor_fifo_Interrupt_Enable  gsensor_driver.o
    0x0001dbe0   0x0000000c   Code   RO         3610    i.gSensor_init      gsensor.o
    0x0001dbec   0x00000010   Code   RO         3679    i.gSensor_set_duration_and_threshold  gsensor_driver.o
    0x0001dbfc   0x0000005c   Code   RO           12    i.gap_params_init   main.o
    0x0001dc58   0x00000018   Code   RO         3551    i.get_ble_connect_status  data_transfer.o
    0x0001dc70   0x00000032   Code   RO         4271    i.get_bt_name_req   uartprotocol.o
    0x0001dca2   0x00000002   PAD
    0x0001dca4   0x00000020   Code   RO         4272    i.get_cos_data_timeout  uartprotocol.o
    0x0001dcc4   0x00000032   Code   RO         4273    i.get_cos_ver_req   uartprotocol.o
    0x0001dcf6   0x00000002   PAD
    0x0001dcf8   0x0000001c   Code   RO         3420    i.get_dataPartition  data_manger.o
    0x0001dd14   0x00000034   Code   RO         3421    i.get_flash_data_num  data_manger.o
    0x0001dd48   0x0000001a   Code   RO         3080    i.get_gbk_code      etutf8tounicode.o
    0x0001dd62   0x00000002   PAD
    0x0001dd64   0x0000001c   Code   RO         3422    i.get_ram_block     data_manger.o
    0x0001dd80   0x00000004   Code   RO         4046    i.get_usr_using_timer_count  usr_task.o
    0x0001dd84   0x00000016   Code   RO         2364    i.get_yeardays      sys_time.o
    0x0001dd9a   0x00000002   PAD
    0x0001dd9c   0x00000130   Code   RO         4274    i.go_to_command     uartprotocol.o
    0x0001decc   0x00000060   Code   RO         1488    i.gpiote_event_handler  app_button.o
    0x0001df2c   0x00000054   Code   RO         4420    i.hzbmp16           GT24L16M1Y-UT-51822.lib(gt24l16m1y-ut.o)
    0x0001df80   0x00000078   Code   RO         3423    i.init_data_manger  data_manger.o
    0x0001dff8   0x0000007c   Code   RO         3424    i.init_ram_pools    data_manger.o
    0x0001e074   0x00000080   Code   RO         1750    i.intern_softdevice_events_execute  softdevice_handler.o
    0x0001e0f4   0x0000001c   Code   RO          619    i.is_conn_params_ok  ble_conn_params.o
    0x0001e110   0x00000048   Code   RO          437    i.is_manual_peripheral_setup_needed  system_nrf51.o
    0x0001e158   0x0000002a   Code   RO         2365    i.isleap            sys_time.o
    0x0001e182   0x00000002   PAD
    0x0001e184   0x0000007c   Code   RO         3995    i.ke_schedule       ke_timer.o
    0x0001e200   0x00000010   Code   RO         3996    i.ke_timer_clear    ke_timer.o
    0x0001e210   0x00000014   Code   RO         3997    i.ke_timer_set      ke_timer.o
    0x0001e224   0x00000018   Code   RO         3010    i.lcd_changeline_handle  etmultipagedisplay.o
    0x0001e23c   0x00000012   Code   RO         3011    i.lcd_clear_handle  etmultipagedisplay.o
    0x0001e24e   0x00000002   PAD
    0x0001e250   0x0000001c   Code   RO         3012    i.lcd_display_complete_handle  etmultipagedisplay.o
    0x0001e26c   0x000000ac   Code   RO         3013    i.lcd_display_handle  etmultipagedisplay.o
    0x0001e318   0x00000060   Code   RO         2712    i.lcd_power_control  etlcddisplayapp.o
    0x0001e378   0x00000090   Code   RO         4422    i.lcdram_map        GT24L16M1Y-UT-51822.lib(gt24l16m1y-ut.o)
    0x0001e408   0x0000000c   Code   RO         3681    i.lis3dh_spi_read   gsensor_driver.o
    0x0001e414   0x00000094   Code   RO         1583    i.list_deletions_handler  app_timer.o
    0x0001e4a8   0x000000f0   Code   RO         1584    i.list_insertions_handler  app_timer.o
    0x0001e598   0x00000178   Code   RO           13    i.main              main.o
    0x0001e710   0x00000064   Code   RO         2976    i.main_loop         etmainloop.o
    0x0001e774   0x00000064   Code   RO          473    i.manuf_specific_data_encode  ble_advdata.o
    0x0001e7d8   0x0000006a   Code   RO          474    i.name_encode       ble_advdata.o
    0x0001e842   0x00000016   Code   RO          745    i.nrf_delay_100us   nrf_delay.o
    0x0001e858   0x0000001c   Code   RO          746    i.nrf_delay_ms      nrf_delay.o
    0x0001e874   0x00000060   Code   RO          781    i.nrf_drv_common_irq_enable  nrf_drv_common.o
    0x0001e8d4   0x000000a0   Code   RO          816    i.nrf_drv_gpiote_in_event_enable  nrf_drv_gpiote.o
    0x0001e974   0x00000090   Code   RO          817    i.nrf_drv_gpiote_in_init  nrf_drv_gpiote.o
    0x0001ea04   0x00000014   Code   RO          818    i.nrf_drv_gpiote_in_is_set  nrf_drv_gpiote.o
    0x0001ea18   0x00000054   Code   RO          820    i.nrf_drv_gpiote_init  nrf_drv_gpiote.o
    0x0001ea6c   0x00000010   Code   RO          821    i.nrf_drv_gpiote_is_init  nrf_drv_gpiote.o
    0x0001ea7c   0x0000002a   Code   RO         1252    i.nrf_drv_timer_compare  nrf_drv_timer.o
    0x0001eaa6   0x00000002   PAD
    0x0001eaa8   0x00000014   Code   RO         1256    i.nrf_drv_timer_disable  nrf_drv_timer.o
    0x0001eabc   0x00000014   Code   RO         1257    i.nrf_drv_timer_enable  nrf_drv_timer.o
    0x0001ead0   0x0000002e   Code   RO         1259    i.nrf_drv_timer_extended_compare  nrf_drv_timer.o
    0x0001eafe   0x00000002   PAD
    0x0001eb00   0x000000a8   Code   RO         1261    i.nrf_drv_timer_init  nrf_drv_timer.o
    0x0001eba8   0x00000048   Code   RO         1262    i.nrf_drv_timer_interrupt_handle  nrf_drv_timer.o
    0x0001ebf0   0x00000016   Code   RO         1263    i.nrf_drv_timer_ms_to_ticks  nrf_drv_timer.o
    0x0001ec06   0x00000016   Code   RO         1268    i.nrf_drv_timer_us_to_ticks  nrf_drv_timer.o
    0x0001ec1c   0x000000b0   Code   RO         1419    i.nrf_drv_wdt_channel_alloc  et_nrf_drv_wdt.o
    0x0001eccc   0x00000014   Code   RO         1420    i.nrf_drv_wdt_channel_feed  et_nrf_drv_wdt.o
    0x0001ece0   0x00000020   Code   RO         1421    i.nrf_drv_wdt_enable  et_nrf_drv_wdt.o
    0x0001ed00   0x00000048   Code   RO         1423    i.nrf_drv_wdt_init  et_nrf_drv_wdt.o
    0x0001ed48   0x00000010   Code   RO         1848    i.nrf_gpio_cfg_input  et_battery.o
    0x0001ed58   0x00000010   Code   RO         2492    i.nrf_gpio_cfg_input  etsimple_uart.o
    0x0001ed68   0x00000020   Code   RO          833    i.nrf_gpio_cfg_sense_set  nrf_drv_gpiote.o
    0x0001ed88   0x00000014   Code   RO          834    i.nrf_gpiote_event_is_set  nrf_drv_gpiote.o
    0x0001ed9c   0x0000000c   Code   RO           14    i.nus_data_handler  main.o
    0x0001eda8   0x0000001a   Code   RO           15    i.on_adv_evt        main.o
    0x0001edc2   0x00000002   PAD
    0x0001edc4   0x000000a4   Code   RO           16    i.on_ble_evt        main.o
    0x0001ee68   0x00000024   Code   RO           17    i.on_conn_params_evt  main.o
    0x0001ee8c   0x00000044   Code   RO         4275    i.packed_data_frame  uartprotocol.o
    0x0001eed0   0x00000164   Code   RO         3228    i.peaksValleys_mergeArray_arrange  arithmetic.o
    0x0001f034   0x000000e0   Code   RO         3229    i.peaks_valleys_Merge  arithmetic.o
    0x0001f114   0x0000020c   Code   RO         3230    i.peaks_valleys_final_match  arithmetic.o
    0x0001f320   0x00000016   Code   RO          541    i.peer_address_exists  ble_advertising.o
    0x0001f336   0x00000002   PAD
    0x0001f338   0x00000014   Code   RO          835    i.pin_in_use_by_gpiote  nrf_drv_gpiote.o
    0x0001f34c   0x00000018   Code   RO          836    i.pin_in_use_by_port  nrf_drv_gpiote.o
    0x0001f364   0x00000018   Code   RO          837    i.pin_in_use_by_te  nrf_drv_gpiote.o
    0x0001f37c   0x00000120   Code   RO         4107    i.protocol_Save_data  btprotocol.o
    0x0001f49c   0x00000024   Code   RO         4108    i.protocol_data_can_send  btprotocol.o
    0x0001f4c0   0x00000028   Code   RO         1019    i.pstorage_access_status_get  pstorage.o
    0x0001f4e8   0x00000040   Code   RO         3113    i.r_dat_bat         et_font_spi.o
    0x0001f528   0x0000001a   Code   RO         3425    i.ram_block_reset   data_manger.o
    0x0001f542   0x00000002   PAD
    0x0001f544   0x000000cc   Code   RO         3426    i.ram_gsensor_data_write_block_2_flash  data_manger.o
    0x0001f610   0x00000008   Code   RO         3427    i.read_flash        data_manger.o
    0x0001f618   0x0000003c   Code   RO         3428    i.read_infos_from_flash_first_page  data_manger.o
    0x0001f654   0x0000003c   Code   RO         2460    i.read_switch_val   etkeyboard.o
    0x0001f690   0x0000002a   Code   RO         3552    i.receive_app_usr_info  data_transfer.o
    0x0001f6ba   0x00000002   PAD
    0x0001f6bc   0x00000054   Code   RO         3294    i.receive_userInfo_from_app  arithmetic_data_manger.o
    0x0001f710   0x00000044   Code   RO         3553    i.return_app_require_data  data_transfer.o
    0x0001f754   0x00000044   Code   RO         1585    i.rtc1_stop         app_timer.o
    0x0001f798   0x000000b8   Code   RO          678    i.rx_char_add       ble_nus.o
    0x0001f850   0x00000020   Code   RO         3429    i.sector_erase_flash  data_manger.o
    0x0001f870   0x00000034   Code   RO         4276    i.send_ack          uartprotocol.o
    0x0001f8a4   0x0000002c   Code   RO         3554    i.send_data_timeout_timer  data_transfer.o
    0x0001f8d0   0x00000034   Code   RO         4277    i.send_key_to_cos   uartprotocol.o
    0x0001f904   0x0000003e   Code   RO         4278    i.send_key_val_to_cos  uartprotocol.o
    0x0001f942   0x00000002   PAD
    0x0001f944   0x00000028   Code   RO         3555    i.send_sport_get_app_ack  data_transfer.o
    0x0001f96c   0x0000001c   Code   RO         3295    i.send_sport_info2_datamanger  arithmetic_data_manger.o
    0x0001f988   0x0000007c   Code   RO          475    i.service_data_encode  ble_advdata.o
    0x0001fa04   0x00000014   Code   RO         2714    i.set_display_flg   etlcddisplayapp.o
    0x0001fa18   0x0000004c   Code   RO         3430    i.set_gsensor_data_lock  data_manger.o
    0x0001fa64   0x00000018   Code   RO         4279    i.set_uart_resend_tag  uartprotocol.o
    0x0001fa7c   0x00000010   Code   RO         3296    i.set_user_info     arithmetic_data_manger.o
    0x0001fa8c   0x00000074   Code   RO         2493    i.simple_uart_config  etsimple_uart.o
    0x0001fb00   0x0000005c   Code   RO         2495    i.simple_uart_init  etsimple_uart.o
    0x0001fb5c   0x0000001c   Code   RO         2496    i.simple_uart_put   etsimple_uart.o
    0x0001fb78   0x00000030   Code   RO         2498    i.simple_uart_putstringbuff  etsimple_uart.o
    0x0001fba8   0x00000064   Code   RO         3868    i.sleep_add_xyzData  sleep_record.o
    0x0001fc0c   0x00000028   Code   RO         3869    i.sleep_once_interval_max_steps  sleep_record.o
    0x0001fc34   0x00000050   Code   RO         3870    i.sleep_slope_check  sleep_record.o
    0x0001fc84   0x00000040   Code   RO         3871    i.sleep_xDataSect_SameCal  sleep_record.o
    0x0001fcc4   0x00000070   Code   RO         3872    i.sleep_xDataSect_analysis  sleep_record.o
    0x0001fd34   0x00000158   Code   RO         3231    i.smoothfunc        arithmetic.o
    0x0001fe8c   0x0000000c   Code   RO         1751    i.softdevice_assertion_handler  softdevice_handler.o
    0x0001fe98   0x00000014   Code   RO         1752    i.softdevice_ble_evt_handler_set  softdevice_handler.o
    0x0001feac   0x00000030   Code   RO         1753    i.softdevice_handler_init  softdevice_handler.o
    0x0001fedc   0x00000050   Code   RO         3297    i.sportInfo2DMDataItem  arithmetic_data_manger.o
    0x0001ff2c   0x0000003e   Code   RO         3379    i.sqrt_16           common_arithmetic.o
    0x0001ff6a   0x00000002   PAD
    0x0001ff6c   0x000000b8   Code   RO         3298    i.steps_2_calorie   arithmetic_data_manger.o
    0x00020024   0x0000004c   Code   RO         3299    i.steps_2_distance  arithmetic_data_manger.o
    0x00020070   0x000000a8   Code   RO         3232    i.steps_matchArray_verfy  arithmetic.o
    0x00020118   0x0000004c   Code   RO         2368    i.system_day_sec_init  sys_time.o
    0x00020164   0x0000000c   Code   RO         2369    i.system_sec_get    sys_time.o
    0x00020170   0x000000fc   Code   RO         2370    i.system_time_get   sys_time.o
    0x0002026c   0x0000000c   Code   RO         2371    i.system_time_get_second_clr  sys_time.o
    0x00020278   0x0000000c   Code   RO         2372    i.system_time_get_second_ready  sys_time.o
    0x00020284   0x00000064   Code   RO         2373    i.system_time_init  sys_time.o
    0x000202e8   0x000000d8   Code   RO         2375    i.system_time_set   sys_time.o
    0x000203c0   0x00000014   Code   RO         2376    i.system_time_tick  sys_time.o
    0x000203d4   0x0000000c   Code   RO         2377    i.system_time_updated  sys_time.o
    0x000203e0   0x00000014   Code   RO         3998    i.timer2_event_handler  ke_timer.o
    0x000203f4   0x00000010   Code   RO         1586    i.timer_list_handler_sched  app_timer.o
    0x00020404   0x00000064   Code   RO         1587    i.timer_list_insert  app_timer.o
    0x00020468   0x00000070   Code   RO         1588    i.timer_list_remove  app_timer.o
    0x000204d8   0x00000030   Code   RO         2066    i.timer_pwm_event_handler  etmotor.o
    0x00020508   0x00000080   Code   RO         1589    i.timer_timeouts_check  app_timer.o
    0x00020588   0x00000090   Code   RO          679    i.tx_char_add       ble_nus.o
    0x00020618   0x00000048   Code   RO         4280    i.uart_data_handle  uartprotocol.o
    0x00020660   0x0000004c   Code   RO         2499    i.uart_init_lowPower  etsimple_uart.o
    0x000206ac   0x00000092   Code   RO         4281    i.uart_recv_data    uartprotocol.o
    0x0002073e   0x00000002   PAD
    0x00020740   0x000000a4   Code   RO         4282    i.uart_resend_to_cos  uartprotocol.o
    0x000207e4   0x0000000a   Code   RO          476    i.uint16_encode     ble_advdata.o
    0x000207ee   0x00000002   PAD
    0x000207f0   0x00000174   Code   RO         4424    i.unziphfmex        GT24L16M1Y-UT-51822.lib(gt24l16m1y-ut.o)
    0x00020964   0x00000064   Code   RO          620    i.update_timeout_handler  ble_conn_params.o
    0x000209c8   0x00000054   Code   RO         1590    i.user_id_get       app_timer.o
    0x00020a1c   0x00000024   Code   RO         1591    i.user_op_alloc     app_timer.o
    0x00020a40   0x00000012   Code   RO         3957    i.usr_clock_time_unit_handler  etalarm.o
    0x00020a52   0x0000000a   Code   RO         3612    i.usr_timer_handler  gsensor.o
    0x00020a5c   0x000001ae   Code   RO         3081    i.utf8_to_gbk       etutf8tounicode.o
    0x00020c0a   0x00000026   Code   RO          477    i.uuid_list_encode  ble_advdata.o
    0x00020c30   0x000000a2   Code   RO          478    i.uuid_list_sized_encode  ble_advdata.o
    0x00020cd2   0x00000002   Code   RO         2614    i.wdt_event_handler  et_wdt.o
    0x00020cd4   0x00000010   Code   RO          542    i.whitelist_has_entries  ble_advertising.o
    0x00020ce4   0x00000088   Code   RO         3431    i.write_data_item_2_mem_pool  data_manger.o
    0x00020d6c   0x00000008   Code   RO         3432    i.write_flash       data_manger.o
    0x00020d74   0x00000030   Code   RO         3433    i.write_infos_2_flash_first_page  data_manger.o
    0x00020da4   0x00000030   Code   RO         2461    i.write_switch_val  etkeyboard.o
    0x00020dd4   0x00000018   Code   RO         4283    i.z8_Power_ctr      uartprotocol.o
    0x00020dec   0x00000007   Data   RO           19    .constdata          main.o
    0x00020df3   0x00000001   PAD
    0x00020df4   0x0000003c   Data   RO          312    .constdata          bsp.o
    0x00020e30   0x00000030   Data   RO          680    .constdata          ble_nus.o
    0x00020e60   0x00000018   Data   RO         1270    .constdata          nrf_drv_timer.o
    0x00020e78   0x0000000c   Data   RO         1424    .constdata          et_nrf_drv_wdt.o
    0x00020e84   0x00000004   Data   RO         1489    .constdata          app_button.o
    0x00020e88   0x00000008   Data   RO         2067    .constdata          etmotor.o
    0x00020e90   0x0000000c   Data   RO         2615    .constdata          et_wdt.o
    0x00020e9c   0x000005d0   Data   RO         2715    .constdata          etlcddisplayapp.o
    0x0002146c   0x00000059   Data   RO         3301    .constdata          arithmetic_data_manger.o
    0x000214c5   0x00000004   Data   RO         3439    .constdata          data_manger.o
    0x000214c9   0x00000003   PAD
    0x000214cc   0x00000008   Data   RO         4000    .constdata          ke_timer.o
    0x000214d4   0x00000038   Data   RO         4047    .constdata          usr_task.o
    0x0002150c   0x0000001d   Data   RO         2585    .conststring        etversion.o
    0x00021529   0x00000041   Data   RO         2736    .conststring        etlcddisplayapp.o
    0x0002156a   0x00000002   PAD
    0x0002156c   0x00000020   Data   RO         4562    Region$$Table       anon$$obj.o


    Execution Region RW_IRAM1 (Base: 0x20002000, Size: 0x00001ba0, Max: 0x00002000, ABSOLUTE, COMPRESSED[0x00000098])

    Base Addr    Size         Type   Attr      Idx    E Section Name        Object

    0x20002000   0x00000006   Data   RW           20    .data               main.o
    0x20002006   0x00000002   PAD
    0x20002008   0x00000011   Data   RW          313    .data               bsp.o
    0x20002019   0x00000003   PAD
    0x2000201c   0x00000008   Data   RW          393    .data               bsp_btn_ble.o
    0x20002024   0x00000004   Data   RW          438    .data               system_nrf51.o
    0x20002028   0x0000001f   Data   RW          544    .data               ble_advertising.o
    0x20002047   0x00000001   PAD
    0x20002048   0x00000018   Data   RW          622    .data               ble_conn_params.o
    0x20002060   0x00000024   Data   RW         1044    .data               pstorage.o
    0x20002084   0x00000003   Data   RW         1271    .data               nrf_drv_timer.o
    0x20002087   0x00000001   PAD
    0x20002088   0x0000000c   Data   RW         1425    .data               et_nrf_drv_wdt.o
    0x20002094   0x00000018   Data   RW         1490    .data               app_button.o
    0x200020ac   0x00000024   Data   RW         1592    .data               app_timer.o
    0x200020d0   0x00000014   Data   RW         1756    .data               softdevice_handler.o
    0x200020e4   0x00000001   Data   RW         1913    .data               et_spi_gpio.o
    0x200020e5   0x00000003   PAD
    0x200020e8   0x0000000c   Data   RW         2068    .data               etmotor.o
    0x200020f4   0x00000014   Data   RW         2378    .data               sys_time.o
    0x20002108   0x00000005   Data   RW         2462    .data               etkeyboard.o
    0x2000210d   0x00000001   PAD
    0x2000210e   0x00000006   Data   RW         2501    .data               etsimple_uart.o
    0x20002114   0x0000000c   Data   RW         2586    .data               etversion.o
    0x20002120   0x00000001   Data   RW         2616    .data               et_wdt.o
    0x20002121   0x00000003   PAD
    0x20002124   0x00000040   Data   RW         2741    .data               etlcddisplayapp.o
    0x20002164   0x00000001   Data   RW         2977    .data               etmainloop.o
    0x20002165   0x00000009   Data   RW         3015    .data               etmultipagedisplay.o
    0x2000216e   0x00000002   PAD
    0x20002170   0x00000030   Data   RW         3147    .data               app_arithmetic.o
    0x200021a0   0x00000002   Data   RW         3233    .data               arithmetic.o
    0x200021a2   0x00000002   PAD
    0x200021a4   0x00000028   Data   RW         3302    .data               arithmetic_data_manger.o
    0x200021cc   0x00000054   Data   RW         3440    .data               data_manger.o
    0x20002220   0x00000003   Data   RW         3556    .data               data_transfer.o
    0x20002223   0x00000001   Data   RW         3682    .data               gsensor_driver.o
    0x20002224   0x00000038   Data   RW         3874    .data               sleep_record.o
    0x2000225c   0x00000004   Data   RW         4001    .data               ke_timer.o
    0x20002260   0x00000010   Data   RW         4285    .data               uartprotocol.o
    0x20002270   0x00000008   Data   RW         4425    .data               GT24L16M1Y-UT-51822.lib(gt24l16m1y-ut.o)
    0x20002278   0x000002dc   Zero   RW           18    .bss                main.o
    0x20002554   0x0000000f   Zero   RW          311    .bss                bsp.o
    0x20002563   0x00000001   PAD
    0x20002564   0x000000fb   Zero   RW          543    .bss                ble_advertising.o
    0x2000265f   0x00000001   PAD
    0x20002660   0x0000001c   Zero   RW          621    .bss                ble_conn_params.o
    0x2000267c   0x00000050   Zero   RW          838    .bss                nrf_drv_gpiote.o
    0x200026cc   0x000000d8   Zero   RW         1042    .bss                pstorage.o
    0x200027a4   0x00000018   Zero   RW         1269    .bss                nrf_drv_timer.o
    0x200027bc   0x00000200   Zero   RW         2500    .bss                etsimple_uart.o
    0x200029bc   0x00000168   Zero   RW         3014    .bss                etmultipagedisplay.o
    0x20002b24   0x000000c0   Zero   RW         3145    .bss                app_arithmetic.o
    0x20002be4   0x00000040   Zero   RW         3146    .bss                app_arithmetic.o
    0x20002c24   0x00000010   Zero   RW         3300    .bss                arithmetic_data_manger.o
    0x20002c34   0x00000303   Zero   RW         3434    .bss                data_manger.o
    0x20002f37   0x00000001   PAD
    0x20002f38   0x00000028   Zero   RW         3435    .bss                data_manger.o
    0x20002f60   0x00000028   Zero   RW         3436    .bss                data_manger.o
    0x20002f88   0x00000014   Zero   RW         3437    .bss                data_manger.o
    0x20002f9c   0x00000014   Zero   RW         3438    .bss                data_manger.o
    0x20002fb0   0x000000b0   Zero   RW         3873    .bss                sleep_record.o
    0x20003060   0x0000000c   Zero   RW         3958    .bss                etalarm.o
    0x2000306c   0x0000001c   Zero   RW         3999    .bss                ke_timer.o
    0x20003088   0x000001c8   Zero   RW         4109    .bss                btprotocol.o
    0x20003250   0x00000150   Zero   RW         4284    .bss                uartprotocol.o
    0x200033a0   0x00000800   Zero   RW          426    STACK               arm_startup_nrf51.o


==============================================================================

Image component sizes


      Code (inc. data)   RO Data    RW Data    ZI Data      Debug   Object Name

       626         50          0         48        256       8303   app_arithmetic.o
       348         32          4         24          0       8438   app_button.o
        24          8          0          0          0       6720   app_error.o
      1938        160          0         36          0      24503   app_timer.o
      2340         18          0          2          0      10517   arithmetic.o
      1072        124         89         40         16      10714   arithmetic_data_manger.o
        56         18        192          0       2048        692   arm_startup_nrf51.o
      1092          6          0          0          0      11406   ble_advdata.o
      1006         34          0         31        251       7188   ble_advertising.o
       456         50          0         24         28      11524   ble_conn_params.o
       638         34         48          0          0       5410   ble_nus.o
       380         46         60         17         15       5412   bsp.o
       246         10          0          8          0       3728   bsp_btn_ble.o
      2250        118          0          0        456      22364   btprotocol.o
       120          0          0          0          0       2764   common_arithmetic.o
      1974        116          4         84        891      15912   data_manger.o
       314         28          0          3          0       4772   data_transfer.o
       302         64          0          0          0       6987   et_battery.o
         2          0          0          0          0        460   et_debug.o
        64          6          0          0          0        624   et_font_spi.o
       340         62         12         12          0      14868   et_nrf_drv_wdt.o
       268         52          0          1          0       4265   et_spi_gpio.o
        86         18         12          1          0       5431   et_wdt.o
       274         16          0          0         12       3409   etalarm.o
       318         22          0          0          0       4985   eti2c.o
       108         10          0          5          0       1753   etkeyboard.o
      4802        392       1553         64          0      31672   etlcddisplayapp.o
       148          4          0          1          0       1947   etmainloop.o
       392         60          8         12          0      10594   etmotor.o
       922         56          0          9        360       8051   etmultipagedisplay.o
       540        102          0          6        512      15158   etsimple_uart.o
       584         42          0          0          0       7181   etspi.o
         0          0          0          0          0       3453   ettimer.o
       456          0          0          0          0       2658   etutf8tounicode.o
       252         16         29         12          0       2179   etversion.o
       318          4          0          0          0       4138   gsensor.o
      1020          4          0          1          0      22060   gsensor_driver.o
       260         44          8          4         28       4086   ke_timer.o
      1044        122          7          6        732      87518   main.o
        80          4          0          0          0       2137   nrf_delay.o
        96         18          0          0          0       7076   nrf_drv_common.o
       924        128          0          0         80      20484   nrf_drv_gpiote.o
       460         44         24          3         24      15045   nrf_drv_timer.o
        40         10          0         36        216       9001   pstorage.o
       878         88          0         56        176      10201   sleep_record.o
       244         20          0         20          0       5139   softdevice_handler.o
       776         96          0         20          0       8231   sys_time.o
       156         26          0          4          0       2099   system_nrf51.o
      1526        102          0         16        336      17127   uartprotocol.o
         4          0         56          0          0       2014   usr_task.o

    ----------------------------------------------------------------------
     32636       2484       2144        624       6440     502398   Object Totals
         0          0         32          0          0          0   (incl. Generated)
        72          0          6         18          3          0   (incl. Padding)

    ----------------------------------------------------------------------

      Code (inc. data)   RO Data    RW Data    ZI Data      Debug   Library Member Name

      2168        168          0          8          0       6247   gt24l16m1y-ut.o
        86          0          0          0          0          0   __dczerorl2.o
         0          0          0          0          0          0   entry.o
         0          0          0          0          0          0   entry10a.o
         0          0          0          0          0          0   entry11a.o
         8          4          0          0          0          0   entry2.o
         4          0          0          0          0          0   entry5.o
         0          0          0          0          0          0   entry7b.o
         0          0          0          0          0          0   entry8b.o
         8          4          0          0          0          0   entry9a.o
        30          0          0          0          0          0   handlers.o
        40          0          0          0          0         72   idiv.o
        36          8          0          0          0         68   init.o
         0          0          0          0          0          0   iusefp.o
       122          0          0          0          0         84   llmul.o
        32          0          0          0          0         68   llshl.o
        34          0          0          0          0         68   llushr.o
        26          0          0          0          0         72   memcmp.o
        36          0          0          0          0         60   memcpya.o
        36          0          0          0          0        100   memseta.o
        14          0          0          0          0         60   strlen.o
        44          0          0          0          0         72   uidiv.o
       240          6          0          0          0         84   ddiv.o
       238          0          0          0          0        216   depilogue.o
        60         10          0          0          0         68   dfixui.o
        28          4          0          0          0         68   dfltui.o
       208          6          0          0          0         88   dmul.o

    ----------------------------------------------------------------------
      3504        210          0          8          0       7495   Library Totals
         6          0          0          0          0          0   (incl. Padding)

    ----------------------------------------------------------------------

      Code (inc. data)   RO Data    RW Data    ZI Data      Debug   Library Name

      2168        168          0          8          0       6247   GT24L16M1Y-UT-51822.lib
       556         16          0          0          0        724   mc_p.l
       774         26          0          0          0        524   mf_p.l

    ----------------------------------------------------------------------
      3504        210          0          8          0       7495   Library Totals

    ----------------------------------------------------------------------

==============================================================================


      Code (inc. data)   RO Data    RW Data    ZI Data      Debug   

     36140       2694       2144        632       6440     491653   Grand Totals
     36140       2694       2144        152       6440     491653   ELF Image Totals (compressed)
     36140       2694       2144        152          0          0   ROM Totals

==============================================================================

    Total RO  Size (Code + RO Data)                38284 (  37.39kB)
    Total RW  Size (RW Data + ZI Data)              7072 (   6.91kB)
    Total ROM Size (Code + RO Data + RW Data)      38436 (  37.54kB)

==============================================================================

